2024-09-02T07:01:58.8460310Z Current runner version: '2.319.1'
2024-09-02T07:01:58.8486101Z ##[group]Operating System
2024-09-02T07:01:58.8486755Z Ubuntu
2024-09-02T07:01:58.8487253Z 22.04.4
2024-09-02T07:01:58.8487596Z LTS
2024-09-02T07:01:58.8487914Z ##[endgroup]
2024-09-02T07:01:58.8488404Z ##[group]Runner Image
2024-09-02T07:01:58.8488853Z Image: ubuntu-22.04
2024-09-02T07:01:58.8489382Z Version: 20240825.1.0
2024-09-02T07:01:58.8490456Z Included Software: https://github.com/actions/runner-images/blob/ubuntu22/20240825.1/images/ubuntu/Ubuntu2204-Readme.md
2024-09-02T07:01:58.8492599Z Image Release: https://github.com/actions/runner-images/releases/tag/ubuntu22%2F20240825.1
2024-09-02T07:01:58.8493652Z ##[endgroup]
2024-09-02T07:01:58.8494076Z ##[group]Runner Image Provisioner
2024-09-02T07:01:58.8494599Z 2.0.384.1
2024-09-02T07:01:58.8495004Z ##[endgroup]
2024-09-02T07:01:58.8510093Z ##[group]GITHUB_TOKEN Permissions
2024-09-02T07:01:58.8511959Z Actions: read
2024-09-02T07:01:58.8512382Z Contents: read
2024-09-02T07:01:58.8513089Z Metadata: read
2024-09-02T07:01:58.8513601Z Pages: write
2024-09-02T07:01:58.8514059Z ##[endgroup]
2024-09-02T07:01:58.8517342Z Secret source: Actions
2024-09-02T07:01:58.8517963Z Prepare workflow directory
2024-09-02T07:01:58.9425270Z Prepare all required actions
2024-09-02T07:01:58.9581381Z Getting action download info
2024-09-02T07:01:59.0986175Z Download action repository 'tenstorrent-metal/metal-workflows@v2.0.0' (SHA:22c747950076e4c9627125e14734e287c08287a7)
2024-09-02T07:01:59.4982120Z Getting action download info
2024-09-02T07:01:59.5784768Z Download action repository 'actions/checkout@v4' (SHA:692973e3d937129bcbf40652eb9f2f61becf3332)
2024-09-02T07:01:59.6695352Z Uses: tenstorrent/tt-metal/.github/workflows/build.yaml@refs/heads/main (a9bcd03b1775ab989aebab822ec2e4f821abac41)
2024-09-02T07:01:59.6698116Z Complete job name: build / Release g++-12 wormhole_b0 ubuntu-22.04
2024-09-02T07:01:59.7567858Z ##[group]Run tenstorrent-metal/metal-workflows/.github/actions/checkout-with-submodule-lfs@v2.0.0
2024-09-02T07:01:59.7569019Z with:
2024-09-02T07:01:59.7569607Z   token: ***
2024-09-02T07:01:59.7570130Z   fetch-depth: 1
2024-09-02T07:01:59.7570518Z env:
2024-09-02T07:01:59.7571215Z   ARCH_NAME: wormhole_b0
2024-09-02T07:01:59.7571788Z   VERBOSE: 1
2024-09-02T07:01:59.7572164Z ##[endgroup]
2024-09-02T07:01:59.7826927Z ##[group]Run actions/checkout@v4
2024-09-02T07:01:59.7827584Z with:
2024-09-02T07:01:59.7828198Z   token: ***
2024-09-02T07:01:59.7828565Z   fetch-depth: 1
2024-09-02T07:01:59.7829032Z   lfs: true
2024-09-02T07:01:59.7829442Z   submodules: recursive
2024-09-02T07:01:59.7829874Z   clean: true
2024-09-02T07:01:59.7830317Z   repository: tenstorrent/tt-metal
2024-09-02T07:01:59.7830871Z   ssh-strict: true
2024-09-02T07:01:59.7831272Z   ssh-user: git
2024-09-02T07:01:59.7831775Z   persist-credentials: true
2024-09-02T07:01:59.7832268Z   sparse-checkout-cone-mode: true
2024-09-02T07:01:59.7833022Z   fetch-tags: false
2024-09-02T07:01:59.7833472Z   show-progress: true
2024-09-02T07:01:59.7833892Z   set-safe-directory: true
2024-09-02T07:01:59.7834421Z env:
2024-09-02T07:01:59.7834783Z   ARCH_NAME: wormhole_b0
2024-09-02T07:01:59.7835223Z   VERBOSE: 1
2024-09-02T07:01:59.7835647Z ##[endgroup]
2024-09-02T07:02:00.0102090Z Syncing repository: tenstorrent/tt-metal
2024-09-02T07:02:00.0104271Z ##[group]Getting Git version info
2024-09-02T07:02:00.0105118Z Working directory is '/home/runner/work/tt-metal/tt-metal'
2024-09-02T07:02:00.0106391Z [command]/usr/bin/git version
2024-09-02T07:02:00.0106891Z git version 2.46.0
2024-09-02T07:02:00.0153541Z [command]/usr/bin/git lfs version
2024-09-02T07:02:01.1755737Z git-lfs/3.5.1 (GitHub; linux amd64; go 1.21.8)
2024-09-02T07:02:01.1770039Z ##[endgroup]
2024-09-02T07:02:01.1786773Z Temporarily overriding HOME='/home/runner/work/_temp/34defeaf-8e34-4244-97ac-00ebb2345a5b' before making global git config changes
2024-09-02T07:02:01.1787963Z Adding repository directory to the temporary git global config as a safe directory
2024-09-02T07:02:01.1790769Z [command]/usr/bin/git config --global --add safe.directory /home/runner/work/tt-metal/tt-metal
2024-09-02T07:02:01.1826896Z Deleting the contents of '/home/runner/work/tt-metal/tt-metal'
2024-09-02T07:02:01.1830431Z ##[group]Initializing the repository
2024-09-02T07:02:01.1834304Z [command]/usr/bin/git init /home/runner/work/tt-metal/tt-metal
2024-09-02T07:02:01.1904270Z hint: Using 'master' as the name for the initial branch. This default branch name
2024-09-02T07:02:01.1905536Z hint: is subject to change. To configure the initial branch name to use in all
2024-09-02T07:02:01.1906930Z hint: of your new repositories, which will suppress this warning, call:
2024-09-02T07:02:01.1907911Z hint:
2024-09-02T07:02:01.1908923Z hint: 	git config --global init.defaultBranch <name>
2024-09-02T07:02:01.1909785Z hint:
2024-09-02T07:02:01.1910906Z hint: Names commonly chosen instead of 'master' are 'main', 'trunk' and
2024-09-02T07:02:01.1911882Z hint: 'development'. The just-created branch can be renamed via this command:
2024-09-02T07:02:01.1912525Z hint:
2024-09-02T07:02:01.1913004Z hint: 	git branch -m <name>
2024-09-02T07:02:01.1913683Z Initialized empty Git repository in /home/runner/work/tt-metal/tt-metal/.git/
2024-09-02T07:02:01.1921298Z [command]/usr/bin/git remote add origin https://github.com/tenstorrent/tt-metal
2024-09-02T07:02:01.1955149Z ##[endgroup]
2024-09-02T07:02:01.1955944Z ##[group]Disabling automatic garbage collection
2024-09-02T07:02:01.1959296Z [command]/usr/bin/git config --local gc.auto 0
2024-09-02T07:02:01.1986328Z ##[endgroup]
2024-09-02T07:02:01.1987324Z ##[group]Setting up auth
2024-09-02T07:02:01.1993062Z [command]/usr/bin/git config --local --name-only --get-regexp core\.sshCommand
2024-09-02T07:02:01.2023412Z [command]/usr/bin/git submodule foreach --recursive sh -c "git config --local --name-only --get-regexp 'core\.sshCommand' && git config --local --unset-all 'core.sshCommand' || :"
2024-09-02T07:02:01.2265957Z [command]/usr/bin/git config --local --name-only --get-regexp http\.https\:\/\/github\.com\/\.extraheader
2024-09-02T07:02:01.2297050Z [command]/usr/bin/git submodule foreach --recursive sh -c "git config --local --name-only --get-regexp 'http\.https\:\/\/github\.com\/\.extraheader' && git config --local --unset-all 'http.https://github.com/.extraheader' || :"
2024-09-02T07:02:01.2539460Z [command]/usr/bin/git config --local http.https://github.com/.extraheader AUTHORIZATION: basic ***
2024-09-02T07:02:01.2575171Z ##[endgroup]
2024-09-02T07:02:01.2578850Z [command]/usr/bin/git lfs install --local
2024-09-02T07:02:01.2938480Z Updated Git hooks.
2024-09-02T07:02:01.2939466Z Git LFS initialized.
2024-09-02T07:02:01.2954311Z ##[group]Fetching the repository
2024-09-02T07:02:01.2964281Z [command]/usr/bin/git -c protocol.version=2 fetch --no-tags --prune --no-recurse-submodules --depth=1 origin +a9bcd03b1775ab989aebab822ec2e4f821abac41:refs/remotes/origin/main
2024-09-02T07:02:03.2090107Z From https://github.com/tenstorrent/tt-metal
2024-09-02T08:06:30.5524615Z [999/1034] /usr/bin/g++-12 -DDISABLE_NAMESPACE_STATIC_ASSERT -DUSING_UV_SHARED=1 -DYAML_CPP_STATIC_DEFINE -I/home/runner/work/tt-metal/tt-metal/tt_metal/third_party/umd -I/home/runner/work/tt-metal/tt-metal -I/home/runner/work/tt-metal/tt-metal/tt_metal -I/home/runner/work/tt-metal/tt-metal/ttnn/cpp -I/home/runner/work/tt-metal/tt-metal/tt_metal/common -I/home/runner/work/tt-metal/tt-metal/tests -I/home/runner/work/tt-metal/tt-metal/tests/tt_eager -I/home/runner/work/tt-metal/tt-metal/ttnn -I/home/runner/work/tt-metal/tt-metal/ttnn/cpp/ttnn/deprecated -I/home/runner/work/tt-metal/tt-metal/tt_metal/third_party/fmt -I/home/runner/work/tt-metal/tt-metal/ttnn/cpp/ttnn/experimental/tt_lib -I/home/runner/work/tt-metal/tt-metal/tt_metal/third_party/pybind11/include -I/usr/include/python3.10 -I/home/runner/work/tt-metal/tt-metal/tt_metal/hw/inc -I/home/runner/work/tt-metal/tt-metal/tt_metal/hw/inc/wormhole -I/home/runner/work/tt-metal/tt-metal/tt_metal/hw/inc/wormhole/wormhole_b0_defines -I/home/runner/work/tt-metal/tt-metal/tt_metal/third_party/umd/device/wormhole -I/home/runner/work/tt-metal/tt-metal/tt_metal/third_party/umd/src/firmware/riscv/wormhole -I/home/runner/work/tt-metal/tt-metal/.cpmcache/libuv/72aa6fc919b0653b47b7e9e7cf59ec92037e8693/include -I/home/runner/work/tt-metal/tt-metal/.cpmcache/yaml-cpp/905940a232aea3437e2fb77334461b1fe343318b/include -I/home/runner/work/tt-metal/tt-metal/tt_metal/third_party/umd/device -I/home/runner/work/tt-metal/tt-metal/tt_metal/third_party/umd/third_party/fmt/include -isystem /home/runner/work/tt-metal/tt-metal/.cpmcache/googletest/96129d89f45386492ae46d6bb8c027bc3df5f949/googletest/include -isystem /home/runner/work/tt-metal/tt-metal/.cpmcache/googletest/96129d89f45386492ae46d6bb8c027bc3df5f949/googletest -isystem /home/runner/work/tt-metal/tt-metal/.cpmcache/reflect/e75434c4c5f669e4a74e4d84e0a30d7249c1e66f -isystem /home/runner/work/tt-metal/tt-metal/.cpmcache/flatbuffers/2c4062bffa52fa4157b1b4deeae73395df475fda/include -isystem /home/runner/work/tt-metal/tt-metal/.cpmcache/nanomsg/28cc32d5bdb6a858fe53b3ccf7e923957e53eada/include -O3 -std=c++20 -MP -Wno-int-to-pointer-cast -fno-var-tracking -mavx2 -fPIC -DFMT_HEADER_ONLY -fvisibility-inlines-hidden -fno-lto -DARCH_WORMHOLE_B0 -Werror -Wdelete-non-virtual-dtor -Wreturn-type -Wswitch -Wuninitialized -Wno-unused-parameter -Wno-deprecated -Wno-attributes -Wno-stringop-overread -Wno-stringop-overflow -Wno-maybe-uninitialized -Wno-missing-requires -Wno-narrowing -Wno-non-template-friend -Wno-error=non-template-friend -fsized-deallocation -Winvalid-pch -x c++-header -include /home/runner/work/tt-metal/tt-metal/build/tests/tt_eager/CMakeFiles/test_raw_host_memory_pointer.dir/cmake_pch.hxx -MD -MT tests/tt_eager/CMakeFiles/test_raw_host_memory_pointer.dir/cmake_pch.hxx.gch -MF tests/tt_eager/CMakeFiles/test_raw_host_memory_pointer.dir/cmake_pch.hxx.gch.d -o tests/tt_eager/CMakeFiles/test_raw_host_memory_pointer.dir/cmake_pch.hxx.gch -c /home/runner/work/tt-metal/tt-metal/build/tests/tt_eager/CMakeFiles/test_raw_host_memory_pointer.dir/cmake_pch.hxx.cxx
2024-09-02T08:06:37.5114957Z [1000/1034] /usr/bin/g++-12 -DDISABLE_NAMESPACE_STATIC_ASSERT -DUSING_UV_SHARED=1 -DYAML_CPP_STATIC_DEFINE -I/home/runner/work/tt-metal/tt-metal/tt_metal/third_party/umd -I/home/runner/work/tt-metal/tt-metal -I/home/runner/work/tt-metal/tt-metal/tt_metal -I/home/runner/work/tt-metal/tt-metal/ttnn/cpp -I/home/runner/work/tt-metal/tt-metal/tt_metal/common -I/home/runner/work/tt-metal/tt-metal/tests -I/home/runner/work/tt-metal/tt-metal/tests/tt_eager -I/home/runner/work/tt-metal/tt-metal/ttnn -I/home/runner/work/tt-metal/tt-metal/ttnn/cpp/ttnn/deprecated -I/home/runner/work/tt-metal/tt-metal/tt_metal/third_party/fmt -I/home/runner/work/tt-metal/tt-metal/ttnn/cpp/ttnn/experimental/tt_lib -I/home/runner/work/tt-metal/tt-metal/tt_metal/third_party/pybind11/include -I/usr/include/python3.10 -I/home/runner/work/tt-metal/tt-metal/tt_metal/hw/inc -I/home/runner/work/tt-metal/tt-metal/tt_metal/hw/inc/wormhole -I/home/runner/work/tt-metal/tt-metal/tt_metal/hw/inc/wormhole/wormhole_b0_defines -I/home/runner/work/tt-metal/tt-metal/tt_metal/third_party/umd/device/wormhole -I/home/runner/work/tt-metal/tt-metal/tt_metal/third_party/umd/src/firmware/riscv/wormhole -I/home/runner/work/tt-metal/tt-metal/.cpmcache/libuv/72aa6fc919b0653b47b7e9e7cf59ec92037e8693/include -I/home/runner/work/tt-metal/tt-metal/.cpmcache/yaml-cpp/905940a232aea3437e2fb77334461b1fe343318b/include -I/home/runner/work/tt-metal/tt-metal/tt_metal/third_party/umd/device -I/home/runner/work/tt-metal/tt-metal/tt_metal/third_party/umd/third_party/fmt/include -isystem /home/runner/work/tt-metal/tt-metal/.cpmcache/googletest/96129d89f45386492ae46d6bb8c027bc3df5f949/googletest/include -isystem /home/runner/work/tt-metal/tt-metal/.cpmcache/googletest/96129d89f45386492ae46d6bb8c027bc3df5f949/googletest -isystem /home/runner/work/tt-metal/tt-metal/.cpmcache/reflect/e75434c4c5f669e4a74e4d84e0a30d7249c1e66f -isystem /home/runner/work/tt-metal/tt-metal/.cpmcache/flatbuffers/2c4062bffa52fa4157b1b4deeae73395df475fda/include -isystem /home/runner/work/tt-metal/tt-metal/.cpmcache/nanomsg/28cc32d5bdb6a858fe53b3ccf7e923957e53eada/include -O3 -std=c++20 -MP -Wno-int-to-pointer-cast -fno-var-tracking -mavx2 -fPIC -DFMT_HEADER_ONLY -fvisibility-inlines-hidden -fno-lto -DARCH_WORMHOLE_B0 -Werror -Wdelete-non-virtual-dtor -Wreturn-type -Wswitch -Wuninitialized -Wno-unused-parameter -Wno-deprecated -Wno-attributes -Wno-stringop-overread -Wno-stringop-overflow -Wno-maybe-uninitialized -Wno-missing-requires -Wno-narrowing -Wno-non-template-friend -Wno-error=non-template-friend -fsized-deallocation -Winvalid-pch -x c++-header -include /home/runner/work/tt-metal/tt-metal/build/tests/tt_eager/CMakeFiles/test_async_tensor_apis.dir/cmake_pch.hxx -MD -MT tests/tt_eager/CMakeFiles/test_async_tensor_apis.dir/cmake_pch.hxx.gch -MF tests/tt_eager/CMakeFiles/test_async_tensor_apis.dir/cmake_pch.hxx.gch.d -o tests/tt_eager/CMakeFiles/test_async_tensor_apis.dir/cmake_pch.hxx.gch -c /home/runner/work/tt-metal/tt-metal/build/tests/tt_eager/CMakeFiles/test_async_tensor_apis.dir/cmake_pch.hxx.cxx
2024-09-02T08:06:39.6026428Z [1001/1034] /usr/bin/g++-12 -DDISABLE_NAMESPACE_STATIC_ASSERT -DUSING_UV_SHARED=1 -DYAML_CPP_STATIC_DEFINE -I/home/runner/work/tt-metal/tt-metal/tt_metal/third_party/umd -I/home/runner/work/tt-metal/tt-metal -I/home/runner/work/tt-metal/tt-metal/tt_metal -I/home/runner/work/tt-metal/tt-metal/ttnn/cpp -I/home/runner/work/tt-metal/tt-metal/tt_metal/common -I/home/runner/work/tt-metal/tt-metal/tests -I/home/runner/work/tt-metal/tt-metal/tests/tt_eager -I/home/runner/work/tt-metal/tt-metal/ttnn -I/home/runner/work/tt-metal/tt-metal/ttnn/cpp/ttnn/deprecated -I/home/runner/work/tt-metal/tt-metal/tt_metal/third_party/fmt -I/home/runner/work/tt-metal/tt-metal/ttnn/cpp/ttnn/experimental/tt_lib -I/home/runner/work/tt-metal/tt-metal/tt_metal/third_party/pybind11/include -I/usr/include/python3.10 -I/home/runner/work/tt-metal/tt-metal/tt_metal/hw/inc -I/home/runner/work/tt-metal/tt-metal/tt_metal/hw/inc/wormhole -I/home/runner/work/tt-metal/tt-metal/tt_metal/hw/inc/wormhole/wormhole_b0_defines -I/home/runner/work/tt-metal/tt-metal/tt_metal/third_party/umd/device/wormhole -I/home/runner/work/tt-metal/tt-metal/tt_metal/third_party/umd/src/firmware/riscv/wormhole -I/home/runner/work/tt-metal/tt-metal/.cpmcache/libuv/72aa6fc919b0653b47b7e9e7cf59ec92037e8693/include -I/home/runner/work/tt-metal/tt-metal/.cpmcache/yaml-cpp/905940a232aea3437e2fb77334461b1fe343318b/include -I/home/runner/work/tt-metal/tt-metal/tt_metal/third_party/umd/device -I/home/runner/work/tt-metal/tt-metal/tt_metal/third_party/umd/third_party/fmt/include -isystem /home/runner/work/tt-metal/tt-metal/.cpmcache/googletest/96129d89f45386492ae46d6bb8c027bc3df5f949/googletest/include -isystem /home/runner/work/tt-metal/tt-metal/.cpmcache/googletest/96129d89f45386492ae46d6bb8c027bc3df5f949/googletest -isystem /home/runner/work/tt-metal/tt-metal/.cpmcache/reflect/e75434c4c5f669e4a74e4d84e0a30d7249c1e66f -isystem /home/runner/work/tt-metal/tt-metal/.cpmcache/flatbuffers/2c4062bffa52fa4157b1b4deeae73395df475fda/include -isystem /home/runner/work/tt-metal/tt-metal/.cpmcache/nanomsg/28cc32d5bdb6a858fe53b3ccf7e923957e53eada/include -O3 -std=c++20 -MP -Wno-int-to-pointer-cast -fno-var-tracking -mavx2 -fPIC -DFMT_HEADER_ONLY -fvisibility-inlines-hidden -fno-lto -DARCH_WORMHOLE_B0 -Werror -Wdelete-non-virtual-dtor -Wreturn-type -Wswitch -Wuninitialized -Wno-unused-parameter -Wno-deprecated -Wno-attributes -Wno-stringop-overread -Wno-stringop-overflow -Wno-maybe-uninitialized -Wno-missing-requires -Wno-narrowing -Wno-non-template-friend -Wno-error=non-template-friend -fsized-deallocation -Winvalid-pch -include /home/runner/work/tt-metal/tt-metal/build/tests/tt_eager/CMakeFiles/test_sliding_window_ops.dir/cmake_pch.hxx -MD -MT tests/tt_eager/CMakeFiles/test_sliding_window_ops.dir/ops/test_sliding_window_ops.cpp.o -MF tests/tt_eager/CMakeFiles/test_sliding_window_ops.dir/ops/test_sliding_window_ops.cpp.o.d -o tests/tt_eager/CMakeFiles/test_sliding_window_ops.dir/ops/test_sliding_window_ops.cpp.o -c /home/runner/work/tt-metal/tt-metal/tests/tt_eager/ops/test_sliding_window_ops.cpp
2024-09-02T08:06:39.8240276Z [1002/1034] : && /usr/bin/g++-12 -O3  tests/tt_eager/CMakeFiles/test_sliding_window_ops.dir/ops/test_sliding_window_ops.cpp.o -o test/tt_eager/ops/test_sliding_window_ops  -Wl,-rpath,/home/runner/work/tt-metal/tt-metal/build/ttnn:/home/runner/work/tt-metal/tt-metal/build/lib:/home/runner/work/tt-metal/tt-metal/build/tt_metal:/home/runner/work/tt-metal/tt-metal/build/_deps/nanomsg-build:/home/runner/work/tt-metal/tt-metal/build/_deps/libuv-build  ttnn/_ttnn.so  lib/libgtest_main.so.1.13.0  lib/libgtest.so.1.13.0  tt_metal/libtt_metal.so  -lz  -latomic  -lhwloc  -lnuma  lib/libdevice.so  _deps/yaml-cpp-build/libyaml-cpp.a  -lstdc++  _deps/nanomsg-build/libnng.so.1.8.0  _deps/libuv-build/libuv.so.1.0.0  -lpthread  -ldl  -lrt  /usr/lib/x86_64-linux-gnu/libpython3.10.so && :
2024-09-02T08:06:48.8628928Z [1003/1034] /usr/bin/g++-12 -DDISABLE_NAMESPACE_STATIC_ASSERT -DUSING_UV_SHARED=1 -DYAML_CPP_STATIC_DEFINE -I/home/runner/work/tt-metal/tt-metal/tt_metal/third_party/umd -I/home/runner/work/tt-metal/tt-metal -I/home/runner/work/tt-metal/tt-metal/tt_metal -I/home/runner/work/tt-metal/tt-metal/ttnn/cpp -I/home/runner/work/tt-metal/tt-metal/tt_metal/common -I/home/runner/work/tt-metal/tt-metal/tests -I/home/runner/work/tt-metal/tt-metal/tests/tt_eager -I/home/runner/work/tt-metal/tt-metal/ttnn -I/home/runner/work/tt-metal/tt-metal/ttnn/cpp/ttnn/deprecated -I/home/runner/work/tt-metal/tt-metal/tt_metal/third_party/fmt -I/home/runner/work/tt-metal/tt-metal/ttnn/cpp/ttnn/experimental/tt_lib -I/home/runner/work/tt-metal/tt-metal/tt_metal/third_party/pybind11/include -I/usr/include/python3.10 -I/home/runner/work/tt-metal/tt-metal/tt_metal/hw/inc -I/home/runner/work/tt-metal/tt-metal/tt_metal/hw/inc/wormhole -I/home/runner/work/tt-metal/tt-metal/tt_metal/hw/inc/wormhole/wormhole_b0_defines -I/home/runner/work/tt-metal/tt-metal/tt_metal/third_party/umd/device/wormhole -I/home/runner/work/tt-metal/tt-metal/tt_metal/third_party/umd/src/firmware/riscv/wormhole -I/home/runner/work/tt-metal/tt-metal/.cpmcache/libuv/72aa6fc919b0653b47b7e9e7cf59ec92037e8693/include -I/home/runner/work/tt-metal/tt-metal/.cpmcache/yaml-cpp/905940a232aea3437e2fb77334461b1fe343318b/include -I/home/runner/work/tt-metal/tt-metal/tt_metal/third_party/umd/device -I/home/runner/work/tt-metal/tt-metal/tt_metal/third_party/umd/third_party/fmt/include -isystem /home/runner/work/tt-metal/tt-metal/.cpmcache/googletest/96129d89f45386492ae46d6bb8c027bc3df5f949/googletest/include -isystem /home/runner/work/tt-metal/tt-metal/.cpmcache/googletest/96129d89f45386492ae46d6bb8c027bc3df5f949/googletest -isystem /home/runner/work/tt-metal/tt-metal/.cpmcache/reflect/e75434c4c5f669e4a74e4d84e0a30d7249c1e66f -isystem /home/runner/work/tt-metal/tt-metal/.cpmcache/flatbuffers/2c4062bffa52fa4157b1b4deeae73395df475fda/include -isystem /home/runner/work/tt-metal/tt-metal/.cpmcache/nanomsg/28cc32d5bdb6a858fe53b3ccf7e923957e53eada/include -O3 -std=c++20 -MP -Wno-int-to-pointer-cast -fno-var-tracking -mavx2 -fPIC -DFMT_HEADER_ONLY -fvisibility-inlines-hidden -fno-lto -DARCH_WORMHOLE_B0 -Werror -Wdelete-non-virtual-dtor -Wreturn-type -Wswitch -Wuninitialized -Wno-unused-parameter -Wno-deprecated -Wno-attributes -Wno-stringop-overread -Wno-stringop-overflow -Wno-maybe-uninitialized -Wno-missing-requires -Wno-narrowing -Wno-non-template-friend -Wno-error=non-template-friend -fsized-deallocation -Winvalid-pch -x c++-header -include /home/runner/work/tt-metal/tt-metal/build/tests/tt_eager/CMakeFiles/test_bert.dir/cmake_pch.hxx -MD -MT tests/tt_eager/CMakeFiles/test_bert.dir/cmake_pch.hxx.gch -MF tests/tt_eager/CMakeFiles/test_bert.dir/cmake_pch.hxx.gch.d -o tests/tt_eager/CMakeFiles/test_bert.dir/cmake_pch.hxx.gch -c /home/runner/work/tt-metal/tt-metal/build/tests/tt_eager/CMakeFiles/test_bert.dir/cmake_pch.hxx.cxx
2024-09-02T08:06:51.6166179Z [1004/1034] /usr/bin/g++-12 -DDISABLE_NAMESPACE_STATIC_ASSERT -DUSING_UV_SHARED=1 -DYAML_CPP_STATIC_DEFINE -I/home/runner/work/tt-metal/tt-metal/tt_metal/third_party/umd -I/home/runner/work/tt-metal/tt-metal -I/home/runner/work/tt-metal/tt-metal/tt_metal -I/home/runner/work/tt-metal/tt-metal/ttnn/cpp -I/home/runner/work/tt-metal/tt-metal/tt_metal/common -I/home/runner/work/tt-metal/tt-metal/tests -I/home/runner/work/tt-metal/tt-metal/tests/tt_eager -I/home/runner/work/tt-metal/tt-metal/ttnn -I/home/runner/work/tt-metal/tt-metal/ttnn/cpp/ttnn/deprecated -I/home/runner/work/tt-metal/tt-metal/tt_metal/third_party/fmt -I/home/runner/work/tt-metal/tt-metal/ttnn/cpp/ttnn/experimental/tt_lib -I/home/runner/work/tt-metal/tt-metal/tt_metal/third_party/pybind11/include -I/usr/include/python3.10 -I/home/runner/work/tt-metal/tt-metal/tt_metal/hw/inc -I/home/runner/work/tt-metal/tt-metal/tt_metal/hw/inc/wormhole -I/home/runner/work/tt-metal/tt-metal/tt_metal/hw/inc/wormhole/wormhole_b0_defines -I/home/runner/work/tt-metal/tt-metal/tt_metal/third_party/umd/device/wormhole -I/home/runner/work/tt-metal/tt-metal/tt_metal/third_party/umd/src/firmware/riscv/wormhole -I/home/runner/work/tt-metal/tt-metal/.cpmcache/libuv/72aa6fc919b0653b47b7e9e7cf59ec92037e8693/include -I/home/runner/work/tt-metal/tt-metal/.cpmcache/yaml-cpp/905940a232aea3437e2fb77334461b1fe343318b/include -I/home/runner/work/tt-metal/tt-metal/tt_metal/third_party/umd/device -I/home/runner/work/tt-metal/tt-metal/tt_metal/third_party/umd/third_party/fmt/include -isystem /home/runner/work/tt-metal/tt-metal/.cpmcache/googletest/96129d89f45386492ae46d6bb8c027bc3df5f949/googletest/include -isystem /home/runner/work/tt-metal/tt-metal/.cpmcache/googletest/96129d89f45386492ae46d6bb8c027bc3df5f949/googletest -isystem /home/runner/work/tt-metal/tt-metal/.cpmcache/reflect/e75434c4c5f669e4a74e4d84e0a30d7249c1e66f -isystem /home/runner/work/tt-metal/tt-metal/.cpmcache/flatbuffers/2c4062bffa52fa4157b1b4deeae73395df475fda/include -isystem /home/runner/work/tt-metal/tt-metal/.cpmcache/nanomsg/28cc32d5bdb6a858fe53b3ccf7e923957e53eada/include -O3 -std=c++20 -MP -Wno-int-to-pointer-cast -fno-var-tracking -mavx2 -fPIC -DFMT_HEADER_ONLY -fvisibility-inlines-hidden -fno-lto -DARCH_WORMHOLE_B0 -Werror -Wdelete-non-virtual-dtor -Wreturn-type -Wswitch -Wuninitialized -Wno-unused-parameter -Wno-deprecated -Wno-attributes -Wno-stringop-overread -Wno-stringop-overflow -Wno-maybe-uninitialized -Wno-missing-requires -Wno-narrowing -Wno-non-template-friend -Wno-error=non-template-friend -fsized-deallocation -Winvalid-pch -include /home/runner/work/tt-metal/tt-metal/build/tests/tt_eager/CMakeFiles/test_copy_and_move.dir/cmake_pch.hxx -MD -MT tests/tt_eager/CMakeFiles/test_copy_and_move.dir/tensors/test_copy_and_move.cpp.o -MF tests/tt_eager/CMakeFiles/test_copy_and_move.dir/tensors/test_copy_and_move.cpp.o.d -o tests/tt_eager/CMakeFiles/test_copy_and_move.dir/tensors/test_copy_and_move.cpp.o -c /home/runner/work/tt-metal/tt-metal/tests/tt_eager/tensors/test_copy_and_move.cpp
2024-09-02T08:06:51.9685822Z [1005/1034] : && /usr/bin/g++-12 -O3  tests/tt_eager/CMakeFiles/test_copy_and_move.dir/tensors/test_copy_and_move.cpp.o -o test/tt_eager/tensors/test_copy_and_move  -Wl,-rpath,/home/runner/work/tt-metal/tt-metal/build/ttnn:/home/runner/work/tt-metal/tt-metal/build/lib:/home/runner/work/tt-metal/tt-metal/build/tt_metal:/home/runner/work/tt-metal/tt-metal/build/_deps/nanomsg-build:/home/runner/work/tt-metal/tt-metal/build/_deps/libuv-build  ttnn/_ttnn.so  lib/libgtest_main.so.1.13.0  lib/libgtest.so.1.13.0  tt_metal/libtt_metal.so  -lz  -latomic  -lhwloc  -lnuma  lib/libdevice.so  _deps/yaml-cpp-build/libyaml-cpp.a  -lstdc++  _deps/nanomsg-build/libnng.so.1.8.0  _deps/libuv-build/libuv.so.1.0.0  -lpthread  -ldl  -lrt  /usr/lib/x86_64-linux-gnu/libpython3.10.so && :
2024-09-02T08:06:52.0504131Z [1006/1034] /usr/bin/g++-12 -DDISABLE_NAMESPACE_STATIC_ASSERT -DUSING_UV_SHARED=1 -DYAML_CPP_STATIC_DEFINE -I/home/runner/work/tt-metal/tt-metal/tt_metal/third_party/umd -I/home/runner/work/tt-metal/tt-metal -I/home/runner/work/tt-metal/tt-metal/tt_metal -I/home/runner/work/tt-metal/tt-metal/ttnn/cpp -I/home/runner/work/tt-metal/tt-metal/tt_metal/common -I/home/runner/work/tt-metal/tt-metal/tests -I/home/runner/work/tt-metal/tt-metal/tests/tt_eager -I/home/runner/work/tt-metal/tt-metal/ttnn -I/home/runner/work/tt-metal/tt-metal/ttnn/cpp/ttnn/deprecated -I/home/runner/work/tt-metal/tt-metal/tt_metal/third_party/fmt -I/home/runner/work/tt-metal/tt-metal/ttnn/cpp/ttnn/experimental/tt_lib -I/home/runner/work/tt-metal/tt-metal/tt_metal/third_party/pybind11/include -I/usr/include/python3.10 -I/home/runner/work/tt-metal/tt-metal/tt_metal/hw/inc -I/home/runner/work/tt-metal/tt-metal/tt_metal/hw/inc/wormhole -I/home/runner/work/tt-metal/tt-metal/tt_metal/hw/inc/wormhole/wormhole_b0_defines -I/home/runner/work/tt-metal/tt-metal/tt_metal/third_party/umd/device/wormhole -I/home/runner/work/tt-metal/tt-metal/tt_metal/third_party/umd/src/firmware/riscv/wormhole -I/home/runner/work/tt-metal/tt-metal/.cpmcache/libuv/72aa6fc919b0653b47b7e9e7cf59ec92037e8693/include -I/home/runner/work/tt-metal/tt-metal/.cpmcache/yaml-cpp/905940a232aea3437e2fb77334461b1fe343318b/include -I/home/runner/work/tt-metal/tt-metal/tt_metal/third_party/umd/device -I/home/runner/work/tt-metal/tt-metal/tt_metal/third_party/umd/third_party/fmt/include -isystem /home/runner/work/tt-metal/tt-metal/.cpmcache/googletest/96129d89f45386492ae46d6bb8c027bc3df5f949/googletest/include -isystem /home/runner/work/tt-metal/tt-metal/.cpmcache/googletest/96129d89f45386492ae46d6bb8c027bc3df5f949/googletest -isystem /home/runner/work/tt-metal/tt-metal/.cpmcache/reflect/e75434c4c5f669e4a74e4d84e0a30d7249c1e66f -isystem /home/runner/work/tt-metal/tt-metal/.cpmcache/flatbuffers/2c4062bffa52fa4157b1b4deeae73395df475fda/include -isystem /home/runner/work/tt-metal/tt-metal/.cpmcache/nanomsg/28cc32d5bdb6a858fe53b3ccf7e923957e53eada/include -O3 -std=c++20 -MP -Wno-int-to-pointer-cast -fno-var-tracking -mavx2 -fPIC -DFMT_HEADER_ONLY -fvisibility-inlines-hidden -fno-lto -DARCH_WORMHOLE_B0 -Werror -Wdelete-non-virtual-dtor -Wreturn-type -Wswitch -Wuninitialized -Wno-unused-parameter -Wno-deprecated -Wno-attributes -Wno-stringop-overread -Wno-stringop-overflow -Wno-maybe-uninitialized -Wno-missing-requires -Wno-narrowing -Wno-non-template-friend -Wno-error=non-template-friend -fsized-deallocation -Winvalid-pch -include /home/runner/work/tt-metal/tt-metal/build/tests/tt_eager/CMakeFiles/test_fold_op.dir/cmake_pch.hxx -MD -MT tests/tt_eager/CMakeFiles/test_fold_op.dir/ops/test_fold_op.cpp.o -MF tests/tt_eager/CMakeFiles/test_fold_op.dir/ops/test_fold_op.cpp.o.d -o tests/tt_eager/CMakeFiles/test_fold_op.dir/ops/test_fold_op.cpp.o -c /home/runner/work/tt-metal/tt-metal/tests/tt_eager/ops/test_fold_op.cpp
2024-09-02T08:06:52.4118072Z [1007/1034] : && /usr/bin/g++-12 -O3  tests/tt_eager/CMakeFiles/test_fold_op.dir/ops/test_fold_op.cpp.o -o test/tt_eager/ops/test_fold_op  -Wl,-rpath,/home/runner/work/tt-metal/tt-metal/build/ttnn:/home/runner/work/tt-metal/tt-metal/build/lib:/home/runner/work/tt-metal/tt-metal/build/tt_metal:/home/runner/work/tt-metal/tt-metal/build/_deps/nanomsg-build:/home/runner/work/tt-metal/tt-metal/build/_deps/libuv-build  ttnn/_ttnn.so  lib/libgtest_main.so.1.13.0  lib/libgtest.so.1.13.0  tt_metal/libtt_metal.so  -lz  -latomic  -lhwloc  -lnuma  lib/libdevice.so  _deps/yaml-cpp-build/libyaml-cpp.a  -lstdc++  _deps/nanomsg-build/libnng.so.1.8.0  _deps/libuv-build/libuv.so.1.0.0  -lpthread  -ldl  -lrt  /usr/lib/x86_64-linux-gnu/libpython3.10.so && :
2024-09-02T08:07:00.6289483Z [1008/1034] /usr/bin/g++-12 -DDISABLE_NAMESPACE_STATIC_ASSERT -DUSING_UV_SHARED=1 -DYAML_CPP_STATIC_DEFINE -I/home/runner/work/tt-metal/tt-metal/tt_metal/third_party/umd -I/home/runner/work/tt-metal/tt-metal -I/home/runner/work/tt-metal/tt-metal/tt_metal -I/home/runner/work/tt-metal/tt-metal/tests -I/home/runner/work/tt-metal/tt-metal/tests/ttnn/unit_tests/gtests -I/home/runner/work/tt-metal/tt-metal/ttnn -I/home/runner/work/tt-metal/tt-metal/ttnn/cpp/ttnn/deprecated -I/home/runner/work/tt-metal/tt-metal/ttnn/cpp -I/home/runner/work/tt-metal/tt-metal/tt_metal/third_party/fmt -I/home/runner/work/tt-metal/tt-metal/ttnn/cpp/ttnn/experimental/tt_lib -I/home/runner/work/tt-metal/tt-metal/tt_metal/third_party/pybind11/include -I/usr/include/python3.10 -I/home/runner/work/tt-metal/tt-metal/tt_metal/hw/inc -I/home/runner/work/tt-metal/tt-metal/tt_metal/hw/inc/wormhole -I/home/runner/work/tt-metal/tt-metal/tt_metal/hw/inc/wormhole/wormhole_b0_defines -I/home/runner/work/tt-metal/tt-metal/tt_metal/third_party/umd/device/wormhole -I/home/runner/work/tt-metal/tt-metal/tt_metal/third_party/umd/src/firmware/riscv/wormhole -I/home/runner/work/tt-metal/tt-metal/.cpmcache/libuv/72aa6fc919b0653b47b7e9e7cf59ec92037e8693/include -I/home/runner/work/tt-metal/tt-metal/.cpmcache/yaml-cpp/905940a232aea3437e2fb77334461b1fe343318b/include -I/home/runner/work/tt-metal/tt-metal/tt_metal/third_party/umd/device -I/home/runner/work/tt-metal/tt-metal/tt_metal/third_party/umd/third_party/fmt/include -isystem /home/runner/work/tt-metal/tt-metal/.cpmcache/googletest/96129d89f45386492ae46d6bb8c027bc3df5f949/googletest/include -isystem /home/runner/work/tt-metal/tt-metal/.cpmcache/googletest/96129d89f45386492ae46d6bb8c027bc3df5f949/googletest -isystem /home/runner/work/tt-metal/tt-metal/.cpmcache/reflect/e75434c4c5f669e4a74e4d84e0a30d7249c1e66f -isystem /home/runner/work/tt-metal/tt-metal/.cpmcache/flatbuffers/2c4062bffa52fa4157b1b4deeae73395df475fda/include -isystem /home/runner/work/tt-metal/tt-metal/.cpmcache/nanomsg/28cc32d5bdb6a858fe53b3ccf7e923957e53eada/include -O3 -std=c++20 -MP -Wno-int-to-pointer-cast -fno-var-tracking -mavx2 -fPIC -DFMT_HEADER_ONLY -fvisibility-inlines-hidden -fno-lto -DARCH_WORMHOLE_B0 -Werror -Wdelete-non-virtual-dtor -Wreturn-type -Wswitch -Wuninitialized -Wno-unused-parameter -Wno-deprecated -Wno-attributes -Wno-stringop-overread -Wno-stringop-overflow -Wno-maybe-uninitialized -Wno-missing-requires -Wno-narrowing -Wno-non-template-friend -Wno-error=non-template-friend -fsized-deallocation -Winvalid-pch -x c++-header -include /home/runner/work/tt-metal/tt-metal/build/tests/ttnn/unit_tests/gtests/CMakeFiles/unit_tests_ttnn.dir/cmake_pch.hxx -MD -MT tests/ttnn/unit_tests/gtests/CMakeFiles/unit_tests_ttnn.dir/cmake_pch.hxx.gch -MF tests/ttnn/unit_tests/gtests/CMakeFiles/unit_tests_ttnn.dir/cmake_pch.hxx.gch.d -o tests/ttnn/unit_tests/gtests/CMakeFiles/unit_tests_ttnn.dir/cmake_pch.hxx.gch -c /home/runner/work/tt-metal/tt-metal/build/tests/ttnn/unit_tests/gtests/CMakeFiles/unit_tests_ttnn.dir/cmake_pch.hxx.cxx
2024-09-02T08:07:01.8522938Z [1009/1034] /usr/bin/g++-12 -DDISABLE_NAMESPACE_STATIC_ASSERT -DUSING_UV_SHARED=1 -DYAML_CPP_STATIC_DEFINE -I/home/runner/work/tt-metal/tt-metal/tt_metal/third_party/umd -I/home/runner/work/tt-metal/tt-metal -I/home/runner/work/tt-metal/tt-metal/tt_metal -I/home/runner/work/tt-metal/tt-metal/ttnn/cpp -I/home/runner/work/tt-metal/tt-metal/tt_metal/common -I/home/runner/work/tt-metal/tt-metal/tests -I/home/runner/work/tt-metal/tt-metal/tests/tt_eager -I/home/runner/work/tt-metal/tt-metal/ttnn -I/home/runner/work/tt-metal/tt-metal/ttnn/cpp/ttnn/deprecated -I/home/runner/work/tt-metal/tt-metal/tt_metal/third_party/fmt -I/home/runner/work/tt-metal/tt-metal/ttnn/cpp/ttnn/experimental/tt_lib -I/home/runner/work/tt-metal/tt-metal/tt_metal/third_party/pybind11/include -I/usr/include/python3.10 -I/home/runner/work/tt-metal/tt-metal/tt_metal/hw/inc -I/home/runner/work/tt-metal/tt-metal/tt_metal/hw/inc/wormhole -I/home/runner/work/tt-metal/tt-metal/tt_metal/hw/inc/wormhole/wormhole_b0_defines -I/home/runner/work/tt-metal/tt-metal/tt_metal/third_party/umd/device/wormhole -I/home/runner/work/tt-metal/tt-metal/tt_metal/third_party/umd/src/firmware/riscv/wormhole -I/home/runner/work/tt-metal/tt-metal/.cpmcache/libuv/72aa6fc919b0653b47b7e9e7cf59ec92037e8693/include -I/home/runner/work/tt-metal/tt-metal/.cpmcache/yaml-cpp/905940a232aea3437e2fb77334461b1fe343318b/include -I/home/runner/work/tt-metal/tt-metal/tt_metal/third_party/umd/device -I/home/runner/work/tt-metal/tt-metal/tt_metal/third_party/umd/third_party/fmt/include -isystem /home/runner/work/tt-metal/tt-metal/.cpmcache/googletest/96129d89f45386492ae46d6bb8c027bc3df5f949/googletest/include -isystem /home/runner/work/tt-metal/tt-metal/.cpmcache/googletest/96129d89f45386492ae46d6bb8c027bc3df5f949/googletest -isystem /home/runner/work/tt-metal/tt-metal/.cpmcache/reflect/e75434c4c5f669e4a74e4d84e0a30d7249c1e66f -isystem /home/runner/work/tt-metal/tt-metal/.cpmcache/flatbuffers/2c4062bffa52fa4157b1b4deeae73395df475fda/include -isystem /home/runner/work/tt-metal/tt-metal/.cpmcache/nanomsg/28cc32d5bdb6a858fe53b3ccf7e923957e53eada/include -O3 -std=c++20 -MP -Wno-int-to-pointer-cast -fno-var-tracking -mavx2 -fPIC -DFMT_HEADER_ONLY -fvisibility-inlines-hidden -fno-lto -DARCH_WORMHOLE_B0 -Werror -Wdelete-non-virtual-dtor -Wreturn-type -Wswitch -Wuninitialized -Wno-unused-parameter -Wno-deprecated -Wno-attributes -Wno-stringop-overread -Wno-stringop-overflow -Wno-maybe-uninitialized -Wno-missing-requires -Wno-narrowing -Wno-non-template-friend -Wno-error=non-template-friend -fsized-deallocation -Winvalid-pch -include /home/runner/work/tt-metal/tt-metal/build/tests/tt_eager/CMakeFiles/test_host_device_loopback.dir/cmake_pch.hxx -MD -MT tests/tt_eager/CMakeFiles/test_host_device_loopback.dir/tensors/test_host_device_loopback.cpp.o -MF tests/tt_eager/CMakeFiles/test_host_device_loopback.dir/tensors/test_host_device_loopback.cpp.o.d -o tests/tt_eager/CMakeFiles/test_host_device_loopback.dir/tensors/test_host_device_loopback.cpp.o -c /home/runner/work/tt-metal/tt-metal/tests/tt_eager/tensors/test_host_device_loopback.cpp
2024-09-02T08:07:02.2254229Z [1010/1034] : && /usr/bin/g++-12 -O3  tests/tt_eager/CMakeFiles/test_host_device_loopback.dir/tensors/test_host_device_loopback.cpp.o -o test/tt_eager/tensors/test_host_device_loopback  -Wl,-rpath,/home/runner/work/tt-metal/tt-metal/build/ttnn:/home/runner/work/tt-metal/tt-metal/build/lib:/home/runner/work/tt-metal/tt-metal/build/tt_metal:/home/runner/work/tt-metal/tt-metal/build/_deps/nanomsg-build:/home/runner/work/tt-metal/tt-metal/build/_deps/libuv-build  ttnn/_ttnn.so  lib/libgtest_main.so.1.13.0  lib/libgtest.so.1.13.0  tt_metal/libtt_metal.so  -lz  -latomic  -lhwloc  -lnuma  lib/libdevice.so  _deps/yaml-cpp-build/libyaml-cpp.a  -lstdc++  _deps/nanomsg-build/libnng.so.1.8.0  _deps/libuv-build/libuv.so.1.0.0  -lpthread  -ldl  -lrt  /usr/lib/x86_64-linux-gnu/libpython3.10.so && :
2024-09-02T08:07:02.3983067Z [1011/1034] /usr/bin/g++-12 -DDISABLE_NAMESPACE_STATIC_ASSERT -DUSING_UV_SHARED=1 -DYAML_CPP_STATIC_DEFINE -I/home/runner/work/tt-metal/tt-metal/tt_metal/third_party/umd -I/home/runner/work/tt-metal/tt-metal -I/home/runner/work/tt-metal/tt-metal/tt_metal -I/home/runner/work/tt-metal/tt-metal/tests -I/home/runner/work/tt-metal/tt-metal/tests/ttnn/unit_tests/gtests -I/home/runner/work/tt-metal/tt-metal/ttnn -I/home/runner/work/tt-metal/tt-metal/ttnn/cpp/ttnn/deprecated -I/home/runner/work/tt-metal/tt-metal/ttnn/cpp -I/home/runner/work/tt-metal/tt-metal/tt_metal/third_party/fmt -I/home/runner/work/tt-metal/tt-metal/ttnn/cpp/ttnn/experimental/tt_lib -I/home/runner/work/tt-metal/tt-metal/tt_metal/third_party/pybind11/include -I/usr/include/python3.10 -I/home/runner/work/tt-metal/tt-metal/tt_metal/hw/inc -I/home/runner/work/tt-metal/tt-metal/tt_metal/hw/inc/wormhole -I/home/runner/work/tt-metal/tt-metal/tt_metal/hw/inc/wormhole/wormhole_b0_defines -I/home/runner/work/tt-metal/tt-metal/tt_metal/third_party/umd/device/wormhole -I/home/runner/work/tt-metal/tt-metal/tt_metal/third_party/umd/src/firmware/riscv/wormhole -I/home/runner/work/tt-metal/tt-metal/.cpmcache/libuv/72aa6fc919b0653b47b7e9e7cf59ec92037e8693/include -I/home/runner/work/tt-metal/tt-metal/.cpmcache/yaml-cpp/905940a232aea3437e2fb77334461b1fe343318b/include -I/home/runner/work/tt-metal/tt-metal/tt_metal/third_party/umd/device -I/home/runner/work/tt-metal/tt-metal/tt_metal/third_party/umd/third_party/fmt/include -isystem /home/runner/work/tt-metal/tt-metal/.cpmcache/googletest/96129d89f45386492ae46d6bb8c027bc3df5f949/googletest/include -isystem /home/runner/work/tt-metal/tt-metal/.cpmcache/googletest/96129d89f45386492ae46d6bb8c027bc3df5f949/googletest -isystem /home/runner/work/tt-metal/tt-metal/.cpmcache/reflect/e75434c4c5f669e4a74e4d84e0a30d7249c1e66f -isystem /home/runner/work/tt-metal/tt-metal/.cpmcache/flatbuffers/2c4062bffa52fa4157b1b4deeae73395df475fda/include -isystem /home/runner/work/tt-metal/tt-metal/.cpmcache/nanomsg/28cc32d5bdb6a858fe53b3ccf7e923957e53eada/include -O3 -std=c++20 -MP -Wno-int-to-pointer-cast -fno-var-tracking -mavx2 -fPIC -DFMT_HEADER_ONLY -fvisibility-inlines-hidden -fno-lto -DARCH_WORMHOLE_B0 -Werror -Wdelete-non-virtual-dtor -Wreturn-type -Wswitch -Wuninitialized -Wno-unused-parameter -Wno-deprecated -Wno-attributes -Wno-stringop-overread -Wno-stringop-overflow -Wno-maybe-uninitialized -Wno-missing-requires -Wno-narrowing -Wno-non-template-friend -Wno-error=non-template-friend -fsized-deallocation -Winvalid-pch -x c++-header -include /home/runner/work/tt-metal/tt-metal/build/tests/ttnn/unit_tests/gtests/CMakeFiles/unit_tests_ttnn_ccl.dir/cmake_pch.hxx -MD -MT tests/ttnn/unit_tests/gtests/CMakeFiles/unit_tests_ttnn_ccl.dir/cmake_pch.hxx.gch -MF tests/ttnn/unit_tests/gtests/CMakeFiles/unit_tests_ttnn_ccl.dir/cmake_pch.hxx.gch.d -o tests/ttnn/unit_tests/gtests/CMakeFiles/unit_tests_ttnn_ccl.dir/cmake_pch.hxx.gch -c /home/runner/work/tt-metal/tt-metal/build/tests/ttnn/unit_tests/gtests/CMakeFiles/unit_tests_ttnn_ccl.dir/cmake_pch.hxx.cxx
2024-09-02T08:07:14.0703697Z [1012/1034] /usr/bin/g++-12 -DDISABLE_NAMESPACE_STATIC_ASSERT -DUSING_UV_SHARED=1 -DYAML_CPP_STATIC_DEFINE -I/home/runner/work/tt-metal/tt-metal/tt_metal/third_party/umd -I/home/runner/work/tt-metal/tt-metal -I/home/runner/work/tt-metal/tt-metal/tt_metal -I/home/runner/work/tt-metal/tt-metal/ttnn/cpp -I/home/runner/work/tt-metal/tt-metal/tt_metal/common -I/home/runner/work/tt-metal/tt-metal/tests -I/home/runner/work/tt-metal/tt-metal/tests/tt_eager -I/home/runner/work/tt-metal/tt-metal/ttnn -I/home/runner/work/tt-metal/tt-metal/ttnn/cpp/ttnn/deprecated -I/home/runner/work/tt-metal/tt-metal/tt_metal/third_party/fmt -I/home/runner/work/tt-metal/tt-metal/ttnn/cpp/ttnn/experimental/tt_lib -I/home/runner/work/tt-metal/tt-metal/tt_metal/third_party/pybind11/include -I/usr/include/python3.10 -I/home/runner/work/tt-metal/tt-metal/tt_metal/hw/inc -I/home/runner/work/tt-metal/tt-metal/tt_metal/hw/inc/wormhole -I/home/runner/work/tt-metal/tt-metal/tt_metal/hw/inc/wormhole/wormhole_b0_defines -I/home/runner/work/tt-metal/tt-metal/tt_metal/third_party/umd/device/wormhole -I/home/runner/work/tt-metal/tt-metal/tt_metal/third_party/umd/src/firmware/riscv/wormhole -I/home/runner/work/tt-metal/tt-metal/.cpmcache/libuv/72aa6fc919b0653b47b7e9e7cf59ec92037e8693/include -I/home/runner/work/tt-metal/tt-metal/.cpmcache/yaml-cpp/905940a232aea3437e2fb77334461b1fe343318b/include -I/home/runner/work/tt-metal/tt-metal/tt_metal/third_party/umd/device -I/home/runner/work/tt-metal/tt-metal/tt_metal/third_party/umd/third_party/fmt/include -isystem /home/runner/work/tt-metal/tt-metal/.cpmcache/googletest/96129d89f45386492ae46d6bb8c027bc3df5f949/googletest/include -isystem /home/runner/work/tt-metal/tt-metal/.cpmcache/googletest/96129d89f45386492ae46d6bb8c027bc3df5f949/googletest -isystem /home/runner/work/tt-metal/tt-metal/.cpmcache/reflect/e75434c4c5f669e4a74e4d84e0a30d7249c1e66f -isystem /home/runner/work/tt-metal/tt-metal/.cpmcache/flatbuffers/2c4062bffa52fa4157b1b4deeae73395df475fda/include -isystem /home/runner/work/tt-metal/tt-metal/.cpmcache/nanomsg/28cc32d5bdb6a858fe53b3ccf7e923957e53eada/include -O3 -std=c++20 -MP -Wno-int-to-pointer-cast -fno-var-tracking -mavx2 -fPIC -DFMT_HEADER_ONLY -fvisibility-inlines-hidden -fno-lto -DARCH_WORMHOLE_B0 -Werror -Wdelete-non-virtual-dtor -Wreturn-type -Wswitch -Wuninitialized -Wno-unused-parameter -Wno-deprecated -Wno-attributes -Wno-stringop-overread -Wno-stringop-overflow -Wno-maybe-uninitialized -Wno-missing-requires -Wno-narrowing -Wno-non-template-friend -Wno-error=non-template-friend -fsized-deallocation -Winvalid-pch -include /home/runner/work/tt-metal/tt-metal/build/tests/tt_eager/CMakeFiles/test_raw_host_memory_pointer.dir/cmake_pch.hxx -MD -MT tests/tt_eager/CMakeFiles/test_raw_host_memory_pointer.dir/tensors/test_raw_host_memory_pointer.cpp.o -MF tests/tt_eager/CMakeFiles/test_raw_host_memory_pointer.dir/tensors/test_raw_host_memory_pointer.cpp.o.d -o tests/tt_eager/CMakeFiles/test_raw_host_memory_pointer.dir/tensors/test_raw_host_memory_pointer.cpp.o -c /home/runner/work/tt-metal/tt-metal/tests/tt_eager/tensors/test_raw_host_memory_pointer.cpp
2024-09-02T08:07:14.4545080Z [1013/1034] : && /usr/bin/g++-12 -O3  tests/tt_eager/CMakeFiles/test_raw_host_memory_pointer.dir/tensors/test_raw_host_memory_pointer.cpp.o -o test/tt_eager/tensors/test_raw_host_memory_pointer  -Wl,-rpath,/home/runner/work/tt-metal/tt-metal/build/ttnn:/home/runner/work/tt-metal/tt-metal/build/lib:/home/runner/work/tt-metal/tt-metal/build/tt_metal:/home/runner/work/tt-metal/tt-metal/build/_deps/nanomsg-build:/home/runner/work/tt-metal/tt-metal/build/_deps/libuv-build  ttnn/_ttnn.so  lib/libgtest_main.so.1.13.0  lib/libgtest.so.1.13.0  tt_metal/libtt_metal.so  -lz  -latomic  -lhwloc  -lnuma  lib/libdevice.so  _deps/yaml-cpp-build/libyaml-cpp.a  -lstdc++  _deps/nanomsg-build/libnng.so.1.8.0  _deps/libuv-build/libuv.so.1.0.0  -lpthread  -ldl  -lrt  /usr/lib/x86_64-linux-gnu/libpython3.10.so && :
2024-09-02T08:07:27.7521311Z [1014/1034] /usr/bin/g++-12 -DDISABLE_NAMESPACE_STATIC_ASSERT -DUSING_UV_SHARED=1 -DYAML_CPP_STATIC_DEFINE -I/home/runner/work/tt-metal/tt-metal/tt_metal/third_party/umd -I/home/runner/work/tt-metal/tt-metal -I/home/runner/work/tt-metal/tt-metal/tt_metal -I/home/runner/work/tt-metal/tt-metal/ttnn/cpp -I/home/runner/work/tt-metal/tt-metal/tt_metal/common -I/home/runner/work/tt-metal/tt-metal/tests -I/home/runner/work/tt-metal/tt-metal/tests/tt_eager -I/home/runner/work/tt-metal/tt-metal/ttnn -I/home/runner/work/tt-metal/tt-metal/ttnn/cpp/ttnn/deprecated -I/home/runner/work/tt-metal/tt-metal/tt_metal/third_party/fmt -I/home/runner/work/tt-metal/tt-metal/ttnn/cpp/ttnn/experimental/tt_lib -I/home/runner/work/tt-metal/tt-metal/tt_metal/third_party/pybind11/include -I/usr/include/python3.10 -I/home/runner/work/tt-metal/tt-metal/tt_metal/hw/inc -I/home/runner/work/tt-metal/tt-metal/tt_metal/hw/inc/wormhole -I/home/runner/work/tt-metal/tt-metal/tt_metal/hw/inc/wormhole/wormhole_b0_defines -I/home/runner/work/tt-metal/tt-metal/tt_metal/third_party/umd/device/wormhole -I/home/runner/work/tt-metal/tt-metal/tt_metal/third_party/umd/src/firmware/riscv/wormhole -I/home/runner/work/tt-metal/tt-metal/.cpmcache/libuv/72aa6fc919b0653b47b7e9e7cf59ec92037e8693/include -I/home/runner/work/tt-metal/tt-metal/.cpmcache/yaml-cpp/905940a232aea3437e2fb77334461b1fe343318b/include -I/home/runner/work/tt-metal/tt-metal/tt_metal/third_party/umd/device -I/home/runner/work/tt-metal/tt-metal/tt_metal/third_party/umd/third_party/fmt/include -isystem /home/runner/work/tt-metal/tt-metal/.cpmcache/googletest/96129d89f45386492ae46d6bb8c027bc3df5f949/googletest/include -isystem /home/runner/work/tt-metal/tt-metal/.cpmcache/googletest/96129d89f45386492ae46d6bb8c027bc3df5f949/googletest -isystem /home/runner/work/tt-metal/tt-metal/.cpmcache/reflect/e75434c4c5f669e4a74e4d84e0a30d7249c1e66f -isystem /home/runner/work/tt-metal/tt-metal/.cpmcache/flatbuffers/2c4062bffa52fa4157b1b4deeae73395df475fda/include -isystem /home/runner/work/tt-metal/tt-metal/.cpmcache/nanomsg/28cc32d5bdb6a858fe53b3ccf7e923957e53eada/include -O3 -std=c++20 -MP -Wno-int-to-pointer-cast -fno-var-tracking -mavx2 -fPIC -DFMT_HEADER_ONLY -fvisibility-inlines-hidden -fno-lto -DARCH_WORMHOLE_B0 -Werror -Wdelete-non-virtual-dtor -Wreturn-type -Wswitch -Wuninitialized -Wno-unused-parameter -Wno-deprecated -Wno-attributes -Wno-stringop-overread -Wno-stringop-overflow -Wno-maybe-uninitialized -Wno-missing-requires -Wno-narrowing -Wno-non-template-friend -Wno-error=non-template-friend -fsized-deallocation -Winvalid-pch -include /home/runner/work/tt-metal/tt-metal/build/tests/tt_eager/CMakeFiles/test_async_tensor_apis.dir/cmake_pch.hxx -MD -MT tests/tt_eager/CMakeFiles/test_async_tensor_apis.dir/tensors/test_async_tensor_apis.cpp.o -MF tests/tt_eager/CMakeFiles/test_async_tensor_apis.dir/tensors/test_async_tensor_apis.cpp.o.d -o tests/tt_eager/CMakeFiles/test_async_tensor_apis.dir/tensors/test_async_tensor_apis.cpp.o -c /home/runner/work/tt-metal/tt-metal/tests/tt_eager/tensors/test_async_tensor_apis.cpp
2024-09-02T08:07:28.0102270Z [1015/1034] : && /usr/bin/g++-12 -O3  tests/tt_eager/CMakeFiles/test_async_tensor_apis.dir/tensors/test_async_tensor_apis.cpp.o -o test/tt_eager/tensors/test_async_tensor_apis  -Wl,-rpath,/home/runner/work/tt-metal/tt-metal/build/ttnn:/home/runner/work/tt-metal/tt-metal/build/lib:/home/runner/work/tt-metal/tt-metal/build/tt_metal:/home/runner/work/tt-metal/tt-metal/build/_deps/nanomsg-build:/home/runner/work/tt-metal/tt-metal/build/_deps/libuv-build  ttnn/_ttnn.so  lib/libgtest_main.so.1.13.0  lib/libgtest.so.1.13.0  tt_metal/libtt_metal.so  -lz  -latomic  -lhwloc  -lnuma  lib/libdevice.so  _deps/yaml-cpp-build/libyaml-cpp.a  -lstdc++  _deps/nanomsg-build/libnng.so.1.8.0  _deps/libuv-build/libuv.so.1.0.0  -lpthread  -ldl  -lrt  /usr/lib/x86_64-linux-gnu/libpython3.10.so && :
2024-09-02T08:07:41.8641613Z [1016/1034] /usr/bin/g++-12 -DDISABLE_NAMESPACE_STATIC_ASSERT -DUSING_UV_SHARED=1 -DYAML_CPP_STATIC_DEFINE -I/home/runner/work/tt-metal/tt-metal/tt_metal/third_party/umd -I/home/runner/work/tt-metal/tt-metal -I/home/runner/work/tt-metal/tt-metal/tt_metal -I/home/runner/work/tt-metal/tt-metal/tests -I/home/runner/work/tt-metal/tt-metal/tests/ttnn/unit_tests/gtests -I/home/runner/work/tt-metal/tt-metal/ttnn -I/home/runner/work/tt-metal/tt-metal/ttnn/cpp/ttnn/deprecated -I/home/runner/work/tt-metal/tt-metal/ttnn/cpp -I/home/runner/work/tt-metal/tt-metal/tt_metal/third_party/fmt -I/home/runner/work/tt-metal/tt-metal/ttnn/cpp/ttnn/experimental/tt_lib -I/home/runner/work/tt-metal/tt-metal/tt_metal/third_party/pybind11/include -I/usr/include/python3.10 -I/home/runner/work/tt-metal/tt-metal/tt_metal/hw/inc -I/home/runner/work/tt-metal/tt-metal/tt_metal/hw/inc/wormhole -I/home/runner/work/tt-metal/tt-metal/tt_metal/hw/inc/wormhole/wormhole_b0_defines -I/home/runner/work/tt-metal/tt-metal/tt_metal/third_party/umd/device/wormhole -I/home/runner/work/tt-metal/tt-metal/tt_metal/third_party/umd/src/firmware/riscv/wormhole -I/home/runner/work/tt-metal/tt-metal/.cpmcache/libuv/72aa6fc919b0653b47b7e9e7cf59ec92037e8693/include -I/home/runner/work/tt-metal/tt-metal/.cpmcache/yaml-cpp/905940a232aea3437e2fb77334461b1fe343318b/include -I/home/runner/work/tt-metal/tt-metal/tt_metal/third_party/umd/device -I/home/runner/work/tt-metal/tt-metal/tt_metal/third_party/umd/third_party/fmt/include -isystem /home/runner/work/tt-metal/tt-metal/.cpmcache/googletest/96129d89f45386492ae46d6bb8c027bc3df5f949/googletest/include -isystem /home/runner/work/tt-metal/tt-metal/.cpmcache/googletest/96129d89f45386492ae46d6bb8c027bc3df5f949/googletest -isystem /home/runner/work/tt-metal/tt-metal/.cpmcache/reflect/e75434c4c5f669e4a74e4d84e0a30d7249c1e66f -isystem /home/runner/work/tt-metal/tt-metal/.cpmcache/flatbuffers/2c4062bffa52fa4157b1b4deeae73395df475fda/include -isystem /home/runner/work/tt-metal/tt-metal/.cpmcache/nanomsg/28cc32d5bdb6a858fe53b3ccf7e923957e53eada/include -O3 -std=c++20 -MP -Wno-int-to-pointer-cast -fno-var-tracking -mavx2 -fPIC -DFMT_HEADER_ONLY -fvisibility-inlines-hidden -fno-lto -DARCH_WORMHOLE_B0 -Werror -Wdelete-non-virtual-dtor -Wreturn-type -Wswitch -Wuninitialized -Wno-unused-parameter -Wno-deprecated -Wno-attributes -Wno-stringop-overread -Wno-stringop-overflow -Wno-maybe-uninitialized -Wno-missing-requires -Wno-narrowing -Wno-non-template-friend -Wno-error=non-template-friend -fsized-deallocation -Winvalid-pch -include /home/runner/work/tt-metal/tt-metal/build/tests/ttnn/unit_tests/gtests/CMakeFiles/unit_tests_ttnn.dir/cmake_pch.hxx -MD -MT tests/ttnn/unit_tests/gtests/CMakeFiles/unit_tests_ttnn.dir/test_multiprod_queue.cpp.o -MF tests/ttnn/unit_tests/gtests/CMakeFiles/unit_tests_ttnn.dir/test_multiprod_queue.cpp.o.d -o tests/ttnn/unit_tests/gtests/CMakeFiles/unit_tests_ttnn.dir/test_multiprod_queue.cpp.o -c /home/runner/work/tt-metal/tt-metal/tests/ttnn/unit_tests/gtests/test_multiprod_queue.cpp
2024-09-02T08:07:44.8084956Z [1017/1034] /usr/bin/g++-12 -DDISABLE_NAMESPACE_STATIC_ASSERT -DUSING_UV_SHARED=1 -DYAML_CPP_STATIC_DEFINE -I/home/runner/work/tt-metal/tt-metal/tt_metal/third_party/umd -I/home/runner/work/tt-metal/tt-metal -I/home/runner/work/tt-metal/tt-metal/tt_metal -I/home/runner/work/tt-metal/tt-metal/ttnn/cpp -I/home/runner/work/tt-metal/tt-metal/tt_metal/common -I/home/runner/work/tt-metal/tt-metal/tests -I/home/runner/work/tt-metal/tt-metal/tests/tt_eager -I/home/runner/work/tt-metal/tt-metal/ttnn -I/home/runner/work/tt-metal/tt-metal/ttnn/cpp/ttnn/deprecated -I/home/runner/work/tt-metal/tt-metal/tt_metal/third_party/fmt -I/home/runner/work/tt-metal/tt-metal/ttnn/cpp/ttnn/experimental/tt_lib -I/home/runner/work/tt-metal/tt-metal/tt_metal/third_party/pybind11/include -I/usr/include/python3.10 -I/home/runner/work/tt-metal/tt-metal/tt_metal/hw/inc -I/home/runner/work/tt-metal/tt-metal/tt_metal/hw/inc/wormhole -I/home/runner/work/tt-metal/tt-metal/tt_metal/hw/inc/wormhole/wormhole_b0_defines -I/home/runner/work/tt-metal/tt-metal/tt_metal/third_party/umd/device/wormhole -I/home/runner/work/tt-metal/tt-metal/tt_metal/third_party/umd/src/firmware/riscv/wormhole -I/home/runner/work/tt-metal/tt-metal/.cpmcache/libuv/72aa6fc919b0653b47b7e9e7cf59ec92037e8693/include -I/home/runner/work/tt-metal/tt-metal/.cpmcache/yaml-cpp/905940a232aea3437e2fb77334461b1fe343318b/include -I/home/runner/work/tt-metal/tt-metal/tt_metal/third_party/umd/device -I/home/runner/work/tt-metal/tt-metal/tt_metal/third_party/umd/third_party/fmt/include -isystem /home/runner/work/tt-metal/tt-metal/.cpmcache/googletest/96129d89f45386492ae46d6bb8c027bc3df5f949/googletest/include -isystem /home/runner/work/tt-metal/tt-metal/.cpmcache/googletest/96129d89f45386492ae46d6bb8c027bc3df5f949/googletest -isystem /home/runner/work/tt-metal/tt-metal/.cpmcache/reflect/e75434c4c5f669e4a74e4d84e0a30d7249c1e66f -isystem /home/runner/work/tt-metal/tt-metal/.cpmcache/flatbuffers/2c4062bffa52fa4157b1b4deeae73395df475fda/include -isystem /home/runner/work/tt-metal/tt-metal/.cpmcache/nanomsg/28cc32d5bdb6a858fe53b3ccf7e923957e53eada/include -O3 -std=c++20 -MP -Wno-int-to-pointer-cast -fno-var-tracking -mavx2 -fPIC -DFMT_HEADER_ONLY -fvisibility-inlines-hidden -fno-lto -DARCH_WORMHOLE_B0 -Werror -Wdelete-non-virtual-dtor -Wreturn-type -Wswitch -Wuninitialized -Wno-unused-parameter -Wno-deprecated -Wno-attributes -Wno-stringop-overread -Wno-stringop-overflow -Wno-maybe-uninitialized -Wno-missing-requires -Wno-narrowing -Wno-non-template-friend -Wno-error=non-template-friend -fsized-deallocation -Winvalid-pch -include /home/runner/work/tt-metal/tt-metal/build/tests/tt_eager/CMakeFiles/test_bert.dir/cmake_pch.hxx -MD -MT tests/tt_eager/CMakeFiles/test_bert.dir/integration_tests/test_bert.cpp.o -MF tests/tt_eager/CMakeFiles/test_bert.dir/integration_tests/test_bert.cpp.o.d -o tests/tt_eager/CMakeFiles/test_bert.dir/integration_tests/test_bert.cpp.o -c /home/runner/work/tt-metal/tt-metal/tests/tt_eager/integration_tests/test_bert.cpp
2024-09-02T08:07:45.2407652Z [1018/1034] : && /usr/bin/g++-12 -O3  tests/tt_eager/CMakeFiles/test_bert.dir/integration_tests/test_bert.cpp.o -o test/tt_eager/integration_tests/test_bert  -Wl,-rpath,/home/runner/work/tt-metal/tt-metal/build/ttnn:/home/runner/work/tt-metal/tt-metal/build/lib:/home/runner/work/tt-metal/tt-metal/build/tt_metal:/home/runner/work/tt-metal/tt-metal/build/_deps/nanomsg-build:/home/runner/work/tt-metal/tt-metal/build/_deps/libuv-build  ttnn/_ttnn.so  lib/libgtest_main.so.1.13.0  lib/libgtest.so.1.13.0  tt_metal/libtt_metal.so  -lz  -latomic  -lhwloc  -lnuma  lib/libdevice.so  _deps/yaml-cpp-build/libyaml-cpp.a  -lstdc++  _deps/nanomsg-build/libnng.so.1.8.0  _deps/libuv-build/libuv.so.1.0.0  -lpthread  -ldl  -lrt  /usr/lib/x86_64-linux-gnu/libpython3.10.so && :
2024-09-02T08:07:51.8228707Z [1019/1034] /usr/bin/g++-12 -DDISABLE_NAMESPACE_STATIC_ASSERT -DUSING_UV_SHARED=1 -DYAML_CPP_STATIC_DEFINE -I/home/runner/work/tt-metal/tt-metal/tt_metal/third_party/umd -I/home/runner/work/tt-metal/tt-metal -I/home/runner/work/tt-metal/tt-metal/tt_metal -I/home/runner/work/tt-metal/tt-metal/tests -I/home/runner/work/tt-metal/tt-metal/tests/ttnn/unit_tests/gtests -I/home/runner/work/tt-metal/tt-metal/ttnn -I/home/runner/work/tt-metal/tt-metal/ttnn/cpp/ttnn/deprecated -I/home/runner/work/tt-metal/tt-metal/ttnn/cpp -I/home/runner/work/tt-metal/tt-metal/tt_metal/third_party/fmt -I/home/runner/work/tt-metal/tt-metal/ttnn/cpp/ttnn/experimental/tt_lib -I/home/runner/work/tt-metal/tt-metal/tt_metal/third_party/pybind11/include -I/usr/include/python3.10 -I/home/runner/work/tt-metal/tt-metal/tt_metal/hw/inc -I/home/runner/work/tt-metal/tt-metal/tt_metal/hw/inc/wormhole -I/home/runner/work/tt-metal/tt-metal/tt_metal/hw/inc/wormhole/wormhole_b0_defines -I/home/runner/work/tt-metal/tt-metal/tt_metal/third_party/umd/device/wormhole -I/home/runner/work/tt-metal/tt-metal/tt_metal/third_party/umd/src/firmware/riscv/wormhole -I/home/runner/work/tt-metal/tt-metal/.cpmcache/libuv/72aa6fc919b0653b47b7e9e7cf59ec92037e8693/include -I/home/runner/work/tt-metal/tt-metal/.cpmcache/yaml-cpp/905940a232aea3437e2fb77334461b1fe343318b/include -I/home/runner/work/tt-metal/tt-metal/tt_metal/third_party/umd/device -I/home/runner/work/tt-metal/tt-metal/tt_metal/third_party/umd/third_party/fmt/include -isystem /home/runner/work/tt-metal/tt-metal/.cpmcache/googletest/96129d89f45386492ae46d6bb8c027bc3df5f949/googletest/include -isystem /home/runner/work/tt-metal/tt-metal/.cpmcache/googletest/96129d89f45386492ae46d6bb8c027bc3df5f949/googletest -isystem /home/runner/work/tt-metal/tt-metal/.cpmcache/reflect/e75434c4c5f669e4a74e4d84e0a30d7249c1e66f -isystem /home/runner/work/tt-metal/tt-metal/.cpmcache/flatbuffers/2c4062bffa52fa4157b1b4deeae73395df475fda/include -isystem /home/runner/work/tt-metal/tt-metal/.cpmcache/nanomsg/28cc32d5bdb6a858fe53b3ccf7e923957e53eada/include -O3 -std=c++20 -MP -Wno-int-to-pointer-cast -fno-var-tracking -mavx2 -fPIC -DFMT_HEADER_ONLY -fvisibility-inlines-hidden -fno-lto -DARCH_WORMHOLE_B0 -Werror -Wdelete-non-virtual-dtor -Wreturn-type -Wswitch -Wuninitialized -Wno-unused-parameter -Wno-deprecated -Wno-attributes -Wno-stringop-overread -Wno-stringop-overflow -Wno-maybe-uninitialized -Wno-missing-requires -Wno-narrowing -Wno-non-template-friend -Wno-error=non-template-friend -fsized-deallocation -Winvalid-pch -include /home/runner/work/tt-metal/tt-metal/build/tests/ttnn/unit_tests/gtests/CMakeFiles/unit_tests_ttnn.dir/cmake_pch.hxx -MD -MT tests/ttnn/unit_tests/gtests/CMakeFiles/unit_tests_ttnn.dir/test_add.cpp.o -MF tests/ttnn/unit_tests/gtests/CMakeFiles/unit_tests_ttnn.dir/test_add.cpp.o.d -o tests/ttnn/unit_tests/gtests/CMakeFiles/unit_tests_ttnn.dir/test_add.cpp.o -c /home/runner/work/tt-metal/tt-metal/tests/ttnn/unit_tests/gtests/test_add.cpp
2024-09-02T08:07:54.5096761Z [1020/1034] /usr/bin/g++-12 -DDISABLE_NAMESPACE_STATIC_ASSERT -DUSING_UV_SHARED=1 -DYAML_CPP_STATIC_DEFINE -I/home/runner/work/tt-metal/tt-metal/tt_metal/third_party/umd -I/home/runner/work/tt-metal/tt-metal -I/home/runner/work/tt-metal/tt-metal/tt_metal -I/home/runner/work/tt-metal/tt-metal/tests -I/home/runner/work/tt-metal/tt-metal/tests/ttnn/unit_tests/gtests -I/home/runner/work/tt-metal/tt-metal/ttnn -I/home/runner/work/tt-metal/tt-metal/ttnn/cpp/ttnn/deprecated -I/home/runner/work/tt-metal/tt-metal/ttnn/cpp -I/home/runner/work/tt-metal/tt-metal/tt_metal/third_party/fmt -I/home/runner/work/tt-metal/tt-metal/ttnn/cpp/ttnn/experimental/tt_lib -I/home/runner/work/tt-metal/tt-metal/tt_metal/third_party/pybind11/include -I/usr/include/python3.10 -I/home/runner/work/tt-metal/tt-metal/tt_metal/hw/inc -I/home/runner/work/tt-metal/tt-metal/tt_metal/hw/inc/wormhole -I/home/runner/work/tt-metal/tt-metal/tt_metal/hw/inc/wormhole/wormhole_b0_defines -I/home/runner/work/tt-metal/tt-metal/tt_metal/third_party/umd/device/wormhole -I/home/runner/work/tt-metal/tt-metal/tt_metal/third_party/umd/src/firmware/riscv/wormhole -I/home/runner/work/tt-metal/tt-metal/.cpmcache/libuv/72aa6fc919b0653b47b7e9e7cf59ec92037e8693/include -I/home/runner/work/tt-metal/tt-metal/.cpmcache/yaml-cpp/905940a232aea3437e2fb77334461b1fe343318b/include -I/home/runner/work/tt-metal/tt-metal/tt_metal/third_party/umd/device -I/home/runner/work/tt-metal/tt-metal/tt_metal/third_party/umd/third_party/fmt/include -isystem /home/runner/work/tt-metal/tt-metal/.cpmcache/googletest/96129d89f45386492ae46d6bb8c027bc3df5f949/googletest/include -isystem /home/runner/work/tt-metal/tt-metal/.cpmcache/googletest/96129d89f45386492ae46d6bb8c027bc3df5f949/googletest -isystem /home/runner/work/tt-metal/tt-metal/.cpmcache/reflect/e75434c4c5f669e4a74e4d84e0a30d7249c1e66f -isystem /home/runner/work/tt-metal/tt-metal/.cpmcache/flatbuffers/2c4062bffa52fa4157b1b4deeae73395df475fda/include -isystem /home/runner/work/tt-metal/tt-metal/.cpmcache/nanomsg/28cc32d5bdb6a858fe53b3ccf7e923957e53eada/include -O3 -std=c++20 -MP -Wno-int-to-pointer-cast -fno-var-tracking -mavx2 -fPIC -DFMT_HEADER_ONLY -fvisibility-inlines-hidden -fno-lto -DARCH_WORMHOLE_B0 -Werror -Wdelete-non-virtual-dtor -Wreturn-type -Wswitch -Wuninitialized -Wno-unused-parameter -Wno-deprecated -Wno-attributes -Wno-stringop-overread -Wno-stringop-overflow -Wno-maybe-uninitialized -Wno-missing-requires -Wno-narrowing -Wno-non-template-friend -Wno-error=non-template-friend -fsized-deallocation -Winvalid-pch -include /home/runner/work/tt-metal/tt-metal/build/tests/ttnn/unit_tests/gtests/CMakeFiles/unit_tests_ttnn.dir/cmake_pch.hxx -MD -MT tests/ttnn/unit_tests/gtests/CMakeFiles/unit_tests_ttnn.dir/test_reflect.cpp.o -MF tests/ttnn/unit_tests/gtests/CMakeFiles/unit_tests_ttnn.dir/test_reflect.cpp.o.d -o tests/ttnn/unit_tests/gtests/CMakeFiles/unit_tests_ttnn.dir/test_reflect.cpp.o -c /home/runner/work/tt-metal/tt-metal/tests/ttnn/unit_tests/gtests/test_reflect.cpp
2024-09-02T08:07:56.5995735Z [1021/1034] /usr/bin/g++-12 -DDISABLE_NAMESPACE_STATIC_ASSERT -DUSING_UV_SHARED=1 -DYAML_CPP_STATIC_DEFINE -I/home/runner/work/tt-metal/tt-metal/tt_metal/third_party/umd -I/home/runner/work/tt-metal/tt-metal -I/home/runner/work/tt-metal/tt-metal/tt_metal -I/home/runner/work/tt-metal/tt-metal/tests -I/home/runner/work/tt-metal/tt-metal/tests/ttnn/unit_tests/gtests -I/home/runner/work/tt-metal/tt-metal/ttnn -I/home/runner/work/tt-metal/tt-metal/ttnn/cpp/ttnn/deprecated -I/home/runner/work/tt-metal/tt-metal/ttnn/cpp -I/home/runner/work/tt-metal/tt-metal/tt_metal/third_party/fmt -I/home/runner/work/tt-metal/tt-metal/ttnn/cpp/ttnn/experimental/tt_lib -I/home/runner/work/tt-metal/tt-metal/tt_metal/third_party/pybind11/include -I/usr/include/python3.10 -I/home/runner/work/tt-metal/tt-metal/tt_metal/hw/inc -I/home/runner/work/tt-metal/tt-metal/tt_metal/hw/inc/wormhole -I/home/runner/work/tt-metal/tt-metal/tt_metal/hw/inc/wormhole/wormhole_b0_defines -I/home/runner/work/tt-metal/tt-metal/tt_metal/third_party/umd/device/wormhole -I/home/runner/work/tt-metal/tt-metal/tt_metal/third_party/umd/src/firmware/riscv/wormhole -I/home/runner/work/tt-metal/tt-metal/.cpmcache/libuv/72aa6fc919b0653b47b7e9e7cf59ec92037e8693/include -I/home/runner/work/tt-metal/tt-metal/.cpmcache/yaml-cpp/905940a232aea3437e2fb77334461b1fe343318b/include -I/home/runner/work/tt-metal/tt-metal/tt_metal/third_party/umd/device -I/home/runner/work/tt-metal/tt-metal/tt_metal/third_party/umd/third_party/fmt/include -isystem /home/runner/work/tt-metal/tt-metal/.cpmcache/googletest/96129d89f45386492ae46d6bb8c027bc3df5f949/googletest/include -isystem /home/runner/work/tt-metal/tt-metal/.cpmcache/googletest/96129d89f45386492ae46d6bb8c027bc3df5f949/googletest -isystem /home/runner/work/tt-metal/tt-metal/.cpmcache/reflect/e75434c4c5f669e4a74e4d84e0a30d7249c1e66f -isystem /home/runner/work/tt-metal/tt-metal/.cpmcache/flatbuffers/2c4062bffa52fa4157b1b4deeae73395df475fda/include -isystem /home/runner/work/tt-metal/tt-metal/.cpmcache/nanomsg/28cc32d5bdb6a858fe53b3ccf7e923957e53eada/include -O3 -std=c++20 -MP -Wno-int-to-pointer-cast -fno-var-tracking -mavx2 -fPIC -DFMT_HEADER_ONLY -fvisibility-inlines-hidden -fno-lto -DARCH_WORMHOLE_B0 -Werror -Wdelete-non-virtual-dtor -Wreturn-type -Wswitch -Wuninitialized -Wno-unused-parameter -Wno-deprecated -Wno-attributes -Wno-stringop-overread -Wno-stringop-overflow -Wno-maybe-uninitialized -Wno-missing-requires -Wno-narrowing -Wno-non-template-friend -Wno-error=non-template-friend -fsized-deallocation -Winvalid-pch -include /home/runner/work/tt-metal/tt-metal/build/tests/ttnn/unit_tests/gtests/CMakeFiles/unit_tests_ttnn.dir/cmake_pch.hxx -MD -MT tests/ttnn/unit_tests/gtests/CMakeFiles/unit_tests_ttnn.dir/test_graph_add.cpp.o -MF tests/ttnn/unit_tests/gtests/CMakeFiles/unit_tests_ttnn.dir/test_graph_add.cpp.o.d -o tests/ttnn/unit_tests/gtests/CMakeFiles/unit_tests_ttnn.dir/test_graph_add.cpp.o -c /home/runner/work/tt-metal/tt-metal/tests/ttnn/unit_tests/gtests/test_graph_add.cpp
2024-09-02T08:08:04.5800621Z [1022/1034] /usr/bin/g++-12 -DDISABLE_NAMESPACE_STATIC_ASSERT -DUSING_UV_SHARED=1 -DYAML_CPP_STATIC_DEFINE -I/home/runner/work/tt-metal/tt-metal/tt_metal/third_party/umd -I/home/runner/work/tt-metal/tt-metal -I/home/runner/work/tt-metal/tt-metal/tt_metal -I/home/runner/work/tt-metal/tt-metal/tests -I/home/runner/work/tt-metal/tt-metal/tests/ttnn/unit_tests/gtests -I/home/runner/work/tt-metal/tt-metal/ttnn -I/home/runner/work/tt-metal/tt-metal/ttnn/cpp/ttnn/deprecated -I/home/runner/work/tt-metal/tt-metal/ttnn/cpp -I/home/runner/work/tt-metal/tt-metal/tt_metal/third_party/fmt -I/home/runner/work/tt-metal/tt-metal/ttnn/cpp/ttnn/experimental/tt_lib -I/home/runner/work/tt-metal/tt-metal/tt_metal/third_party/pybind11/include -I/usr/include/python3.10 -I/home/runner/work/tt-metal/tt-metal/tt_metal/hw/inc -I/home/runner/work/tt-metal/tt-metal/tt_metal/hw/inc/wormhole -I/home/runner/work/tt-metal/tt-metal/tt_metal/hw/inc/wormhole/wormhole_b0_defines -I/home/runner/work/tt-metal/tt-metal/tt_metal/third_party/umd/device/wormhole -I/home/runner/work/tt-metal/tt-metal/tt_metal/third_party/umd/src/firmware/riscv/wormhole -I/home/runner/work/tt-metal/tt-metal/.cpmcache/libuv/72aa6fc919b0653b47b7e9e7cf59ec92037e8693/include -I/home/runner/work/tt-metal/tt-metal/.cpmcache/yaml-cpp/905940a232aea3437e2fb77334461b1fe343318b/include -I/home/runner/work/tt-metal/tt-metal/tt_metal/third_party/umd/device -I/home/runner/work/tt-metal/tt-metal/tt_metal/third_party/umd/third_party/fmt/include -isystem /home/runner/work/tt-metal/tt-metal/.cpmcache/googletest/96129d89f45386492ae46d6bb8c027bc3df5f949/googletest/include -isystem /home/runner/work/tt-metal/tt-metal/.cpmcache/googletest/96129d89f45386492ae46d6bb8c027bc3df5f949/googletest -isystem /home/runner/work/tt-metal/tt-metal/.cpmcache/reflect/e75434c4c5f669e4a74e4d84e0a30d7249c1e66f -isystem /home/runner/work/tt-metal/tt-metal/.cpmcache/flatbuffers/2c4062bffa52fa4157b1b4deeae73395df475fda/include -isystem /home/runner/work/tt-metal/tt-metal/.cpmcache/nanomsg/28cc32d5bdb6a858fe53b3ccf7e923957e53eada/include -O3 -std=c++20 -MP -Wno-int-to-pointer-cast -fno-var-tracking -mavx2 -fPIC -DFMT_HEADER_ONLY -fvisibility-inlines-hidden -fno-lto -DARCH_WORMHOLE_B0 -Werror -Wdelete-non-virtual-dtor -Wreturn-type -Wswitch -Wuninitialized -Wno-unused-parameter -Wno-deprecated -Wno-attributes -Wno-stringop-overread -Wno-stringop-overflow -Wno-maybe-uninitialized -Wno-missing-requires -Wno-narrowing -Wno-non-template-friend -Wno-error=non-template-friend -fsized-deallocation -Winvalid-pch -include /home/runner/work/tt-metal/tt-metal/build/tests/ttnn/unit_tests/gtests/CMakeFiles/unit_tests_ttnn.dir/cmake_pch.hxx -MD -MT tests/ttnn/unit_tests/gtests/CMakeFiles/unit_tests_ttnn.dir/test_repeat_interleave.cpp.o -MF tests/ttnn/unit_tests/gtests/CMakeFiles/unit_tests_ttnn.dir/test_repeat_interleave.cpp.o.d -o tests/ttnn/unit_tests/gtests/CMakeFiles/unit_tests_ttnn.dir/test_repeat_interleave.cpp.o -c /home/runner/work/tt-metal/tt-metal/tests/ttnn/unit_tests/gtests/test_repeat_interleave.cpp
2024-09-02T08:08:05.3089695Z [1023/1034] /usr/bin/g++-12 -DDISABLE_NAMESPACE_STATIC_ASSERT -DUSING_UV_SHARED=1 -DYAML_CPP_STATIC_DEFINE -I/home/runner/work/tt-metal/tt-metal/tt_metal/third_party/umd -I/home/runner/work/tt-metal/tt-metal -I/home/runner/work/tt-metal/tt-metal/tt_metal -I/home/runner/work/tt-metal/tt-metal/tests -I/home/runner/work/tt-metal/tt-metal/tests/ttnn/unit_tests/gtests -I/home/runner/work/tt-metal/tt-metal/ttnn -I/home/runner/work/tt-metal/tt-metal/ttnn/cpp/ttnn/deprecated -I/home/runner/work/tt-metal/tt-metal/ttnn/cpp -I/home/runner/work/tt-metal/tt-metal/tt_metal/third_party/fmt -I/home/runner/work/tt-metal/tt-metal/ttnn/cpp/ttnn/experimental/tt_lib -I/home/runner/work/tt-metal/tt-metal/tt_metal/third_party/pybind11/include -I/usr/include/python3.10 -I/home/runner/work/tt-metal/tt-metal/tt_metal/hw/inc -I/home/runner/work/tt-metal/tt-metal/tt_metal/hw/inc/wormhole -I/home/runner/work/tt-metal/tt-metal/tt_metal/hw/inc/wormhole/wormhole_b0_defines -I/home/runner/work/tt-metal/tt-metal/tt_metal/third_party/umd/device/wormhole -I/home/runner/work/tt-metal/tt-metal/tt_metal/third_party/umd/src/firmware/riscv/wormhole -I/home/runner/work/tt-metal/tt-metal/.cpmcache/libuv/72aa6fc919b0653b47b7e9e7cf59ec92037e8693/include -I/home/runner/work/tt-metal/tt-metal/.cpmcache/yaml-cpp/905940a232aea3437e2fb77334461b1fe343318b/include -I/home/runner/work/tt-metal/tt-metal/tt_metal/third_party/umd/device -I/home/runner/work/tt-metal/tt-metal/tt_metal/third_party/umd/third_party/fmt/include -isystem /home/runner/work/tt-metal/tt-metal/.cpmcache/googletest/96129d89f45386492ae46d6bb8c027bc3df5f949/googletest/include -isystem /home/runner/work/tt-metal/tt-metal/.cpmcache/googletest/96129d89f45386492ae46d6bb8c027bc3df5f949/googletest -isystem /home/runner/work/tt-metal/tt-metal/.cpmcache/reflect/e75434c4c5f669e4a74e4d84e0a30d7249c1e66f -isystem /home/runner/work/tt-metal/tt-metal/.cpmcache/flatbuffers/2c4062bffa52fa4157b1b4deeae73395df475fda/include -isystem /home/runner/work/tt-metal/tt-metal/.cpmcache/nanomsg/28cc32d5bdb6a858fe53b3ccf7e923957e53eada/include -O3 -std=c++20 -MP -Wno-int-to-pointer-cast -fno-var-tracking -mavx2 -fPIC -DFMT_HEADER_ONLY -fvisibility-inlines-hidden -fno-lto -DARCH_WORMHOLE_B0 -Werror -Wdelete-non-virtual-dtor -Wreturn-type -Wswitch -Wuninitialized -Wno-unused-parameter -Wno-deprecated -Wno-attributes -Wno-stringop-overread -Wno-stringop-overflow -Wno-maybe-uninitialized -Wno-missing-requires -Wno-narrowing -Wno-non-template-friend -Wno-error=non-template-friend -fsized-deallocation -Winvalid-pch -x c++-header -include /home/runner/work/tt-metal/tt-metal/build/tests/ttnn/unit_tests/gtests/CMakeFiles/test_multi_device.dir/cmake_pch.hxx -MD -MT tests/ttnn/unit_tests/gtests/CMakeFiles/test_multi_device.dir/cmake_pch.hxx.gch -MF tests/ttnn/unit_tests/gtests/CMakeFiles/test_multi_device.dir/cmake_pch.hxx.gch.d -o tests/ttnn/unit_tests/gtests/CMakeFiles/test_multi_device.dir/cmake_pch.hxx.gch -c /home/runner/work/tt-metal/tt-metal/build/tests/ttnn/unit_tests/gtests/CMakeFiles/test_multi_device.dir/cmake_pch.hxx.cxx
2024-09-02T08:08:13.9059961Z [1024/1034] /usr/bin/g++-12 -DDISABLE_NAMESPACE_STATIC_ASSERT -DUSING_UV_SHARED=1 -DYAML_CPP_STATIC_DEFINE -I/home/runner/work/tt-metal/tt-metal/tt_metal/third_party/umd -I/home/runner/work/tt-metal/tt-metal -I/home/runner/work/tt-metal/tt-metal/tt_metal -I/home/runner/work/tt-metal/tt-metal/tests -I/home/runner/work/tt-metal/tt-metal/tests/ttnn/unit_tests/gtests -I/home/runner/work/tt-metal/tt-metal/ttnn -I/home/runner/work/tt-metal/tt-metal/ttnn/cpp/ttnn/deprecated -I/home/runner/work/tt-metal/tt-metal/ttnn/cpp -I/home/runner/work/tt-metal/tt-metal/tt_metal/third_party/fmt -I/home/runner/work/tt-metal/tt-metal/ttnn/cpp/ttnn/experimental/tt_lib -I/home/runner/work/tt-metal/tt-metal/tt_metal/third_party/pybind11/include -I/usr/include/python3.10 -I/home/runner/work/tt-metal/tt-metal/tt_metal/hw/inc -I/home/runner/work/tt-metal/tt-metal/tt_metal/hw/inc/wormhole -I/home/runner/work/tt-metal/tt-metal/tt_metal/hw/inc/wormhole/wormhole_b0_defines -I/home/runner/work/tt-metal/tt-metal/tt_metal/third_party/umd/device/wormhole -I/home/runner/work/tt-metal/tt-metal/tt_metal/third_party/umd/src/firmware/riscv/wormhole -I/home/runner/work/tt-metal/tt-metal/.cpmcache/libuv/72aa6fc919b0653b47b7e9e7cf59ec92037e8693/include -I/home/runner/work/tt-metal/tt-metal/.cpmcache/yaml-cpp/905940a232aea3437e2fb77334461b1fe343318b/include -I/home/runner/work/tt-metal/tt-metal/tt_metal/third_party/umd/device -I/home/runner/work/tt-metal/tt-metal/tt_metal/third_party/umd/third_party/fmt/include -isystem /home/runner/work/tt-metal/tt-metal/.cpmcache/googletest/96129d89f45386492ae46d6bb8c027bc3df5f949/googletest/include -isystem /home/runner/work/tt-metal/tt-metal/.cpmcache/googletest/96129d89f45386492ae46d6bb8c027bc3df5f949/googletest -isystem /home/runner/work/tt-metal/tt-metal/.cpmcache/reflect/e75434c4c5f669e4a74e4d84e0a30d7249c1e66f -isystem /home/runner/work/tt-metal/tt-metal/.cpmcache/flatbuffers/2c4062bffa52fa4157b1b4deeae73395df475fda/include -isystem /home/runner/work/tt-metal/tt-metal/.cpmcache/nanomsg/28cc32d5bdb6a858fe53b3ccf7e923957e53eada/include -O3 -std=c++20 -MP -Wno-int-to-pointer-cast -fno-var-tracking -mavx2 -fPIC -DFMT_HEADER_ONLY -fvisibility-inlines-hidden -fno-lto -DARCH_WORMHOLE_B0 -Werror -Wdelete-non-virtual-dtor -Wreturn-type -Wswitch -Wuninitialized -Wno-unused-parameter -Wno-deprecated -Wno-attributes -Wno-stringop-overread -Wno-stringop-overflow -Wno-maybe-uninitialized -Wno-missing-requires -Wno-narrowing -Wno-non-template-friend -Wno-error=non-template-friend -fsized-deallocation -Winvalid-pch -x c++-header -include /home/runner/work/tt-metal/tt-metal/build/tests/ttnn/unit_tests/gtests/CMakeFiles/galaxy_unit_tests_ttnn.dir/cmake_pch.hxx -MD -MT tests/ttnn/unit_tests/gtests/CMakeFiles/galaxy_unit_tests_ttnn.dir/cmake_pch.hxx.gch -MF tests/ttnn/unit_tests/gtests/CMakeFiles/galaxy_unit_tests_ttnn.dir/cmake_pch.hxx.gch.d -o tests/ttnn/unit_tests/gtests/CMakeFiles/galaxy_unit_tests_ttnn.dir/cmake_pch.hxx.gch -c /home/runner/work/tt-metal/tt-metal/build/tests/ttnn/unit_tests/gtests/CMakeFiles/galaxy_unit_tests_ttnn.dir/cmake_pch.hxx.cxx
2024-09-02T08:08:15.8264017Z [1025/1034] /usr/bin/g++-12 -DDISABLE_NAMESPACE_STATIC_ASSERT -DUSING_UV_SHARED=1 -DYAML_CPP_STATIC_DEFINE -I/home/runner/work/tt-metal/tt-metal/tt_metal/third_party/umd -I/home/runner/work/tt-metal/tt-metal -I/home/runner/work/tt-metal/tt-metal/tt_metal -I/home/runner/work/tt-metal/tt-metal/tests -I/home/runner/work/tt-metal/tt-metal/tests/ttnn/unit_tests/gtests -I/home/runner/work/tt-metal/tt-metal/ttnn -I/home/runner/work/tt-metal/tt-metal/ttnn/cpp/ttnn/deprecated -I/home/runner/work/tt-metal/tt-metal/ttnn/cpp -I/home/runner/work/tt-metal/tt-metal/tt_metal/third_party/fmt -I/home/runner/work/tt-metal/tt-metal/ttnn/cpp/ttnn/experimental/tt_lib -I/home/runner/work/tt-metal/tt-metal/tt_metal/third_party/pybind11/include -I/usr/include/python3.10 -I/home/runner/work/tt-metal/tt-metal/tt_metal/hw/inc -I/home/runner/work/tt-metal/tt-metal/tt_metal/hw/inc/wormhole -I/home/runner/work/tt-metal/tt-metal/tt_metal/hw/inc/wormhole/wormhole_b0_defines -I/home/runner/work/tt-metal/tt-metal/tt_metal/third_party/umd/device/wormhole -I/home/runner/work/tt-metal/tt-metal/tt_metal/third_party/umd/src/firmware/riscv/wormhole -I/home/runner/work/tt-metal/tt-metal/.cpmcache/libuv/72aa6fc919b0653b47b7e9e7cf59ec92037e8693/include -I/home/runner/work/tt-metal/tt-metal/.cpmcache/yaml-cpp/905940a232aea3437e2fb77334461b1fe343318b/include -I/home/runner/work/tt-metal/tt-metal/tt_metal/third_party/umd/device -I/home/runner/work/tt-metal/tt-metal/tt_metal/third_party/umd/third_party/fmt/include -isystem /home/runner/work/tt-metal/tt-metal/.cpmcache/googletest/96129d89f45386492ae46d6bb8c027bc3df5f949/googletest/include -isystem /home/runner/work/tt-metal/tt-metal/.cpmcache/googletest/96129d89f45386492ae46d6bb8c027bc3df5f949/googletest -isystem /home/runner/work/tt-metal/tt-metal/.cpmcache/reflect/e75434c4c5f669e4a74e4d84e0a30d7249c1e66f -isystem /home/runner/work/tt-metal/tt-metal/.cpmcache/flatbuffers/2c4062bffa52fa4157b1b4deeae73395df475fda/include -isystem /home/runner/work/tt-metal/tt-metal/.cpmcache/nanomsg/28cc32d5bdb6a858fe53b3ccf7e923957e53eada/include -O3 -std=c++20 -MP -Wno-int-to-pointer-cast -fno-var-tracking -mavx2 -fPIC -DFMT_HEADER_ONLY -fvisibility-inlines-hidden -fno-lto -DARCH_WORMHOLE_B0 -Werror -Wdelete-non-virtual-dtor -Wreturn-type -Wswitch -Wuninitialized -Wno-unused-parameter -Wno-deprecated -Wno-attributes -Wno-stringop-overread -Wno-stringop-overflow -Wno-maybe-uninitialized -Wno-missing-requires -Wno-narrowing -Wno-non-template-friend -Wno-error=non-template-friend -fsized-deallocation -Winvalid-pch -include /home/runner/work/tt-metal/tt-metal/build/tests/ttnn/unit_tests/gtests/CMakeFiles/unit_tests_ttnn.dir/cmake_pch.hxx -MD -MT tests/ttnn/unit_tests/gtests/CMakeFiles/unit_tests_ttnn.dir/test_async_runtime.cpp.o -MF tests/ttnn/unit_tests/gtests/CMakeFiles/unit_tests_ttnn.dir/test_async_runtime.cpp.o.d -o tests/ttnn/unit_tests/gtests/CMakeFiles/unit_tests_ttnn.dir/test_async_runtime.cpp.o -c /home/runner/work/tt-metal/tt-metal/tests/ttnn/unit_tests/gtests/test_async_runtime.cpp
2024-09-02T08:08:28.1465498Z [1026/1034] /usr/bin/g++-12 -DDISABLE_NAMESPACE_STATIC_ASSERT -DUSING_UV_SHARED=1 -DYAML_CPP_STATIC_DEFINE -I/home/runner/work/tt-metal/tt-metal/tt_metal/third_party/umd -I/home/runner/work/tt-metal/tt-metal -I/home/runner/work/tt-metal/tt-metal/tt_metal -I/home/runner/work/tt-metal/tt-metal/tests -I/home/runner/work/tt-metal/tt-metal/tests/ttnn/unit_tests/gtests -I/home/runner/work/tt-metal/tt-metal/ttnn -I/home/runner/work/tt-metal/tt-metal/ttnn/cpp/ttnn/deprecated -I/home/runner/work/tt-metal/tt-metal/ttnn/cpp -I/home/runner/work/tt-metal/tt-metal/tt_metal/third_party/fmt -I/home/runner/work/tt-metal/tt-metal/ttnn/cpp/ttnn/experimental/tt_lib -I/home/runner/work/tt-metal/tt-metal/tt_metal/third_party/pybind11/include -I/usr/include/python3.10 -I/home/runner/work/tt-metal/tt-metal/tt_metal/hw/inc -I/home/runner/work/tt-metal/tt-metal/tt_metal/hw/inc/wormhole -I/home/runner/work/tt-metal/tt-metal/tt_metal/hw/inc/wormhole/wormhole_b0_defines -I/home/runner/work/tt-metal/tt-metal/tt_metal/third_party/umd/device/wormhole -I/home/runner/work/tt-metal/tt-metal/tt_metal/third_party/umd/src/firmware/riscv/wormhole -I/home/runner/work/tt-metal/tt-metal/.cpmcache/libuv/72aa6fc919b0653b47b7e9e7cf59ec92037e8693/include -I/home/runner/work/tt-metal/tt-metal/.cpmcache/yaml-cpp/905940a232aea3437e2fb77334461b1fe343318b/include -I/home/runner/work/tt-metal/tt-metal/tt_metal/third_party/umd/device -I/home/runner/work/tt-metal/tt-metal/tt_metal/third_party/umd/third_party/fmt/include -isystem /home/runner/work/tt-metal/tt-metal/.cpmcache/googletest/96129d89f45386492ae46d6bb8c027bc3df5f949/googletest/include -isystem /home/runner/work/tt-metal/tt-metal/.cpmcache/googletest/96129d89f45386492ae46d6bb8c027bc3df5f949/googletest -isystem /home/runner/work/tt-metal/tt-metal/.cpmcache/reflect/e75434c4c5f669e4a74e4d84e0a30d7249c1e66f -isystem /home/runner/work/tt-metal/tt-metal/.cpmcache/flatbuffers/2c4062bffa52fa4157b1b4deeae73395df475fda/include -isystem /home/runner/work/tt-metal/tt-metal/.cpmcache/nanomsg/28cc32d5bdb6a858fe53b3ccf7e923957e53eada/include -O3 -std=c++20 -MP -Wno-int-to-pointer-cast -fno-var-tracking -mavx2 -fPIC -DFMT_HEADER_ONLY -fvisibility-inlines-hidden -fno-lto -DARCH_WORMHOLE_B0 -Werror -Wdelete-non-virtual-dtor -Wreturn-type -Wswitch -Wuninitialized -Wno-unused-parameter -Wno-deprecated -Wno-attributes -Wno-stringop-overread -Wno-stringop-overflow -Wno-maybe-uninitialized -Wno-missing-requires -Wno-narrowing -Wno-non-template-friend -Wno-error=non-template-friend -fsized-deallocation -Winvalid-pch -include /home/runner/work/tt-metal/tt-metal/build/tests/ttnn/unit_tests/gtests/CMakeFiles/unit_tests_ttnn.dir/cmake_pch.hxx -MD -MT tests/ttnn/unit_tests/gtests/CMakeFiles/unit_tests_ttnn.dir/test_multi_cq_multi_dev.cpp.o -MF tests/ttnn/unit_tests/gtests/CMakeFiles/unit_tests_ttnn.dir/test_multi_cq_multi_dev.cpp.o.d -o tests/ttnn/unit_tests/gtests/CMakeFiles/unit_tests_ttnn.dir/test_multi_cq_multi_dev.cpp.o -c /home/runner/work/tt-metal/tt-metal/tests/ttnn/unit_tests/gtests/test_multi_cq_multi_dev.cpp
2024-09-02T08:08:30.8301439Z [1027/1034] /usr/bin/g++-12 -DDISABLE_NAMESPACE_STATIC_ASSERT -DUSING_UV_SHARED=1 -DYAML_CPP_STATIC_DEFINE -I/home/runner/work/tt-metal/tt-metal/tt_metal/third_party/umd -I/home/runner/work/tt-metal/tt-metal -I/home/runner/work/tt-metal/tt-metal/tt_metal -I/home/runner/work/tt-metal/tt-metal/tests -I/home/runner/work/tt-metal/tt-metal/tests/ttnn/unit_tests/gtests -I/home/runner/work/tt-metal/tt-metal/ttnn -I/home/runner/work/tt-metal/tt-metal/ttnn/cpp/ttnn/deprecated -I/home/runner/work/tt-metal/tt-metal/ttnn/cpp -I/home/runner/work/tt-metal/tt-metal/tt_metal/third_party/fmt -I/home/runner/work/tt-metal/tt-metal/ttnn/cpp/ttnn/experimental/tt_lib -I/home/runner/work/tt-metal/tt-metal/tt_metal/third_party/pybind11/include -I/usr/include/python3.10 -I/home/runner/work/tt-metal/tt-metal/tt_metal/hw/inc -I/home/runner/work/tt-metal/tt-metal/tt_metal/hw/inc/wormhole -I/home/runner/work/tt-metal/tt-metal/tt_metal/hw/inc/wormhole/wormhole_b0_defines -I/home/runner/work/tt-metal/tt-metal/tt_metal/third_party/umd/device/wormhole -I/home/runner/work/tt-metal/tt-metal/tt_metal/third_party/umd/src/firmware/riscv/wormhole -I/home/runner/work/tt-metal/tt-metal/.cpmcache/libuv/72aa6fc919b0653b47b7e9e7cf59ec92037e8693/include -I/home/runner/work/tt-metal/tt-metal/.cpmcache/yaml-cpp/905940a232aea3437e2fb77334461b1fe343318b/include -I/home/runner/work/tt-metal/tt-metal/tt_metal/third_party/umd/device -I/home/runner/work/tt-metal/tt-metal/tt_metal/third_party/umd/third_party/fmt/include -isystem /home/runner/work/tt-metal/tt-metal/.cpmcache/googletest/96129d89f45386492ae46d6bb8c027bc3df5f949/googletest/include -isystem /home/runner/work/tt-metal/tt-metal/.cpmcache/googletest/96129d89f45386492ae46d6bb8c027bc3df5f949/googletest -isystem /home/runner/work/tt-metal/tt-metal/.cpmcache/reflect/e75434c4c5f669e4a74e4d84e0a30d7249c1e66f -isystem /home/runner/work/tt-metal/tt-metal/.cpmcache/flatbuffers/2c4062bffa52fa4157b1b4deeae73395df475fda/include -isystem /home/runner/work/tt-metal/tt-metal/.cpmcache/nanomsg/28cc32d5bdb6a858fe53b3ccf7e923957e53eada/include -O3 -std=c++20 -MP -Wno-int-to-pointer-cast -fno-var-tracking -mavx2 -fPIC -DFMT_HEADER_ONLY -fvisibility-inlines-hidden -fno-lto -DARCH_WORMHOLE_B0 -Werror -Wdelete-non-virtual-dtor -Wreturn-type -Wswitch -Wuninitialized -Wno-unused-parameter -Wno-deprecated -Wno-attributes -Wno-stringop-overread -Wno-stringop-overflow -Wno-maybe-uninitialized -Wno-missing-requires -Wno-narrowing -Wno-non-template-friend -Wno-error=non-template-friend -fsized-deallocation -Winvalid-pch -include /home/runner/work/tt-metal/tt-metal/build/tests/ttnn/unit_tests/gtests/CMakeFiles/unit_tests_ttnn.dir/cmake_pch.hxx -MD -MT tests/ttnn/unit_tests/gtests/CMakeFiles/unit_tests_ttnn.dir/test_to_and_from_json.cpp.o -MF tests/ttnn/unit_tests/gtests/CMakeFiles/unit_tests_ttnn.dir/test_to_and_from_json.cpp.o.d -o tests/ttnn/unit_tests/gtests/CMakeFiles/unit_tests_ttnn.dir/test_to_and_from_json.cpp.o -c /home/runner/work/tt-metal/tt-metal/tests/ttnn/unit_tests/gtests/test_to_and_from_json.cpp
2024-09-02T08:08:31.1042667Z [1028/1034] : && /usr/bin/g++-12 -O3  tests/ttnn/unit_tests/gtests/CMakeFiles/unit_tests_ttnn.dir/test_add.cpp.o tests/ttnn/unit_tests/gtests/CMakeFiles/unit_tests_ttnn.dir/test_graph_add.cpp.o tests/ttnn/unit_tests/gtests/CMakeFiles/unit_tests_ttnn.dir/test_repeat_interleave.cpp.o tests/ttnn/unit_tests/gtests/CMakeFiles/unit_tests_ttnn.dir/test_async_runtime.cpp.o tests/ttnn/unit_tests/gtests/CMakeFiles/unit_tests_ttnn.dir/test_multiprod_queue.cpp.o tests/ttnn/unit_tests/gtests/CMakeFiles/unit_tests_ttnn.dir/test_multi_cq_multi_dev.cpp.o tests/ttnn/unit_tests/gtests/CMakeFiles/unit_tests_ttnn.dir/test_reflect.cpp.o tests/ttnn/unit_tests/gtests/CMakeFiles/unit_tests_ttnn.dir/test_to_and_from_json.cpp.o -o test/ttnn/unit_tests_ttnn  -Wl,-rpath,/home/runner/work/tt-metal/tt-metal/build/ttnn:/home/runner/work/tt-metal/tt-metal/build/tt_metal:/home/runner/work/tt-metal/tt-metal/build/lib:/home/runner/work/tt-metal/tt-metal/build/_deps/nanomsg-build:/home/runner/work/tt-metal/tt-metal/build/_deps/libuv-build  ttnn/_ttnn.so  tt_metal/libtt_metal.so  lib/libgtest_main.so.1.13.0  lib/libgtest.so.1.13.0  lib/libdevice.so  _deps/yaml-cpp-build/libyaml-cpp.a  _deps/nanomsg-build/libnng.so.1.8.0  _deps/libuv-build/libuv.so.1.0.0  -lrt  -lstdc++  -ldl  -lz  -lpthread  -latomic  -lhwloc  -lnuma  /usr/lib/x86_64-linux-gnu/libpython3.10.so && :
2024-09-02T08:08:31.7828641Z [1029/1034] /usr/bin/g++-12 -DDISABLE_NAMESPACE_STATIC_ASSERT -DUSING_UV_SHARED=1 -DYAML_CPP_STATIC_DEFINE -I/home/runner/work/tt-metal/tt-metal/tt_metal/third_party/umd -I/home/runner/work/tt-metal/tt-metal -I/home/runner/work/tt-metal/tt-metal/tt_metal -I/home/runner/work/tt-metal/tt-metal/tests -I/home/runner/work/tt-metal/tt-metal/tests/ttnn/unit_tests/gtests -I/home/runner/work/tt-metal/tt-metal/ttnn -I/home/runner/work/tt-metal/tt-metal/ttnn/cpp/ttnn/deprecated -I/home/runner/work/tt-metal/tt-metal/ttnn/cpp -I/home/runner/work/tt-metal/tt-metal/tt_metal/third_party/fmt -I/home/runner/work/tt-metal/tt-metal/ttnn/cpp/ttnn/experimental/tt_lib -I/home/runner/work/tt-metal/tt-metal/tt_metal/third_party/pybind11/include -I/usr/include/python3.10 -I/home/runner/work/tt-metal/tt-metal/tt_metal/hw/inc -I/home/runner/work/tt-metal/tt-metal/tt_metal/hw/inc/wormhole -I/home/runner/work/tt-metal/tt-metal/tt_metal/hw/inc/wormhole/wormhole_b0_defines -I/home/runner/work/tt-metal/tt-metal/tt_metal/third_party/umd/device/wormhole -I/home/runner/work/tt-metal/tt-metal/tt_metal/third_party/umd/src/firmware/riscv/wormhole -I/home/runner/work/tt-metal/tt-metal/.cpmcache/libuv/72aa6fc919b0653b47b7e9e7cf59ec92037e8693/include -I/home/runner/work/tt-metal/tt-metal/.cpmcache/yaml-cpp/905940a232aea3437e2fb77334461b1fe343318b/include -I/home/runner/work/tt-metal/tt-metal/tt_metal/third_party/umd/device -I/home/runner/work/tt-metal/tt-metal/tt_metal/third_party/umd/third_party/fmt/include -isystem /home/runner/work/tt-metal/tt-metal/.cpmcache/googletest/96129d89f45386492ae46d6bb8c027bc3df5f949/googletest/include -isystem /home/runner/work/tt-metal/tt-metal/.cpmcache/googletest/96129d89f45386492ae46d6bb8c027bc3df5f949/googletest -isystem /home/runner/work/tt-metal/tt-metal/.cpmcache/reflect/e75434c4c5f669e4a74e4d84e0a30d7249c1e66f -isystem /home/runner/work/tt-metal/tt-metal/.cpmcache/flatbuffers/2c4062bffa52fa4157b1b4deeae73395df475fda/include -isystem /home/runner/work/tt-metal/tt-metal/.cpmcache/nanomsg/28cc32d5bdb6a858fe53b3ccf7e923957e53eada/include -O3 -std=c++20 -MP -Wno-int-to-pointer-cast -fno-var-tracking -mavx2 -fPIC -DFMT_HEADER_ONLY -fvisibility-inlines-hidden -fno-lto -DARCH_WORMHOLE_B0 -Werror -Wdelete-non-virtual-dtor -Wreturn-type -Wswitch -Wuninitialized -Wno-unused-parameter -Wno-deprecated -Wno-attributes -Wno-stringop-overread -Wno-stringop-overflow -Wno-maybe-uninitialized -Wno-missing-requires -Wno-narrowing -Wno-non-template-friend -Wno-error=non-template-friend -fsized-deallocation -Winvalid-pch -include /home/runner/work/tt-metal/tt-metal/build/tests/ttnn/unit_tests/gtests/CMakeFiles/unit_tests_ttnn_ccl.dir/cmake_pch.hxx -MD -MT tests/ttnn/unit_tests/gtests/CMakeFiles/unit_tests_ttnn_ccl.dir/ccl/test_erisc_data_mover_with_workers.cpp.o -MF tests/ttnn/unit_tests/gtests/CMakeFiles/unit_tests_ttnn_ccl.dir/ccl/test_erisc_data_mover_with_workers.cpp.o.d -o tests/ttnn/unit_tests/gtests/CMakeFiles/unit_tests_ttnn_ccl.dir/ccl/test_erisc_data_mover_with_workers.cpp.o -c /home/runner/work/tt-metal/tt-metal/tests/ttnn/unit_tests/gtests/ccl/test_erisc_data_mover_with_workers.cpp
2024-09-02T08:08:31.8995764Z [1030/1034] : && /usr/bin/g++-12 -O3  tests/ttnn/unit_tests/gtests/CMakeFiles/unit_tests_ttnn_ccl.dir/ccl/test_erisc_data_mover_with_workers.cpp.o -o test/ttnn/unit_tests_ttnn_ccl  -Wl,-rpath,/home/runner/work/tt-metal/tt-metal/build/ttnn:/home/runner/work/tt-metal/tt-metal/build/tt_metal:/home/runner/work/tt-metal/tt-metal/build/lib:/home/runner/work/tt-metal/tt-metal/build/_deps/nanomsg-build:/home/runner/work/tt-metal/tt-metal/build/_deps/libuv-build  ttnn/_ttnn.so  tt_metal/libtt_metal.so  lib/libgtest_main.so.1.13.0  lib/libgtest.so.1.13.0  lib/libdevice.so  _deps/yaml-cpp-build/libyaml-cpp.a  _deps/nanomsg-build/libnng.so.1.8.0  _deps/libuv-build/libuv.so.1.0.0  -lrt  -lstdc++  -ldl  -lz  -lpthread  -latomic  -lhwloc  -lnuma  /usr/lib/x86_64-linux-gnu/libpython3.10.so && :
2024-09-02T08:08:35.8302351Z [1031/1034] /usr/bin/g++-12 -DDISABLE_NAMESPACE_STATIC_ASSERT -DUSING_UV_SHARED=1 -DYAML_CPP_STATIC_DEFINE -I/home/runner/work/tt-metal/tt-metal/tt_metal/third_party/umd -I/home/runner/work/tt-metal/tt-metal -I/home/runner/work/tt-metal/tt-metal/tt_metal -I/home/runner/work/tt-metal/tt-metal/tests -I/home/runner/work/tt-metal/tt-metal/tests/ttnn/unit_tests/gtests -I/home/runner/work/tt-metal/tt-metal/ttnn -I/home/runner/work/tt-metal/tt-metal/ttnn/cpp/ttnn/deprecated -I/home/runner/work/tt-metal/tt-metal/ttnn/cpp -I/home/runner/work/tt-metal/tt-metal/tt_metal/third_party/fmt -I/home/runner/work/tt-metal/tt-metal/ttnn/cpp/ttnn/experimental/tt_lib -I/home/runner/work/tt-metal/tt-metal/tt_metal/third_party/pybind11/include -I/usr/include/python3.10 -I/home/runner/work/tt-metal/tt-metal/tt_metal/hw/inc -I/home/runner/work/tt-metal/tt-metal/tt_metal/hw/inc/wormhole -I/home/runner/work/tt-metal/tt-metal/tt_metal/hw/inc/wormhole/wormhole_b0_defines -I/home/runner/work/tt-metal/tt-metal/tt_metal/third_party/umd/device/wormhole -I/home/runner/work/tt-metal/tt-metal/tt_metal/third_party/umd/src/firmware/riscv/wormhole -I/home/runner/work/tt-metal/tt-metal/.cpmcache/libuv/72aa6fc919b0653b47b7e9e7cf59ec92037e8693/include -I/home/runner/work/tt-metal/tt-metal/.cpmcache/yaml-cpp/905940a232aea3437e2fb77334461b1fe343318b/include -I/home/runner/work/tt-metal/tt-metal/tt_metal/third_party/umd/device -I/home/runner/work/tt-metal/tt-metal/tt_metal/third_party/umd/third_party/fmt/include -isystem /home/runner/work/tt-metal/tt-metal/.cpmcache/googletest/96129d89f45386492ae46d6bb8c027bc3df5f949/googletest/include -isystem /home/runner/work/tt-metal/tt-metal/.cpmcache/googletest/96129d89f45386492ae46d6bb8c027bc3df5f949/googletest -isystem /home/runner/work/tt-metal/tt-metal/.cpmcache/reflect/e75434c4c5f669e4a74e4d84e0a30d7249c1e66f -isystem /home/runner/work/tt-metal/tt-metal/.cpmcache/flatbuffers/2c4062bffa52fa4157b1b4deeae73395df475fda/include -isystem /home/runner/work/tt-metal/tt-metal/.cpmcache/nanomsg/28cc32d5bdb6a858fe53b3ccf7e923957e53eada/include -O3 -std=c++20 -MP -Wno-int-to-pointer-cast -fno-var-tracking -mavx2 -fPIC -DFMT_HEADER_ONLY -fvisibility-inlines-hidden -fno-lto -DARCH_WORMHOLE_B0 -Werror -Wdelete-non-virtual-dtor -Wreturn-type -Wswitch -Wuninitialized -Wno-unused-parameter -Wno-deprecated -Wno-attributes -Wno-stringop-overread -Wno-stringop-overflow -Wno-maybe-uninitialized -Wno-missing-requires -Wno-narrowing -Wno-non-template-friend -Wno-error=non-template-friend -fsized-deallocation -Winvalid-pch -include /home/runner/work/tt-metal/tt-metal/build/tests/ttnn/unit_tests/gtests/CMakeFiles/test_multi_device.dir/cmake_pch.hxx -MD -MT tests/ttnn/unit_tests/gtests/CMakeFiles/test_multi_device.dir/test_multi_device.cpp.o -MF tests/ttnn/unit_tests/gtests/CMakeFiles/test_multi_device.dir/test_multi_device.cpp.o.d -o tests/ttnn/unit_tests/gtests/CMakeFiles/test_multi_device.dir/test_multi_device.cpp.o -c /home/runner/work/tt-metal/tt-metal/tests/ttnn/unit_tests/gtests/test_multi_device.cpp
2024-09-02T08:08:35.9338492Z [1032/1034] : && /usr/bin/g++-12 -O3  tests/ttnn/unit_tests/gtests/CMakeFiles/test_multi_device.dir/test_multi_device.cpp.o -o test/ttnn/test_multi_device  -Wl,-rpath,/home/runner/work/tt-metal/tt-metal/build/ttnn:/home/runner/work/tt-metal/tt-metal/build/tt_metal:/home/runner/work/tt-metal/tt-metal/build/lib:/home/runner/work/tt-metal/tt-metal/build/_deps/nanomsg-build:/home/runner/work/tt-metal/tt-metal/build/_deps/libuv-build  ttnn/_ttnn.so  tt_metal/libtt_metal.so  lib/libgtest_main.so.1.13.0  lib/libgtest.so.1.13.0  lib/libdevice.so  _deps/yaml-cpp-build/libyaml-cpp.a  _deps/nanomsg-build/libnng.so.1.8.0  _deps/libuv-build/libuv.so.1.0.0  -lrt  -lstdc++  -ldl  -lz  -lpthread  -latomic  -lhwloc  -lnuma  /usr/lib/x86_64-linux-gnu/libpython3.10.so && :
2024-09-02T08:08:44.3156532Z [1033/1034] /usr/bin/g++-12 -DDISABLE_NAMESPACE_STATIC_ASSERT -DUSING_UV_SHARED=1 -DYAML_CPP_STATIC_DEFINE -I/home/runner/work/tt-metal/tt-metal/tt_metal/third_party/umd -I/home/runner/work/tt-metal/tt-metal -I/home/runner/work/tt-metal/tt-metal/tt_metal -I/home/runner/work/tt-metal/tt-metal/tests -I/home/runner/work/tt-metal/tt-metal/tests/ttnn/unit_tests/gtests -I/home/runner/work/tt-metal/tt-metal/ttnn -I/home/runner/work/tt-metal/tt-metal/ttnn/cpp/ttnn/deprecated -I/home/runner/work/tt-metal/tt-metal/ttnn/cpp -I/home/runner/work/tt-metal/tt-metal/tt_metal/third_party/fmt -I/home/runner/work/tt-metal/tt-metal/ttnn/cpp/ttnn/experimental/tt_lib -I/home/runner/work/tt-metal/tt-metal/tt_metal/third_party/pybind11/include -I/usr/include/python3.10 -I/home/runner/work/tt-metal/tt-metal/tt_metal/hw/inc -I/home/runner/work/tt-metal/tt-metal/tt_metal/hw/inc/wormhole -I/home/runner/work/tt-metal/tt-metal/tt_metal/hw/inc/wormhole/wormhole_b0_defines -I/home/runner/work/tt-metal/tt-metal/tt_metal/third_party/umd/device/wormhole -I/home/runner/work/tt-metal/tt-metal/tt_metal/third_party/umd/src/firmware/riscv/wormhole -I/home/runner/work/tt-metal/tt-metal/.cpmcache/libuv/72aa6fc919b0653b47b7e9e7cf59ec92037e8693/include -I/home/runner/work/tt-metal/tt-metal/.cpmcache/yaml-cpp/905940a232aea3437e2fb77334461b1fe343318b/include -I/home/runner/work/tt-metal/tt-metal/tt_metal/third_party/umd/device -I/home/runner/work/tt-metal/tt-metal/tt_metal/third_party/umd/third_party/fmt/include -isystem /home/runner/work/tt-metal/tt-metal/.cpmcache/googletest/96129d89f45386492ae46d6bb8c027bc3df5f949/googletest/include -isystem /home/runner/work/tt-metal/tt-metal/.cpmcache/googletest/96129d89f45386492ae46d6bb8c027bc3df5f949/googletest -isystem /home/runner/work/tt-metal/tt-metal/.cpmcache/reflect/e75434c4c5f669e4a74e4d84e0a30d7249c1e66f -isystem /home/runner/work/tt-metal/tt-metal/.cpmcache/flatbuffers/2c4062bffa52fa4157b1b4deeae73395df475fda/include -isystem /home/runner/work/tt-metal/tt-metal/.cpmcache/nanomsg/28cc32d5bdb6a858fe53b3ccf7e923957e53eada/include -O3 -std=c++20 -MP -Wno-int-to-pointer-cast -fno-var-tracking -mavx2 -fPIC -DFMT_HEADER_ONLY -fvisibility-inlines-hidden -fno-lto -DARCH_WORMHOLE_B0 -Werror -Wdelete-non-virtual-dtor -Wreturn-type -Wswitch -Wuninitialized -Wno-unused-parameter -Wno-deprecated -Wno-attributes -Wno-stringop-overread -Wno-stringop-overflow -Wno-maybe-uninitialized -Wno-missing-requires -Wno-narrowing -Wno-non-template-friend -Wno-error=non-template-friend -fsized-deallocation -Winvalid-pch -include /home/runner/work/tt-metal/tt-metal/build/tests/ttnn/unit_tests/gtests/CMakeFiles/galaxy_unit_tests_ttnn.dir/cmake_pch.hxx -MD -MT tests/ttnn/unit_tests/gtests/CMakeFiles/galaxy_unit_tests_ttnn.dir/test_ccl_on_tg.cpp.o -MF tests/ttnn/unit_tests/gtests/CMakeFiles/galaxy_unit_tests_ttnn.dir/test_ccl_on_tg.cpp.o.d -o tests/ttnn/unit_tests/gtests/CMakeFiles/galaxy_unit_tests_ttnn.dir/test_ccl_on_tg.cpp.o -c /home/runner/work/tt-metal/tt-metal/tests/ttnn/unit_tests/gtests/test_ccl_on_tg.cpp
2024-09-02T08:08:44.4156477Z [1034/1034] : && /usr/bin/g++-12 -O3  tests/ttnn/unit_tests/gtests/CMakeFiles/galaxy_unit_tests_ttnn.dir/test_ccl_on_tg.cpp.o -o test/ttnn/galaxy_unit_tests_ttnn  -Wl,-rpath,/home/runner/work/tt-metal/tt-metal/build/ttnn:/home/runner/work/tt-metal/tt-metal/build/tt_metal:/home/runner/work/tt-metal/tt-metal/build/lib:/home/runner/work/tt-metal/tt-metal/build/_deps/nanomsg-build:/home/runner/work/tt-metal/tt-metal/build/_deps/libuv-build  ttnn/_ttnn.so  tt_metal/libtt_metal.so  lib/libgtest_main.so.1.13.0  lib/libgtest.so.1.13.0  lib/libdevice.so  _deps/yaml-cpp-build/libyaml-cpp.a  _deps/nanomsg-build/libnng.so.1.8.0  _deps/libuv-build/libuv.so.1.0.0  -lrt  -lstdc++  -ldl  -lz  -lpthread  -latomic  -lhwloc  -lnuma  /usr/lib/x86_64-linux-gnu/libpython3.10.so && :
2024-09-02T08:08:44.4162053Z 
2024-09-02T08:08:44.4203573Z ##[group]Run df -h      
2024-09-02T08:08:44.4203903Z [36;1mdf -h      [0m
2024-09-02T08:08:44.4772928Z shell: /usr/bin/bash -e {0}
2024-09-02T08:08:44.4773246Z env:
2024-09-02T08:08:44.4773470Z   ARCH_NAME: wormhole_b0
2024-09-02T08:08:44.4773743Z   VERBOSE: 1
2024-09-02T08:08:44.4774033Z   TT_METAL_HOME: /home/runner/work/tt-metal/tt-metal
2024-09-02T08:08:44.4774401Z ##[endgroup]
2024-09-02T08:08:44.4887032Z Filesystem      Size  Used Avail Use% Mounted on
2024-09-02T08:08:44.4887736Z /dev/root        73G   58G   15G  80% /
2024-09-02T08:08:44.4890836Z tmpfs           7.9G  172K  7.9G   1% /dev/shm
2024-09-02T08:08:44.4895038Z tmpfs           3.2G  1.1M  3.2G   1% /run
2024-09-02T08:08:44.4895897Z tmpfs           5.0M     0  5.0M   0% /run/lock
2024-09-02T08:08:44.4896585Z /dev/sda15      105M  6.1M   99M   6% /boot/efi
2024-09-02T08:08:44.4897237Z /dev/sdb1        74G  4.1G   66G   6% /mnt
2024-09-02T08:08:44.4899442Z tmpfs           1.6G   12K  1.6G   1% /run/user/1001
2024-09-02T08:08:44.4998582Z Post job cleanup.
2024-09-02T08:08:44.5074332Z Post job cleanup.
2024-09-02T08:08:44.6103659Z [command]/usr/bin/git version
2024-09-02T08:08:44.6149552Z git version 2.46.0
2024-09-02T08:08:44.6195422Z Temporarily overriding HOME='/home/runner/work/_temp/39a8ca29-30e9-4df4-aeeb-98a27ebe0049' before making global git config changes
2024-09-02T08:08:44.6196812Z Adding repository directory to the temporary git global config as a safe directory
2024-09-02T08:08:44.6207747Z [command]/usr/bin/git config --global --add safe.directory /home/runner/work/tt-metal/tt-metal
2024-09-02T08:08:44.6243228Z [command]/usr/bin/git config --local --name-only --get-regexp core\.sshCommand
2024-09-02T08:08:44.6275341Z [command]/usr/bin/git submodule foreach --recursive sh -c "git config --local --name-only --get-regexp 'core\.sshCommand' && git config --local --unset-all 'core.sshCommand' || :"
2024-09-02T08:08:44.6521297Z Entering 'models/demos/t3000/llama2_70b/reference/llama'
2024-09-02T08:08:44.6566970Z Entering 'tt_metal/third_party/lfs'
2024-09-02T08:08:44.6616937Z Entering 'tt_metal/third_party/pybind11'
2024-09-02T08:08:44.6667906Z Entering 'tt_metal/third_party/sfpi'
2024-09-02T08:08:44.6736529Z Entering 'tt_metal/third_party/taskflow'
2024-09-02T08:08:44.6800890Z Entering 'tt_metal/third_party/tracy'
2024-09-02T08:08:44.6847684Z Entering 'tt_metal/third_party/tt_llk_blackhole'
2024-09-02T08:08:44.6893850Z Entering 'tt_metal/third_party/tt_llk_grayskull'
2024-09-02T08:08:44.6943103Z Entering 'tt_metal/third_party/tt_llk_wormhole_b0'
2024-09-02T08:08:44.6988731Z Entering 'tt_metal/third_party/umd'
2024-09-02T08:08:44.7033389Z Entering 'tt_metal/third_party/umd/third_party/fmt'
2024-09-02T08:08:44.7098080Z [command]/usr/bin/git config --local --name-only --get-regexp http\.https\:\/\/github\.com\/\.extraheader
2024-09-02T08:08:44.7122680Z http.https://github.com/.extraheader
2024-09-02T08:08:44.7136098Z [command]/usr/bin/git config --local --unset-all http.https://github.com/.extraheader
2024-09-02T08:08:44.7171578Z [command]/usr/bin/git submodule foreach --recursive sh -c "git config --local --name-only --get-regexp 'http\.https\:\/\/github\.com\/\.extraheader' && git config --local --unset-all 'http.https://github.com/.extraheader' || :"
2024-09-02T08:08:44.7406851Z Entering 'models/demos/t3000/llama2_70b/reference/llama'
2024-09-02T08:08:44.7430940Z http.https://github.com/.extraheader
2024-09-02T08:08:44.7468521Z Entering 'tt_metal/third_party/lfs'
2024-09-02T08:08:44.7492861Z http.https://github.com/.extraheader
2024-09-02T08:08:44.7527436Z Entering 'tt_metal/third_party/pybind11'
2024-09-02T08:08:44.7552268Z http.https://github.com/.extraheader
2024-09-02T08:08:44.7587546Z Entering 'tt_metal/third_party/sfpi'
2024-09-02T08:08:44.7612653Z http.https://github.com/.extraheader
2024-09-02T08:08:44.7651898Z Entering 'tt_metal/third_party/taskflow'
2024-09-02T08:08:44.7676892Z http.https://github.com/.extraheader
2024-09-02T08:08:44.7720082Z Entering 'tt_metal/third_party/tracy'
2024-09-02T08:08:44.7745140Z http.https://github.com/.extraheader
2024-09-02T08:08:44.7781325Z Entering 'tt_metal/third_party/tt_llk_blackhole'
2024-09-02T08:08:44.7805933Z http.https://github.com/.extraheader
2024-09-02T08:08:44.7842097Z Entering 'tt_metal/third_party/tt_llk_grayskull'
2024-09-02T08:08:44.7867156Z http.https://github.com/.extraheader
2024-09-02T08:08:44.7903260Z Entering 'tt_metal/third_party/tt_llk_wormhole_b0'
2024-09-02T08:08:44.7927883Z http.https://github.com/.extraheader
2024-09-02T08:08:44.7963820Z Entering 'tt_metal/third_party/umd'
2024-09-02T08:08:44.7989122Z http.https://github.com/.extraheader
2024-09-02T08:08:44.8022917Z Entering 'tt_metal/third_party/umd/third_party/fmt'
2024-09-02T08:08:44.8046887Z http.https://github.com/.extraheader
2024-09-02T08:08:44.8312400Z Cleaning up orphan processes
