2024-09-02T07:01:59.5945467Z Current runner version: '2.319.1'
2024-09-02T07:01:59.5968301Z ##[group]Operating System
2024-09-02T07:01:59.5968933Z Ubuntu
2024-09-02T07:01:59.5969375Z 20.04.6
2024-09-02T07:01:59.5969673Z LTS
2024-09-02T07:01:59.5970003Z ##[endgroup]
2024-09-02T07:01:59.5970429Z ##[group]Runner Image
2024-09-02T07:01:59.5970862Z Image: ubuntu-20.04
2024-09-02T07:01:59.5971249Z Version: 20240825.1.0
2024-09-02T07:01:59.5972335Z Included Software: https://github.com/actions/runner-images/blob/ubuntu20/20240825.1/images/ubuntu/Ubuntu2004-Readme.md
2024-09-02T07:01:59.5973846Z Image Release: https://github.com/actions/runner-images/releases/tag/ubuntu20%2F20240825.1
2024-09-02T07:01:59.5974757Z ##[endgroup]
2024-09-02T07:01:59.5975139Z ##[group]Runner Image Provisioner
2024-09-02T07:01:59.5975629Z 2.0.384.1
2024-09-02T07:01:59.5976026Z ##[endgroup]
2024-09-02T07:01:59.5990625Z ##[group]GITHUB_TOKEN Permissions
2024-09-02T07:01:59.5992219Z Actions: read
2024-09-02T07:01:59.5992633Z Contents: read
2024-09-02T07:01:59.5993233Z Metadata: read
2024-09-02T07:01:59.5993763Z Pages: write
2024-09-02T07:01:59.5994139Z ##[endgroup]
2024-09-02T07:01:59.5996965Z Secret source: Actions
2024-09-02T07:01:59.5997649Z Prepare workflow directory
2024-09-02T07:01:59.6883335Z Prepare all required actions
2024-09-02T07:01:59.7037259Z Getting action download info
2024-09-02T07:01:59.8584909Z Download action repository 'tenstorrent-metal/metal-workflows@v2.0.0' (SHA:22c747950076e4c9627125e14734e287c08287a7)
2024-09-02T07:02:00.2345426Z Getting action download info
2024-09-02T07:02:00.3549079Z Download action repository 'actions/checkout@v4' (SHA:692973e3d937129bcbf40652eb9f2f61becf3332)
2024-09-02T07:02:00.4420019Z Uses: tenstorrent/tt-metal/.github/workflows/build.yaml@refs/heads/main (a9bcd03b1775ab989aebab822ec2e4f821abac41)
2024-09-02T07:02:00.4422923Z Complete job name: build / Debug clang++-17 blackhole ubuntu-20.04
2024-09-02T07:02:00.5242405Z ##[group]Run tenstorrent-metal/metal-workflows/.github/actions/checkout-with-submodule-lfs@v2.0.0
2024-09-02T07:02:00.5243474Z with:
2024-09-02T07:02:00.5244076Z   token: ***
2024-09-02T07:02:00.5244531Z   fetch-depth: 1
2024-09-02T07:02:00.5244928Z env:
2024-09-02T07:02:00.5245239Z   ARCH_NAME: blackhole
2024-09-02T07:02:00.5245692Z   VERBOSE: 1
2024-09-02T07:02:00.5246066Z ##[endgroup]
2024-09-02T07:02:00.5489373Z ##[group]Run actions/checkout@v4
2024-09-02T07:02:00.5489901Z with:
2024-09-02T07:02:00.5490475Z   token: ***
2024-09-02T07:02:00.5490859Z   fetch-depth: 1
2024-09-02T07:02:00.5491292Z   lfs: true
2024-09-02T07:02:00.5491630Z   submodules: recursive
2024-09-02T07:02:00.5492047Z   clean: true
2024-09-02T07:02:00.5492496Z   repository: tenstorrent/tt-metal
2024-09-02T07:02:00.5492959Z   ssh-strict: true
2024-09-02T07:02:00.5493343Z   ssh-user: git
2024-09-02T07:02:00.5493776Z   persist-credentials: true
2024-09-02T07:02:00.5494269Z   sparse-checkout-cone-mode: true
2024-09-02T07:02:00.5494831Z   fetch-tags: false
2024-09-02T07:02:00.5495255Z   show-progress: true
2024-09-02T07:02:00.5495690Z   set-safe-directory: true
2024-09-02T07:02:00.5496091Z env:
2024-09-02T07:02:00.5496462Z   ARCH_NAME: blackhole
2024-09-02T07:02:00.5496877Z   VERBOSE: 1
2024-09-02T07:02:00.5497263Z ##[endgroup]
2024-09-02T07:02:00.7189743Z Syncing repository: tenstorrent/tt-metal
2024-09-02T07:02:00.7191786Z ##[group]Getting Git version info
2024-09-02T07:02:00.7192921Z Working directory is '/home/runner/work/tt-metal/tt-metal'
2024-09-02T07:02:00.7194050Z [command]/usr/bin/git version
2024-09-02T07:02:00.7194528Z git version 2.46.0
2024-09-02T07:02:00.7241615Z [command]/usr/bin/git lfs version
2024-09-02T07:02:01.2584384Z git-lfs/3.5.1 (GitHub; linux amd64; go 1.21.8)
2024-09-02T07:02:01.2598787Z ##[endgroup]
2024-09-02T07:02:01.2618936Z Temporarily overriding HOME='/home/runner/work/_temp/533de4c0-d189-428f-a856-c8be10c1380c' before making global git config changes
2024-09-02T07:02:01.2621679Z Adding repository directory to the temporary git global config as a safe directory
2024-09-02T07:02:01.2625343Z [command]/usr/bin/git config --global --add safe.directory /home/runner/work/tt-metal/tt-metal
2024-09-02T07:02:01.2658488Z Deleting the contents of '/home/runner/work/tt-metal/tt-metal'
2024-09-02T07:02:01.2661682Z ##[group]Initializing the repository
2024-09-02T07:02:01.2665743Z [command]/usr/bin/git init /home/runner/work/tt-metal/tt-metal
2024-09-02T07:02:01.2718818Z hint: Using 'master' as the name for the initial branch. This default branch name
2024-09-02T07:02:01.2720986Z hint: is subject to change. To configure the initial branch name to use in all
2024-09-02T07:02:01.2723007Z hint: of your new repositories, which will suppress this warning, call:
2024-09-02T07:02:01.2723934Z hint:
2024-09-02T07:02:01.2724601Z hint: 	git config --global init.defaultBranch <name>
2024-09-02T07:02:01.2725358Z hint:
2024-09-02T07:02:01.2726583Z hint: Names commonly chosen instead of 'master' are 'main', 'trunk' and
2024-09-02T07:02:01.2728712Z hint: 'development'. The just-created branch can be renamed via this command:
2024-09-02T07:02:01.2729762Z hint:
2024-09-02T07:02:01.2730223Z hint: 	git branch -m <name>
2024-09-02T07:02:01.2731649Z Initialized empty Git repository in /home/runner/work/tt-metal/tt-metal/.git/
2024-09-02T07:02:01.2734113Z [command]/usr/bin/git remote add origin https://github.com/tenstorrent/tt-metal
2024-09-02T07:02:01.2763809Z ##[endgroup]
2024-09-02T07:02:01.2764679Z ##[group]Disabling automatic garbage collection
2024-09-02T07:02:01.2767894Z [command]/usr/bin/git config --local gc.auto 0
2024-09-02T07:02:01.2792593Z ##[endgroup]
2024-09-02T07:02:01.2793811Z ##[group]Setting up auth
2024-09-02T07:02:01.2799007Z [command]/usr/bin/git config --local --name-only --get-regexp core\.sshCommand
2024-09-02T07:02:01.2826438Z [command]/usr/bin/git submodule foreach --recursive sh -c "git config --local --name-only --get-regexp 'core\.sshCommand' && git config --local --unset-all 'core.sshCommand' || :"
2024-09-02T07:02:01.3046456Z [command]/usr/bin/git config --local --name-only --get-regexp http\.https\:\/\/github\.com\/\.extraheader
2024-09-02T07:02:01.3081782Z [command]/usr/bin/git submodule foreach --recursive sh -c "git config --local --name-only --get-regexp 'http\.https\:\/\/github\.com\/\.extraheader' && git config --local --unset-all 'http.https://github.com/.extraheader' || :"
2024-09-02T07:02:01.3293070Z [command]/usr/bin/git config --local http.https://github.com/.extraheader AUTHORIZATION: basic ***
2024-09-02T07:02:01.3324923Z ##[endgroup]
2024-09-02T07:02:01.3328296Z [command]/usr/bin/git lfs install --local
2024-09-02T07:02:01.3664761Z Updated Git hooks.
2024-09-02T07:02:01.3665779Z Git LFS initialized.
2024-09-02T07:02:01.3684547Z ##[group]Fetching the repository
2024-09-02T07:02:01.3694469Z [command]/usr/bin/git -c protocol.version=2 fetch --no-tags --prune --no-recurse-submodules --depth=1 origin +a9bcd03b1775ab989aebab822ec2e4f821abac41:refs/remotes/origin/main
2024-09-02T07:02:03.5109025Z From https://github.com/tenstorrent/tt-metal
2024-09-02T07:41:11.2824291Z [997/1027] /usr/bin/clang++-17 -DUSING_UV_SHARED=1 -DYAML_CPP_STATIC_DEFINE -I/home/runner/work/tt-metal/tt-metal/tt_metal/third_party/umd -I/home/runner/work/tt-metal/tt-metal -I/home/runner/work/tt-metal/tt-metal/tt_metal -I/home/runner/work/tt-metal/tt-metal/ttnn/cpp -I/home/runner/work/tt-metal/tt-metal/tt_metal/common -I/home/runner/work/tt-metal/tt-metal/tests -I/home/runner/work/tt-metal/tt-metal/tests/tt_eager -I/home/runner/work/tt-metal/tt-metal/ttnn -I/home/runner/work/tt-metal/tt-metal/ttnn/cpp/ttnn/deprecated -I/home/runner/work/tt-metal/tt-metal/tt_metal/third_party/fmt -I/home/runner/work/tt-metal/tt-metal/ttnn/cpp/ttnn/experimental/tt_lib -I/home/runner/work/tt-metal/tt-metal/tt_metal/third_party/pybind11/include -I/usr/include/python3.8 -I/home/runner/work/tt-metal/tt-metal/tt_metal/hw/inc -I/home/runner/work/tt-metal/tt-metal/tt_metal/hw/inc/blackhole -I/home/runner/work/tt-metal/tt-metal/tt_metal/third_party/umd/device/blackhole -I/home/runner/work/tt-metal/tt-metal/tt_metal/third_party/umd/src/firmware/riscv/blackhole -I/home/runner/work/tt-metal/tt-metal/.cpmcache/libuv/72aa6fc919b0653b47b7e9e7cf59ec92037e8693/include -I/home/runner/work/tt-metal/tt-metal/.cpmcache/yaml-cpp/905940a232aea3437e2fb77334461b1fe343318b/include -I/home/runner/work/tt-metal/tt-metal/tt_metal/third_party/umd/device -I/home/runner/work/tt-metal/tt-metal/tt_metal/third_party/umd/third_party/fmt/include -isystem /home/runner/work/tt-metal/tt-metal/.cpmcache/googletest/96129d89f45386492ae46d6bb8c027bc3df5f949/googletest/include -isystem /home/runner/work/tt-metal/tt-metal/.cpmcache/googletest/96129d89f45386492ae46d6bb8c027bc3df5f949/googletest -isystem /home/runner/work/tt-metal/tt-metal/.cpmcache/reflect/e75434c4c5f669e4a74e4d84e0a30d7249c1e66f -isystem /home/runner/work/tt-metal/tt-metal/.cpmcache/flatbuffers/2c4062bffa52fa4157b1b4deeae73395df475fda/include -isystem /home/runner/work/tt-metal/tt-metal/.cpmcache/nanomsg/28cc32d5bdb6a858fe53b3ccf7e923957e53eada/include -O0 -g -DDEBUG=DEBUG -std=c++20 -MP -Wno-int-to-pointer-cast -fno-var-tracking -mavx2 -fPIC -DFMT_HEADER_ONLY -fvisibility-inlines-hidden -fno-lto -DARCH_BLACKHOLE -DDISABLE_ISSUE_3487_FIX -Werror -Wdelete-non-virtual-dtor -Wreturn-type -Wswitch -Wuninitialized -Wno-unused-parameter -Wsometimes-uninitialized -Wno-c++11-narrowing -Wno-error=local-type-template-args -Wno-delete-non-abstract-non-virtual-dtor -Wno-c99-designator -Wno-shift-op-parentheses -Wno-non-c-typedef-for-linkage -Wno-deprecated-this-capture -Wno-deprecated-volatile -Wno-deprecated-builtins -Wno-deprecated-declarations -stdlib=libc++ -Winvalid-pch -Xclang -include-pch -Xclang /home/runner/work/tt-metal/tt-metal/build/tests/tt_eager/CMakeFiles/test_copy_and_move.dir/cmake_pch.hxx.pch -Xclang -include -Xclang /home/runner/work/tt-metal/tt-metal/build/tests/tt_eager/CMakeFiles/test_copy_and_move.dir/cmake_pch.hxx -MD -MT tests/tt_eager/CMakeFiles/test_copy_and_move.dir/tensors/test_copy_and_move.cpp.o -MF tests/tt_eager/CMakeFiles/test_copy_and_move.dir/tensors/test_copy_and_move.cpp.o.d -o tests/tt_eager/CMakeFiles/test_copy_and_move.dir/tensors/test_copy_and_move.cpp.o -c /home/runner/work/tt-metal/tt-metal/tests/tt_eager/tensors/test_copy_and_move.cpp
2024-09-02T07:41:11.9461437Z [998/1027] : && /usr/bin/clang++-17 -O0 -g -DDEBUG=DEBUG  tests/tt_eager/CMakeFiles/test_copy_and_move.dir/tensors/test_copy_and_move.cpp.o -o test/tt_eager/tensors/test_copy_and_move  -Wl,-rpath,/home/runner/work/tt-metal/tt-metal/build/ttnn:/home/runner/work/tt-metal/tt-metal/build/lib:/home/runner/work/tt-metal/tt-metal/build/tt_metal:/home/runner/work/tt-metal/tt-metal/build/_deps/nanomsg-build:/home/runner/work/tt-metal/tt-metal/build/_deps/libuv-build  ttnn/_ttnn.so  lib/libgtest_main.so.1.13.0  lib/libgtest.so.1.13.0  -lpthread  tt_metal/libtt_metal.so  -lz  -latomic  -lhwloc  -lnuma  lib/libdevice.so  _deps/yaml-cpp-build/libyaml-cpp.a  -lc++  /usr/lib/x86_64-linux-gnu/libc++abi.so  _deps/nanomsg-build/libnng.so.1.8.0  _deps/libuv-build/libuv.so.1.0.0  -lpthread  -ldl  -lrt  /usr/lib/x86_64-linux-gnu/libpython3.8.so && :
2024-09-02T07:41:13.0111099Z [999/1027] /usr/bin/clang++-17 -DUSING_UV_SHARED=1 -DYAML_CPP_STATIC_DEFINE -I/home/runner/work/tt-metal/tt-metal/tt_metal/third_party/umd -I/home/runner/work/tt-metal/tt-metal -I/home/runner/work/tt-metal/tt-metal/tt_metal -I/home/runner/work/tt-metal/tt-metal/ttnn/cpp -I/home/runner/work/tt-metal/tt-metal/tt_metal/common -I/home/runner/work/tt-metal/tt-metal/tests -I/home/runner/work/tt-metal/tt-metal/tests/tt_eager -I/home/runner/work/tt-metal/tt-metal/ttnn -I/home/runner/work/tt-metal/tt-metal/ttnn/cpp/ttnn/deprecated -I/home/runner/work/tt-metal/tt-metal/tt_metal/third_party/fmt -I/home/runner/work/tt-metal/tt-metal/ttnn/cpp/ttnn/experimental/tt_lib -I/home/runner/work/tt-metal/tt-metal/tt_metal/third_party/pybind11/include -I/usr/include/python3.8 -I/home/runner/work/tt-metal/tt-metal/tt_metal/hw/inc -I/home/runner/work/tt-metal/tt-metal/tt_metal/hw/inc/blackhole -I/home/runner/work/tt-metal/tt-metal/tt_metal/third_party/umd/device/blackhole -I/home/runner/work/tt-metal/tt-metal/tt_metal/third_party/umd/src/firmware/riscv/blackhole -I/home/runner/work/tt-metal/tt-metal/.cpmcache/libuv/72aa6fc919b0653b47b7e9e7cf59ec92037e8693/include -I/home/runner/work/tt-metal/tt-metal/.cpmcache/yaml-cpp/905940a232aea3437e2fb77334461b1fe343318b/include -I/home/runner/work/tt-metal/tt-metal/tt_metal/third_party/umd/device -I/home/runner/work/tt-metal/tt-metal/tt_metal/third_party/umd/third_party/fmt/include -isystem /home/runner/work/tt-metal/tt-metal/.cpmcache/googletest/96129d89f45386492ae46d6bb8c027bc3df5f949/googletest/include -isystem /home/runner/work/tt-metal/tt-metal/.cpmcache/googletest/96129d89f45386492ae46d6bb8c027bc3df5f949/googletest -isystem /home/runner/work/tt-metal/tt-metal/.cpmcache/reflect/e75434c4c5f669e4a74e4d84e0a30d7249c1e66f -isystem /home/runner/work/tt-metal/tt-metal/.cpmcache/flatbuffers/2c4062bffa52fa4157b1b4deeae73395df475fda/include -isystem /home/runner/work/tt-metal/tt-metal/.cpmcache/nanomsg/28cc32d5bdb6a858fe53b3ccf7e923957e53eada/include -O0 -g -DDEBUG=DEBUG -std=c++20 -MP -Wno-int-to-pointer-cast -fno-var-tracking -mavx2 -fPIC -DFMT_HEADER_ONLY -fvisibility-inlines-hidden -fno-lto -DARCH_BLACKHOLE -DDISABLE_ISSUE_3487_FIX -Werror -Wdelete-non-virtual-dtor -Wreturn-type -Wswitch -Wuninitialized -Wno-unused-parameter -Wsometimes-uninitialized -Wno-c++11-narrowing -Wno-error=local-type-template-args -Wno-delete-non-abstract-non-virtual-dtor -Wno-c99-designator -Wno-shift-op-parentheses -Wno-non-c-typedef-for-linkage -Wno-deprecated-this-capture -Wno-deprecated-volatile -Wno-deprecated-builtins -Wno-deprecated-declarations -stdlib=libc++ -Winvalid-pch -Xclang -include-pch -Xclang /home/runner/work/tt-metal/tt-metal/build/tests/tt_eager/CMakeFiles/test_fold_op.dir/cmake_pch.hxx.pch -Xclang -include -Xclang /home/runner/work/tt-metal/tt-metal/build/tests/tt_eager/CMakeFiles/test_fold_op.dir/cmake_pch.hxx -MD -MT tests/tt_eager/CMakeFiles/test_fold_op.dir/ops/test_fold_op.cpp.o -MF tests/tt_eager/CMakeFiles/test_fold_op.dir/ops/test_fold_op.cpp.o.d -o tests/tt_eager/CMakeFiles/test_fold_op.dir/ops/test_fold_op.cpp.o -c /home/runner/work/tt-metal/tt-metal/tests/tt_eager/ops/test_fold_op.cpp
2024-09-02T07:41:13.6561023Z [1000/1027] : && /usr/bin/clang++-17 -O0 -g -DDEBUG=DEBUG  tests/tt_eager/CMakeFiles/test_fold_op.dir/ops/test_fold_op.cpp.o -o test/tt_eager/ops/test_fold_op  -Wl,-rpath,/home/runner/work/tt-metal/tt-metal/build/ttnn:/home/runner/work/tt-metal/tt-metal/build/lib:/home/runner/work/tt-metal/tt-metal/build/tt_metal:/home/runner/work/tt-metal/tt-metal/build/_deps/nanomsg-build:/home/runner/work/tt-metal/tt-metal/build/_deps/libuv-build  ttnn/_ttnn.so  lib/libgtest_main.so.1.13.0  lib/libgtest.so.1.13.0  -lpthread  tt_metal/libtt_metal.so  -lz  -latomic  -lhwloc  -lnuma  lib/libdevice.so  _deps/yaml-cpp-build/libyaml-cpp.a  -lc++  /usr/lib/x86_64-linux-gnu/libc++abi.so  _deps/nanomsg-build/libnng.so.1.8.0  _deps/libuv-build/libuv.so.1.0.0  -lpthread  -ldl  -lrt  /usr/lib/x86_64-linux-gnu/libpython3.8.so && :
2024-09-02T07:41:20.5829018Z [1001/1027] /usr/bin/clang++-17 -DUSING_UV_SHARED=1 -DYAML_CPP_STATIC_DEFINE -I/home/runner/work/tt-metal/tt-metal/tt_metal/third_party/umd -I/home/runner/work/tt-metal/tt-metal -I/home/runner/work/tt-metal/tt-metal/tt_metal -I/home/runner/work/tt-metal/tt-metal/tests -I/home/runner/work/tt-metal/tt-metal/tests/ttnn/unit_tests/gtests -I/home/runner/work/tt-metal/tt-metal/ttnn -I/home/runner/work/tt-metal/tt-metal/ttnn/cpp/ttnn/deprecated -I/home/runner/work/tt-metal/tt-metal/ttnn/cpp -I/home/runner/work/tt-metal/tt-metal/tt_metal/third_party/fmt -I/home/runner/work/tt-metal/tt-metal/ttnn/cpp/ttnn/experimental/tt_lib -I/home/runner/work/tt-metal/tt-metal/tt_metal/third_party/pybind11/include -I/usr/include/python3.8 -I/home/runner/work/tt-metal/tt-metal/tt_metal/hw/inc -I/home/runner/work/tt-metal/tt-metal/tt_metal/hw/inc/blackhole -I/home/runner/work/tt-metal/tt-metal/tt_metal/third_party/umd/device/blackhole -I/home/runner/work/tt-metal/tt-metal/tt_metal/third_party/umd/src/firmware/riscv/blackhole -I/home/runner/work/tt-metal/tt-metal/.cpmcache/libuv/72aa6fc919b0653b47b7e9e7cf59ec92037e8693/include -I/home/runner/work/tt-metal/tt-metal/.cpmcache/yaml-cpp/905940a232aea3437e2fb77334461b1fe343318b/include -I/home/runner/work/tt-metal/tt-metal/tt_metal/third_party/umd/device -I/home/runner/work/tt-metal/tt-metal/tt_metal/third_party/umd/third_party/fmt/include -isystem /home/runner/work/tt-metal/tt-metal/.cpmcache/googletest/96129d89f45386492ae46d6bb8c027bc3df5f949/googletest/include -isystem /home/runner/work/tt-metal/tt-metal/.cpmcache/googletest/96129d89f45386492ae46d6bb8c027bc3df5f949/googletest -isystem /home/runner/work/tt-metal/tt-metal/.cpmcache/reflect/e75434c4c5f669e4a74e4d84e0a30d7249c1e66f -isystem /home/runner/work/tt-metal/tt-metal/.cpmcache/flatbuffers/2c4062bffa52fa4157b1b4deeae73395df475fda/include -isystem /home/runner/work/tt-metal/tt-metal/.cpmcache/nanomsg/28cc32d5bdb6a858fe53b3ccf7e923957e53eada/include -O0 -g -DDEBUG=DEBUG -std=c++20 -MP -Wno-int-to-pointer-cast -fno-var-tracking -mavx2 -fPIC -DFMT_HEADER_ONLY -fvisibility-inlines-hidden -fno-lto -DARCH_BLACKHOLE -DDISABLE_ISSUE_3487_FIX -Werror -Wdelete-non-virtual-dtor -Wreturn-type -Wswitch -Wuninitialized -Wno-unused-parameter -Wsometimes-uninitialized -Wno-c++11-narrowing -Wno-error=local-type-template-args -Wno-delete-non-abstract-non-virtual-dtor -Wno-c99-designator -Wno-shift-op-parentheses -Wno-non-c-typedef-for-linkage -Wno-deprecated-this-capture -Wno-deprecated-volatile -Wno-deprecated-builtins -Wno-deprecated-declarations -stdlib=libc++ -Winvalid-pch -fpch-instantiate-templates -Xclang -emit-pch -Xclang -include -Xclang /home/runner/work/tt-metal/tt-metal/build/tests/ttnn/unit_tests/gtests/CMakeFiles/unit_tests_ttnn.dir/cmake_pch.hxx -x c++-header -MD -MT tests/ttnn/unit_tests/gtests/CMakeFiles/unit_tests_ttnn.dir/cmake_pch.hxx.pch -MF tests/ttnn/unit_tests/gtests/CMakeFiles/unit_tests_ttnn.dir/cmake_pch.hxx.pch.d -o tests/ttnn/unit_tests/gtests/CMakeFiles/unit_tests_ttnn.dir/cmake_pch.hxx.pch -c /home/runner/work/tt-metal/tt-metal/build/tests/ttnn/unit_tests/gtests/CMakeFiles/unit_tests_ttnn.dir/cmake_pch.hxx.cxx
2024-09-02T07:41:22.5121421Z [1002/1027] /usr/bin/clang++-17 -DUSING_UV_SHARED=1 -DYAML_CPP_STATIC_DEFINE -I/home/runner/work/tt-metal/tt-metal/tt_metal/third_party/umd -I/home/runner/work/tt-metal/tt-metal -I/home/runner/work/tt-metal/tt-metal/tt_metal -I/home/runner/work/tt-metal/tt-metal/tests -I/home/runner/work/tt-metal/tt-metal/tests/ttnn/unit_tests/gtests -I/home/runner/work/tt-metal/tt-metal/ttnn -I/home/runner/work/tt-metal/tt-metal/ttnn/cpp/ttnn/deprecated -I/home/runner/work/tt-metal/tt-metal/ttnn/cpp -I/home/runner/work/tt-metal/tt-metal/tt_metal/third_party/fmt -I/home/runner/work/tt-metal/tt-metal/ttnn/cpp/ttnn/experimental/tt_lib -I/home/runner/work/tt-metal/tt-metal/tt_metal/third_party/pybind11/include -I/usr/include/python3.8 -I/home/runner/work/tt-metal/tt-metal/tt_metal/hw/inc -I/home/runner/work/tt-metal/tt-metal/tt_metal/hw/inc/blackhole -I/home/runner/work/tt-metal/tt-metal/tt_metal/third_party/umd/device/blackhole -I/home/runner/work/tt-metal/tt-metal/tt_metal/third_party/umd/src/firmware/riscv/blackhole -I/home/runner/work/tt-metal/tt-metal/.cpmcache/libuv/72aa6fc919b0653b47b7e9e7cf59ec92037e8693/include -I/home/runner/work/tt-metal/tt-metal/.cpmcache/yaml-cpp/905940a232aea3437e2fb77334461b1fe343318b/include -I/home/runner/work/tt-metal/tt-metal/tt_metal/third_party/umd/device -I/home/runner/work/tt-metal/tt-metal/tt_metal/third_party/umd/third_party/fmt/include -isystem /home/runner/work/tt-metal/tt-metal/.cpmcache/googletest/96129d89f45386492ae46d6bb8c027bc3df5f949/googletest/include -isystem /home/runner/work/tt-metal/tt-metal/.cpmcache/googletest/96129d89f45386492ae46d6bb8c027bc3df5f949/googletest -isystem /home/runner/work/tt-metal/tt-metal/.cpmcache/reflect/e75434c4c5f669e4a74e4d84e0a30d7249c1e66f -isystem /home/runner/work/tt-metal/tt-metal/.cpmcache/flatbuffers/2c4062bffa52fa4157b1b4deeae73395df475fda/include -isystem /home/runner/work/tt-metal/tt-metal/.cpmcache/nanomsg/28cc32d5bdb6a858fe53b3ccf7e923957e53eada/include -O0 -g -DDEBUG=DEBUG -std=c++20 -MP -Wno-int-to-pointer-cast -fno-var-tracking -mavx2 -fPIC -DFMT_HEADER_ONLY -fvisibility-inlines-hidden -fno-lto -DARCH_BLACKHOLE -DDISABLE_ISSUE_3487_FIX -Werror -Wdelete-non-virtual-dtor -Wreturn-type -Wswitch -Wuninitialized -Wno-unused-parameter -Wsometimes-uninitialized -Wno-c++11-narrowing -Wno-error=local-type-template-args -Wno-delete-non-abstract-non-virtual-dtor -Wno-c99-designator -Wno-shift-op-parentheses -Wno-non-c-typedef-for-linkage -Wno-deprecated-this-capture -Wno-deprecated-volatile -Wno-deprecated-builtins -Wno-deprecated-declarations -stdlib=libc++ -Winvalid-pch -fpch-instantiate-templates -Xclang -emit-pch -Xclang -include -Xclang /home/runner/work/tt-metal/tt-metal/build/tests/ttnn/unit_tests/gtests/CMakeFiles/unit_tests_ttnn_ccl.dir/cmake_pch.hxx -x c++-header -MD -MT tests/ttnn/unit_tests/gtests/CMakeFiles/unit_tests_ttnn_ccl.dir/cmake_pch.hxx.pch -MF tests/ttnn/unit_tests/gtests/CMakeFiles/unit_tests_ttnn_ccl.dir/cmake_pch.hxx.pch.d -o tests/ttnn/unit_tests/gtests/CMakeFiles/unit_tests_ttnn_ccl.dir/cmake_pch.hxx.pch -c /home/runner/work/tt-metal/tt-metal/build/tests/ttnn/unit_tests/gtests/CMakeFiles/unit_tests_ttnn_ccl.dir/cmake_pch.hxx.cxx
2024-09-02T07:41:25.9784224Z [1003/1027] /usr/bin/clang++-17 -DUSING_UV_SHARED=1 -DYAML_CPP_STATIC_DEFINE -I/home/runner/work/tt-metal/tt-metal/tt_metal/third_party/umd -I/home/runner/work/tt-metal/tt-metal -I/home/runner/work/tt-metal/tt-metal/tt_metal -I/home/runner/work/tt-metal/tt-metal/ttnn/cpp -I/home/runner/work/tt-metal/tt-metal/tt_metal/common -I/home/runner/work/tt-metal/tt-metal/tests -I/home/runner/work/tt-metal/tt-metal/tests/tt_eager -I/home/runner/work/tt-metal/tt-metal/ttnn -I/home/runner/work/tt-metal/tt-metal/ttnn/cpp/ttnn/deprecated -I/home/runner/work/tt-metal/tt-metal/tt_metal/third_party/fmt -I/home/runner/work/tt-metal/tt-metal/ttnn/cpp/ttnn/experimental/tt_lib -I/home/runner/work/tt-metal/tt-metal/tt_metal/third_party/pybind11/include -I/usr/include/python3.8 -I/home/runner/work/tt-metal/tt-metal/tt_metal/hw/inc -I/home/runner/work/tt-metal/tt-metal/tt_metal/hw/inc/blackhole -I/home/runner/work/tt-metal/tt-metal/tt_metal/third_party/umd/device/blackhole -I/home/runner/work/tt-metal/tt-metal/tt_metal/third_party/umd/src/firmware/riscv/blackhole -I/home/runner/work/tt-metal/tt-metal/.cpmcache/libuv/72aa6fc919b0653b47b7e9e7cf59ec92037e8693/include -I/home/runner/work/tt-metal/tt-metal/.cpmcache/yaml-cpp/905940a232aea3437e2fb77334461b1fe343318b/include -I/home/runner/work/tt-metal/tt-metal/tt_metal/third_party/umd/device -I/home/runner/work/tt-metal/tt-metal/tt_metal/third_party/umd/third_party/fmt/include -isystem /home/runner/work/tt-metal/tt-metal/.cpmcache/googletest/96129d89f45386492ae46d6bb8c027bc3df5f949/googletest/include -isystem /home/runner/work/tt-metal/tt-metal/.cpmcache/googletest/96129d89f45386492ae46d6bb8c027bc3df5f949/googletest -isystem /home/runner/work/tt-metal/tt-metal/.cpmcache/reflect/e75434c4c5f669e4a74e4d84e0a30d7249c1e66f -isystem /home/runner/work/tt-metal/tt-metal/.cpmcache/flatbuffers/2c4062bffa52fa4157b1b4deeae73395df475fda/include -isystem /home/runner/work/tt-metal/tt-metal/.cpmcache/nanomsg/28cc32d5bdb6a858fe53b3ccf7e923957e53eada/include -O0 -g -DDEBUG=DEBUG -std=c++20 -MP -Wno-int-to-pointer-cast -fno-var-tracking -mavx2 -fPIC -DFMT_HEADER_ONLY -fvisibility-inlines-hidden -fno-lto -DARCH_BLACKHOLE -DDISABLE_ISSUE_3487_FIX -Werror -Wdelete-non-virtual-dtor -Wreturn-type -Wswitch -Wuninitialized -Wno-unused-parameter -Wsometimes-uninitialized -Wno-c++11-narrowing -Wno-error=local-type-template-args -Wno-delete-non-abstract-non-virtual-dtor -Wno-c99-designator -Wno-shift-op-parentheses -Wno-non-c-typedef-for-linkage -Wno-deprecated-this-capture -Wno-deprecated-volatile -Wno-deprecated-builtins -Wno-deprecated-declarations -stdlib=libc++ -Winvalid-pch -Xclang -include-pch -Xclang /home/runner/work/tt-metal/tt-metal/build/tests/tt_eager/CMakeFiles/test_host_device_loopback.dir/cmake_pch.hxx.pch -Xclang -include -Xclang /home/runner/work/tt-metal/tt-metal/build/tests/tt_eager/CMakeFiles/test_host_device_loopback.dir/cmake_pch.hxx -MD -MT tests/tt_eager/CMakeFiles/test_host_device_loopback.dir/tensors/test_host_device_loopback.cpp.o -MF tests/tt_eager/CMakeFiles/test_host_device_loopback.dir/tensors/test_host_device_loopback.cpp.o.d -o tests/tt_eager/CMakeFiles/test_host_device_loopback.dir/tensors/test_host_device_loopback.cpp.o -c /home/runner/work/tt-metal/tt-metal/tests/tt_eager/tensors/test_host_device_loopback.cpp
2024-09-02T07:41:26.5507240Z [1004/1027] : && /usr/bin/clang++-17 -O0 -g -DDEBUG=DEBUG  tests/tt_eager/CMakeFiles/test_host_device_loopback.dir/tensors/test_host_device_loopback.cpp.o -o test/tt_eager/tensors/test_host_device_loopback  -Wl,-rpath,/home/runner/work/tt-metal/tt-metal/build/ttnn:/home/runner/work/tt-metal/tt-metal/build/lib:/home/runner/work/tt-metal/tt-metal/build/tt_metal:/home/runner/work/tt-metal/tt-metal/build/_deps/nanomsg-build:/home/runner/work/tt-metal/tt-metal/build/_deps/libuv-build  ttnn/_ttnn.so  lib/libgtest_main.so.1.13.0  lib/libgtest.so.1.13.0  -lpthread  tt_metal/libtt_metal.so  -lz  -latomic  -lhwloc  -lnuma  lib/libdevice.so  _deps/yaml-cpp-build/libyaml-cpp.a  -lc++  /usr/lib/x86_64-linux-gnu/libc++abi.so  _deps/nanomsg-build/libnng.so.1.8.0  _deps/libuv-build/libuv.so.1.0.0  -lpthread  -ldl  -lrt  /usr/lib/x86_64-linux-gnu/libpython3.8.so && :
2024-09-02T07:41:33.8985870Z [1005/1027] /usr/bin/clang++-17 -DUSING_UV_SHARED=1 -DYAML_CPP_STATIC_DEFINE -I/home/runner/work/tt-metal/tt-metal/tt_metal/third_party/umd -I/home/runner/work/tt-metal/tt-metal -I/home/runner/work/tt-metal/tt-metal/tt_metal -I/home/runner/work/tt-metal/tt-metal/ttnn/cpp -I/home/runner/work/tt-metal/tt-metal/tt_metal/common -I/home/runner/work/tt-metal/tt-metal/tests -I/home/runner/work/tt-metal/tt-metal/tests/tt_eager -I/home/runner/work/tt-metal/tt-metal/ttnn -I/home/runner/work/tt-metal/tt-metal/ttnn/cpp/ttnn/deprecated -I/home/runner/work/tt-metal/tt-metal/tt_metal/third_party/fmt -I/home/runner/work/tt-metal/tt-metal/ttnn/cpp/ttnn/experimental/tt_lib -I/home/runner/work/tt-metal/tt-metal/tt_metal/third_party/pybind11/include -I/usr/include/python3.8 -I/home/runner/work/tt-metal/tt-metal/tt_metal/hw/inc -I/home/runner/work/tt-metal/tt-metal/tt_metal/hw/inc/blackhole -I/home/runner/work/tt-metal/tt-metal/tt_metal/third_party/umd/device/blackhole -I/home/runner/work/tt-metal/tt-metal/tt_metal/third_party/umd/src/firmware/riscv/blackhole -I/home/runner/work/tt-metal/tt-metal/.cpmcache/libuv/72aa6fc919b0653b47b7e9e7cf59ec92037e8693/include -I/home/runner/work/tt-metal/tt-metal/.cpmcache/yaml-cpp/905940a232aea3437e2fb77334461b1fe343318b/include -I/home/runner/work/tt-metal/tt-metal/tt_metal/third_party/umd/device -I/home/runner/work/tt-metal/tt-metal/tt_metal/third_party/umd/third_party/fmt/include -isystem /home/runner/work/tt-metal/tt-metal/.cpmcache/googletest/96129d89f45386492ae46d6bb8c027bc3df5f949/googletest/include -isystem /home/runner/work/tt-metal/tt-metal/.cpmcache/googletest/96129d89f45386492ae46d6bb8c027bc3df5f949/googletest -isystem /home/runner/work/tt-metal/tt-metal/.cpmcache/reflect/e75434c4c5f669e4a74e4d84e0a30d7249c1e66f -isystem /home/runner/work/tt-metal/tt-metal/.cpmcache/flatbuffers/2c4062bffa52fa4157b1b4deeae73395df475fda/include -isystem /home/runner/work/tt-metal/tt-metal/.cpmcache/nanomsg/28cc32d5bdb6a858fe53b3ccf7e923957e53eada/include -O0 -g -DDEBUG=DEBUG -std=c++20 -MP -Wno-int-to-pointer-cast -fno-var-tracking -mavx2 -fPIC -DFMT_HEADER_ONLY -fvisibility-inlines-hidden -fno-lto -DARCH_BLACKHOLE -DDISABLE_ISSUE_3487_FIX -Werror -Wdelete-non-virtual-dtor -Wreturn-type -Wswitch -Wuninitialized -Wno-unused-parameter -Wsometimes-uninitialized -Wno-c++11-narrowing -Wno-error=local-type-template-args -Wno-delete-non-abstract-non-virtual-dtor -Wno-c99-designator -Wno-shift-op-parentheses -Wno-non-c-typedef-for-linkage -Wno-deprecated-this-capture -Wno-deprecated-volatile -Wno-deprecated-builtins -Wno-deprecated-declarations -stdlib=libc++ -Winvalid-pch -Xclang -include-pch -Xclang /home/runner/work/tt-metal/tt-metal/build/tests/tt_eager/CMakeFiles/test_raw_host_memory_pointer.dir/cmake_pch.hxx.pch -Xclang -include -Xclang /home/runner/work/tt-metal/tt-metal/build/tests/tt_eager/CMakeFiles/test_raw_host_memory_pointer.dir/cmake_pch.hxx -MD -MT tests/tt_eager/CMakeFiles/test_raw_host_memory_pointer.dir/tensors/test_raw_host_memory_pointer.cpp.o -MF tests/tt_eager/CMakeFiles/test_raw_host_memory_pointer.dir/tensors/test_raw_host_memory_pointer.cpp.o.d -o tests/tt_eager/CMakeFiles/test_raw_host_memory_pointer.dir/tensors/test_raw_host_memory_pointer.cpp.o -c /home/runner/work/tt-metal/tt-metal/tests/tt_eager/tensors/test_raw_host_memory_pointer.cpp
2024-09-02T07:41:34.6259800Z [1006/1027] : && /usr/bin/clang++-17 -O0 -g -DDEBUG=DEBUG  tests/tt_eager/CMakeFiles/test_raw_host_memory_pointer.dir/tensors/test_raw_host_memory_pointer.cpp.o -o test/tt_eager/tensors/test_raw_host_memory_pointer  -Wl,-rpath,/home/runner/work/tt-metal/tt-metal/build/ttnn:/home/runner/work/tt-metal/tt-metal/build/lib:/home/runner/work/tt-metal/tt-metal/build/tt_metal:/home/runner/work/tt-metal/tt-metal/build/_deps/nanomsg-build:/home/runner/work/tt-metal/tt-metal/build/_deps/libuv-build  ttnn/_ttnn.so  lib/libgtest_main.so.1.13.0  lib/libgtest.so.1.13.0  -lpthread  tt_metal/libtt_metal.so  -lz  -latomic  -lhwloc  -lnuma  lib/libdevice.so  _deps/yaml-cpp-build/libyaml-cpp.a  -lc++  /usr/lib/x86_64-linux-gnu/libc++abi.so  _deps/nanomsg-build/libnng.so.1.8.0  _deps/libuv-build/libuv.so.1.0.0  -lpthread  -ldl  -lrt  /usr/lib/x86_64-linux-gnu/libpython3.8.so && :
2024-09-02T07:41:36.1499270Z [1007/1027] /usr/bin/clang++-17 -DUSING_UV_SHARED=1 -DYAML_CPP_STATIC_DEFINE -I/home/runner/work/tt-metal/tt-metal/tt_metal/third_party/umd -I/home/runner/work/tt-metal/tt-metal -I/home/runner/work/tt-metal/tt-metal/tt_metal -I/home/runner/work/tt-metal/tt-metal/ttnn/cpp -I/home/runner/work/tt-metal/tt-metal/tt_metal/common -I/home/runner/work/tt-metal/tt-metal/tests -I/home/runner/work/tt-metal/tt-metal/tests/tt_eager -I/home/runner/work/tt-metal/tt-metal/ttnn -I/home/runner/work/tt-metal/tt-metal/ttnn/cpp/ttnn/deprecated -I/home/runner/work/tt-metal/tt-metal/tt_metal/third_party/fmt -I/home/runner/work/tt-metal/tt-metal/ttnn/cpp/ttnn/experimental/tt_lib -I/home/runner/work/tt-metal/tt-metal/tt_metal/third_party/pybind11/include -I/usr/include/python3.8 -I/home/runner/work/tt-metal/tt-metal/tt_metal/hw/inc -I/home/runner/work/tt-metal/tt-metal/tt_metal/hw/inc/blackhole -I/home/runner/work/tt-metal/tt-metal/tt_metal/third_party/umd/device/blackhole -I/home/runner/work/tt-metal/tt-metal/tt_metal/third_party/umd/src/firmware/riscv/blackhole -I/home/runner/work/tt-metal/tt-metal/.cpmcache/libuv/72aa6fc919b0653b47b7e9e7cf59ec92037e8693/include -I/home/runner/work/tt-metal/tt-metal/.cpmcache/yaml-cpp/905940a232aea3437e2fb77334461b1fe343318b/include -I/home/runner/work/tt-metal/tt-metal/tt_metal/third_party/umd/device -I/home/runner/work/tt-metal/tt-metal/tt_metal/third_party/umd/third_party/fmt/include -isystem /home/runner/work/tt-metal/tt-metal/.cpmcache/googletest/96129d89f45386492ae46d6bb8c027bc3df5f949/googletest/include -isystem /home/runner/work/tt-metal/tt-metal/.cpmcache/googletest/96129d89f45386492ae46d6bb8c027bc3df5f949/googletest -isystem /home/runner/work/tt-metal/tt-metal/.cpmcache/reflect/e75434c4c5f669e4a74e4d84e0a30d7249c1e66f -isystem /home/runner/work/tt-metal/tt-metal/.cpmcache/flatbuffers/2c4062bffa52fa4157b1b4deeae73395df475fda/include -isystem /home/runner/work/tt-metal/tt-metal/.cpmcache/nanomsg/28cc32d5bdb6a858fe53b3ccf7e923957e53eada/include -O0 -g -DDEBUG=DEBUG -std=c++20 -MP -Wno-int-to-pointer-cast -fno-var-tracking -mavx2 -fPIC -DFMT_HEADER_ONLY -fvisibility-inlines-hidden -fno-lto -DARCH_BLACKHOLE -DDISABLE_ISSUE_3487_FIX -Werror -Wdelete-non-virtual-dtor -Wreturn-type -Wswitch -Wuninitialized -Wno-unused-parameter -Wsometimes-uninitialized -Wno-c++11-narrowing -Wno-error=local-type-template-args -Wno-delete-non-abstract-non-virtual-dtor -Wno-c99-designator -Wno-shift-op-parentheses -Wno-non-c-typedef-for-linkage -Wno-deprecated-this-capture -Wno-deprecated-volatile -Wno-deprecated-builtins -Wno-deprecated-declarations -stdlib=libc++ -Winvalid-pch -Xclang -include-pch -Xclang /home/runner/work/tt-metal/tt-metal/build/tests/tt_eager/CMakeFiles/test_async_tensor_apis.dir/cmake_pch.hxx.pch -Xclang -include -Xclang /home/runner/work/tt-metal/tt-metal/build/tests/tt_eager/CMakeFiles/test_async_tensor_apis.dir/cmake_pch.hxx -MD -MT tests/tt_eager/CMakeFiles/test_async_tensor_apis.dir/tensors/test_async_tensor_apis.cpp.o -MF tests/tt_eager/CMakeFiles/test_async_tensor_apis.dir/tensors/test_async_tensor_apis.cpp.o.d -o tests/tt_eager/CMakeFiles/test_async_tensor_apis.dir/tensors/test_async_tensor_apis.cpp.o -c /home/runner/work/tt-metal/tt-metal/tests/tt_eager/tensors/test_async_tensor_apis.cpp
2024-09-02T07:41:37.0949701Z [1008/1027] : && /usr/bin/clang++-17 -O0 -g -DDEBUG=DEBUG  tests/tt_eager/CMakeFiles/test_async_tensor_apis.dir/tensors/test_async_tensor_apis.cpp.o -o test/tt_eager/tensors/test_async_tensor_apis  -Wl,-rpath,/home/runner/work/tt-metal/tt-metal/build/ttnn:/home/runner/work/tt-metal/tt-metal/build/lib:/home/runner/work/tt-metal/tt-metal/build/tt_metal:/home/runner/work/tt-metal/tt-metal/build/_deps/nanomsg-build:/home/runner/work/tt-metal/tt-metal/build/_deps/libuv-build  ttnn/_ttnn.so  lib/libgtest_main.so.1.13.0  lib/libgtest.so.1.13.0  -lpthread  tt_metal/libtt_metal.so  -lz  -latomic  -lhwloc  -lnuma  lib/libdevice.so  _deps/yaml-cpp-build/libyaml-cpp.a  -lc++  /usr/lib/x86_64-linux-gnu/libc++abi.so  _deps/nanomsg-build/libnng.so.1.8.0  _deps/libuv-build/libuv.so.1.0.0  -lpthread  -ldl  -lrt  /usr/lib/x86_64-linux-gnu/libpython3.8.so && :
2024-09-02T07:41:50.8915164Z [1009/1027] /usr/bin/clang++-17 -DUSING_UV_SHARED=1 -DYAML_CPP_STATIC_DEFINE -I/home/runner/work/tt-metal/tt-metal/tt_metal/third_party/umd -I/home/runner/work/tt-metal/tt-metal -I/home/runner/work/tt-metal/tt-metal/tt_metal -I/home/runner/work/tt-metal/tt-metal/ttnn/cpp -I/home/runner/work/tt-metal/tt-metal/tt_metal/common -I/home/runner/work/tt-metal/tt-metal/tests -I/home/runner/work/tt-metal/tt-metal/tests/tt_eager -I/home/runner/work/tt-metal/tt-metal/ttnn -I/home/runner/work/tt-metal/tt-metal/ttnn/cpp/ttnn/deprecated -I/home/runner/work/tt-metal/tt-metal/tt_metal/third_party/fmt -I/home/runner/work/tt-metal/tt-metal/ttnn/cpp/ttnn/experimental/tt_lib -I/home/runner/work/tt-metal/tt-metal/tt_metal/third_party/pybind11/include -I/usr/include/python3.8 -I/home/runner/work/tt-metal/tt-metal/tt_metal/hw/inc -I/home/runner/work/tt-metal/tt-metal/tt_metal/hw/inc/blackhole -I/home/runner/work/tt-metal/tt-metal/tt_metal/third_party/umd/device/blackhole -I/home/runner/work/tt-metal/tt-metal/tt_metal/third_party/umd/src/firmware/riscv/blackhole -I/home/runner/work/tt-metal/tt-metal/.cpmcache/libuv/72aa6fc919b0653b47b7e9e7cf59ec92037e8693/include -I/home/runner/work/tt-metal/tt-metal/.cpmcache/yaml-cpp/905940a232aea3437e2fb77334461b1fe343318b/include -I/home/runner/work/tt-metal/tt-metal/tt_metal/third_party/umd/device -I/home/runner/work/tt-metal/tt-metal/tt_metal/third_party/umd/third_party/fmt/include -isystem /home/runner/work/tt-metal/tt-metal/.cpmcache/googletest/96129d89f45386492ae46d6bb8c027bc3df5f949/googletest/include -isystem /home/runner/work/tt-metal/tt-metal/.cpmcache/googletest/96129d89f45386492ae46d6bb8c027bc3df5f949/googletest -isystem /home/runner/work/tt-metal/tt-metal/.cpmcache/reflect/e75434c4c5f669e4a74e4d84e0a30d7249c1e66f -isystem /home/runner/work/tt-metal/tt-metal/.cpmcache/flatbuffers/2c4062bffa52fa4157b1b4deeae73395df475fda/include -isystem /home/runner/work/tt-metal/tt-metal/.cpmcache/nanomsg/28cc32d5bdb6a858fe53b3ccf7e923957e53eada/include -O0 -g -DDEBUG=DEBUG -std=c++20 -MP -Wno-int-to-pointer-cast -fno-var-tracking -mavx2 -fPIC -DFMT_HEADER_ONLY -fvisibility-inlines-hidden -fno-lto -DARCH_BLACKHOLE -DDISABLE_ISSUE_3487_FIX -Werror -Wdelete-non-virtual-dtor -Wreturn-type -Wswitch -Wuninitialized -Wno-unused-parameter -Wsometimes-uninitialized -Wno-c++11-narrowing -Wno-error=local-type-template-args -Wno-delete-non-abstract-non-virtual-dtor -Wno-c99-designator -Wno-shift-op-parentheses -Wno-non-c-typedef-for-linkage -Wno-deprecated-this-capture -Wno-deprecated-volatile -Wno-deprecated-builtins -Wno-deprecated-declarations -stdlib=libc++ -Winvalid-pch -Xclang -include-pch -Xclang /home/runner/work/tt-metal/tt-metal/build/tests/tt_eager/CMakeFiles/test_bert.dir/cmake_pch.hxx.pch -Xclang -include -Xclang /home/runner/work/tt-metal/tt-metal/build/tests/tt_eager/CMakeFiles/test_bert.dir/cmake_pch.hxx -MD -MT tests/tt_eager/CMakeFiles/test_bert.dir/integration_tests/test_bert.cpp.o -MF tests/tt_eager/CMakeFiles/test_bert.dir/integration_tests/test_bert.cpp.o.d -o tests/tt_eager/CMakeFiles/test_bert.dir/integration_tests/test_bert.cpp.o -c /home/runner/work/tt-metal/tt-metal/tests/tt_eager/integration_tests/test_bert.cpp
2024-09-02T07:41:51.7899196Z [1010/1027] : && /usr/bin/clang++-17 -O0 -g -DDEBUG=DEBUG  tests/tt_eager/CMakeFiles/test_bert.dir/integration_tests/test_bert.cpp.o -o test/tt_eager/integration_tests/test_bert  -Wl,-rpath,/home/runner/work/tt-metal/tt-metal/build/ttnn:/home/runner/work/tt-metal/tt-metal/build/lib:/home/runner/work/tt-metal/tt-metal/build/tt_metal:/home/runner/work/tt-metal/tt-metal/build/_deps/nanomsg-build:/home/runner/work/tt-metal/tt-metal/build/_deps/libuv-build  ttnn/_ttnn.so  lib/libgtest_main.so.1.13.0  lib/libgtest.so.1.13.0  -lpthread  tt_metal/libtt_metal.so  -lz  -latomic  -lhwloc  -lnuma  lib/libdevice.so  _deps/yaml-cpp-build/libyaml-cpp.a  -lc++  /usr/lib/x86_64-linux-gnu/libc++abi.so  _deps/nanomsg-build/libnng.so.1.8.0  _deps/libuv-build/libuv.so.1.0.0  -lpthread  -ldl  -lrt  /usr/lib/x86_64-linux-gnu/libpython3.8.so && :
2024-09-02T07:42:04.7966921Z [1011/1027] /usr/bin/clang++-17 -DUSING_UV_SHARED=1 -DYAML_CPP_STATIC_DEFINE -I/home/runner/work/tt-metal/tt-metal/tt_metal/third_party/umd -I/home/runner/work/tt-metal/tt-metal -I/home/runner/work/tt-metal/tt-metal/tt_metal -I/home/runner/work/tt-metal/tt-metal/tests -I/home/runner/work/tt-metal/tt-metal/tests/ttnn/unit_tests/gtests -I/home/runner/work/tt-metal/tt-metal/ttnn -I/home/runner/work/tt-metal/tt-metal/ttnn/cpp/ttnn/deprecated -I/home/runner/work/tt-metal/tt-metal/ttnn/cpp -I/home/runner/work/tt-metal/tt-metal/tt_metal/third_party/fmt -I/home/runner/work/tt-metal/tt-metal/ttnn/cpp/ttnn/experimental/tt_lib -I/home/runner/work/tt-metal/tt-metal/tt_metal/third_party/pybind11/include -I/usr/include/python3.8 -I/home/runner/work/tt-metal/tt-metal/tt_metal/hw/inc -I/home/runner/work/tt-metal/tt-metal/tt_metal/hw/inc/blackhole -I/home/runner/work/tt-metal/tt-metal/tt_metal/third_party/umd/device/blackhole -I/home/runner/work/tt-metal/tt-metal/tt_metal/third_party/umd/src/firmware/riscv/blackhole -I/home/runner/work/tt-metal/tt-metal/.cpmcache/libuv/72aa6fc919b0653b47b7e9e7cf59ec92037e8693/include -I/home/runner/work/tt-metal/tt-metal/.cpmcache/yaml-cpp/905940a232aea3437e2fb77334461b1fe343318b/include -I/home/runner/work/tt-metal/tt-metal/tt_metal/third_party/umd/device -I/home/runner/work/tt-metal/tt-metal/tt_metal/third_party/umd/third_party/fmt/include -isystem /home/runner/work/tt-metal/tt-metal/.cpmcache/googletest/96129d89f45386492ae46d6bb8c027bc3df5f949/googletest/include -isystem /home/runner/work/tt-metal/tt-metal/.cpmcache/googletest/96129d89f45386492ae46d6bb8c027bc3df5f949/googletest -isystem /home/runner/work/tt-metal/tt-metal/.cpmcache/reflect/e75434c4c5f669e4a74e4d84e0a30d7249c1e66f -isystem /home/runner/work/tt-metal/tt-metal/.cpmcache/flatbuffers/2c4062bffa52fa4157b1b4deeae73395df475fda/include -isystem /home/runner/work/tt-metal/tt-metal/.cpmcache/nanomsg/28cc32d5bdb6a858fe53b3ccf7e923957e53eada/include -O0 -g -DDEBUG=DEBUG -std=c++20 -MP -Wno-int-to-pointer-cast -fno-var-tracking -mavx2 -fPIC -DFMT_HEADER_ONLY -fvisibility-inlines-hidden -fno-lto -DARCH_BLACKHOLE -DDISABLE_ISSUE_3487_FIX -Werror -Wdelete-non-virtual-dtor -Wreturn-type -Wswitch -Wuninitialized -Wno-unused-parameter -Wsometimes-uninitialized -Wno-c++11-narrowing -Wno-error=local-type-template-args -Wno-delete-non-abstract-non-virtual-dtor -Wno-c99-designator -Wno-shift-op-parentheses -Wno-non-c-typedef-for-linkage -Wno-deprecated-this-capture -Wno-deprecated-volatile -Wno-deprecated-builtins -Wno-deprecated-declarations -stdlib=libc++ -Winvalid-pch -Xclang -include-pch -Xclang /home/runner/work/tt-metal/tt-metal/build/tests/ttnn/unit_tests/gtests/CMakeFiles/unit_tests_ttnn.dir/cmake_pch.hxx.pch -Xclang -include -Xclang /home/runner/work/tt-metal/tt-metal/build/tests/ttnn/unit_tests/gtests/CMakeFiles/unit_tests_ttnn.dir/cmake_pch.hxx -MD -MT tests/ttnn/unit_tests/gtests/CMakeFiles/unit_tests_ttnn.dir/test_repeat_interleave.cpp.o -MF tests/ttnn/unit_tests/gtests/CMakeFiles/unit_tests_ttnn.dir/test_repeat_interleave.cpp.o.d -o tests/ttnn/unit_tests/gtests/CMakeFiles/unit_tests_ttnn.dir/test_repeat_interleave.cpp.o -c /home/runner/work/tt-metal/tt-metal/tests/ttnn/unit_tests/gtests/test_repeat_interleave.cpp
2024-09-02T07:42:07.9183775Z [1012/1027] /usr/bin/clang++-17 -DUSING_UV_SHARED=1 -DYAML_CPP_STATIC_DEFINE -I/home/runner/work/tt-metal/tt-metal/tt_metal/third_party/umd -I/home/runner/work/tt-metal/tt-metal -I/home/runner/work/tt-metal/tt-metal/tt_metal -I/home/runner/work/tt-metal/tt-metal/tests -I/home/runner/work/tt-metal/tt-metal/tests/ttnn/unit_tests/gtests -I/home/runner/work/tt-metal/tt-metal/ttnn -I/home/runner/work/tt-metal/tt-metal/ttnn/cpp/ttnn/deprecated -I/home/runner/work/tt-metal/tt-metal/ttnn/cpp -I/home/runner/work/tt-metal/tt-metal/tt_metal/third_party/fmt -I/home/runner/work/tt-metal/tt-metal/ttnn/cpp/ttnn/experimental/tt_lib -I/home/runner/work/tt-metal/tt-metal/tt_metal/third_party/pybind11/include -I/usr/include/python3.8 -I/home/runner/work/tt-metal/tt-metal/tt_metal/hw/inc -I/home/runner/work/tt-metal/tt-metal/tt_metal/hw/inc/blackhole -I/home/runner/work/tt-metal/tt-metal/tt_metal/third_party/umd/device/blackhole -I/home/runner/work/tt-metal/tt-metal/tt_metal/third_party/umd/src/firmware/riscv/blackhole -I/home/runner/work/tt-metal/tt-metal/.cpmcache/libuv/72aa6fc919b0653b47b7e9e7cf59ec92037e8693/include -I/home/runner/work/tt-metal/tt-metal/.cpmcache/yaml-cpp/905940a232aea3437e2fb77334461b1fe343318b/include -I/home/runner/work/tt-metal/tt-metal/tt_metal/third_party/umd/device -I/home/runner/work/tt-metal/tt-metal/tt_metal/third_party/umd/third_party/fmt/include -isystem /home/runner/work/tt-metal/tt-metal/.cpmcache/googletest/96129d89f45386492ae46d6bb8c027bc3df5f949/googletest/include -isystem /home/runner/work/tt-metal/tt-metal/.cpmcache/googletest/96129d89f45386492ae46d6bb8c027bc3df5f949/googletest -isystem /home/runner/work/tt-metal/tt-metal/.cpmcache/reflect/e75434c4c5f669e4a74e4d84e0a30d7249c1e66f -isystem /home/runner/work/tt-metal/tt-metal/.cpmcache/flatbuffers/2c4062bffa52fa4157b1b4deeae73395df475fda/include -isystem /home/runner/work/tt-metal/tt-metal/.cpmcache/nanomsg/28cc32d5bdb6a858fe53b3ccf7e923957e53eada/include -O0 -g -DDEBUG=DEBUG -std=c++20 -MP -Wno-int-to-pointer-cast -fno-var-tracking -mavx2 -fPIC -DFMT_HEADER_ONLY -fvisibility-inlines-hidden -fno-lto -DARCH_BLACKHOLE -DDISABLE_ISSUE_3487_FIX -Werror -Wdelete-non-virtual-dtor -Wreturn-type -Wswitch -Wuninitialized -Wno-unused-parameter -Wsometimes-uninitialized -Wno-c++11-narrowing -Wno-error=local-type-template-args -Wno-delete-non-abstract-non-virtual-dtor -Wno-c99-designator -Wno-shift-op-parentheses -Wno-non-c-typedef-for-linkage -Wno-deprecated-this-capture -Wno-deprecated-volatile -Wno-deprecated-builtins -Wno-deprecated-declarations -stdlib=libc++ -Winvalid-pch -Xclang -include-pch -Xclang /home/runner/work/tt-metal/tt-metal/build/tests/ttnn/unit_tests/gtests/CMakeFiles/unit_tests_ttnn.dir/cmake_pch.hxx.pch -Xclang -include -Xclang /home/runner/work/tt-metal/tt-metal/build/tests/ttnn/unit_tests/gtests/CMakeFiles/unit_tests_ttnn.dir/cmake_pch.hxx -MD -MT tests/ttnn/unit_tests/gtests/CMakeFiles/unit_tests_ttnn.dir/test_add.cpp.o -MF tests/ttnn/unit_tests/gtests/CMakeFiles/unit_tests_ttnn.dir/test_add.cpp.o.d -o tests/ttnn/unit_tests/gtests/CMakeFiles/unit_tests_ttnn.dir/test_add.cpp.o -c /home/runner/work/tt-metal/tt-metal/tests/ttnn/unit_tests/gtests/test_add.cpp
2024-09-02T07:42:09.6431430Z [1013/1027] /usr/bin/clang++-17 -DUSING_UV_SHARED=1 -DYAML_CPP_STATIC_DEFINE -I/home/runner/work/tt-metal/tt-metal/tt_metal/third_party/umd -I/home/runner/work/tt-metal/tt-metal -I/home/runner/work/tt-metal/tt-metal/tt_metal -I/home/runner/work/tt-metal/tt-metal/tests -I/home/runner/work/tt-metal/tt-metal/tests/ttnn/unit_tests/gtests -I/home/runner/work/tt-metal/tt-metal/ttnn -I/home/runner/work/tt-metal/tt-metal/ttnn/cpp/ttnn/deprecated -I/home/runner/work/tt-metal/tt-metal/ttnn/cpp -I/home/runner/work/tt-metal/tt-metal/tt_metal/third_party/fmt -I/home/runner/work/tt-metal/tt-metal/ttnn/cpp/ttnn/experimental/tt_lib -I/home/runner/work/tt-metal/tt-metal/tt_metal/third_party/pybind11/include -I/usr/include/python3.8 -I/home/runner/work/tt-metal/tt-metal/tt_metal/hw/inc -I/home/runner/work/tt-metal/tt-metal/tt_metal/hw/inc/blackhole -I/home/runner/work/tt-metal/tt-metal/tt_metal/third_party/umd/device/blackhole -I/home/runner/work/tt-metal/tt-metal/tt_metal/third_party/umd/src/firmware/riscv/blackhole -I/home/runner/work/tt-metal/tt-metal/.cpmcache/libuv/72aa6fc919b0653b47b7e9e7cf59ec92037e8693/include -I/home/runner/work/tt-metal/tt-metal/.cpmcache/yaml-cpp/905940a232aea3437e2fb77334461b1fe343318b/include -I/home/runner/work/tt-metal/tt-metal/tt_metal/third_party/umd/device -I/home/runner/work/tt-metal/tt-metal/tt_metal/third_party/umd/third_party/fmt/include -isystem /home/runner/work/tt-metal/tt-metal/.cpmcache/googletest/96129d89f45386492ae46d6bb8c027bc3df5f949/googletest/include -isystem /home/runner/work/tt-metal/tt-metal/.cpmcache/googletest/96129d89f45386492ae46d6bb8c027bc3df5f949/googletest -isystem /home/runner/work/tt-metal/tt-metal/.cpmcache/reflect/e75434c4c5f669e4a74e4d84e0a30d7249c1e66f -isystem /home/runner/work/tt-metal/tt-metal/.cpmcache/flatbuffers/2c4062bffa52fa4157b1b4deeae73395df475fda/include -isystem /home/runner/work/tt-metal/tt-metal/.cpmcache/nanomsg/28cc32d5bdb6a858fe53b3ccf7e923957e53eada/include -O0 -g -DDEBUG=DEBUG -std=c++20 -MP -Wno-int-to-pointer-cast -fno-var-tracking -mavx2 -fPIC -DFMT_HEADER_ONLY -fvisibility-inlines-hidden -fno-lto -DARCH_BLACKHOLE -DDISABLE_ISSUE_3487_FIX -Werror -Wdelete-non-virtual-dtor -Wreturn-type -Wswitch -Wuninitialized -Wno-unused-parameter -Wsometimes-uninitialized -Wno-c++11-narrowing -Wno-error=local-type-template-args -Wno-delete-non-abstract-non-virtual-dtor -Wno-c99-designator -Wno-shift-op-parentheses -Wno-non-c-typedef-for-linkage -Wno-deprecated-this-capture -Wno-deprecated-volatile -Wno-deprecated-builtins -Wno-deprecated-declarations -stdlib=libc++ -Winvalid-pch -Xclang -include-pch -Xclang /home/runner/work/tt-metal/tt-metal/build/tests/ttnn/unit_tests/gtests/CMakeFiles/unit_tests_ttnn.dir/cmake_pch.hxx.pch -Xclang -include -Xclang /home/runner/work/tt-metal/tt-metal/build/tests/ttnn/unit_tests/gtests/CMakeFiles/unit_tests_ttnn.dir/cmake_pch.hxx -MD -MT tests/ttnn/unit_tests/gtests/CMakeFiles/unit_tests_ttnn.dir/test_reflect.cpp.o -MF tests/ttnn/unit_tests/gtests/CMakeFiles/unit_tests_ttnn.dir/test_reflect.cpp.o.d -o tests/ttnn/unit_tests/gtests/CMakeFiles/unit_tests_ttnn.dir/test_reflect.cpp.o -c /home/runner/work/tt-metal/tt-metal/tests/ttnn/unit_tests/gtests/test_reflect.cpp
2024-09-02T07:42:14.9518710Z [1014/1027] /usr/bin/clang++-17 -DUSING_UV_SHARED=1 -DYAML_CPP_STATIC_DEFINE -I/home/runner/work/tt-metal/tt-metal/tt_metal/third_party/umd -I/home/runner/work/tt-metal/tt-metal -I/home/runner/work/tt-metal/tt-metal/tt_metal -I/home/runner/work/tt-metal/tt-metal/tests -I/home/runner/work/tt-metal/tt-metal/tests/ttnn/unit_tests/gtests -I/home/runner/work/tt-metal/tt-metal/ttnn -I/home/runner/work/tt-metal/tt-metal/ttnn/cpp/ttnn/deprecated -I/home/runner/work/tt-metal/tt-metal/ttnn/cpp -I/home/runner/work/tt-metal/tt-metal/tt_metal/third_party/fmt -I/home/runner/work/tt-metal/tt-metal/ttnn/cpp/ttnn/experimental/tt_lib -I/home/runner/work/tt-metal/tt-metal/tt_metal/third_party/pybind11/include -I/usr/include/python3.8 -I/home/runner/work/tt-metal/tt-metal/tt_metal/hw/inc -I/home/runner/work/tt-metal/tt-metal/tt_metal/hw/inc/blackhole -I/home/runner/work/tt-metal/tt-metal/tt_metal/third_party/umd/device/blackhole -I/home/runner/work/tt-metal/tt-metal/tt_metal/third_party/umd/src/firmware/riscv/blackhole -I/home/runner/work/tt-metal/tt-metal/.cpmcache/libuv/72aa6fc919b0653b47b7e9e7cf59ec92037e8693/include -I/home/runner/work/tt-metal/tt-metal/.cpmcache/yaml-cpp/905940a232aea3437e2fb77334461b1fe343318b/include -I/home/runner/work/tt-metal/tt-metal/tt_metal/third_party/umd/device -I/home/runner/work/tt-metal/tt-metal/tt_metal/third_party/umd/third_party/fmt/include -isystem /home/runner/work/tt-metal/tt-metal/.cpmcache/googletest/96129d89f45386492ae46d6bb8c027bc3df5f949/googletest/include -isystem /home/runner/work/tt-metal/tt-metal/.cpmcache/googletest/96129d89f45386492ae46d6bb8c027bc3df5f949/googletest -isystem /home/runner/work/tt-metal/tt-metal/.cpmcache/reflect/e75434c4c5f669e4a74e4d84e0a30d7249c1e66f -isystem /home/runner/work/tt-metal/tt-metal/.cpmcache/flatbuffers/2c4062bffa52fa4157b1b4deeae73395df475fda/include -isystem /home/runner/work/tt-metal/tt-metal/.cpmcache/nanomsg/28cc32d5bdb6a858fe53b3ccf7e923957e53eada/include -O0 -g -DDEBUG=DEBUG -std=c++20 -MP -Wno-int-to-pointer-cast -fno-var-tracking -mavx2 -fPIC -DFMT_HEADER_ONLY -fvisibility-inlines-hidden -fno-lto -DARCH_BLACKHOLE -DDISABLE_ISSUE_3487_FIX -Werror -Wdelete-non-virtual-dtor -Wreturn-type -Wswitch -Wuninitialized -Wno-unused-parameter -Wsometimes-uninitialized -Wno-c++11-narrowing -Wno-error=local-type-template-args -Wno-delete-non-abstract-non-virtual-dtor -Wno-c99-designator -Wno-shift-op-parentheses -Wno-non-c-typedef-for-linkage -Wno-deprecated-this-capture -Wno-deprecated-volatile -Wno-deprecated-builtins -Wno-deprecated-declarations -stdlib=libc++ -Winvalid-pch -Xclang -include-pch -Xclang /home/runner/work/tt-metal/tt-metal/build/tests/ttnn/unit_tests/gtests/CMakeFiles/unit_tests_ttnn.dir/cmake_pch.hxx.pch -Xclang -include -Xclang /home/runner/work/tt-metal/tt-metal/build/tests/ttnn/unit_tests/gtests/CMakeFiles/unit_tests_ttnn.dir/cmake_pch.hxx -MD -MT tests/ttnn/unit_tests/gtests/CMakeFiles/unit_tests_ttnn.dir/test_graph_add.cpp.o -MF tests/ttnn/unit_tests/gtests/CMakeFiles/unit_tests_ttnn.dir/test_graph_add.cpp.o.d -o tests/ttnn/unit_tests/gtests/CMakeFiles/unit_tests_ttnn.dir/test_graph_add.cpp.o -c /home/runner/work/tt-metal/tt-metal/tests/ttnn/unit_tests/gtests/test_graph_add.cpp
2024-09-02T07:42:15.3867928Z [1015/1027] /usr/bin/clang++-17 -DUSING_UV_SHARED=1 -DYAML_CPP_STATIC_DEFINE -I/home/runner/work/tt-metal/tt-metal/tt_metal/third_party/umd -I/home/runner/work/tt-metal/tt-metal -I/home/runner/work/tt-metal/tt-metal/tt_metal -I/home/runner/work/tt-metal/tt-metal/tests -I/home/runner/work/tt-metal/tt-metal/tests/ttnn/unit_tests/gtests -I/home/runner/work/tt-metal/tt-metal/ttnn -I/home/runner/work/tt-metal/tt-metal/ttnn/cpp/ttnn/deprecated -I/home/runner/work/tt-metal/tt-metal/ttnn/cpp -I/home/runner/work/tt-metal/tt-metal/tt_metal/third_party/fmt -I/home/runner/work/tt-metal/tt-metal/ttnn/cpp/ttnn/experimental/tt_lib -I/home/runner/work/tt-metal/tt-metal/tt_metal/third_party/pybind11/include -I/usr/include/python3.8 -I/home/runner/work/tt-metal/tt-metal/tt_metal/hw/inc -I/home/runner/work/tt-metal/tt-metal/tt_metal/hw/inc/blackhole -I/home/runner/work/tt-metal/tt-metal/tt_metal/third_party/umd/device/blackhole -I/home/runner/work/tt-metal/tt-metal/tt_metal/third_party/umd/src/firmware/riscv/blackhole -I/home/runner/work/tt-metal/tt-metal/.cpmcache/libuv/72aa6fc919b0653b47b7e9e7cf59ec92037e8693/include -I/home/runner/work/tt-metal/tt-metal/.cpmcache/yaml-cpp/905940a232aea3437e2fb77334461b1fe343318b/include -I/home/runner/work/tt-metal/tt-metal/tt_metal/third_party/umd/device -I/home/runner/work/tt-metal/tt-metal/tt_metal/third_party/umd/third_party/fmt/include -isystem /home/runner/work/tt-metal/tt-metal/.cpmcache/googletest/96129d89f45386492ae46d6bb8c027bc3df5f949/googletest/include -isystem /home/runner/work/tt-metal/tt-metal/.cpmcache/googletest/96129d89f45386492ae46d6bb8c027bc3df5f949/googletest -isystem /home/runner/work/tt-metal/tt-metal/.cpmcache/reflect/e75434c4c5f669e4a74e4d84e0a30d7249c1e66f -isystem /home/runner/work/tt-metal/tt-metal/.cpmcache/flatbuffers/2c4062bffa52fa4157b1b4deeae73395df475fda/include -isystem /home/runner/work/tt-metal/tt-metal/.cpmcache/nanomsg/28cc32d5bdb6a858fe53b3ccf7e923957e53eada/include -O0 -g -DDEBUG=DEBUG -std=c++20 -MP -Wno-int-to-pointer-cast -fno-var-tracking -mavx2 -fPIC -DFMT_HEADER_ONLY -fvisibility-inlines-hidden -fno-lto -DARCH_BLACKHOLE -DDISABLE_ISSUE_3487_FIX -Werror -Wdelete-non-virtual-dtor -Wreturn-type -Wswitch -Wuninitialized -Wno-unused-parameter -Wsometimes-uninitialized -Wno-c++11-narrowing -Wno-error=local-type-template-args -Wno-delete-non-abstract-non-virtual-dtor -Wno-c99-designator -Wno-shift-op-parentheses -Wno-non-c-typedef-for-linkage -Wno-deprecated-this-capture -Wno-deprecated-volatile -Wno-deprecated-builtins -Wno-deprecated-declarations -stdlib=libc++ -Winvalid-pch -Xclang -include-pch -Xclang /home/runner/work/tt-metal/tt-metal/build/tests/ttnn/unit_tests/gtests/CMakeFiles/unit_tests_ttnn.dir/cmake_pch.hxx.pch -Xclang -include -Xclang /home/runner/work/tt-metal/tt-metal/build/tests/ttnn/unit_tests/gtests/CMakeFiles/unit_tests_ttnn.dir/cmake_pch.hxx -MD -MT tests/ttnn/unit_tests/gtests/CMakeFiles/unit_tests_ttnn.dir/test_multiprod_queue.cpp.o -MF tests/ttnn/unit_tests/gtests/CMakeFiles/unit_tests_ttnn.dir/test_multiprod_queue.cpp.o.d -o tests/ttnn/unit_tests/gtests/CMakeFiles/unit_tests_ttnn.dir/test_multiprod_queue.cpp.o -c /home/runner/work/tt-metal/tt-metal/tests/ttnn/unit_tests/gtests/test_multiprod_queue.cpp
2024-09-02T07:42:16.6529620Z [1016/1027] /usr/bin/clang++-17 -DUSING_UV_SHARED=1 -DYAML_CPP_STATIC_DEFINE -I/home/runner/work/tt-metal/tt-metal/tt_metal/third_party/umd -I/home/runner/work/tt-metal/tt-metal -I/home/runner/work/tt-metal/tt-metal/tt_metal -I/home/runner/work/tt-metal/tt-metal/tests -I/home/runner/work/tt-metal/tt-metal/tests/ttnn/unit_tests/gtests -I/home/runner/work/tt-metal/tt-metal/ttnn -I/home/runner/work/tt-metal/tt-metal/ttnn/cpp/ttnn/deprecated -I/home/runner/work/tt-metal/tt-metal/ttnn/cpp -I/home/runner/work/tt-metal/tt-metal/tt_metal/third_party/fmt -I/home/runner/work/tt-metal/tt-metal/ttnn/cpp/ttnn/experimental/tt_lib -I/home/runner/work/tt-metal/tt-metal/tt_metal/third_party/pybind11/include -I/usr/include/python3.8 -I/home/runner/work/tt-metal/tt-metal/tt_metal/hw/inc -I/home/runner/work/tt-metal/tt-metal/tt_metal/hw/inc/blackhole -I/home/runner/work/tt-metal/tt-metal/tt_metal/third_party/umd/device/blackhole -I/home/runner/work/tt-metal/tt-metal/tt_metal/third_party/umd/src/firmware/riscv/blackhole -I/home/runner/work/tt-metal/tt-metal/.cpmcache/libuv/72aa6fc919b0653b47b7e9e7cf59ec92037e8693/include -I/home/runner/work/tt-metal/tt-metal/.cpmcache/yaml-cpp/905940a232aea3437e2fb77334461b1fe343318b/include -I/home/runner/work/tt-metal/tt-metal/tt_metal/third_party/umd/device -I/home/runner/work/tt-metal/tt-metal/tt_metal/third_party/umd/third_party/fmt/include -isystem /home/runner/work/tt-metal/tt-metal/.cpmcache/googletest/96129d89f45386492ae46d6bb8c027bc3df5f949/googletest/include -isystem /home/runner/work/tt-metal/tt-metal/.cpmcache/googletest/96129d89f45386492ae46d6bb8c027bc3df5f949/googletest -isystem /home/runner/work/tt-metal/tt-metal/.cpmcache/reflect/e75434c4c5f669e4a74e4d84e0a30d7249c1e66f -isystem /home/runner/work/tt-metal/tt-metal/.cpmcache/flatbuffers/2c4062bffa52fa4157b1b4deeae73395df475fda/include -isystem /home/runner/work/tt-metal/tt-metal/.cpmcache/nanomsg/28cc32d5bdb6a858fe53b3ccf7e923957e53eada/include -O0 -g -DDEBUG=DEBUG -std=c++20 -MP -Wno-int-to-pointer-cast -fno-var-tracking -mavx2 -fPIC -DFMT_HEADER_ONLY -fvisibility-inlines-hidden -fno-lto -DARCH_BLACKHOLE -DDISABLE_ISSUE_3487_FIX -Werror -Wdelete-non-virtual-dtor -Wreturn-type -Wswitch -Wuninitialized -Wno-unused-parameter -Wsometimes-uninitialized -Wno-c++11-narrowing -Wno-error=local-type-template-args -Wno-delete-non-abstract-non-virtual-dtor -Wno-c99-designator -Wno-shift-op-parentheses -Wno-non-c-typedef-for-linkage -Wno-deprecated-this-capture -Wno-deprecated-volatile -Wno-deprecated-builtins -Wno-deprecated-declarations -stdlib=libc++ -Winvalid-pch -Xclang -include-pch -Xclang /home/runner/work/tt-metal/tt-metal/build/tests/ttnn/unit_tests/gtests/CMakeFiles/unit_tests_ttnn.dir/cmake_pch.hxx.pch -Xclang -include -Xclang /home/runner/work/tt-metal/tt-metal/build/tests/ttnn/unit_tests/gtests/CMakeFiles/unit_tests_ttnn.dir/cmake_pch.hxx -MD -MT tests/ttnn/unit_tests/gtests/CMakeFiles/unit_tests_ttnn.dir/test_async_runtime.cpp.o -MF tests/ttnn/unit_tests/gtests/CMakeFiles/unit_tests_ttnn.dir/test_async_runtime.cpp.o.d -o tests/ttnn/unit_tests/gtests/CMakeFiles/unit_tests_ttnn.dir/test_async_runtime.cpp.o -c /home/runner/work/tt-metal/tt-metal/tests/ttnn/unit_tests/gtests/test_async_runtime.cpp
2024-09-02T07:42:22.6774080Z [1017/1027] /usr/bin/clang++-17 -DUSING_UV_SHARED=1 -DYAML_CPP_STATIC_DEFINE -I/home/runner/work/tt-metal/tt-metal/tt_metal/third_party/umd -I/home/runner/work/tt-metal/tt-metal -I/home/runner/work/tt-metal/tt-metal/tt_metal -I/home/runner/work/tt-metal/tt-metal/tests -I/home/runner/work/tt-metal/tt-metal/tests/ttnn/unit_tests/gtests -I/home/runner/work/tt-metal/tt-metal/ttnn -I/home/runner/work/tt-metal/tt-metal/ttnn/cpp/ttnn/deprecated -I/home/runner/work/tt-metal/tt-metal/ttnn/cpp -I/home/runner/work/tt-metal/tt-metal/tt_metal/third_party/fmt -I/home/runner/work/tt-metal/tt-metal/ttnn/cpp/ttnn/experimental/tt_lib -I/home/runner/work/tt-metal/tt-metal/tt_metal/third_party/pybind11/include -I/usr/include/python3.8 -I/home/runner/work/tt-metal/tt-metal/tt_metal/hw/inc -I/home/runner/work/tt-metal/tt-metal/tt_metal/hw/inc/blackhole -I/home/runner/work/tt-metal/tt-metal/tt_metal/third_party/umd/device/blackhole -I/home/runner/work/tt-metal/tt-metal/tt_metal/third_party/umd/src/firmware/riscv/blackhole -I/home/runner/work/tt-metal/tt-metal/.cpmcache/libuv/72aa6fc919b0653b47b7e9e7cf59ec92037e8693/include -I/home/runner/work/tt-metal/tt-metal/.cpmcache/yaml-cpp/905940a232aea3437e2fb77334461b1fe343318b/include -I/home/runner/work/tt-metal/tt-metal/tt_metal/third_party/umd/device -I/home/runner/work/tt-metal/tt-metal/tt_metal/third_party/umd/third_party/fmt/include -isystem /home/runner/work/tt-metal/tt-metal/.cpmcache/googletest/96129d89f45386492ae46d6bb8c027bc3df5f949/googletest/include -isystem /home/runner/work/tt-metal/tt-metal/.cpmcache/googletest/96129d89f45386492ae46d6bb8c027bc3df5f949/googletest -isystem /home/runner/work/tt-metal/tt-metal/.cpmcache/reflect/e75434c4c5f669e4a74e4d84e0a30d7249c1e66f -isystem /home/runner/work/tt-metal/tt-metal/.cpmcache/flatbuffers/2c4062bffa52fa4157b1b4deeae73395df475fda/include -isystem /home/runner/work/tt-metal/tt-metal/.cpmcache/nanomsg/28cc32d5bdb6a858fe53b3ccf7e923957e53eada/include -O0 -g -DDEBUG=DEBUG -std=c++20 -MP -Wno-int-to-pointer-cast -fno-var-tracking -mavx2 -fPIC -DFMT_HEADER_ONLY -fvisibility-inlines-hidden -fno-lto -DARCH_BLACKHOLE -DDISABLE_ISSUE_3487_FIX -Werror -Wdelete-non-virtual-dtor -Wreturn-type -Wswitch -Wuninitialized -Wno-unused-parameter -Wsometimes-uninitialized -Wno-c++11-narrowing -Wno-error=local-type-template-args -Wno-delete-non-abstract-non-virtual-dtor -Wno-c99-designator -Wno-shift-op-parentheses -Wno-non-c-typedef-for-linkage -Wno-deprecated-this-capture -Wno-deprecated-volatile -Wno-deprecated-builtins -Wno-deprecated-declarations -stdlib=libc++ -Winvalid-pch -fpch-instantiate-templates -Xclang -emit-pch -Xclang -include -Xclang /home/runner/work/tt-metal/tt-metal/build/tests/ttnn/unit_tests/gtests/CMakeFiles/test_multi_device.dir/cmake_pch.hxx -x c++-header -MD -MT tests/ttnn/unit_tests/gtests/CMakeFiles/test_multi_device.dir/cmake_pch.hxx.pch -MF tests/ttnn/unit_tests/gtests/CMakeFiles/test_multi_device.dir/cmake_pch.hxx.pch.d -o tests/ttnn/unit_tests/gtests/CMakeFiles/test_multi_device.dir/cmake_pch.hxx.pch -c /home/runner/work/tt-metal/tt-metal/build/tests/ttnn/unit_tests/gtests/CMakeFiles/test_multi_device.dir/cmake_pch.hxx.cxx
2024-09-02T07:42:22.6830437Z [1018/1027] /usr/bin/clang++-17 -DUSING_UV_SHARED=1 -DYAML_CPP_STATIC_DEFINE -I/home/runner/work/tt-metal/tt-metal/tt_metal/third_party/umd -I/home/runner/work/tt-metal/tt-metal -I/home/runner/work/tt-metal/tt-metal/tt_metal -I/home/runner/work/tt-metal/tt-metal/tests -I/home/runner/work/tt-metal/tt-metal/tests/ttnn/unit_tests/gtests -I/home/runner/work/tt-metal/tt-metal/ttnn -I/home/runner/work/tt-metal/tt-metal/ttnn/cpp/ttnn/deprecated -I/home/runner/work/tt-metal/tt-metal/ttnn/cpp -I/home/runner/work/tt-metal/tt-metal/tt_metal/third_party/fmt -I/home/runner/work/tt-metal/tt-metal/ttnn/cpp/ttnn/experimental/tt_lib -I/home/runner/work/tt-metal/tt-metal/tt_metal/third_party/pybind11/include -I/usr/include/python3.8 -I/home/runner/work/tt-metal/tt-metal/tt_metal/hw/inc -I/home/runner/work/tt-metal/tt-metal/tt_metal/hw/inc/blackhole -I/home/runner/work/tt-metal/tt-metal/tt_metal/third_party/umd/device/blackhole -I/home/runner/work/tt-metal/tt-metal/tt_metal/third_party/umd/src/firmware/riscv/blackhole -I/home/runner/work/tt-metal/tt-metal/.cpmcache/libuv/72aa6fc919b0653b47b7e9e7cf59ec92037e8693/include -I/home/runner/work/tt-metal/tt-metal/.cpmcache/yaml-cpp/905940a232aea3437e2fb77334461b1fe343318b/include -I/home/runner/work/tt-metal/tt-metal/tt_metal/third_party/umd/device -I/home/runner/work/tt-metal/tt-metal/tt_metal/third_party/umd/third_party/fmt/include -isystem /home/runner/work/tt-metal/tt-metal/.cpmcache/googletest/96129d89f45386492ae46d6bb8c027bc3df5f949/googletest/include -isystem /home/runner/work/tt-metal/tt-metal/.cpmcache/googletest/96129d89f45386492ae46d6bb8c027bc3df5f949/googletest -isystem /home/runner/work/tt-metal/tt-metal/.cpmcache/reflect/e75434c4c5f669e4a74e4d84e0a30d7249c1e66f -isystem /home/runner/work/tt-metal/tt-metal/.cpmcache/flatbuffers/2c4062bffa52fa4157b1b4deeae73395df475fda/include -isystem /home/runner/work/tt-metal/tt-metal/.cpmcache/nanomsg/28cc32d5bdb6a858fe53b3ccf7e923957e53eada/include -O0 -g -DDEBUG=DEBUG -std=c++20 -MP -Wno-int-to-pointer-cast -fno-var-tracking -mavx2 -fPIC -DFMT_HEADER_ONLY -fvisibility-inlines-hidden -fno-lto -DARCH_BLACKHOLE -DDISABLE_ISSUE_3487_FIX -Werror -Wdelete-non-virtual-dtor -Wreturn-type -Wswitch -Wuninitialized -Wno-unused-parameter -Wsometimes-uninitialized -Wno-c++11-narrowing -Wno-error=local-type-template-args -Wno-delete-non-abstract-non-virtual-dtor -Wno-c99-designator -Wno-shift-op-parentheses -Wno-non-c-typedef-for-linkage -Wno-deprecated-this-capture -Wno-deprecated-volatile -Wno-deprecated-builtins -Wno-deprecated-declarations -stdlib=libc++ -Winvalid-pch -fpch-instantiate-templates -Xclang -emit-pch -Xclang -include -Xclang /home/runner/work/tt-metal/tt-metal/build/tests/ttnn/unit_tests/gtests/CMakeFiles/galaxy_unit_tests_ttnn.dir/cmake_pch.hxx -x c++-header -MD -MT tests/ttnn/unit_tests/gtests/CMakeFiles/galaxy_unit_tests_ttnn.dir/cmake_pch.hxx.pch -MF tests/ttnn/unit_tests/gtests/CMakeFiles/galaxy_unit_tests_ttnn.dir/cmake_pch.hxx.pch.d -o tests/ttnn/unit_tests/gtests/CMakeFiles/galaxy_unit_tests_ttnn.dir/cmake_pch.hxx.pch -c /home/runner/work/tt-metal/tt-metal/build/tests/ttnn/unit_tests/gtests/CMakeFiles/galaxy_unit_tests_ttnn.dir/cmake_pch.hxx.cxx
2024-09-02T07:42:30.8866032Z [1019/1027] /usr/bin/clang++-17 -DUSING_UV_SHARED=1 -DYAML_CPP_STATIC_DEFINE -I/home/runner/work/tt-metal/tt-metal/tt_metal/third_party/umd -I/home/runner/work/tt-metal/tt-metal -I/home/runner/work/tt-metal/tt-metal/tt_metal -I/home/runner/work/tt-metal/tt-metal/tests -I/home/runner/work/tt-metal/tt-metal/tests/ttnn/unit_tests/gtests -I/home/runner/work/tt-metal/tt-metal/ttnn -I/home/runner/work/tt-metal/tt-metal/ttnn/cpp/ttnn/deprecated -I/home/runner/work/tt-metal/tt-metal/ttnn/cpp -I/home/runner/work/tt-metal/tt-metal/tt_metal/third_party/fmt -I/home/runner/work/tt-metal/tt-metal/ttnn/cpp/ttnn/experimental/tt_lib -I/home/runner/work/tt-metal/tt-metal/tt_metal/third_party/pybind11/include -I/usr/include/python3.8 -I/home/runner/work/tt-metal/tt-metal/tt_metal/hw/inc -I/home/runner/work/tt-metal/tt-metal/tt_metal/hw/inc/blackhole -I/home/runner/work/tt-metal/tt-metal/tt_metal/third_party/umd/device/blackhole -I/home/runner/work/tt-metal/tt-metal/tt_metal/third_party/umd/src/firmware/riscv/blackhole -I/home/runner/work/tt-metal/tt-metal/.cpmcache/libuv/72aa6fc919b0653b47b7e9e7cf59ec92037e8693/include -I/home/runner/work/tt-metal/tt-metal/.cpmcache/yaml-cpp/905940a232aea3437e2fb77334461b1fe343318b/include -I/home/runner/work/tt-metal/tt-metal/tt_metal/third_party/umd/device -I/home/runner/work/tt-metal/tt-metal/tt_metal/third_party/umd/third_party/fmt/include -isystem /home/runner/work/tt-metal/tt-metal/.cpmcache/googletest/96129d89f45386492ae46d6bb8c027bc3df5f949/googletest/include -isystem /home/runner/work/tt-metal/tt-metal/.cpmcache/googletest/96129d89f45386492ae46d6bb8c027bc3df5f949/googletest -isystem /home/runner/work/tt-metal/tt-metal/.cpmcache/reflect/e75434c4c5f669e4a74e4d84e0a30d7249c1e66f -isystem /home/runner/work/tt-metal/tt-metal/.cpmcache/flatbuffers/2c4062bffa52fa4157b1b4deeae73395df475fda/include -isystem /home/runner/work/tt-metal/tt-metal/.cpmcache/nanomsg/28cc32d5bdb6a858fe53b3ccf7e923957e53eada/include -O0 -g -DDEBUG=DEBUG -std=c++20 -MP -Wno-int-to-pointer-cast -fno-var-tracking -mavx2 -fPIC -DFMT_HEADER_ONLY -fvisibility-inlines-hidden -fno-lto -DARCH_BLACKHOLE -DDISABLE_ISSUE_3487_FIX -Werror -Wdelete-non-virtual-dtor -Wreturn-type -Wswitch -Wuninitialized -Wno-unused-parameter -Wsometimes-uninitialized -Wno-c++11-narrowing -Wno-error=local-type-template-args -Wno-delete-non-abstract-non-virtual-dtor -Wno-c99-designator -Wno-shift-op-parentheses -Wno-non-c-typedef-for-linkage -Wno-deprecated-this-capture -Wno-deprecated-volatile -Wno-deprecated-builtins -Wno-deprecated-declarations -stdlib=libc++ -Winvalid-pch -Xclang -include-pch -Xclang /home/runner/work/tt-metal/tt-metal/build/tests/ttnn/unit_tests/gtests/CMakeFiles/unit_tests_ttnn.dir/cmake_pch.hxx.pch -Xclang -include -Xclang /home/runner/work/tt-metal/tt-metal/build/tests/ttnn/unit_tests/gtests/CMakeFiles/unit_tests_ttnn.dir/cmake_pch.hxx -MD -MT tests/ttnn/unit_tests/gtests/CMakeFiles/unit_tests_ttnn.dir/test_multi_cq_multi_dev.cpp.o -MF tests/ttnn/unit_tests/gtests/CMakeFiles/unit_tests_ttnn.dir/test_multi_cq_multi_dev.cpp.o.d -o tests/ttnn/unit_tests/gtests/CMakeFiles/unit_tests_ttnn.dir/test_multi_cq_multi_dev.cpp.o -c /home/runner/work/tt-metal/tt-metal/tests/ttnn/unit_tests/gtests/test_multi_cq_multi_dev.cpp
2024-09-02T07:42:38.2593341Z [1020/1027] /usr/bin/clang++-17 -DUSING_UV_SHARED=1 -DYAML_CPP_STATIC_DEFINE -I/home/runner/work/tt-metal/tt-metal/tt_metal/third_party/umd -I/home/runner/work/tt-metal/tt-metal -I/home/runner/work/tt-metal/tt-metal/tt_metal -I/home/runner/work/tt-metal/tt-metal/tests -I/home/runner/work/tt-metal/tt-metal/tests/ttnn/unit_tests/gtests -I/home/runner/work/tt-metal/tt-metal/ttnn -I/home/runner/work/tt-metal/tt-metal/ttnn/cpp/ttnn/deprecated -I/home/runner/work/tt-metal/tt-metal/ttnn/cpp -I/home/runner/work/tt-metal/tt-metal/tt_metal/third_party/fmt -I/home/runner/work/tt-metal/tt-metal/ttnn/cpp/ttnn/experimental/tt_lib -I/home/runner/work/tt-metal/tt-metal/tt_metal/third_party/pybind11/include -I/usr/include/python3.8 -I/home/runner/work/tt-metal/tt-metal/tt_metal/hw/inc -I/home/runner/work/tt-metal/tt-metal/tt_metal/hw/inc/blackhole -I/home/runner/work/tt-metal/tt-metal/tt_metal/third_party/umd/device/blackhole -I/home/runner/work/tt-metal/tt-metal/tt_metal/third_party/umd/src/firmware/riscv/blackhole -I/home/runner/work/tt-metal/tt-metal/.cpmcache/libuv/72aa6fc919b0653b47b7e9e7cf59ec92037e8693/include -I/home/runner/work/tt-metal/tt-metal/.cpmcache/yaml-cpp/905940a232aea3437e2fb77334461b1fe343318b/include -I/home/runner/work/tt-metal/tt-metal/tt_metal/third_party/umd/device -I/home/runner/work/tt-metal/tt-metal/tt_metal/third_party/umd/third_party/fmt/include -isystem /home/runner/work/tt-metal/tt-metal/.cpmcache/googletest/96129d89f45386492ae46d6bb8c027bc3df5f949/googletest/include -isystem /home/runner/work/tt-metal/tt-metal/.cpmcache/googletest/96129d89f45386492ae46d6bb8c027bc3df5f949/googletest -isystem /home/runner/work/tt-metal/tt-metal/.cpmcache/reflect/e75434c4c5f669e4a74e4d84e0a30d7249c1e66f -isystem /home/runner/work/tt-metal/tt-metal/.cpmcache/flatbuffers/2c4062bffa52fa4157b1b4deeae73395df475fda/include -isystem /home/runner/work/tt-metal/tt-metal/.cpmcache/nanomsg/28cc32d5bdb6a858fe53b3ccf7e923957e53eada/include -O0 -g -DDEBUG=DEBUG -std=c++20 -MP -Wno-int-to-pointer-cast -fno-var-tracking -mavx2 -fPIC -DFMT_HEADER_ONLY -fvisibility-inlines-hidden -fno-lto -DARCH_BLACKHOLE -DDISABLE_ISSUE_3487_FIX -Werror -Wdelete-non-virtual-dtor -Wreturn-type -Wswitch -Wuninitialized -Wno-unused-parameter -Wsometimes-uninitialized -Wno-c++11-narrowing -Wno-error=local-type-template-args -Wno-delete-non-abstract-non-virtual-dtor -Wno-c99-designator -Wno-shift-op-parentheses -Wno-non-c-typedef-for-linkage -Wno-deprecated-this-capture -Wno-deprecated-volatile -Wno-deprecated-builtins -Wno-deprecated-declarations -stdlib=libc++ -Winvalid-pch -Xclang -include-pch -Xclang /home/runner/work/tt-metal/tt-metal/build/tests/ttnn/unit_tests/gtests/CMakeFiles/unit_tests_ttnn_ccl.dir/cmake_pch.hxx.pch -Xclang -include -Xclang /home/runner/work/tt-metal/tt-metal/build/tests/ttnn/unit_tests/gtests/CMakeFiles/unit_tests_ttnn_ccl.dir/cmake_pch.hxx -MD -MT tests/ttnn/unit_tests/gtests/CMakeFiles/unit_tests_ttnn_ccl.dir/ccl/test_erisc_data_mover_with_workers.cpp.o -MF tests/ttnn/unit_tests/gtests/CMakeFiles/unit_tests_ttnn_ccl.dir/ccl/test_erisc_data_mover_with_workers.cpp.o.d -o tests/ttnn/unit_tests/gtests/CMakeFiles/unit_tests_ttnn_ccl.dir/ccl/test_erisc_data_mover_with_workers.cpp.o -c /home/runner/work/tt-metal/tt-metal/tests/ttnn/unit_tests/gtests/ccl/test_erisc_data_mover_with_workers.cpp
2024-09-02T07:42:38.6446315Z [1021/1027] : && /usr/bin/clang++-17 -O0 -g -DDEBUG=DEBUG  tests/ttnn/unit_tests/gtests/CMakeFiles/unit_tests_ttnn_ccl.dir/ccl/test_erisc_data_mover_with_workers.cpp.o -o test/ttnn/unit_tests_ttnn_ccl  -Wl,-rpath,/home/runner/work/tt-metal/tt-metal/build/ttnn:/home/runner/work/tt-metal/tt-metal/build/tt_metal:/home/runner/work/tt-metal/tt-metal/build/lib:/home/runner/work/tt-metal/tt-metal/build/_deps/nanomsg-build:/home/runner/work/tt-metal/tt-metal/build/_deps/libuv-build  ttnn/_ttnn.so  tt_metal/libtt_metal.so  lib/libgtest_main.so.1.13.0  lib/libgtest.so.1.13.0  -lpthread  lib/libdevice.so  _deps/yaml-cpp-build/libyaml-cpp.a  _deps/nanomsg-build/libnng.so.1.8.0  _deps/libuv-build/libuv.so.1.0.0  -lrt  -lc++  /usr/lib/x86_64-linux-gnu/libc++abi.so  -ldl  -lz  -lpthread  -latomic  -lhwloc  -lnuma  /usr/lib/x86_64-linux-gnu/libpython3.8.so && :
2024-09-02T07:42:39.1692518Z [1022/1027] /usr/bin/clang++-17 -DUSING_UV_SHARED=1 -DYAML_CPP_STATIC_DEFINE -I/home/runner/work/tt-metal/tt-metal/tt_metal/third_party/umd -I/home/runner/work/tt-metal/tt-metal -I/home/runner/work/tt-metal/tt-metal/tt_metal -I/home/runner/work/tt-metal/tt-metal/tests -I/home/runner/work/tt-metal/tt-metal/tests/ttnn/unit_tests/gtests -I/home/runner/work/tt-metal/tt-metal/ttnn -I/home/runner/work/tt-metal/tt-metal/ttnn/cpp/ttnn/deprecated -I/home/runner/work/tt-metal/tt-metal/ttnn/cpp -I/home/runner/work/tt-metal/tt-metal/tt_metal/third_party/fmt -I/home/runner/work/tt-metal/tt-metal/ttnn/cpp/ttnn/experimental/tt_lib -I/home/runner/work/tt-metal/tt-metal/tt_metal/third_party/pybind11/include -I/usr/include/python3.8 -I/home/runner/work/tt-metal/tt-metal/tt_metal/hw/inc -I/home/runner/work/tt-metal/tt-metal/tt_metal/hw/inc/blackhole -I/home/runner/work/tt-metal/tt-metal/tt_metal/third_party/umd/device/blackhole -I/home/runner/work/tt-metal/tt-metal/tt_metal/third_party/umd/src/firmware/riscv/blackhole -I/home/runner/work/tt-metal/tt-metal/.cpmcache/libuv/72aa6fc919b0653b47b7e9e7cf59ec92037e8693/include -I/home/runner/work/tt-metal/tt-metal/.cpmcache/yaml-cpp/905940a232aea3437e2fb77334461b1fe343318b/include -I/home/runner/work/tt-metal/tt-metal/tt_metal/third_party/umd/device -I/home/runner/work/tt-metal/tt-metal/tt_metal/third_party/umd/third_party/fmt/include -isystem /home/runner/work/tt-metal/tt-metal/.cpmcache/googletest/96129d89f45386492ae46d6bb8c027bc3df5f949/googletest/include -isystem /home/runner/work/tt-metal/tt-metal/.cpmcache/googletest/96129d89f45386492ae46d6bb8c027bc3df5f949/googletest -isystem /home/runner/work/tt-metal/tt-metal/.cpmcache/reflect/e75434c4c5f669e4a74e4d84e0a30d7249c1e66f -isystem /home/runner/work/tt-metal/tt-metal/.cpmcache/flatbuffers/2c4062bffa52fa4157b1b4deeae73395df475fda/include -isystem /home/runner/work/tt-metal/tt-metal/.cpmcache/nanomsg/28cc32d5bdb6a858fe53b3ccf7e923957e53eada/include -O0 -g -DDEBUG=DEBUG -std=c++20 -MP -Wno-int-to-pointer-cast -fno-var-tracking -mavx2 -fPIC -DFMT_HEADER_ONLY -fvisibility-inlines-hidden -fno-lto -DARCH_BLACKHOLE -DDISABLE_ISSUE_3487_FIX -Werror -Wdelete-non-virtual-dtor -Wreturn-type -Wswitch -Wuninitialized -Wno-unused-parameter -Wsometimes-uninitialized -Wno-c++11-narrowing -Wno-error=local-type-template-args -Wno-delete-non-abstract-non-virtual-dtor -Wno-c99-designator -Wno-shift-op-parentheses -Wno-non-c-typedef-for-linkage -Wno-deprecated-this-capture -Wno-deprecated-volatile -Wno-deprecated-builtins -Wno-deprecated-declarations -stdlib=libc++ -Winvalid-pch -Xclang -include-pch -Xclang /home/runner/work/tt-metal/tt-metal/build/tests/ttnn/unit_tests/gtests/CMakeFiles/unit_tests_ttnn.dir/cmake_pch.hxx.pch -Xclang -include -Xclang /home/runner/work/tt-metal/tt-metal/build/tests/ttnn/unit_tests/gtests/CMakeFiles/unit_tests_ttnn.dir/cmake_pch.hxx -MD -MT tests/ttnn/unit_tests/gtests/CMakeFiles/unit_tests_ttnn.dir/test_to_and_from_json.cpp.o -MF tests/ttnn/unit_tests/gtests/CMakeFiles/unit_tests_ttnn.dir/test_to_and_from_json.cpp.o.d -o tests/ttnn/unit_tests/gtests/CMakeFiles/unit_tests_ttnn.dir/test_to_and_from_json.cpp.o -c /home/runner/work/tt-metal/tt-metal/tests/ttnn/unit_tests/gtests/test_to_and_from_json.cpp
2024-09-02T07:42:41.3386658Z [1023/1027] : && /usr/bin/clang++-17 -O0 -g -DDEBUG=DEBUG  tests/ttnn/unit_tests/gtests/CMakeFiles/unit_tests_ttnn.dir/test_add.cpp.o tests/ttnn/unit_tests/gtests/CMakeFiles/unit_tests_ttnn.dir/test_graph_add.cpp.o tests/ttnn/unit_tests/gtests/CMakeFiles/unit_tests_ttnn.dir/test_repeat_interleave.cpp.o tests/ttnn/unit_tests/gtests/CMakeFiles/unit_tests_ttnn.dir/test_async_runtime.cpp.o tests/ttnn/unit_tests/gtests/CMakeFiles/unit_tests_ttnn.dir/test_multiprod_queue.cpp.o tests/ttnn/unit_tests/gtests/CMakeFiles/unit_tests_ttnn.dir/test_multi_cq_multi_dev.cpp.o tests/ttnn/unit_tests/gtests/CMakeFiles/unit_tests_ttnn.dir/test_reflect.cpp.o tests/ttnn/unit_tests/gtests/CMakeFiles/unit_tests_ttnn.dir/test_to_and_from_json.cpp.o -o test/ttnn/unit_tests_ttnn  -Wl,-rpath,/home/runner/work/tt-metal/tt-metal/build/ttnn:/home/runner/work/tt-metal/tt-metal/build/tt_metal:/home/runner/work/tt-metal/tt-metal/build/lib:/home/runner/work/tt-metal/tt-metal/build/_deps/nanomsg-build:/home/runner/work/tt-metal/tt-metal/build/_deps/libuv-build  ttnn/_ttnn.so  tt_metal/libtt_metal.so  lib/libgtest_main.so.1.13.0  lib/libgtest.so.1.13.0  -lpthread  lib/libdevice.so  _deps/yaml-cpp-build/libyaml-cpp.a  _deps/nanomsg-build/libnng.so.1.8.0  _deps/libuv-build/libuv.so.1.0.0  -lrt  -lc++  /usr/lib/x86_64-linux-gnu/libc++abi.so  -ldl  -lz  -lpthread  -latomic  -lhwloc  -lnuma  /usr/lib/x86_64-linux-gnu/libpython3.8.so && :
2024-09-02T07:42:44.6890306Z [1024/1027] /usr/bin/clang++-17 -DUSING_UV_SHARED=1 -DYAML_CPP_STATIC_DEFINE -I/home/runner/work/tt-metal/tt-metal/tt_metal/third_party/umd -I/home/runner/work/tt-metal/tt-metal -I/home/runner/work/tt-metal/tt-metal/tt_metal -I/home/runner/work/tt-metal/tt-metal/tests -I/home/runner/work/tt-metal/tt-metal/tests/ttnn/unit_tests/gtests -I/home/runner/work/tt-metal/tt-metal/ttnn -I/home/runner/work/tt-metal/tt-metal/ttnn/cpp/ttnn/deprecated -I/home/runner/work/tt-metal/tt-metal/ttnn/cpp -I/home/runner/work/tt-metal/tt-metal/tt_metal/third_party/fmt -I/home/runner/work/tt-metal/tt-metal/ttnn/cpp/ttnn/experimental/tt_lib -I/home/runner/work/tt-metal/tt-metal/tt_metal/third_party/pybind11/include -I/usr/include/python3.8 -I/home/runner/work/tt-metal/tt-metal/tt_metal/hw/inc -I/home/runner/work/tt-metal/tt-metal/tt_metal/hw/inc/blackhole -I/home/runner/work/tt-metal/tt-metal/tt_metal/third_party/umd/device/blackhole -I/home/runner/work/tt-metal/tt-metal/tt_metal/third_party/umd/src/firmware/riscv/blackhole -I/home/runner/work/tt-metal/tt-metal/.cpmcache/libuv/72aa6fc919b0653b47b7e9e7cf59ec92037e8693/include -I/home/runner/work/tt-metal/tt-metal/.cpmcache/yaml-cpp/905940a232aea3437e2fb77334461b1fe343318b/include -I/home/runner/work/tt-metal/tt-metal/tt_metal/third_party/umd/device -I/home/runner/work/tt-metal/tt-metal/tt_metal/third_party/umd/third_party/fmt/include -isystem /home/runner/work/tt-metal/tt-metal/.cpmcache/googletest/96129d89f45386492ae46d6bb8c027bc3df5f949/googletest/include -isystem /home/runner/work/tt-metal/tt-metal/.cpmcache/googletest/96129d89f45386492ae46d6bb8c027bc3df5f949/googletest -isystem /home/runner/work/tt-metal/tt-metal/.cpmcache/reflect/e75434c4c5f669e4a74e4d84e0a30d7249c1e66f -isystem /home/runner/work/tt-metal/tt-metal/.cpmcache/flatbuffers/2c4062bffa52fa4157b1b4deeae73395df475fda/include -isystem /home/runner/work/tt-metal/tt-metal/.cpmcache/nanomsg/28cc32d5bdb6a858fe53b3ccf7e923957e53eada/include -O0 -g -DDEBUG=DEBUG -std=c++20 -MP -Wno-int-to-pointer-cast -fno-var-tracking -mavx2 -fPIC -DFMT_HEADER_ONLY -fvisibility-inlines-hidden -fno-lto -DARCH_BLACKHOLE -DDISABLE_ISSUE_3487_FIX -Werror -Wdelete-non-virtual-dtor -Wreturn-type -Wswitch -Wuninitialized -Wno-unused-parameter -Wsometimes-uninitialized -Wno-c++11-narrowing -Wno-error=local-type-template-args -Wno-delete-non-abstract-non-virtual-dtor -Wno-c99-designator -Wno-shift-op-parentheses -Wno-non-c-typedef-for-linkage -Wno-deprecated-this-capture -Wno-deprecated-volatile -Wno-deprecated-builtins -Wno-deprecated-declarations -stdlib=libc++ -Winvalid-pch -Xclang -include-pch -Xclang /home/runner/work/tt-metal/tt-metal/build/tests/ttnn/unit_tests/gtests/CMakeFiles/test_multi_device.dir/cmake_pch.hxx.pch -Xclang -include -Xclang /home/runner/work/tt-metal/tt-metal/build/tests/ttnn/unit_tests/gtests/CMakeFiles/test_multi_device.dir/cmake_pch.hxx -MD -MT tests/ttnn/unit_tests/gtests/CMakeFiles/test_multi_device.dir/test_multi_device.cpp.o -MF tests/ttnn/unit_tests/gtests/CMakeFiles/test_multi_device.dir/test_multi_device.cpp.o.d -o tests/ttnn/unit_tests/gtests/CMakeFiles/test_multi_device.dir/test_multi_device.cpp.o -c /home/runner/work/tt-metal/tt-metal/tests/ttnn/unit_tests/gtests/test_multi_device.cpp
2024-09-02T07:42:44.9491974Z [1025/1027] : && /usr/bin/clang++-17 -O0 -g -DDEBUG=DEBUG  tests/ttnn/unit_tests/gtests/CMakeFiles/test_multi_device.dir/test_multi_device.cpp.o -o test/ttnn/test_multi_device  -Wl,-rpath,/home/runner/work/tt-metal/tt-metal/build/ttnn:/home/runner/work/tt-metal/tt-metal/build/tt_metal:/home/runner/work/tt-metal/tt-metal/build/lib:/home/runner/work/tt-metal/tt-metal/build/_deps/nanomsg-build:/home/runner/work/tt-metal/tt-metal/build/_deps/libuv-build  ttnn/_ttnn.so  tt_metal/libtt_metal.so  lib/libgtest_main.so.1.13.0  lib/libgtest.so.1.13.0  -lpthread  lib/libdevice.so  _deps/yaml-cpp-build/libyaml-cpp.a  _deps/nanomsg-build/libnng.so.1.8.0  _deps/libuv-build/libuv.so.1.0.0  -lrt  -lc++  /usr/lib/x86_64-linux-gnu/libc++abi.so  -ldl  -lz  -lpthread  -latomic  -lhwloc  -lnuma  /usr/lib/x86_64-linux-gnu/libpython3.8.so && :
2024-09-02T07:42:48.6248771Z [1026/1027] /usr/bin/clang++-17 -DUSING_UV_SHARED=1 -DYAML_CPP_STATIC_DEFINE -I/home/runner/work/tt-metal/tt-metal/tt_metal/third_party/umd -I/home/runner/work/tt-metal/tt-metal -I/home/runner/work/tt-metal/tt-metal/tt_metal -I/home/runner/work/tt-metal/tt-metal/tests -I/home/runner/work/tt-metal/tt-metal/tests/ttnn/unit_tests/gtests -I/home/runner/work/tt-metal/tt-metal/ttnn -I/home/runner/work/tt-metal/tt-metal/ttnn/cpp/ttnn/deprecated -I/home/runner/work/tt-metal/tt-metal/ttnn/cpp -I/home/runner/work/tt-metal/tt-metal/tt_metal/third_party/fmt -I/home/runner/work/tt-metal/tt-metal/ttnn/cpp/ttnn/experimental/tt_lib -I/home/runner/work/tt-metal/tt-metal/tt_metal/third_party/pybind11/include -I/usr/include/python3.8 -I/home/runner/work/tt-metal/tt-metal/tt_metal/hw/inc -I/home/runner/work/tt-metal/tt-metal/tt_metal/hw/inc/blackhole -I/home/runner/work/tt-metal/tt-metal/tt_metal/third_party/umd/device/blackhole -I/home/runner/work/tt-metal/tt-metal/tt_metal/third_party/umd/src/firmware/riscv/blackhole -I/home/runner/work/tt-metal/tt-metal/.cpmcache/libuv/72aa6fc919b0653b47b7e9e7cf59ec92037e8693/include -I/home/runner/work/tt-metal/tt-metal/.cpmcache/yaml-cpp/905940a232aea3437e2fb77334461b1fe343318b/include -I/home/runner/work/tt-metal/tt-metal/tt_metal/third_party/umd/device -I/home/runner/work/tt-metal/tt-metal/tt_metal/third_party/umd/third_party/fmt/include -isystem /home/runner/work/tt-metal/tt-metal/.cpmcache/googletest/96129d89f45386492ae46d6bb8c027bc3df5f949/googletest/include -isystem /home/runner/work/tt-metal/tt-metal/.cpmcache/googletest/96129d89f45386492ae46d6bb8c027bc3df5f949/googletest -isystem /home/runner/work/tt-metal/tt-metal/.cpmcache/reflect/e75434c4c5f669e4a74e4d84e0a30d7249c1e66f -isystem /home/runner/work/tt-metal/tt-metal/.cpmcache/flatbuffers/2c4062bffa52fa4157b1b4deeae73395df475fda/include -isystem /home/runner/work/tt-metal/tt-metal/.cpmcache/nanomsg/28cc32d5bdb6a858fe53b3ccf7e923957e53eada/include -O0 -g -DDEBUG=DEBUG -std=c++20 -MP -Wno-int-to-pointer-cast -fno-var-tracking -mavx2 -fPIC -DFMT_HEADER_ONLY -fvisibility-inlines-hidden -fno-lto -DARCH_BLACKHOLE -DDISABLE_ISSUE_3487_FIX -Werror -Wdelete-non-virtual-dtor -Wreturn-type -Wswitch -Wuninitialized -Wno-unused-parameter -Wsometimes-uninitialized -Wno-c++11-narrowing -Wno-error=local-type-template-args -Wno-delete-non-abstract-non-virtual-dtor -Wno-c99-designator -Wno-shift-op-parentheses -Wno-non-c-typedef-for-linkage -Wno-deprecated-this-capture -Wno-deprecated-volatile -Wno-deprecated-builtins -Wno-deprecated-declarations -stdlib=libc++ -Winvalid-pch -Xclang -include-pch -Xclang /home/runner/work/tt-metal/tt-metal/build/tests/ttnn/unit_tests/gtests/CMakeFiles/galaxy_unit_tests_ttnn.dir/cmake_pch.hxx.pch -Xclang -include -Xclang /home/runner/work/tt-metal/tt-metal/build/tests/ttnn/unit_tests/gtests/CMakeFiles/galaxy_unit_tests_ttnn.dir/cmake_pch.hxx -MD -MT tests/ttnn/unit_tests/gtests/CMakeFiles/galaxy_unit_tests_ttnn.dir/test_ccl_on_tg.cpp.o -MF tests/ttnn/unit_tests/gtests/CMakeFiles/galaxy_unit_tests_ttnn.dir/test_ccl_on_tg.cpp.o.d -o tests/ttnn/unit_tests/gtests/CMakeFiles/galaxy_unit_tests_ttnn.dir/test_ccl_on_tg.cpp.o -c /home/runner/work/tt-metal/tt-metal/tests/ttnn/unit_tests/gtests/test_ccl_on_tg.cpp
2024-09-02T07:42:48.9919263Z [1027/1027] : && /usr/bin/clang++-17 -O0 -g -DDEBUG=DEBUG  tests/ttnn/unit_tests/gtests/CMakeFiles/galaxy_unit_tests_ttnn.dir/test_ccl_on_tg.cpp.o -o test/ttnn/galaxy_unit_tests_ttnn  -Wl,-rpath,/home/runner/work/tt-metal/tt-metal/build/ttnn:/home/runner/work/tt-metal/tt-metal/build/tt_metal:/home/runner/work/tt-metal/tt-metal/build/lib:/home/runner/work/tt-metal/tt-metal/build/_deps/nanomsg-build:/home/runner/work/tt-metal/tt-metal/build/_deps/libuv-build  ttnn/_ttnn.so  tt_metal/libtt_metal.so  lib/libgtest_main.so.1.13.0  lib/libgtest.so.1.13.0  -lpthread  lib/libdevice.so  _deps/yaml-cpp-build/libyaml-cpp.a  _deps/nanomsg-build/libnng.so.1.8.0  _deps/libuv-build/libuv.so.1.0.0  -lrt  -lc++  /usr/lib/x86_64-linux-gnu/libc++abi.so  -ldl  -lz  -lpthread  -latomic  -lhwloc  -lnuma  /usr/lib/x86_64-linux-gnu/libpython3.8.so && :
2024-09-02T07:42:48.9924042Z 
2024-09-02T07:42:48.9997748Z ##[group]Run df -h      
2024-09-02T07:42:48.9998068Z [36;1mdf -h      [0m
2024-09-02T07:42:49.0257504Z shell: /usr/bin/bash -e {0}
2024-09-02T07:42:49.0257803Z env:
2024-09-02T07:42:49.0258023Z   ARCH_NAME: blackhole
2024-09-02T07:42:49.0258292Z   VERBOSE: 1
2024-09-02T07:42:49.0258597Z   TT_METAL_HOME: /home/runner/work/tt-metal/tt-metal
2024-09-02T07:42:49.0258985Z ##[endgroup]
2024-09-02T07:42:49.0348714Z Filesystem      Size  Used Avail Use% Mounted on
2024-09-02T07:42:49.0349146Z /dev/root        73G   63G   11G  86% /
2024-09-02T07:42:49.0349650Z devtmpfs        7.9G     0  7.9G   0% /dev
2024-09-02T07:42:49.0350280Z tmpfs           7.9G  4.0K  7.9G   1% /dev/shm
2024-09-02T07:42:49.0350902Z tmpfs           1.6G  1.2M  1.6G   1% /run
2024-09-02T07:42:49.0351511Z tmpfs           5.0M     0  5.0M   0% /run/lock
2024-09-02T07:42:49.0352164Z tmpfs           7.9G     0  7.9G   0% /sys/fs/cgroup
2024-09-02T07:42:49.0353156Z /dev/loop0       64M   64M     0 100% /snap/core20/2318
2024-09-02T07:42:49.0353844Z /dev/sda15      105M  6.1M   99M   6% /boot/efi
2024-09-02T07:42:49.0354496Z /dev/loop2       39M   39M     0 100% /snap/snapd/21759
2024-09-02T07:42:49.0355066Z /dev/loop1       92M   92M     0 100% /snap/lxd/29619
2024-09-02T07:42:49.0355436Z /dev/sdb1        74G  4.1G   66G   6% /mnt
2024-09-02T07:42:49.0355804Z tmpfs           1.6G     0  1.6G   0% /run/user/1001
2024-09-02T07:42:49.0443461Z Post job cleanup.
2024-09-02T07:42:49.0496346Z Post job cleanup.
2024-09-02T07:42:49.2030093Z [command]/usr/bin/git version
2024-09-02T07:42:49.2105389Z git version 2.46.0
2024-09-02T07:42:49.2150976Z Temporarily overriding HOME='/home/runner/work/_temp/a37f2070-9994-40b8-8cc7-3c100783d6e9' before making global git config changes
2024-09-02T07:42:49.2152738Z Adding repository directory to the temporary git global config as a safe directory
2024-09-02T07:42:49.2164278Z [command]/usr/bin/git config --global --add safe.directory /home/runner/work/tt-metal/tt-metal
2024-09-02T07:42:49.2202874Z [command]/usr/bin/git config --local --name-only --get-regexp core\.sshCommand
2024-09-02T07:42:49.2231487Z [command]/usr/bin/git submodule foreach --recursive sh -c "git config --local --name-only --get-regexp 'core\.sshCommand' && git config --local --unset-all 'core.sshCommand' || :"
2024-09-02T07:42:49.2544885Z Entering 'models/demos/t3000/llama2_70b/reference/llama'
2024-09-02T07:42:49.2600536Z Entering 'tt_metal/third_party/lfs'
2024-09-02T07:42:49.2671387Z Entering 'tt_metal/third_party/pybind11'
2024-09-02T07:42:49.2728327Z Entering 'tt_metal/third_party/sfpi'
2024-09-02T07:42:49.2803067Z Entering 'tt_metal/third_party/taskflow'
2024-09-02T07:42:49.2874244Z Entering 'tt_metal/third_party/tracy'
2024-09-02T07:42:49.2928199Z Entering 'tt_metal/third_party/tt_llk_blackhole'
2024-09-02T07:42:49.2981509Z Entering 'tt_metal/third_party/tt_llk_grayskull'
2024-09-02T07:42:49.3035246Z Entering 'tt_metal/third_party/tt_llk_wormhole_b0'
2024-09-02T07:42:49.3089163Z Entering 'tt_metal/third_party/umd'
2024-09-02T07:42:49.3151425Z Entering 'tt_metal/third_party/umd/third_party/fmt'
2024-09-02T07:42:49.3223812Z [command]/usr/bin/git config --local --name-only --get-regexp http\.https\:\/\/github\.com\/\.extraheader
2024-09-02T07:42:49.3243981Z http.https://github.com/.extraheader
2024-09-02T07:42:49.3257715Z [command]/usr/bin/git config --local --unset-all http.https://github.com/.extraheader
2024-09-02T07:42:49.3289794Z [command]/usr/bin/git submodule foreach --recursive sh -c "git config --local --name-only --get-regexp 'http\.https\:\/\/github\.com\/\.extraheader' && git config --local --unset-all 'http.https://github.com/.extraheader' || :"
2024-09-02T07:42:49.3505002Z Entering 'models/demos/t3000/llama2_70b/reference/llama'
2024-09-02T07:42:49.3528727Z http.https://github.com/.extraheader
2024-09-02T07:42:49.3566653Z Entering 'tt_metal/third_party/lfs'
2024-09-02T07:42:49.3592123Z http.https://github.com/.extraheader
2024-09-02T07:42:49.3627394Z Entering 'tt_metal/third_party/pybind11'
2024-09-02T07:42:49.3652373Z http.https://github.com/.extraheader
2024-09-02T07:42:49.3687447Z Entering 'tt_metal/third_party/sfpi'
2024-09-02T07:42:49.3711519Z http.https://github.com/.extraheader
2024-09-02T07:42:49.3750337Z Entering 'tt_metal/third_party/taskflow'
2024-09-02T07:42:49.3773840Z http.https://github.com/.extraheader
2024-09-02T07:42:49.3813389Z Entering 'tt_metal/third_party/tracy'
2024-09-02T07:42:49.3840102Z http.https://github.com/.extraheader
2024-09-02T07:42:49.3879154Z Entering 'tt_metal/third_party/tt_llk_blackhole'
2024-09-02T07:42:49.3905573Z http.https://github.com/.extraheader
2024-09-02T07:42:49.3940464Z Entering 'tt_metal/third_party/tt_llk_grayskull'
2024-09-02T07:42:49.3964647Z http.https://github.com/.extraheader
2024-09-02T07:42:49.3999554Z Entering 'tt_metal/third_party/tt_llk_wormhole_b0'
2024-09-02T07:42:49.4024472Z http.https://github.com/.extraheader
2024-09-02T07:42:49.4057603Z Entering 'tt_metal/third_party/umd'
2024-09-02T07:42:49.4081878Z http.https://github.com/.extraheader
2024-09-02T07:42:49.4114814Z Entering 'tt_metal/third_party/umd/third_party/fmt'
2024-09-02T07:42:49.4138800Z http.https://github.com/.extraheader
2024-09-02T07:42:49.4430439Z Cleaning up orphan processes
