2024-09-02T07:01:57.9902435Z Current runner version: '2.319.1'
2024-09-02T07:01:57.9924791Z ##[group]Operating System
2024-09-02T07:01:57.9925485Z Ubuntu
2024-09-02T07:01:57.9925848Z 20.04.6
2024-09-02T07:01:57.9926139Z LTS
2024-09-02T07:01:57.9926532Z ##[endgroup]
2024-09-02T07:01:57.9926909Z ##[group]Runner Image
2024-09-02T07:01:57.9927387Z Image: ubuntu-20.04
2024-09-02T07:01:57.9927764Z Version: 20240825.1.0
2024-09-02T07:01:57.9928785Z Included Software: https://github.com/actions/runner-images/blob/ubuntu20/20240825.1/images/ubuntu/Ubuntu2004-Readme.md
2024-09-02T07:01:57.9930298Z Image Release: https://github.com/actions/runner-images/releases/tag/ubuntu20%2F20240825.1
2024-09-02T07:01:57.9931200Z ##[endgroup]
2024-09-02T07:01:57.9931562Z ##[group]Runner Image Provisioner
2024-09-02T07:01:57.9932073Z 2.0.384.1
2024-09-02T07:01:57.9932433Z ##[endgroup]
2024-09-02T07:01:57.9946957Z ##[group]GITHUB_TOKEN Permissions
2024-09-02T07:01:57.9948539Z Actions: read
2024-09-02T07:01:57.9949038Z Contents: read
2024-09-02T07:01:57.9949571Z Metadata: read
2024-09-02T07:01:57.9950095Z Pages: write
2024-09-02T07:01:57.9950466Z ##[endgroup]
2024-09-02T07:01:57.9953448Z Secret source: Actions
2024-09-02T07:01:57.9954095Z Prepare workflow directory
2024-09-02T07:01:58.0846237Z Prepare all required actions
2024-09-02T07:01:58.1004723Z Getting action download info
2024-09-02T07:01:58.2311680Z Download action repository 'tenstorrent-metal/metal-workflows@v2.0.0' (SHA:22c747950076e4c9627125e14734e287c08287a7)
2024-09-02T07:01:58.6582343Z Getting action download info
2024-09-02T07:01:58.7508890Z Download action repository 'actions/checkout@v4' (SHA:692973e3d937129bcbf40652eb9f2f61becf3332)
2024-09-02T07:01:58.8391705Z Uses: tenstorrent/tt-metal/.github/workflows/build.yaml@refs/heads/main (a9bcd03b1775ab989aebab822ec2e4f821abac41)
2024-09-02T07:01:58.8394593Z Complete job name: build / Debug clang++-17 wormhole_b0 ubuntu-20.04
2024-09-02T07:01:58.9234068Z ##[group]Run tenstorrent-metal/metal-workflows/.github/actions/checkout-with-submodule-lfs@v2.0.0
2024-09-02T07:01:58.9235149Z with:
2024-09-02T07:01:58.9235767Z   token: ***
2024-09-02T07:01:58.9236183Z   fetch-depth: 1
2024-09-02T07:01:58.9236543Z env:
2024-09-02T07:01:58.9236932Z   ARCH_NAME: wormhole_b0
2024-09-02T07:01:58.9237406Z   VERBOSE: 1
2024-09-02T07:01:58.9237786Z ##[endgroup]
2024-09-02T07:01:58.9523158Z ##[group]Run actions/checkout@v4
2024-09-02T07:01:58.9523679Z with:
2024-09-02T07:01:58.9524227Z   token: ***
2024-09-02T07:01:58.9524663Z   fetch-depth: 1
2024-09-02T07:01:58.9525015Z   lfs: true
2024-09-02T07:01:58.9525397Z   submodules: recursive
2024-09-02T07:01:58.9525840Z   clean: true
2024-09-02T07:01:58.9526244Z   repository: tenstorrent/tt-metal
2024-09-02T07:01:58.9526703Z   ssh-strict: true
2024-09-02T07:01:58.9527114Z   ssh-user: git
2024-09-02T07:01:58.9527525Z   persist-credentials: true
2024-09-02T07:01:58.9528046Z   sparse-checkout-cone-mode: true
2024-09-02T07:01:58.9528631Z   fetch-tags: false
2024-09-02T07:01:58.9529020Z   show-progress: true
2024-09-02T07:01:58.9529478Z   set-safe-directory: true
2024-09-02T07:01:58.9529891Z env:
2024-09-02T07:01:58.9530234Z   ARCH_NAME: wormhole_b0
2024-09-02T07:01:58.9530683Z   VERBOSE: 1
2024-09-02T07:01:58.9531045Z ##[endgroup]
2024-09-02T07:01:59.1839915Z Syncing repository: tenstorrent/tt-metal
2024-09-02T07:01:59.1841827Z ##[group]Getting Git version info
2024-09-02T07:01:59.1842824Z Working directory is '/home/runner/work/tt-metal/tt-metal'
2024-09-02T07:01:59.1844018Z [command]/usr/bin/git version
2024-09-02T07:01:59.1850063Z git version 2.46.0
2024-09-02T07:01:59.1899134Z [command]/usr/bin/git lfs version
2024-09-02T07:01:59.2664231Z git-lfs/3.5.1 (GitHub; linux amd64; go 1.21.8)
2024-09-02T07:01:59.2677705Z ##[endgroup]
2024-09-02T07:01:59.2698774Z Temporarily overriding HOME='/home/runner/work/_temp/0e8d3ed9-1bcd-466a-8c6b-d90cd6605508' before making global git config changes
2024-09-02T07:01:59.2701355Z Adding repository directory to the temporary git global config as a safe directory
2024-09-02T07:01:59.2703801Z [command]/usr/bin/git config --global --add safe.directory /home/runner/work/tt-metal/tt-metal
2024-09-02T07:01:59.2737311Z Deleting the contents of '/home/runner/work/tt-metal/tt-metal'
2024-09-02T07:01:59.2741088Z ##[group]Initializing the repository
2024-09-02T07:01:59.2746010Z [command]/usr/bin/git init /home/runner/work/tt-metal/tt-metal
2024-09-02T07:01:59.2819197Z hint: Using 'master' as the name for the initial branch. This default branch name
2024-09-02T07:01:59.2820833Z hint: is subject to change. To configure the initial branch name to use in all
2024-09-02T07:01:59.2822540Z hint: of your new repositories, which will suppress this warning, call:
2024-09-02T07:01:59.2824062Z hint:
2024-09-02T07:01:59.2825103Z hint: 	git config --global init.defaultBranch <name>
2024-09-02T07:01:59.2826284Z hint:
2024-09-02T07:01:59.2827462Z hint: Names commonly chosen instead of 'master' are 'main', 'trunk' and
2024-09-02T07:01:59.2829343Z hint: 'development'. The just-created branch can be renamed via this command:
2024-09-02T07:01:59.2830721Z hint:
2024-09-02T07:01:59.2831493Z hint: 	git branch -m <name>
2024-09-02T07:01:59.2832847Z Initialized empty Git repository in /home/runner/work/tt-metal/tt-metal/.git/
2024-09-02T07:01:59.2836266Z [command]/usr/bin/git remote add origin https://github.com/tenstorrent/tt-metal
2024-09-02T07:01:59.2867139Z ##[endgroup]
2024-09-02T07:01:59.2868428Z ##[group]Disabling automatic garbage collection
2024-09-02T07:01:59.2872416Z [command]/usr/bin/git config --local gc.auto 0
2024-09-02T07:01:59.2897445Z ##[endgroup]
2024-09-02T07:01:59.2898117Z ##[group]Setting up auth
2024-09-02T07:01:59.2904763Z [command]/usr/bin/git config --local --name-only --get-regexp core\.sshCommand
2024-09-02T07:01:59.2933715Z [command]/usr/bin/git submodule foreach --recursive sh -c "git config --local --name-only --get-regexp 'core\.sshCommand' && git config --local --unset-all 'core.sshCommand' || :"
2024-09-02T07:01:59.3161905Z [command]/usr/bin/git config --local --name-only --get-regexp http\.https\:\/\/github\.com\/\.extraheader
2024-09-02T07:01:59.3194066Z [command]/usr/bin/git submodule foreach --recursive sh -c "git config --local --name-only --get-regexp 'http\.https\:\/\/github\.com\/\.extraheader' && git config --local --unset-all 'http.https://github.com/.extraheader' || :"
2024-09-02T07:01:59.3401930Z [command]/usr/bin/git config --local http.https://github.com/.extraheader AUTHORIZATION: basic ***
2024-09-02T07:01:59.3435051Z ##[endgroup]
2024-09-02T07:01:59.3438542Z [command]/usr/bin/git lfs install --local
2024-09-02T07:01:59.3789928Z Updated Git hooks.
2024-09-02T07:01:59.3791439Z Git LFS initialized.
2024-09-02T07:01:59.4250152Z ##[group]Fetching the repository
2024-09-02T07:01:59.4260046Z [command]/usr/bin/git -c protocol.version=2 fetch --no-tags --prune --no-recurse-submodules --depth=1 origin +a9bcd03b1775ab989aebab822ec2e4f821abac41:refs/remotes/origin/main
2024-09-02T07:02:01.4560137Z From https://github.com/tenstorrent/tt-metal
2024-09-02T07:41:25.8433706Z [1004/1034] /usr/bin/clang++-17 -DUSING_UV_SHARED=1 -DYAML_CPP_STATIC_DEFINE -I/home/runner/work/tt-metal/tt-metal/tt_metal/third_party/umd -I/home/runner/work/tt-metal/tt-metal -I/home/runner/work/tt-metal/tt-metal/tt_metal -I/home/runner/work/tt-metal/tt-metal/ttnn/cpp -I/home/runner/work/tt-metal/tt-metal/tt_metal/common -I/home/runner/work/tt-metal/tt-metal/tests -I/home/runner/work/tt-metal/tt-metal/tests/tt_eager -I/home/runner/work/tt-metal/tt-metal/ttnn -I/home/runner/work/tt-metal/tt-metal/ttnn/cpp/ttnn/deprecated -I/home/runner/work/tt-metal/tt-metal/tt_metal/third_party/fmt -I/home/runner/work/tt-metal/tt-metal/ttnn/cpp/ttnn/experimental/tt_lib -I/home/runner/work/tt-metal/tt-metal/tt_metal/third_party/pybind11/include -I/usr/include/python3.8 -I/home/runner/work/tt-metal/tt-metal/tt_metal/hw/inc -I/home/runner/work/tt-metal/tt-metal/tt_metal/hw/inc/wormhole -I/home/runner/work/tt-metal/tt-metal/tt_metal/hw/inc/wormhole/wormhole_b0_defines -I/home/runner/work/tt-metal/tt-metal/tt_metal/third_party/umd/device/wormhole -I/home/runner/work/tt-metal/tt-metal/tt_metal/third_party/umd/src/firmware/riscv/wormhole -I/home/runner/work/tt-metal/tt-metal/.cpmcache/libuv/72aa6fc919b0653b47b7e9e7cf59ec92037e8693/include -I/home/runner/work/tt-metal/tt-metal/.cpmcache/yaml-cpp/905940a232aea3437e2fb77334461b1fe343318b/include -I/home/runner/work/tt-metal/tt-metal/tt_metal/third_party/umd/device -I/home/runner/work/tt-metal/tt-metal/tt_metal/third_party/umd/third_party/fmt/include -isystem /home/runner/work/tt-metal/tt-metal/.cpmcache/googletest/96129d89f45386492ae46d6bb8c027bc3df5f949/googletest/include -isystem /home/runner/work/tt-metal/tt-metal/.cpmcache/googletest/96129d89f45386492ae46d6bb8c027bc3df5f949/googletest -isystem /home/runner/work/tt-metal/tt-metal/.cpmcache/reflect/e75434c4c5f669e4a74e4d84e0a30d7249c1e66f -isystem /home/runner/work/tt-metal/tt-metal/.cpmcache/flatbuffers/2c4062bffa52fa4157b1b4deeae73395df475fda/include -isystem /home/runner/work/tt-metal/tt-metal/.cpmcache/nanomsg/28cc32d5bdb6a858fe53b3ccf7e923957e53eada/include -O0 -g -DDEBUG=DEBUG -std=c++20 -MP -Wno-int-to-pointer-cast -fno-var-tracking -mavx2 -fPIC -DFMT_HEADER_ONLY -fvisibility-inlines-hidden -fno-lto -DARCH_WORMHOLE_B0 -Werror -Wdelete-non-virtual-dtor -Wreturn-type -Wswitch -Wuninitialized -Wno-unused-parameter -Wsometimes-uninitialized -Wno-c++11-narrowing -Wno-error=local-type-template-args -Wno-delete-non-abstract-non-virtual-dtor -Wno-c99-designator -Wno-shift-op-parentheses -Wno-non-c-typedef-for-linkage -Wno-deprecated-this-capture -Wno-deprecated-volatile -Wno-deprecated-builtins -Wno-deprecated-declarations -stdlib=libc++ -Winvalid-pch -Xclang -include-pch -Xclang /home/runner/work/tt-metal/tt-metal/build/tests/tt_eager/CMakeFiles/test_fold_op.dir/cmake_pch.hxx.pch -Xclang -include -Xclang /home/runner/work/tt-metal/tt-metal/build/tests/tt_eager/CMakeFiles/test_fold_op.dir/cmake_pch.hxx -MD -MT tests/tt_eager/CMakeFiles/test_fold_op.dir/ops/test_fold_op.cpp.o -MF tests/tt_eager/CMakeFiles/test_fold_op.dir/ops/test_fold_op.cpp.o.d -o tests/tt_eager/CMakeFiles/test_fold_op.dir/ops/test_fold_op.cpp.o -c /home/runner/work/tt-metal/tt-metal/tests/tt_eager/ops/test_fold_op.cpp
2024-09-02T07:41:26.6715365Z [1005/1034] : && /usr/bin/clang++-17 -O0 -g -DDEBUG=DEBUG  tests/tt_eager/CMakeFiles/test_fold_op.dir/ops/test_fold_op.cpp.o -o test/tt_eager/ops/test_fold_op  -Wl,-rpath,/home/runner/work/tt-metal/tt-metal/build/ttnn:/home/runner/work/tt-metal/tt-metal/build/lib:/home/runner/work/tt-metal/tt-metal/build/tt_metal:/home/runner/work/tt-metal/tt-metal/build/_deps/nanomsg-build:/home/runner/work/tt-metal/tt-metal/build/_deps/libuv-build  ttnn/_ttnn.so  lib/libgtest_main.so.1.13.0  lib/libgtest.so.1.13.0  -lpthread  tt_metal/libtt_metal.so  -lz  -latomic  -lhwloc  -lnuma  lib/libdevice.so  _deps/yaml-cpp-build/libyaml-cpp.a  -lc++  /usr/lib/x86_64-linux-gnu/libc++abi.so  _deps/nanomsg-build/libnng.so.1.8.0  _deps/libuv-build/libuv.so.1.0.0  -lpthread  -ldl  -lrt  /usr/lib/x86_64-linux-gnu/libpython3.8.so && :
2024-09-02T07:41:28.2461807Z [1006/1034] /usr/bin/clang++-17 -DUSING_UV_SHARED=1 -DYAML_CPP_STATIC_DEFINE -I/home/runner/work/tt-metal/tt-metal/tt_metal/third_party/umd -I/home/runner/work/tt-metal/tt-metal -I/home/runner/work/tt-metal/tt-metal/tt_metal -I/home/runner/work/tt-metal/tt-metal/ttnn/cpp -I/home/runner/work/tt-metal/tt-metal/tt_metal/common -I/home/runner/work/tt-metal/tt-metal/tests -I/home/runner/work/tt-metal/tt-metal/tests/tt_eager -I/home/runner/work/tt-metal/tt-metal/ttnn -I/home/runner/work/tt-metal/tt-metal/ttnn/cpp/ttnn/deprecated -I/home/runner/work/tt-metal/tt-metal/tt_metal/third_party/fmt -I/home/runner/work/tt-metal/tt-metal/ttnn/cpp/ttnn/experimental/tt_lib -I/home/runner/work/tt-metal/tt-metal/tt_metal/third_party/pybind11/include -I/usr/include/python3.8 -I/home/runner/work/tt-metal/tt-metal/tt_metal/hw/inc -I/home/runner/work/tt-metal/tt-metal/tt_metal/hw/inc/wormhole -I/home/runner/work/tt-metal/tt-metal/tt_metal/hw/inc/wormhole/wormhole_b0_defines -I/home/runner/work/tt-metal/tt-metal/tt_metal/third_party/umd/device/wormhole -I/home/runner/work/tt-metal/tt-metal/tt_metal/third_party/umd/src/firmware/riscv/wormhole -I/home/runner/work/tt-metal/tt-metal/.cpmcache/libuv/72aa6fc919b0653b47b7e9e7cf59ec92037e8693/include -I/home/runner/work/tt-metal/tt-metal/.cpmcache/yaml-cpp/905940a232aea3437e2fb77334461b1fe343318b/include -I/home/runner/work/tt-metal/tt-metal/tt_metal/third_party/umd/device -I/home/runner/work/tt-metal/tt-metal/tt_metal/third_party/umd/third_party/fmt/include -isystem /home/runner/work/tt-metal/tt-metal/.cpmcache/googletest/96129d89f45386492ae46d6bb8c027bc3df5f949/googletest/include -isystem /home/runner/work/tt-metal/tt-metal/.cpmcache/googletest/96129d89f45386492ae46d6bb8c027bc3df5f949/googletest -isystem /home/runner/work/tt-metal/tt-metal/.cpmcache/reflect/e75434c4c5f669e4a74e4d84e0a30d7249c1e66f -isystem /home/runner/work/tt-metal/tt-metal/.cpmcache/flatbuffers/2c4062bffa52fa4157b1b4deeae73395df475fda/include -isystem /home/runner/work/tt-metal/tt-metal/.cpmcache/nanomsg/28cc32d5bdb6a858fe53b3ccf7e923957e53eada/include -O0 -g -DDEBUG=DEBUG -std=c++20 -MP -Wno-int-to-pointer-cast -fno-var-tracking -mavx2 -fPIC -DFMT_HEADER_ONLY -fvisibility-inlines-hidden -fno-lto -DARCH_WORMHOLE_B0 -Werror -Wdelete-non-virtual-dtor -Wreturn-type -Wswitch -Wuninitialized -Wno-unused-parameter -Wsometimes-uninitialized -Wno-c++11-narrowing -Wno-error=local-type-template-args -Wno-delete-non-abstract-non-virtual-dtor -Wno-c99-designator -Wno-shift-op-parentheses -Wno-non-c-typedef-for-linkage -Wno-deprecated-this-capture -Wno-deprecated-volatile -Wno-deprecated-builtins -Wno-deprecated-declarations -stdlib=libc++ -Winvalid-pch -Xclang -include-pch -Xclang /home/runner/work/tt-metal/tt-metal/build/tests/tt_eager/CMakeFiles/test_copy_and_move.dir/cmake_pch.hxx.pch -Xclang -include -Xclang /home/runner/work/tt-metal/tt-metal/build/tests/tt_eager/CMakeFiles/test_copy_and_move.dir/cmake_pch.hxx -MD -MT tests/tt_eager/CMakeFiles/test_copy_and_move.dir/tensors/test_copy_and_move.cpp.o -MF tests/tt_eager/CMakeFiles/test_copy_and_move.dir/tensors/test_copy_and_move.cpp.o.d -o tests/tt_eager/CMakeFiles/test_copy_and_move.dir/tensors/test_copy_and_move.cpp.o -c /home/runner/work/tt-metal/tt-metal/tests/tt_eager/tensors/test_copy_and_move.cpp
2024-09-02T07:41:28.7906889Z [1007/1034] : && /usr/bin/clang++-17 -O0 -g -DDEBUG=DEBUG  tests/tt_eager/CMakeFiles/test_copy_and_move.dir/tensors/test_copy_and_move.cpp.o -o test/tt_eager/tensors/test_copy_and_move  -Wl,-rpath,/home/runner/work/tt-metal/tt-metal/build/ttnn:/home/runner/work/tt-metal/tt-metal/build/lib:/home/runner/work/tt-metal/tt-metal/build/tt_metal:/home/runner/work/tt-metal/tt-metal/build/_deps/nanomsg-build:/home/runner/work/tt-metal/tt-metal/build/_deps/libuv-build  ttnn/_ttnn.so  lib/libgtest_main.so.1.13.0  lib/libgtest.so.1.13.0  -lpthread  tt_metal/libtt_metal.so  -lz  -latomic  -lhwloc  -lnuma  lib/libdevice.so  _deps/yaml-cpp-build/libyaml-cpp.a  -lc++  /usr/lib/x86_64-linux-gnu/libc++abi.so  _deps/nanomsg-build/libnng.so.1.8.0  _deps/libuv-build/libuv.so.1.0.0  -lpthread  -ldl  -lrt  /usr/lib/x86_64-linux-gnu/libpython3.8.so && :
2024-09-02T07:41:29.7748678Z [1008/1034] /usr/bin/clang++-17 -DUSING_UV_SHARED=1 -DYAML_CPP_STATIC_DEFINE -I/home/runner/work/tt-metal/tt-metal/tt_metal/third_party/umd -I/home/runner/work/tt-metal/tt-metal -I/home/runner/work/tt-metal/tt-metal/tt_metal -I/home/runner/work/tt-metal/tt-metal/ttnn/cpp -I/home/runner/work/tt-metal/tt-metal/tt_metal/common -I/home/runner/work/tt-metal/tt-metal/tests -I/home/runner/work/tt-metal/tt-metal/tests/tt_eager -I/home/runner/work/tt-metal/tt-metal/ttnn -I/home/runner/work/tt-metal/tt-metal/ttnn/cpp/ttnn/deprecated -I/home/runner/work/tt-metal/tt-metal/tt_metal/third_party/fmt -I/home/runner/work/tt-metal/tt-metal/ttnn/cpp/ttnn/experimental/tt_lib -I/home/runner/work/tt-metal/tt-metal/tt_metal/third_party/pybind11/include -I/usr/include/python3.8 -I/home/runner/work/tt-metal/tt-metal/tt_metal/hw/inc -I/home/runner/work/tt-metal/tt-metal/tt_metal/hw/inc/wormhole -I/home/runner/work/tt-metal/tt-metal/tt_metal/hw/inc/wormhole/wormhole_b0_defines -I/home/runner/work/tt-metal/tt-metal/tt_metal/third_party/umd/device/wormhole -I/home/runner/work/tt-metal/tt-metal/tt_metal/third_party/umd/src/firmware/riscv/wormhole -I/home/runner/work/tt-metal/tt-metal/.cpmcache/libuv/72aa6fc919b0653b47b7e9e7cf59ec92037e8693/include -I/home/runner/work/tt-metal/tt-metal/.cpmcache/yaml-cpp/905940a232aea3437e2fb77334461b1fe343318b/include -I/home/runner/work/tt-metal/tt-metal/tt_metal/third_party/umd/device -I/home/runner/work/tt-metal/tt-metal/tt_metal/third_party/umd/third_party/fmt/include -isystem /home/runner/work/tt-metal/tt-metal/.cpmcache/googletest/96129d89f45386492ae46d6bb8c027bc3df5f949/googletest/include -isystem /home/runner/work/tt-metal/tt-metal/.cpmcache/googletest/96129d89f45386492ae46d6bb8c027bc3df5f949/googletest -isystem /home/runner/work/tt-metal/tt-metal/.cpmcache/reflect/e75434c4c5f669e4a74e4d84e0a30d7249c1e66f -isystem /home/runner/work/tt-metal/tt-metal/.cpmcache/flatbuffers/2c4062bffa52fa4157b1b4deeae73395df475fda/include -isystem /home/runner/work/tt-metal/tt-metal/.cpmcache/nanomsg/28cc32d5bdb6a858fe53b3ccf7e923957e53eada/include -O0 -g -DDEBUG=DEBUG -std=c++20 -MP -Wno-int-to-pointer-cast -fno-var-tracking -mavx2 -fPIC -DFMT_HEADER_ONLY -fvisibility-inlines-hidden -fno-lto -DARCH_WORMHOLE_B0 -Werror -Wdelete-non-virtual-dtor -Wreturn-type -Wswitch -Wuninitialized -Wno-unused-parameter -Wsometimes-uninitialized -Wno-c++11-narrowing -Wno-error=local-type-template-args -Wno-delete-non-abstract-non-virtual-dtor -Wno-c99-designator -Wno-shift-op-parentheses -Wno-non-c-typedef-for-linkage -Wno-deprecated-this-capture -Wno-deprecated-volatile -Wno-deprecated-builtins -Wno-deprecated-declarations -stdlib=libc++ -Winvalid-pch -Xclang -include-pch -Xclang /home/runner/work/tt-metal/tt-metal/build/tests/tt_eager/CMakeFiles/test_host_device_loopback.dir/cmake_pch.hxx.pch -Xclang -include -Xclang /home/runner/work/tt-metal/tt-metal/build/tests/tt_eager/CMakeFiles/test_host_device_loopback.dir/cmake_pch.hxx -MD -MT tests/tt_eager/CMakeFiles/test_host_device_loopback.dir/tensors/test_host_device_loopback.cpp.o -MF tests/tt_eager/CMakeFiles/test_host_device_loopback.dir/tensors/test_host_device_loopback.cpp.o.d -o tests/tt_eager/CMakeFiles/test_host_device_loopback.dir/tensors/test_host_device_loopback.cpp.o -c /home/runner/work/tt-metal/tt-metal/tests/tt_eager/tensors/test_host_device_loopback.cpp
2024-09-02T07:41:30.5829346Z [1009/1034] : && /usr/bin/clang++-17 -O0 -g -DDEBUG=DEBUG  tests/tt_eager/CMakeFiles/test_host_device_loopback.dir/tensors/test_host_device_loopback.cpp.o -o test/tt_eager/tensors/test_host_device_loopback  -Wl,-rpath,/home/runner/work/tt-metal/tt-metal/build/ttnn:/home/runner/work/tt-metal/tt-metal/build/lib:/home/runner/work/tt-metal/tt-metal/build/tt_metal:/home/runner/work/tt-metal/tt-metal/build/_deps/nanomsg-build:/home/runner/work/tt-metal/tt-metal/build/_deps/libuv-build  ttnn/_ttnn.so  lib/libgtest_main.so.1.13.0  lib/libgtest.so.1.13.0  -lpthread  tt_metal/libtt_metal.so  -lz  -latomic  -lhwloc  -lnuma  lib/libdevice.so  _deps/yaml-cpp-build/libyaml-cpp.a  -lc++  /usr/lib/x86_64-linux-gnu/libc++abi.so  _deps/nanomsg-build/libnng.so.1.8.0  _deps/libuv-build/libuv.so.1.0.0  -lpthread  -ldl  -lrt  /usr/lib/x86_64-linux-gnu/libpython3.8.so && :
2024-09-02T07:41:34.8142352Z [1010/1034] /usr/bin/clang++-17 -DUSING_UV_SHARED=1 -DYAML_CPP_STATIC_DEFINE -I/home/runner/work/tt-metal/tt-metal/tt_metal/third_party/umd -I/home/runner/work/tt-metal/tt-metal -I/home/runner/work/tt-metal/tt-metal/tt_metal -I/home/runner/work/tt-metal/tt-metal/tests -I/home/runner/work/tt-metal/tt-metal/tests/ttnn/unit_tests/gtests -I/home/runner/work/tt-metal/tt-metal/ttnn -I/home/runner/work/tt-metal/tt-metal/ttnn/cpp/ttnn/deprecated -I/home/runner/work/tt-metal/tt-metal/ttnn/cpp -I/home/runner/work/tt-metal/tt-metal/tt_metal/third_party/fmt -I/home/runner/work/tt-metal/tt-metal/ttnn/cpp/ttnn/experimental/tt_lib -I/home/runner/work/tt-metal/tt-metal/tt_metal/third_party/pybind11/include -I/usr/include/python3.8 -I/home/runner/work/tt-metal/tt-metal/tt_metal/hw/inc -I/home/runner/work/tt-metal/tt-metal/tt_metal/hw/inc/wormhole -I/home/runner/work/tt-metal/tt-metal/tt_metal/hw/inc/wormhole/wormhole_b0_defines -I/home/runner/work/tt-metal/tt-metal/tt_metal/third_party/umd/device/wormhole -I/home/runner/work/tt-metal/tt-metal/tt_metal/third_party/umd/src/firmware/riscv/wormhole -I/home/runner/work/tt-metal/tt-metal/.cpmcache/libuv/72aa6fc919b0653b47b7e9e7cf59ec92037e8693/include -I/home/runner/work/tt-metal/tt-metal/.cpmcache/yaml-cpp/905940a232aea3437e2fb77334461b1fe343318b/include -I/home/runner/work/tt-metal/tt-metal/tt_metal/third_party/umd/device -I/home/runner/work/tt-metal/tt-metal/tt_metal/third_party/umd/third_party/fmt/include -isystem /home/runner/work/tt-metal/tt-metal/.cpmcache/googletest/96129d89f45386492ae46d6bb8c027bc3df5f949/googletest/include -isystem /home/runner/work/tt-metal/tt-metal/.cpmcache/googletest/96129d89f45386492ae46d6bb8c027bc3df5f949/googletest -isystem /home/runner/work/tt-metal/tt-metal/.cpmcache/reflect/e75434c4c5f669e4a74e4d84e0a30d7249c1e66f -isystem /home/runner/work/tt-metal/tt-metal/.cpmcache/flatbuffers/2c4062bffa52fa4157b1b4deeae73395df475fda/include -isystem /home/runner/work/tt-metal/tt-metal/.cpmcache/nanomsg/28cc32d5bdb6a858fe53b3ccf7e923957e53eada/include -O0 -g -DDEBUG=DEBUG -std=c++20 -MP -Wno-int-to-pointer-cast -fno-var-tracking -mavx2 -fPIC -DFMT_HEADER_ONLY -fvisibility-inlines-hidden -fno-lto -DARCH_WORMHOLE_B0 -Werror -Wdelete-non-virtual-dtor -Wreturn-type -Wswitch -Wuninitialized -Wno-unused-parameter -Wsometimes-uninitialized -Wno-c++11-narrowing -Wno-error=local-type-template-args -Wno-delete-non-abstract-non-virtual-dtor -Wno-c99-designator -Wno-shift-op-parentheses -Wno-non-c-typedef-for-linkage -Wno-deprecated-this-capture -Wno-deprecated-volatile -Wno-deprecated-builtins -Wno-deprecated-declarations -stdlib=libc++ -Winvalid-pch -fpch-instantiate-templates -Xclang -emit-pch -Xclang -include -Xclang /home/runner/work/tt-metal/tt-metal/build/tests/ttnn/unit_tests/gtests/CMakeFiles/unit_tests_ttnn.dir/cmake_pch.hxx -x c++-header -MD -MT tests/ttnn/unit_tests/gtests/CMakeFiles/unit_tests_ttnn.dir/cmake_pch.hxx.pch -MF tests/ttnn/unit_tests/gtests/CMakeFiles/unit_tests_ttnn.dir/cmake_pch.hxx.pch.d -o tests/ttnn/unit_tests/gtests/CMakeFiles/unit_tests_ttnn.dir/cmake_pch.hxx.pch -c /home/runner/work/tt-metal/tt-metal/build/tests/ttnn/unit_tests/gtests/CMakeFiles/unit_tests_ttnn.dir/cmake_pch.hxx.cxx
2024-09-02T07:41:37.1418083Z [1011/1034] /usr/bin/clang++-17 -DUSING_UV_SHARED=1 -DYAML_CPP_STATIC_DEFINE -I/home/runner/work/tt-metal/tt-metal/tt_metal/third_party/umd -I/home/runner/work/tt-metal/tt-metal -I/home/runner/work/tt-metal/tt-metal/tt_metal -I/home/runner/work/tt-metal/tt-metal/tests -I/home/runner/work/tt-metal/tt-metal/tests/ttnn/unit_tests/gtests -I/home/runner/work/tt-metal/tt-metal/ttnn -I/home/runner/work/tt-metal/tt-metal/ttnn/cpp/ttnn/deprecated -I/home/runner/work/tt-metal/tt-metal/ttnn/cpp -I/home/runner/work/tt-metal/tt-metal/tt_metal/third_party/fmt -I/home/runner/work/tt-metal/tt-metal/ttnn/cpp/ttnn/experimental/tt_lib -I/home/runner/work/tt-metal/tt-metal/tt_metal/third_party/pybind11/include -I/usr/include/python3.8 -I/home/runner/work/tt-metal/tt-metal/tt_metal/hw/inc -I/home/runner/work/tt-metal/tt-metal/tt_metal/hw/inc/wormhole -I/home/runner/work/tt-metal/tt-metal/tt_metal/hw/inc/wormhole/wormhole_b0_defines -I/home/runner/work/tt-metal/tt-metal/tt_metal/third_party/umd/device/wormhole -I/home/runner/work/tt-metal/tt-metal/tt_metal/third_party/umd/src/firmware/riscv/wormhole -I/home/runner/work/tt-metal/tt-metal/.cpmcache/libuv/72aa6fc919b0653b47b7e9e7cf59ec92037e8693/include -I/home/runner/work/tt-metal/tt-metal/.cpmcache/yaml-cpp/905940a232aea3437e2fb77334461b1fe343318b/include -I/home/runner/work/tt-metal/tt-metal/tt_metal/third_party/umd/device -I/home/runner/work/tt-metal/tt-metal/tt_metal/third_party/umd/third_party/fmt/include -isystem /home/runner/work/tt-metal/tt-metal/.cpmcache/googletest/96129d89f45386492ae46d6bb8c027bc3df5f949/googletest/include -isystem /home/runner/work/tt-metal/tt-metal/.cpmcache/googletest/96129d89f45386492ae46d6bb8c027bc3df5f949/googletest -isystem /home/runner/work/tt-metal/tt-metal/.cpmcache/reflect/e75434c4c5f669e4a74e4d84e0a30d7249c1e66f -isystem /home/runner/work/tt-metal/tt-metal/.cpmcache/flatbuffers/2c4062bffa52fa4157b1b4deeae73395df475fda/include -isystem /home/runner/work/tt-metal/tt-metal/.cpmcache/nanomsg/28cc32d5bdb6a858fe53b3ccf7e923957e53eada/include -O0 -g -DDEBUG=DEBUG -std=c++20 -MP -Wno-int-to-pointer-cast -fno-var-tracking -mavx2 -fPIC -DFMT_HEADER_ONLY -fvisibility-inlines-hidden -fno-lto -DARCH_WORMHOLE_B0 -Werror -Wdelete-non-virtual-dtor -Wreturn-type -Wswitch -Wuninitialized -Wno-unused-parameter -Wsometimes-uninitialized -Wno-c++11-narrowing -Wno-error=local-type-template-args -Wno-delete-non-abstract-non-virtual-dtor -Wno-c99-designator -Wno-shift-op-parentheses -Wno-non-c-typedef-for-linkage -Wno-deprecated-this-capture -Wno-deprecated-volatile -Wno-deprecated-builtins -Wno-deprecated-declarations -stdlib=libc++ -Winvalid-pch -fpch-instantiate-templates -Xclang -emit-pch -Xclang -include -Xclang /home/runner/work/tt-metal/tt-metal/build/tests/ttnn/unit_tests/gtests/CMakeFiles/unit_tests_ttnn_ccl.dir/cmake_pch.hxx -x c++-header -MD -MT tests/ttnn/unit_tests/gtests/CMakeFiles/unit_tests_ttnn_ccl.dir/cmake_pch.hxx.pch -MF tests/ttnn/unit_tests/gtests/CMakeFiles/unit_tests_ttnn_ccl.dir/cmake_pch.hxx.pch.d -o tests/ttnn/unit_tests/gtests/CMakeFiles/unit_tests_ttnn_ccl.dir/cmake_pch.hxx.pch -c /home/runner/work/tt-metal/tt-metal/build/tests/ttnn/unit_tests/gtests/CMakeFiles/unit_tests_ttnn_ccl.dir/cmake_pch.hxx.cxx
2024-09-02T07:41:39.7494477Z [1012/1034] /usr/bin/clang++-17 -DUSING_UV_SHARED=1 -DYAML_CPP_STATIC_DEFINE -I/home/runner/work/tt-metal/tt-metal/tt_metal/third_party/umd -I/home/runner/work/tt-metal/tt-metal -I/home/runner/work/tt-metal/tt-metal/tt_metal -I/home/runner/work/tt-metal/tt-metal/tests -I/home/runner/work/tt-metal/tt-metal/tests/ttnn/unit_tests/gtests -I/home/runner/work/tt-metal/tt-metal/ttnn -I/home/runner/work/tt-metal/tt-metal/ttnn/cpp/ttnn/deprecated -I/home/runner/work/tt-metal/tt-metal/ttnn/cpp -I/home/runner/work/tt-metal/tt-metal/tt_metal/third_party/fmt -I/home/runner/work/tt-metal/tt-metal/ttnn/cpp/ttnn/experimental/tt_lib -I/home/runner/work/tt-metal/tt-metal/tt_metal/third_party/pybind11/include -I/usr/include/python3.8 -I/home/runner/work/tt-metal/tt-metal/tt_metal/hw/inc -I/home/runner/work/tt-metal/tt-metal/tt_metal/hw/inc/wormhole -I/home/runner/work/tt-metal/tt-metal/tt_metal/hw/inc/wormhole/wormhole_b0_defines -I/home/runner/work/tt-metal/tt-metal/tt_metal/third_party/umd/device/wormhole -I/home/runner/work/tt-metal/tt-metal/tt_metal/third_party/umd/src/firmware/riscv/wormhole -I/home/runner/work/tt-metal/tt-metal/.cpmcache/libuv/72aa6fc919b0653b47b7e9e7cf59ec92037e8693/include -I/home/runner/work/tt-metal/tt-metal/.cpmcache/yaml-cpp/905940a232aea3437e2fb77334461b1fe343318b/include -I/home/runner/work/tt-metal/tt-metal/tt_metal/third_party/umd/device -I/home/runner/work/tt-metal/tt-metal/tt_metal/third_party/umd/third_party/fmt/include -isystem /home/runner/work/tt-metal/tt-metal/.cpmcache/googletest/96129d89f45386492ae46d6bb8c027bc3df5f949/googletest/include -isystem /home/runner/work/tt-metal/tt-metal/.cpmcache/googletest/96129d89f45386492ae46d6bb8c027bc3df5f949/googletest -isystem /home/runner/work/tt-metal/tt-metal/.cpmcache/reflect/e75434c4c5f669e4a74e4d84e0a30d7249c1e66f -isystem /home/runner/work/tt-metal/tt-metal/.cpmcache/flatbuffers/2c4062bffa52fa4157b1b4deeae73395df475fda/include -isystem /home/runner/work/tt-metal/tt-metal/.cpmcache/nanomsg/28cc32d5bdb6a858fe53b3ccf7e923957e53eada/include -O0 -g -DDEBUG=DEBUG -std=c++20 -MP -Wno-int-to-pointer-cast -fno-var-tracking -mavx2 -fPIC -DFMT_HEADER_ONLY -fvisibility-inlines-hidden -fno-lto -DARCH_WORMHOLE_B0 -Werror -Wdelete-non-virtual-dtor -Wreturn-type -Wswitch -Wuninitialized -Wno-unused-parameter -Wsometimes-uninitialized -Wno-c++11-narrowing -Wno-error=local-type-template-args -Wno-delete-non-abstract-non-virtual-dtor -Wno-c99-designator -Wno-shift-op-parentheses -Wno-non-c-typedef-for-linkage -Wno-deprecated-this-capture -Wno-deprecated-volatile -Wno-deprecated-builtins -Wno-deprecated-declarations -stdlib=libc++ -Winvalid-pch -fpch-instantiate-templates -Xclang -emit-pch -Xclang -include -Xclang /home/runner/work/tt-metal/tt-metal/build/tests/ttnn/unit_tests/gtests/CMakeFiles/test_multi_device.dir/cmake_pch.hxx -x c++-header -MD -MT tests/ttnn/unit_tests/gtests/CMakeFiles/test_multi_device.dir/cmake_pch.hxx.pch -MF tests/ttnn/unit_tests/gtests/CMakeFiles/test_multi_device.dir/cmake_pch.hxx.pch.d -o tests/ttnn/unit_tests/gtests/CMakeFiles/test_multi_device.dir/cmake_pch.hxx.pch -c /home/runner/work/tt-metal/tt-metal/build/tests/ttnn/unit_tests/gtests/CMakeFiles/test_multi_device.dir/cmake_pch.hxx.cxx
2024-09-02T07:41:51.4389727Z [1013/1034] /usr/bin/clang++-17 -DUSING_UV_SHARED=1 -DYAML_CPP_STATIC_DEFINE -I/home/runner/work/tt-metal/tt-metal/tt_metal/third_party/umd -I/home/runner/work/tt-metal/tt-metal -I/home/runner/work/tt-metal/tt-metal/tt_metal -I/home/runner/work/tt-metal/tt-metal/ttnn/cpp -I/home/runner/work/tt-metal/tt-metal/tt_metal/common -I/home/runner/work/tt-metal/tt-metal/tests -I/home/runner/work/tt-metal/tt-metal/tests/tt_eager -I/home/runner/work/tt-metal/tt-metal/ttnn -I/home/runner/work/tt-metal/tt-metal/ttnn/cpp/ttnn/deprecated -I/home/runner/work/tt-metal/tt-metal/tt_metal/third_party/fmt -I/home/runner/work/tt-metal/tt-metal/ttnn/cpp/ttnn/experimental/tt_lib -I/home/runner/work/tt-metal/tt-metal/tt_metal/third_party/pybind11/include -I/usr/include/python3.8 -I/home/runner/work/tt-metal/tt-metal/tt_metal/hw/inc -I/home/runner/work/tt-metal/tt-metal/tt_metal/hw/inc/wormhole -I/home/runner/work/tt-metal/tt-metal/tt_metal/hw/inc/wormhole/wormhole_b0_defines -I/home/runner/work/tt-metal/tt-metal/tt_metal/third_party/umd/device/wormhole -I/home/runner/work/tt-metal/tt-metal/tt_metal/third_party/umd/src/firmware/riscv/wormhole -I/home/runner/work/tt-metal/tt-metal/.cpmcache/libuv/72aa6fc919b0653b47b7e9e7cf59ec92037e8693/include -I/home/runner/work/tt-metal/tt-metal/.cpmcache/yaml-cpp/905940a232aea3437e2fb77334461b1fe343318b/include -I/home/runner/work/tt-metal/tt-metal/tt_metal/third_party/umd/device -I/home/runner/work/tt-metal/tt-metal/tt_metal/third_party/umd/third_party/fmt/include -isystem /home/runner/work/tt-metal/tt-metal/.cpmcache/googletest/96129d89f45386492ae46d6bb8c027bc3df5f949/googletest/include -isystem /home/runner/work/tt-metal/tt-metal/.cpmcache/googletest/96129d89f45386492ae46d6bb8c027bc3df5f949/googletest -isystem /home/runner/work/tt-metal/tt-metal/.cpmcache/reflect/e75434c4c5f669e4a74e4d84e0a30d7249c1e66f -isystem /home/runner/work/tt-metal/tt-metal/.cpmcache/flatbuffers/2c4062bffa52fa4157b1b4deeae73395df475fda/include -isystem /home/runner/work/tt-metal/tt-metal/.cpmcache/nanomsg/28cc32d5bdb6a858fe53b3ccf7e923957e53eada/include -O0 -g -DDEBUG=DEBUG -std=c++20 -MP -Wno-int-to-pointer-cast -fno-var-tracking -mavx2 -fPIC -DFMT_HEADER_ONLY -fvisibility-inlines-hidden -fno-lto -DARCH_WORMHOLE_B0 -Werror -Wdelete-non-virtual-dtor -Wreturn-type -Wswitch -Wuninitialized -Wno-unused-parameter -Wsometimes-uninitialized -Wno-c++11-narrowing -Wno-error=local-type-template-args -Wno-delete-non-abstract-non-virtual-dtor -Wno-c99-designator -Wno-shift-op-parentheses -Wno-non-c-typedef-for-linkage -Wno-deprecated-this-capture -Wno-deprecated-volatile -Wno-deprecated-builtins -Wno-deprecated-declarations -stdlib=libc++ -Winvalid-pch -Xclang -include-pch -Xclang /home/runner/work/tt-metal/tt-metal/build/tests/tt_eager/CMakeFiles/test_raw_host_memory_pointer.dir/cmake_pch.hxx.pch -Xclang -include -Xclang /home/runner/work/tt-metal/tt-metal/build/tests/tt_eager/CMakeFiles/test_raw_host_memory_pointer.dir/cmake_pch.hxx -MD -MT tests/tt_eager/CMakeFiles/test_raw_host_memory_pointer.dir/tensors/test_raw_host_memory_pointer.cpp.o -MF tests/tt_eager/CMakeFiles/test_raw_host_memory_pointer.dir/tensors/test_raw_host_memory_pointer.cpp.o.d -o tests/tt_eager/CMakeFiles/test_raw_host_memory_pointer.dir/tensors/test_raw_host_memory_pointer.cpp.o -c /home/runner/work/tt-metal/tt-metal/tests/tt_eager/tensors/test_raw_host_memory_pointer.cpp
2024-09-02T07:41:52.1802610Z [1014/1034] : && /usr/bin/clang++-17 -O0 -g -DDEBUG=DEBUG  tests/tt_eager/CMakeFiles/test_raw_host_memory_pointer.dir/tensors/test_raw_host_memory_pointer.cpp.o -o test/tt_eager/tensors/test_raw_host_memory_pointer  -Wl,-rpath,/home/runner/work/tt-metal/tt-metal/build/ttnn:/home/runner/work/tt-metal/tt-metal/build/lib:/home/runner/work/tt-metal/tt-metal/build/tt_metal:/home/runner/work/tt-metal/tt-metal/build/_deps/nanomsg-build:/home/runner/work/tt-metal/tt-metal/build/_deps/libuv-build  ttnn/_ttnn.so  lib/libgtest_main.so.1.13.0  lib/libgtest.so.1.13.0  -lpthread  tt_metal/libtt_metal.so  -lz  -latomic  -lhwloc  -lnuma  lib/libdevice.so  _deps/yaml-cpp-build/libyaml-cpp.a  -lc++  /usr/lib/x86_64-linux-gnu/libc++abi.so  _deps/nanomsg-build/libnng.so.1.8.0  _deps/libuv-build/libuv.so.1.0.0  -lpthread  -ldl  -lrt  /usr/lib/x86_64-linux-gnu/libpython3.8.so && :
2024-09-02T07:41:55.4462406Z [1015/1034] /usr/bin/clang++-17 -DUSING_UV_SHARED=1 -DYAML_CPP_STATIC_DEFINE -I/home/runner/work/tt-metal/tt-metal/tt_metal/third_party/umd -I/home/runner/work/tt-metal/tt-metal -I/home/runner/work/tt-metal/tt-metal/tt_metal -I/home/runner/work/tt-metal/tt-metal/ttnn/cpp -I/home/runner/work/tt-metal/tt-metal/tt_metal/common -I/home/runner/work/tt-metal/tt-metal/tests -I/home/runner/work/tt-metal/tt-metal/tests/tt_eager -I/home/runner/work/tt-metal/tt-metal/ttnn -I/home/runner/work/tt-metal/tt-metal/ttnn/cpp/ttnn/deprecated -I/home/runner/work/tt-metal/tt-metal/tt_metal/third_party/fmt -I/home/runner/work/tt-metal/tt-metal/ttnn/cpp/ttnn/experimental/tt_lib -I/home/runner/work/tt-metal/tt-metal/tt_metal/third_party/pybind11/include -I/usr/include/python3.8 -I/home/runner/work/tt-metal/tt-metal/tt_metal/hw/inc -I/home/runner/work/tt-metal/tt-metal/tt_metal/hw/inc/wormhole -I/home/runner/work/tt-metal/tt-metal/tt_metal/hw/inc/wormhole/wormhole_b0_defines -I/home/runner/work/tt-metal/tt-metal/tt_metal/third_party/umd/device/wormhole -I/home/runner/work/tt-metal/tt-metal/tt_metal/third_party/umd/src/firmware/riscv/wormhole -I/home/runner/work/tt-metal/tt-metal/.cpmcache/libuv/72aa6fc919b0653b47b7e9e7cf59ec92037e8693/include -I/home/runner/work/tt-metal/tt-metal/.cpmcache/yaml-cpp/905940a232aea3437e2fb77334461b1fe343318b/include -I/home/runner/work/tt-metal/tt-metal/tt_metal/third_party/umd/device -I/home/runner/work/tt-metal/tt-metal/tt_metal/third_party/umd/third_party/fmt/include -isystem /home/runner/work/tt-metal/tt-metal/.cpmcache/googletest/96129d89f45386492ae46d6bb8c027bc3df5f949/googletest/include -isystem /home/runner/work/tt-metal/tt-metal/.cpmcache/googletest/96129d89f45386492ae46d6bb8c027bc3df5f949/googletest -isystem /home/runner/work/tt-metal/tt-metal/.cpmcache/reflect/e75434c4c5f669e4a74e4d84e0a30d7249c1e66f -isystem /home/runner/work/tt-metal/tt-metal/.cpmcache/flatbuffers/2c4062bffa52fa4157b1b4deeae73395df475fda/include -isystem /home/runner/work/tt-metal/tt-metal/.cpmcache/nanomsg/28cc32d5bdb6a858fe53b3ccf7e923957e53eada/include -O0 -g -DDEBUG=DEBUG -std=c++20 -MP -Wno-int-to-pointer-cast -fno-var-tracking -mavx2 -fPIC -DFMT_HEADER_ONLY -fvisibility-inlines-hidden -fno-lto -DARCH_WORMHOLE_B0 -Werror -Wdelete-non-virtual-dtor -Wreturn-type -Wswitch -Wuninitialized -Wno-unused-parameter -Wsometimes-uninitialized -Wno-c++11-narrowing -Wno-error=local-type-template-args -Wno-delete-non-abstract-non-virtual-dtor -Wno-c99-designator -Wno-shift-op-parentheses -Wno-non-c-typedef-for-linkage -Wno-deprecated-this-capture -Wno-deprecated-volatile -Wno-deprecated-builtins -Wno-deprecated-declarations -stdlib=libc++ -Winvalid-pch -Xclang -include-pch -Xclang /home/runner/work/tt-metal/tt-metal/build/tests/tt_eager/CMakeFiles/test_async_tensor_apis.dir/cmake_pch.hxx.pch -Xclang -include -Xclang /home/runner/work/tt-metal/tt-metal/build/tests/tt_eager/CMakeFiles/test_async_tensor_apis.dir/cmake_pch.hxx -MD -MT tests/tt_eager/CMakeFiles/test_async_tensor_apis.dir/tensors/test_async_tensor_apis.cpp.o -MF tests/tt_eager/CMakeFiles/test_async_tensor_apis.dir/tensors/test_async_tensor_apis.cpp.o.d -o tests/tt_eager/CMakeFiles/test_async_tensor_apis.dir/tensors/test_async_tensor_apis.cpp.o -c /home/runner/work/tt-metal/tt-metal/tests/tt_eager/tensors/test_async_tensor_apis.cpp
2024-09-02T07:41:56.2162207Z [1016/1034] : && /usr/bin/clang++-17 -O0 -g -DDEBUG=DEBUG  tests/tt_eager/CMakeFiles/test_async_tensor_apis.dir/tensors/test_async_tensor_apis.cpp.o -o test/tt_eager/tensors/test_async_tensor_apis  -Wl,-rpath,/home/runner/work/tt-metal/tt-metal/build/ttnn:/home/runner/work/tt-metal/tt-metal/build/lib:/home/runner/work/tt-metal/tt-metal/build/tt_metal:/home/runner/work/tt-metal/tt-metal/build/_deps/nanomsg-build:/home/runner/work/tt-metal/tt-metal/build/_deps/libuv-build  ttnn/_ttnn.so  lib/libgtest_main.so.1.13.0  lib/libgtest.so.1.13.0  -lpthread  tt_metal/libtt_metal.so  -lz  -latomic  -lhwloc  -lnuma  lib/libdevice.so  _deps/yaml-cpp-build/libyaml-cpp.a  -lc++  /usr/lib/x86_64-linux-gnu/libc++abi.so  _deps/nanomsg-build/libnng.so.1.8.0  _deps/libuv-build/libuv.so.1.0.0  -lpthread  -ldl  -lrt  /usr/lib/x86_64-linux-gnu/libpython3.8.so && :
2024-09-02T07:42:04.6284906Z [1017/1034] /usr/bin/clang++-17 -DUSING_UV_SHARED=1 -DYAML_CPP_STATIC_DEFINE -I/home/runner/work/tt-metal/tt-metal/tt_metal/third_party/umd -I/home/runner/work/tt-metal/tt-metal -I/home/runner/work/tt-metal/tt-metal/tt_metal -I/home/runner/work/tt-metal/tt-metal/ttnn/cpp -I/home/runner/work/tt-metal/tt-metal/tt_metal/common -I/home/runner/work/tt-metal/tt-metal/tests -I/home/runner/work/tt-metal/tt-metal/tests/tt_eager -I/home/runner/work/tt-metal/tt-metal/ttnn -I/home/runner/work/tt-metal/tt-metal/ttnn/cpp/ttnn/deprecated -I/home/runner/work/tt-metal/tt-metal/tt_metal/third_party/fmt -I/home/runner/work/tt-metal/tt-metal/ttnn/cpp/ttnn/experimental/tt_lib -I/home/runner/work/tt-metal/tt-metal/tt_metal/third_party/pybind11/include -I/usr/include/python3.8 -I/home/runner/work/tt-metal/tt-metal/tt_metal/hw/inc -I/home/runner/work/tt-metal/tt-metal/tt_metal/hw/inc/wormhole -I/home/runner/work/tt-metal/tt-metal/tt_metal/hw/inc/wormhole/wormhole_b0_defines -I/home/runner/work/tt-metal/tt-metal/tt_metal/third_party/umd/device/wormhole -I/home/runner/work/tt-metal/tt-metal/tt_metal/third_party/umd/src/firmware/riscv/wormhole -I/home/runner/work/tt-metal/tt-metal/.cpmcache/libuv/72aa6fc919b0653b47b7e9e7cf59ec92037e8693/include -I/home/runner/work/tt-metal/tt-metal/.cpmcache/yaml-cpp/905940a232aea3437e2fb77334461b1fe343318b/include -I/home/runner/work/tt-metal/tt-metal/tt_metal/third_party/umd/device -I/home/runner/work/tt-metal/tt-metal/tt_metal/third_party/umd/third_party/fmt/include -isystem /home/runner/work/tt-metal/tt-metal/.cpmcache/googletest/96129d89f45386492ae46d6bb8c027bc3df5f949/googletest/include -isystem /home/runner/work/tt-metal/tt-metal/.cpmcache/googletest/96129d89f45386492ae46d6bb8c027bc3df5f949/googletest -isystem /home/runner/work/tt-metal/tt-metal/.cpmcache/reflect/e75434c4c5f669e4a74e4d84e0a30d7249c1e66f -isystem /home/runner/work/tt-metal/tt-metal/.cpmcache/flatbuffers/2c4062bffa52fa4157b1b4deeae73395df475fda/include -isystem /home/runner/work/tt-metal/tt-metal/.cpmcache/nanomsg/28cc32d5bdb6a858fe53b3ccf7e923957e53eada/include -O0 -g -DDEBUG=DEBUG -std=c++20 -MP -Wno-int-to-pointer-cast -fno-var-tracking -mavx2 -fPIC -DFMT_HEADER_ONLY -fvisibility-inlines-hidden -fno-lto -DARCH_WORMHOLE_B0 -Werror -Wdelete-non-virtual-dtor -Wreturn-type -Wswitch -Wuninitialized -Wno-unused-parameter -Wsometimes-uninitialized -Wno-c++11-narrowing -Wno-error=local-type-template-args -Wno-delete-non-abstract-non-virtual-dtor -Wno-c99-designator -Wno-shift-op-parentheses -Wno-non-c-typedef-for-linkage -Wno-deprecated-this-capture -Wno-deprecated-volatile -Wno-deprecated-builtins -Wno-deprecated-declarations -stdlib=libc++ -Winvalid-pch -Xclang -include-pch -Xclang /home/runner/work/tt-metal/tt-metal/build/tests/tt_eager/CMakeFiles/test_bert.dir/cmake_pch.hxx.pch -Xclang -include -Xclang /home/runner/work/tt-metal/tt-metal/build/tests/tt_eager/CMakeFiles/test_bert.dir/cmake_pch.hxx -MD -MT tests/tt_eager/CMakeFiles/test_bert.dir/integration_tests/test_bert.cpp.o -MF tests/tt_eager/CMakeFiles/test_bert.dir/integration_tests/test_bert.cpp.o.d -o tests/tt_eager/CMakeFiles/test_bert.dir/integration_tests/test_bert.cpp.o -c /home/runner/work/tt-metal/tt-metal/tests/tt_eager/integration_tests/test_bert.cpp
2024-09-02T07:42:05.6760258Z [1018/1034] : && /usr/bin/clang++-17 -O0 -g -DDEBUG=DEBUG  tests/tt_eager/CMakeFiles/test_bert.dir/integration_tests/test_bert.cpp.o -o test/tt_eager/integration_tests/test_bert  -Wl,-rpath,/home/runner/work/tt-metal/tt-metal/build/ttnn:/home/runner/work/tt-metal/tt-metal/build/lib:/home/runner/work/tt-metal/tt-metal/build/tt_metal:/home/runner/work/tt-metal/tt-metal/build/_deps/nanomsg-build:/home/runner/work/tt-metal/tt-metal/build/_deps/libuv-build  ttnn/_ttnn.so  lib/libgtest_main.so.1.13.0  lib/libgtest.so.1.13.0  -lpthread  tt_metal/libtt_metal.so  -lz  -latomic  -lhwloc  -lnuma  lib/libdevice.so  _deps/yaml-cpp-build/libyaml-cpp.a  -lc++  /usr/lib/x86_64-linux-gnu/libc++abi.so  _deps/nanomsg-build/libnng.so.1.8.0  _deps/libuv-build/libuv.so.1.0.0  -lpthread  -ldl  -lrt  /usr/lib/x86_64-linux-gnu/libpython3.8.so && :
2024-09-02T07:42:17.6000857Z [1019/1034] /usr/bin/clang++-17 -DUSING_UV_SHARED=1 -DYAML_CPP_STATIC_DEFINE -I/home/runner/work/tt-metal/tt-metal/tt_metal/third_party/umd -I/home/runner/work/tt-metal/tt-metal -I/home/runner/work/tt-metal/tt-metal/tt_metal -I/home/runner/work/tt-metal/tt-metal/tests -I/home/runner/work/tt-metal/tt-metal/tests/ttnn/unit_tests/gtests -I/home/runner/work/tt-metal/tt-metal/ttnn -I/home/runner/work/tt-metal/tt-metal/ttnn/cpp/ttnn/deprecated -I/home/runner/work/tt-metal/tt-metal/ttnn/cpp -I/home/runner/work/tt-metal/tt-metal/tt_metal/third_party/fmt -I/home/runner/work/tt-metal/tt-metal/ttnn/cpp/ttnn/experimental/tt_lib -I/home/runner/work/tt-metal/tt-metal/tt_metal/third_party/pybind11/include -I/usr/include/python3.8 -I/home/runner/work/tt-metal/tt-metal/tt_metal/hw/inc -I/home/runner/work/tt-metal/tt-metal/tt_metal/hw/inc/wormhole -I/home/runner/work/tt-metal/tt-metal/tt_metal/hw/inc/wormhole/wormhole_b0_defines -I/home/runner/work/tt-metal/tt-metal/tt_metal/third_party/umd/device/wormhole -I/home/runner/work/tt-metal/tt-metal/tt_metal/third_party/umd/src/firmware/riscv/wormhole -I/home/runner/work/tt-metal/tt-metal/.cpmcache/libuv/72aa6fc919b0653b47b7e9e7cf59ec92037e8693/include -I/home/runner/work/tt-metal/tt-metal/.cpmcache/yaml-cpp/905940a232aea3437e2fb77334461b1fe343318b/include -I/home/runner/work/tt-metal/tt-metal/tt_metal/third_party/umd/device -I/home/runner/work/tt-metal/tt-metal/tt_metal/third_party/umd/third_party/fmt/include -isystem /home/runner/work/tt-metal/tt-metal/.cpmcache/googletest/96129d89f45386492ae46d6bb8c027bc3df5f949/googletest/include -isystem /home/runner/work/tt-metal/tt-metal/.cpmcache/googletest/96129d89f45386492ae46d6bb8c027bc3df5f949/googletest -isystem /home/runner/work/tt-metal/tt-metal/.cpmcache/reflect/e75434c4c5f669e4a74e4d84e0a30d7249c1e66f -isystem /home/runner/work/tt-metal/tt-metal/.cpmcache/flatbuffers/2c4062bffa52fa4157b1b4deeae73395df475fda/include -isystem /home/runner/work/tt-metal/tt-metal/.cpmcache/nanomsg/28cc32d5bdb6a858fe53b3ccf7e923957e53eada/include -O0 -g -DDEBUG=DEBUG -std=c++20 -MP -Wno-int-to-pointer-cast -fno-var-tracking -mavx2 -fPIC -DFMT_HEADER_ONLY -fvisibility-inlines-hidden -fno-lto -DARCH_WORMHOLE_B0 -Werror -Wdelete-non-virtual-dtor -Wreturn-type -Wswitch -Wuninitialized -Wno-unused-parameter -Wsometimes-uninitialized -Wno-c++11-narrowing -Wno-error=local-type-template-args -Wno-delete-non-abstract-non-virtual-dtor -Wno-c99-designator -Wno-shift-op-parentheses -Wno-non-c-typedef-for-linkage -Wno-deprecated-this-capture -Wno-deprecated-volatile -Wno-deprecated-builtins -Wno-deprecated-declarations -stdlib=libc++ -Winvalid-pch -Xclang -include-pch -Xclang /home/runner/work/tt-metal/tt-metal/build/tests/ttnn/unit_tests/gtests/CMakeFiles/unit_tests_ttnn.dir/cmake_pch.hxx.pch -Xclang -include -Xclang /home/runner/work/tt-metal/tt-metal/build/tests/ttnn/unit_tests/gtests/CMakeFiles/unit_tests_ttnn.dir/cmake_pch.hxx -MD -MT tests/ttnn/unit_tests/gtests/CMakeFiles/unit_tests_ttnn.dir/test_async_runtime.cpp.o -MF tests/ttnn/unit_tests/gtests/CMakeFiles/unit_tests_ttnn.dir/test_async_runtime.cpp.o.d -o tests/ttnn/unit_tests/gtests/CMakeFiles/unit_tests_ttnn.dir/test_async_runtime.cpp.o -c /home/runner/work/tt-metal/tt-metal/tests/ttnn/unit_tests/gtests/test_async_runtime.cpp
2024-09-02T07:42:22.4129956Z [1020/1034] /usr/bin/clang++-17 -DUSING_UV_SHARED=1 -DYAML_CPP_STATIC_DEFINE -I/home/runner/work/tt-metal/tt-metal/tt_metal/third_party/umd -I/home/runner/work/tt-metal/tt-metal -I/home/runner/work/tt-metal/tt-metal/tt_metal -I/home/runner/work/tt-metal/tt-metal/tests -I/home/runner/work/tt-metal/tt-metal/tests/ttnn/unit_tests/gtests -I/home/runner/work/tt-metal/tt-metal/ttnn -I/home/runner/work/tt-metal/tt-metal/ttnn/cpp/ttnn/deprecated -I/home/runner/work/tt-metal/tt-metal/ttnn/cpp -I/home/runner/work/tt-metal/tt-metal/tt_metal/third_party/fmt -I/home/runner/work/tt-metal/tt-metal/ttnn/cpp/ttnn/experimental/tt_lib -I/home/runner/work/tt-metal/tt-metal/tt_metal/third_party/pybind11/include -I/usr/include/python3.8 -I/home/runner/work/tt-metal/tt-metal/tt_metal/hw/inc -I/home/runner/work/tt-metal/tt-metal/tt_metal/hw/inc/wormhole -I/home/runner/work/tt-metal/tt-metal/tt_metal/hw/inc/wormhole/wormhole_b0_defines -I/home/runner/work/tt-metal/tt-metal/tt_metal/third_party/umd/device/wormhole -I/home/runner/work/tt-metal/tt-metal/tt_metal/third_party/umd/src/firmware/riscv/wormhole -I/home/runner/work/tt-metal/tt-metal/.cpmcache/libuv/72aa6fc919b0653b47b7e9e7cf59ec92037e8693/include -I/home/runner/work/tt-metal/tt-metal/.cpmcache/yaml-cpp/905940a232aea3437e2fb77334461b1fe343318b/include -I/home/runner/work/tt-metal/tt-metal/tt_metal/third_party/umd/device -I/home/runner/work/tt-metal/tt-metal/tt_metal/third_party/umd/third_party/fmt/include -isystem /home/runner/work/tt-metal/tt-metal/.cpmcache/googletest/96129d89f45386492ae46d6bb8c027bc3df5f949/googletest/include -isystem /home/runner/work/tt-metal/tt-metal/.cpmcache/googletest/96129d89f45386492ae46d6bb8c027bc3df5f949/googletest -isystem /home/runner/work/tt-metal/tt-metal/.cpmcache/reflect/e75434c4c5f669e4a74e4d84e0a30d7249c1e66f -isystem /home/runner/work/tt-metal/tt-metal/.cpmcache/flatbuffers/2c4062bffa52fa4157b1b4deeae73395df475fda/include -isystem /home/runner/work/tt-metal/tt-metal/.cpmcache/nanomsg/28cc32d5bdb6a858fe53b3ccf7e923957e53eada/include -O0 -g -DDEBUG=DEBUG -std=c++20 -MP -Wno-int-to-pointer-cast -fno-var-tracking -mavx2 -fPIC -DFMT_HEADER_ONLY -fvisibility-inlines-hidden -fno-lto -DARCH_WORMHOLE_B0 -Werror -Wdelete-non-virtual-dtor -Wreturn-type -Wswitch -Wuninitialized -Wno-unused-parameter -Wsometimes-uninitialized -Wno-c++11-narrowing -Wno-error=local-type-template-args -Wno-delete-non-abstract-non-virtual-dtor -Wno-c99-designator -Wno-shift-op-parentheses -Wno-non-c-typedef-for-linkage -Wno-deprecated-this-capture -Wno-deprecated-volatile -Wno-deprecated-builtins -Wno-deprecated-declarations -stdlib=libc++ -Winvalid-pch -Xclang -include-pch -Xclang /home/runner/work/tt-metal/tt-metal/build/tests/ttnn/unit_tests/gtests/CMakeFiles/unit_tests_ttnn.dir/cmake_pch.hxx.pch -Xclang -include -Xclang /home/runner/work/tt-metal/tt-metal/build/tests/ttnn/unit_tests/gtests/CMakeFiles/unit_tests_ttnn.dir/cmake_pch.hxx -MD -MT tests/ttnn/unit_tests/gtests/CMakeFiles/unit_tests_ttnn.dir/test_add.cpp.o -MF tests/ttnn/unit_tests/gtests/CMakeFiles/unit_tests_ttnn.dir/test_add.cpp.o.d -o tests/ttnn/unit_tests/gtests/CMakeFiles/unit_tests_ttnn.dir/test_add.cpp.o -c /home/runner/work/tt-metal/tt-metal/tests/ttnn/unit_tests/gtests/test_add.cpp
2024-09-02T07:42:22.7329747Z [1021/1034] /usr/bin/clang++-17 -DUSING_UV_SHARED=1 -DYAML_CPP_STATIC_DEFINE -I/home/runner/work/tt-metal/tt-metal/tt_metal/third_party/umd -I/home/runner/work/tt-metal/tt-metal -I/home/runner/work/tt-metal/tt-metal/tt_metal -I/home/runner/work/tt-metal/tt-metal/tests -I/home/runner/work/tt-metal/tt-metal/tests/ttnn/unit_tests/gtests -I/home/runner/work/tt-metal/tt-metal/ttnn -I/home/runner/work/tt-metal/tt-metal/ttnn/cpp/ttnn/deprecated -I/home/runner/work/tt-metal/tt-metal/ttnn/cpp -I/home/runner/work/tt-metal/tt-metal/tt_metal/third_party/fmt -I/home/runner/work/tt-metal/tt-metal/ttnn/cpp/ttnn/experimental/tt_lib -I/home/runner/work/tt-metal/tt-metal/tt_metal/third_party/pybind11/include -I/usr/include/python3.8 -I/home/runner/work/tt-metal/tt-metal/tt_metal/hw/inc -I/home/runner/work/tt-metal/tt-metal/tt_metal/hw/inc/wormhole -I/home/runner/work/tt-metal/tt-metal/tt_metal/hw/inc/wormhole/wormhole_b0_defines -I/home/runner/work/tt-metal/tt-metal/tt_metal/third_party/umd/device/wormhole -I/home/runner/work/tt-metal/tt-metal/tt_metal/third_party/umd/src/firmware/riscv/wormhole -I/home/runner/work/tt-metal/tt-metal/.cpmcache/libuv/72aa6fc919b0653b47b7e9e7cf59ec92037e8693/include -I/home/runner/work/tt-metal/tt-metal/.cpmcache/yaml-cpp/905940a232aea3437e2fb77334461b1fe343318b/include -I/home/runner/work/tt-metal/tt-metal/tt_metal/third_party/umd/device -I/home/runner/work/tt-metal/tt-metal/tt_metal/third_party/umd/third_party/fmt/include -isystem /home/runner/work/tt-metal/tt-metal/.cpmcache/googletest/96129d89f45386492ae46d6bb8c027bc3df5f949/googletest/include -isystem /home/runner/work/tt-metal/tt-metal/.cpmcache/googletest/96129d89f45386492ae46d6bb8c027bc3df5f949/googletest -isystem /home/runner/work/tt-metal/tt-metal/.cpmcache/reflect/e75434c4c5f669e4a74e4d84e0a30d7249c1e66f -isystem /home/runner/work/tt-metal/tt-metal/.cpmcache/flatbuffers/2c4062bffa52fa4157b1b4deeae73395df475fda/include -isystem /home/runner/work/tt-metal/tt-metal/.cpmcache/nanomsg/28cc32d5bdb6a858fe53b3ccf7e923957e53eada/include -O0 -g -DDEBUG=DEBUG -std=c++20 -MP -Wno-int-to-pointer-cast -fno-var-tracking -mavx2 -fPIC -DFMT_HEADER_ONLY -fvisibility-inlines-hidden -fno-lto -DARCH_WORMHOLE_B0 -Werror -Wdelete-non-virtual-dtor -Wreturn-type -Wswitch -Wuninitialized -Wno-unused-parameter -Wsometimes-uninitialized -Wno-c++11-narrowing -Wno-error=local-type-template-args -Wno-delete-non-abstract-non-virtual-dtor -Wno-c99-designator -Wno-shift-op-parentheses -Wno-non-c-typedef-for-linkage -Wno-deprecated-this-capture -Wno-deprecated-volatile -Wno-deprecated-builtins -Wno-deprecated-declarations -stdlib=libc++ -Winvalid-pch -Xclang -include-pch -Xclang /home/runner/work/tt-metal/tt-metal/build/tests/ttnn/unit_tests/gtests/CMakeFiles/unit_tests_ttnn.dir/cmake_pch.hxx.pch -Xclang -include -Xclang /home/runner/work/tt-metal/tt-metal/build/tests/ttnn/unit_tests/gtests/CMakeFiles/unit_tests_ttnn.dir/cmake_pch.hxx -MD -MT tests/ttnn/unit_tests/gtests/CMakeFiles/unit_tests_ttnn.dir/test_reflect.cpp.o -MF tests/ttnn/unit_tests/gtests/CMakeFiles/unit_tests_ttnn.dir/test_reflect.cpp.o.d -o tests/ttnn/unit_tests/gtests/CMakeFiles/unit_tests_ttnn.dir/test_reflect.cpp.o -c /home/runner/work/tt-metal/tt-metal/tests/ttnn/unit_tests/gtests/test_reflect.cpp
2024-09-02T07:42:29.2174340Z [1022/1034] /usr/bin/clang++-17 -DUSING_UV_SHARED=1 -DYAML_CPP_STATIC_DEFINE -I/home/runner/work/tt-metal/tt-metal/tt_metal/third_party/umd -I/home/runner/work/tt-metal/tt-metal -I/home/runner/work/tt-metal/tt-metal/tt_metal -I/home/runner/work/tt-metal/tt-metal/tests -I/home/runner/work/tt-metal/tt-metal/tests/ttnn/unit_tests/gtests -I/home/runner/work/tt-metal/tt-metal/ttnn -I/home/runner/work/tt-metal/tt-metal/ttnn/cpp/ttnn/deprecated -I/home/runner/work/tt-metal/tt-metal/ttnn/cpp -I/home/runner/work/tt-metal/tt-metal/tt_metal/third_party/fmt -I/home/runner/work/tt-metal/tt-metal/ttnn/cpp/ttnn/experimental/tt_lib -I/home/runner/work/tt-metal/tt-metal/tt_metal/third_party/pybind11/include -I/usr/include/python3.8 -I/home/runner/work/tt-metal/tt-metal/tt_metal/hw/inc -I/home/runner/work/tt-metal/tt-metal/tt_metal/hw/inc/wormhole -I/home/runner/work/tt-metal/tt-metal/tt_metal/hw/inc/wormhole/wormhole_b0_defines -I/home/runner/work/tt-metal/tt-metal/tt_metal/third_party/umd/device/wormhole -I/home/runner/work/tt-metal/tt-metal/tt_metal/third_party/umd/src/firmware/riscv/wormhole -I/home/runner/work/tt-metal/tt-metal/.cpmcache/libuv/72aa6fc919b0653b47b7e9e7cf59ec92037e8693/include -I/home/runner/work/tt-metal/tt-metal/.cpmcache/yaml-cpp/905940a232aea3437e2fb77334461b1fe343318b/include -I/home/runner/work/tt-metal/tt-metal/tt_metal/third_party/umd/device -I/home/runner/work/tt-metal/tt-metal/tt_metal/third_party/umd/third_party/fmt/include -isystem /home/runner/work/tt-metal/tt-metal/.cpmcache/googletest/96129d89f45386492ae46d6bb8c027bc3df5f949/googletest/include -isystem /home/runner/work/tt-metal/tt-metal/.cpmcache/googletest/96129d89f45386492ae46d6bb8c027bc3df5f949/googletest -isystem /home/runner/work/tt-metal/tt-metal/.cpmcache/reflect/e75434c4c5f669e4a74e4d84e0a30d7249c1e66f -isystem /home/runner/work/tt-metal/tt-metal/.cpmcache/flatbuffers/2c4062bffa52fa4157b1b4deeae73395df475fda/include -isystem /home/runner/work/tt-metal/tt-metal/.cpmcache/nanomsg/28cc32d5bdb6a858fe53b3ccf7e923957e53eada/include -O0 -g -DDEBUG=DEBUG -std=c++20 -MP -Wno-int-to-pointer-cast -fno-var-tracking -mavx2 -fPIC -DFMT_HEADER_ONLY -fvisibility-inlines-hidden -fno-lto -DARCH_WORMHOLE_B0 -Werror -Wdelete-non-virtual-dtor -Wreturn-type -Wswitch -Wuninitialized -Wno-unused-parameter -Wsometimes-uninitialized -Wno-c++11-narrowing -Wno-error=local-type-template-args -Wno-delete-non-abstract-non-virtual-dtor -Wno-c99-designator -Wno-shift-op-parentheses -Wno-non-c-typedef-for-linkage -Wno-deprecated-this-capture -Wno-deprecated-volatile -Wno-deprecated-builtins -Wno-deprecated-declarations -stdlib=libc++ -Winvalid-pch -Xclang -include-pch -Xclang /home/runner/work/tt-metal/tt-metal/build/tests/ttnn/unit_tests/gtests/CMakeFiles/unit_tests_ttnn.dir/cmake_pch.hxx.pch -Xclang -include -Xclang /home/runner/work/tt-metal/tt-metal/build/tests/ttnn/unit_tests/gtests/CMakeFiles/unit_tests_ttnn.dir/cmake_pch.hxx -MD -MT tests/ttnn/unit_tests/gtests/CMakeFiles/unit_tests_ttnn.dir/test_graph_add.cpp.o -MF tests/ttnn/unit_tests/gtests/CMakeFiles/unit_tests_ttnn.dir/test_graph_add.cpp.o.d -o tests/ttnn/unit_tests/gtests/CMakeFiles/unit_tests_ttnn.dir/test_graph_add.cpp.o -c /home/runner/work/tt-metal/tt-metal/tests/ttnn/unit_tests/gtests/test_graph_add.cpp
2024-09-02T07:42:31.9831628Z [1023/1034] /usr/bin/clang++-17 -DUSING_UV_SHARED=1 -DYAML_CPP_STATIC_DEFINE -I/home/runner/work/tt-metal/tt-metal/tt_metal/third_party/umd -I/home/runner/work/tt-metal/tt-metal -I/home/runner/work/tt-metal/tt-metal/tt_metal -I/home/runner/work/tt-metal/tt-metal/tests -I/home/runner/work/tt-metal/tt-metal/tests/ttnn/unit_tests/gtests -I/home/runner/work/tt-metal/tt-metal/ttnn -I/home/runner/work/tt-metal/tt-metal/ttnn/cpp/ttnn/deprecated -I/home/runner/work/tt-metal/tt-metal/ttnn/cpp -I/home/runner/work/tt-metal/tt-metal/tt_metal/third_party/fmt -I/home/runner/work/tt-metal/tt-metal/ttnn/cpp/ttnn/experimental/tt_lib -I/home/runner/work/tt-metal/tt-metal/tt_metal/third_party/pybind11/include -I/usr/include/python3.8 -I/home/runner/work/tt-metal/tt-metal/tt_metal/hw/inc -I/home/runner/work/tt-metal/tt-metal/tt_metal/hw/inc/wormhole -I/home/runner/work/tt-metal/tt-metal/tt_metal/hw/inc/wormhole/wormhole_b0_defines -I/home/runner/work/tt-metal/tt-metal/tt_metal/third_party/umd/device/wormhole -I/home/runner/work/tt-metal/tt-metal/tt_metal/third_party/umd/src/firmware/riscv/wormhole -I/home/runner/work/tt-metal/tt-metal/.cpmcache/libuv/72aa6fc919b0653b47b7e9e7cf59ec92037e8693/include -I/home/runner/work/tt-metal/tt-metal/.cpmcache/yaml-cpp/905940a232aea3437e2fb77334461b1fe343318b/include -I/home/runner/work/tt-metal/tt-metal/tt_metal/third_party/umd/device -I/home/runner/work/tt-metal/tt-metal/tt_metal/third_party/umd/third_party/fmt/include -isystem /home/runner/work/tt-metal/tt-metal/.cpmcache/googletest/96129d89f45386492ae46d6bb8c027bc3df5f949/googletest/include -isystem /home/runner/work/tt-metal/tt-metal/.cpmcache/googletest/96129d89f45386492ae46d6bb8c027bc3df5f949/googletest -isystem /home/runner/work/tt-metal/tt-metal/.cpmcache/reflect/e75434c4c5f669e4a74e4d84e0a30d7249c1e66f -isystem /home/runner/work/tt-metal/tt-metal/.cpmcache/flatbuffers/2c4062bffa52fa4157b1b4deeae73395df475fda/include -isystem /home/runner/work/tt-metal/tt-metal/.cpmcache/nanomsg/28cc32d5bdb6a858fe53b3ccf7e923957e53eada/include -O0 -g -DDEBUG=DEBUG -std=c++20 -MP -Wno-int-to-pointer-cast -fno-var-tracking -mavx2 -fPIC -DFMT_HEADER_ONLY -fvisibility-inlines-hidden -fno-lto -DARCH_WORMHOLE_B0 -Werror -Wdelete-non-virtual-dtor -Wreturn-type -Wswitch -Wuninitialized -Wno-unused-parameter -Wsometimes-uninitialized -Wno-c++11-narrowing -Wno-error=local-type-template-args -Wno-delete-non-abstract-non-virtual-dtor -Wno-c99-designator -Wno-shift-op-parentheses -Wno-non-c-typedef-for-linkage -Wno-deprecated-this-capture -Wno-deprecated-volatile -Wno-deprecated-builtins -Wno-deprecated-declarations -stdlib=libc++ -Winvalid-pch -Xclang -include-pch -Xclang /home/runner/work/tt-metal/tt-metal/build/tests/ttnn/unit_tests/gtests/CMakeFiles/unit_tests_ttnn.dir/cmake_pch.hxx.pch -Xclang -include -Xclang /home/runner/work/tt-metal/tt-metal/build/tests/ttnn/unit_tests/gtests/CMakeFiles/unit_tests_ttnn.dir/cmake_pch.hxx -MD -MT tests/ttnn/unit_tests/gtests/CMakeFiles/unit_tests_ttnn.dir/test_multiprod_queue.cpp.o -MF tests/ttnn/unit_tests/gtests/CMakeFiles/unit_tests_ttnn.dir/test_multiprod_queue.cpp.o.d -o tests/ttnn/unit_tests/gtests/CMakeFiles/unit_tests_ttnn.dir/test_multiprod_queue.cpp.o -c /home/runner/work/tt-metal/tt-metal/tests/ttnn/unit_tests/gtests/test_multiprod_queue.cpp
2024-09-02T07:42:37.1309075Z [1024/1034] /usr/bin/clang++-17 -DUSING_UV_SHARED=1 -DYAML_CPP_STATIC_DEFINE -I/home/runner/work/tt-metal/tt-metal/tt_metal/third_party/umd -I/home/runner/work/tt-metal/tt-metal -I/home/runner/work/tt-metal/tt-metal/tt_metal -I/home/runner/work/tt-metal/tt-metal/tests -I/home/runner/work/tt-metal/tt-metal/tests/ttnn/unit_tests/gtests -I/home/runner/work/tt-metal/tt-metal/ttnn -I/home/runner/work/tt-metal/tt-metal/ttnn/cpp/ttnn/deprecated -I/home/runner/work/tt-metal/tt-metal/ttnn/cpp -I/home/runner/work/tt-metal/tt-metal/tt_metal/third_party/fmt -I/home/runner/work/tt-metal/tt-metal/ttnn/cpp/ttnn/experimental/tt_lib -I/home/runner/work/tt-metal/tt-metal/tt_metal/third_party/pybind11/include -I/usr/include/python3.8 -I/home/runner/work/tt-metal/tt-metal/tt_metal/hw/inc -I/home/runner/work/tt-metal/tt-metal/tt_metal/hw/inc/wormhole -I/home/runner/work/tt-metal/tt-metal/tt_metal/hw/inc/wormhole/wormhole_b0_defines -I/home/runner/work/tt-metal/tt-metal/tt_metal/third_party/umd/device/wormhole -I/home/runner/work/tt-metal/tt-metal/tt_metal/third_party/umd/src/firmware/riscv/wormhole -I/home/runner/work/tt-metal/tt-metal/.cpmcache/libuv/72aa6fc919b0653b47b7e9e7cf59ec92037e8693/include -I/home/runner/work/tt-metal/tt-metal/.cpmcache/yaml-cpp/905940a232aea3437e2fb77334461b1fe343318b/include -I/home/runner/work/tt-metal/tt-metal/tt_metal/third_party/umd/device -I/home/runner/work/tt-metal/tt-metal/tt_metal/third_party/umd/third_party/fmt/include -isystem /home/runner/work/tt-metal/tt-metal/.cpmcache/googletest/96129d89f45386492ae46d6bb8c027bc3df5f949/googletest/include -isystem /home/runner/work/tt-metal/tt-metal/.cpmcache/googletest/96129d89f45386492ae46d6bb8c027bc3df5f949/googletest -isystem /home/runner/work/tt-metal/tt-metal/.cpmcache/reflect/e75434c4c5f669e4a74e4d84e0a30d7249c1e66f -isystem /home/runner/work/tt-metal/tt-metal/.cpmcache/flatbuffers/2c4062bffa52fa4157b1b4deeae73395df475fda/include -isystem /home/runner/work/tt-metal/tt-metal/.cpmcache/nanomsg/28cc32d5bdb6a858fe53b3ccf7e923957e53eada/include -O0 -g -DDEBUG=DEBUG -std=c++20 -MP -Wno-int-to-pointer-cast -fno-var-tracking -mavx2 -fPIC -DFMT_HEADER_ONLY -fvisibility-inlines-hidden -fno-lto -DARCH_WORMHOLE_B0 -Werror -Wdelete-non-virtual-dtor -Wreturn-type -Wswitch -Wuninitialized -Wno-unused-parameter -Wsometimes-uninitialized -Wno-c++11-narrowing -Wno-error=local-type-template-args -Wno-delete-non-abstract-non-virtual-dtor -Wno-c99-designator -Wno-shift-op-parentheses -Wno-non-c-typedef-for-linkage -Wno-deprecated-this-capture -Wno-deprecated-volatile -Wno-deprecated-builtins -Wno-deprecated-declarations -stdlib=libc++ -Winvalid-pch -Xclang -include-pch -Xclang /home/runner/work/tt-metal/tt-metal/build/tests/ttnn/unit_tests/gtests/CMakeFiles/unit_tests_ttnn.dir/cmake_pch.hxx.pch -Xclang -include -Xclang /home/runner/work/tt-metal/tt-metal/build/tests/ttnn/unit_tests/gtests/CMakeFiles/unit_tests_ttnn.dir/cmake_pch.hxx -MD -MT tests/ttnn/unit_tests/gtests/CMakeFiles/unit_tests_ttnn.dir/test_repeat_interleave.cpp.o -MF tests/ttnn/unit_tests/gtests/CMakeFiles/unit_tests_ttnn.dir/test_repeat_interleave.cpp.o.d -o tests/ttnn/unit_tests/gtests/CMakeFiles/unit_tests_ttnn.dir/test_repeat_interleave.cpp.o -c /home/runner/work/tt-metal/tt-metal/tests/ttnn/unit_tests/gtests/test_repeat_interleave.cpp
2024-09-02T07:42:40.3639957Z [1025/1034] /usr/bin/clang++-17 -DUSING_UV_SHARED=1 -DYAML_CPP_STATIC_DEFINE -I/home/runner/work/tt-metal/tt-metal/tt_metal/third_party/umd -I/home/runner/work/tt-metal/tt-metal -I/home/runner/work/tt-metal/tt-metal/tt_metal -I/home/runner/work/tt-metal/tt-metal/tests -I/home/runner/work/tt-metal/tt-metal/tests/ttnn/unit_tests/gtests -I/home/runner/work/tt-metal/tt-metal/ttnn -I/home/runner/work/tt-metal/tt-metal/ttnn/cpp/ttnn/deprecated -I/home/runner/work/tt-metal/tt-metal/ttnn/cpp -I/home/runner/work/tt-metal/tt-metal/tt_metal/third_party/fmt -I/home/runner/work/tt-metal/tt-metal/ttnn/cpp/ttnn/experimental/tt_lib -I/home/runner/work/tt-metal/tt-metal/tt_metal/third_party/pybind11/include -I/usr/include/python3.8 -I/home/runner/work/tt-metal/tt-metal/tt_metal/hw/inc -I/home/runner/work/tt-metal/tt-metal/tt_metal/hw/inc/wormhole -I/home/runner/work/tt-metal/tt-metal/tt_metal/hw/inc/wormhole/wormhole_b0_defines -I/home/runner/work/tt-metal/tt-metal/tt_metal/third_party/umd/device/wormhole -I/home/runner/work/tt-metal/tt-metal/tt_metal/third_party/umd/src/firmware/riscv/wormhole -I/home/runner/work/tt-metal/tt-metal/.cpmcache/libuv/72aa6fc919b0653b47b7e9e7cf59ec92037e8693/include -I/home/runner/work/tt-metal/tt-metal/.cpmcache/yaml-cpp/905940a232aea3437e2fb77334461b1fe343318b/include -I/home/runner/work/tt-metal/tt-metal/tt_metal/third_party/umd/device -I/home/runner/work/tt-metal/tt-metal/tt_metal/third_party/umd/third_party/fmt/include -isystem /home/runner/work/tt-metal/tt-metal/.cpmcache/googletest/96129d89f45386492ae46d6bb8c027bc3df5f949/googletest/include -isystem /home/runner/work/tt-metal/tt-metal/.cpmcache/googletest/96129d89f45386492ae46d6bb8c027bc3df5f949/googletest -isystem /home/runner/work/tt-metal/tt-metal/.cpmcache/reflect/e75434c4c5f669e4a74e4d84e0a30d7249c1e66f -isystem /home/runner/work/tt-metal/tt-metal/.cpmcache/flatbuffers/2c4062bffa52fa4157b1b4deeae73395df475fda/include -isystem /home/runner/work/tt-metal/tt-metal/.cpmcache/nanomsg/28cc32d5bdb6a858fe53b3ccf7e923957e53eada/include -O0 -g -DDEBUG=DEBUG -std=c++20 -MP -Wno-int-to-pointer-cast -fno-var-tracking -mavx2 -fPIC -DFMT_HEADER_ONLY -fvisibility-inlines-hidden -fno-lto -DARCH_WORMHOLE_B0 -Werror -Wdelete-non-virtual-dtor -Wreturn-type -Wswitch -Wuninitialized -Wno-unused-parameter -Wsometimes-uninitialized -Wno-c++11-narrowing -Wno-error=local-type-template-args -Wno-delete-non-abstract-non-virtual-dtor -Wno-c99-designator -Wno-shift-op-parentheses -Wno-non-c-typedef-for-linkage -Wno-deprecated-this-capture -Wno-deprecated-volatile -Wno-deprecated-builtins -Wno-deprecated-declarations -stdlib=libc++ -Winvalid-pch -fpch-instantiate-templates -Xclang -emit-pch -Xclang -include -Xclang /home/runner/work/tt-metal/tt-metal/build/tests/ttnn/unit_tests/gtests/CMakeFiles/galaxy_unit_tests_ttnn.dir/cmake_pch.hxx -x c++-header -MD -MT tests/ttnn/unit_tests/gtests/CMakeFiles/galaxy_unit_tests_ttnn.dir/cmake_pch.hxx.pch -MF tests/ttnn/unit_tests/gtests/CMakeFiles/galaxy_unit_tests_ttnn.dir/cmake_pch.hxx.pch.d -o tests/ttnn/unit_tests/gtests/CMakeFiles/galaxy_unit_tests_ttnn.dir/cmake_pch.hxx.pch -c /home/runner/work/tt-metal/tt-metal/build/tests/ttnn/unit_tests/gtests/CMakeFiles/galaxy_unit_tests_ttnn.dir/cmake_pch.hxx.cxx
2024-09-02T07:42:44.9100987Z [1026/1034] /usr/bin/clang++-17 -DUSING_UV_SHARED=1 -DYAML_CPP_STATIC_DEFINE -I/home/runner/work/tt-metal/tt-metal/tt_metal/third_party/umd -I/home/runner/work/tt-metal/tt-metal -I/home/runner/work/tt-metal/tt-metal/tt_metal -I/home/runner/work/tt-metal/tt-metal/tests -I/home/runner/work/tt-metal/tt-metal/tests/ttnn/unit_tests/gtests -I/home/runner/work/tt-metal/tt-metal/ttnn -I/home/runner/work/tt-metal/tt-metal/ttnn/cpp/ttnn/deprecated -I/home/runner/work/tt-metal/tt-metal/ttnn/cpp -I/home/runner/work/tt-metal/tt-metal/tt_metal/third_party/fmt -I/home/runner/work/tt-metal/tt-metal/ttnn/cpp/ttnn/experimental/tt_lib -I/home/runner/work/tt-metal/tt-metal/tt_metal/third_party/pybind11/include -I/usr/include/python3.8 -I/home/runner/work/tt-metal/tt-metal/tt_metal/hw/inc -I/home/runner/work/tt-metal/tt-metal/tt_metal/hw/inc/wormhole -I/home/runner/work/tt-metal/tt-metal/tt_metal/hw/inc/wormhole/wormhole_b0_defines -I/home/runner/work/tt-metal/tt-metal/tt_metal/third_party/umd/device/wormhole -I/home/runner/work/tt-metal/tt-metal/tt_metal/third_party/umd/src/firmware/riscv/wormhole -I/home/runner/work/tt-metal/tt-metal/.cpmcache/libuv/72aa6fc919b0653b47b7e9e7cf59ec92037e8693/include -I/home/runner/work/tt-metal/tt-metal/.cpmcache/yaml-cpp/905940a232aea3437e2fb77334461b1fe343318b/include -I/home/runner/work/tt-metal/tt-metal/tt_metal/third_party/umd/device -I/home/runner/work/tt-metal/tt-metal/tt_metal/third_party/umd/third_party/fmt/include -isystem /home/runner/work/tt-metal/tt-metal/.cpmcache/googletest/96129d89f45386492ae46d6bb8c027bc3df5f949/googletest/include -isystem /home/runner/work/tt-metal/tt-metal/.cpmcache/googletest/96129d89f45386492ae46d6bb8c027bc3df5f949/googletest -isystem /home/runner/work/tt-metal/tt-metal/.cpmcache/reflect/e75434c4c5f669e4a74e4d84e0a30d7249c1e66f -isystem /home/runner/work/tt-metal/tt-metal/.cpmcache/flatbuffers/2c4062bffa52fa4157b1b4deeae73395df475fda/include -isystem /home/runner/work/tt-metal/tt-metal/.cpmcache/nanomsg/28cc32d5bdb6a858fe53b3ccf7e923957e53eada/include -O0 -g -DDEBUG=DEBUG -std=c++20 -MP -Wno-int-to-pointer-cast -fno-var-tracking -mavx2 -fPIC -DFMT_HEADER_ONLY -fvisibility-inlines-hidden -fno-lto -DARCH_WORMHOLE_B0 -Werror -Wdelete-non-virtual-dtor -Wreturn-type -Wswitch -Wuninitialized -Wno-unused-parameter -Wsometimes-uninitialized -Wno-c++11-narrowing -Wno-error=local-type-template-args -Wno-delete-non-abstract-non-virtual-dtor -Wno-c99-designator -Wno-shift-op-parentheses -Wno-non-c-typedef-for-linkage -Wno-deprecated-this-capture -Wno-deprecated-volatile -Wno-deprecated-builtins -Wno-deprecated-declarations -stdlib=libc++ -Winvalid-pch -Xclang -include-pch -Xclang /home/runner/work/tt-metal/tt-metal/build/tests/ttnn/unit_tests/gtests/CMakeFiles/unit_tests_ttnn.dir/cmake_pch.hxx.pch -Xclang -include -Xclang /home/runner/work/tt-metal/tt-metal/build/tests/ttnn/unit_tests/gtests/CMakeFiles/unit_tests_ttnn.dir/cmake_pch.hxx -MD -MT tests/ttnn/unit_tests/gtests/CMakeFiles/unit_tests_ttnn.dir/test_multi_cq_multi_dev.cpp.o -MF tests/ttnn/unit_tests/gtests/CMakeFiles/unit_tests_ttnn.dir/test_multi_cq_multi_dev.cpp.o.d -o tests/ttnn/unit_tests/gtests/CMakeFiles/unit_tests_ttnn.dir/test_multi_cq_multi_dev.cpp.o -c /home/runner/work/tt-metal/tt-metal/tests/ttnn/unit_tests/gtests/test_multi_cq_multi_dev.cpp
2024-09-02T07:42:52.3765883Z [1027/1034] /usr/bin/clang++-17 -DUSING_UV_SHARED=1 -DYAML_CPP_STATIC_DEFINE -I/home/runner/work/tt-metal/tt-metal/tt_metal/third_party/umd -I/home/runner/work/tt-metal/tt-metal -I/home/runner/work/tt-metal/tt-metal/tt_metal -I/home/runner/work/tt-metal/tt-metal/tests -I/home/runner/work/tt-metal/tt-metal/tests/ttnn/unit_tests/gtests -I/home/runner/work/tt-metal/tt-metal/ttnn -I/home/runner/work/tt-metal/tt-metal/ttnn/cpp/ttnn/deprecated -I/home/runner/work/tt-metal/tt-metal/ttnn/cpp -I/home/runner/work/tt-metal/tt-metal/tt_metal/third_party/fmt -I/home/runner/work/tt-metal/tt-metal/ttnn/cpp/ttnn/experimental/tt_lib -I/home/runner/work/tt-metal/tt-metal/tt_metal/third_party/pybind11/include -I/usr/include/python3.8 -I/home/runner/work/tt-metal/tt-metal/tt_metal/hw/inc -I/home/runner/work/tt-metal/tt-metal/tt_metal/hw/inc/wormhole -I/home/runner/work/tt-metal/tt-metal/tt_metal/hw/inc/wormhole/wormhole_b0_defines -I/home/runner/work/tt-metal/tt-metal/tt_metal/third_party/umd/device/wormhole -I/home/runner/work/tt-metal/tt-metal/tt_metal/third_party/umd/src/firmware/riscv/wormhole -I/home/runner/work/tt-metal/tt-metal/.cpmcache/libuv/72aa6fc919b0653b47b7e9e7cf59ec92037e8693/include -I/home/runner/work/tt-metal/tt-metal/.cpmcache/yaml-cpp/905940a232aea3437e2fb77334461b1fe343318b/include -I/home/runner/work/tt-metal/tt-metal/tt_metal/third_party/umd/device -I/home/runner/work/tt-metal/tt-metal/tt_metal/third_party/umd/third_party/fmt/include -isystem /home/runner/work/tt-metal/tt-metal/.cpmcache/googletest/96129d89f45386492ae46d6bb8c027bc3df5f949/googletest/include -isystem /home/runner/work/tt-metal/tt-metal/.cpmcache/googletest/96129d89f45386492ae46d6bb8c027bc3df5f949/googletest -isystem /home/runner/work/tt-metal/tt-metal/.cpmcache/reflect/e75434c4c5f669e4a74e4d84e0a30d7249c1e66f -isystem /home/runner/work/tt-metal/tt-metal/.cpmcache/flatbuffers/2c4062bffa52fa4157b1b4deeae73395df475fda/include -isystem /home/runner/work/tt-metal/tt-metal/.cpmcache/nanomsg/28cc32d5bdb6a858fe53b3ccf7e923957e53eada/include -O0 -g -DDEBUG=DEBUG -std=c++20 -MP -Wno-int-to-pointer-cast -fno-var-tracking -mavx2 -fPIC -DFMT_HEADER_ONLY -fvisibility-inlines-hidden -fno-lto -DARCH_WORMHOLE_B0 -Werror -Wdelete-non-virtual-dtor -Wreturn-type -Wswitch -Wuninitialized -Wno-unused-parameter -Wsometimes-uninitialized -Wno-c++11-narrowing -Wno-error=local-type-template-args -Wno-delete-non-abstract-non-virtual-dtor -Wno-c99-designator -Wno-shift-op-parentheses -Wno-non-c-typedef-for-linkage -Wno-deprecated-this-capture -Wno-deprecated-volatile -Wno-deprecated-builtins -Wno-deprecated-declarations -stdlib=libc++ -Winvalid-pch -Xclang -include-pch -Xclang /home/runner/work/tt-metal/tt-metal/build/tests/ttnn/unit_tests/gtests/CMakeFiles/unit_tests_ttnn_ccl.dir/cmake_pch.hxx.pch -Xclang -include -Xclang /home/runner/work/tt-metal/tt-metal/build/tests/ttnn/unit_tests/gtests/CMakeFiles/unit_tests_ttnn_ccl.dir/cmake_pch.hxx -MD -MT tests/ttnn/unit_tests/gtests/CMakeFiles/unit_tests_ttnn_ccl.dir/ccl/test_erisc_data_mover_with_workers.cpp.o -MF tests/ttnn/unit_tests/gtests/CMakeFiles/unit_tests_ttnn_ccl.dir/ccl/test_erisc_data_mover_with_workers.cpp.o.d -o tests/ttnn/unit_tests/gtests/CMakeFiles/unit_tests_ttnn_ccl.dir/ccl/test_erisc_data_mover_with_workers.cpp.o -c /home/runner/work/tt-metal/tt-metal/tests/ttnn/unit_tests/gtests/ccl/test_erisc_data_mover_with_workers.cpp
2024-09-02T07:42:52.7635418Z [1028/1034] : && /usr/bin/clang++-17 -O0 -g -DDEBUG=DEBUG  tests/ttnn/unit_tests/gtests/CMakeFiles/unit_tests_ttnn_ccl.dir/ccl/test_erisc_data_mover_with_workers.cpp.o -o test/ttnn/unit_tests_ttnn_ccl  -Wl,-rpath,/home/runner/work/tt-metal/tt-metal/build/ttnn:/home/runner/work/tt-metal/tt-metal/build/tt_metal:/home/runner/work/tt-metal/tt-metal/build/lib:/home/runner/work/tt-metal/tt-metal/build/_deps/nanomsg-build:/home/runner/work/tt-metal/tt-metal/build/_deps/libuv-build  ttnn/_ttnn.so  tt_metal/libtt_metal.so  lib/libgtest_main.so.1.13.0  lib/libgtest.so.1.13.0  -lpthread  lib/libdevice.so  _deps/yaml-cpp-build/libyaml-cpp.a  _deps/nanomsg-build/libnng.so.1.8.0  _deps/libuv-build/libuv.so.1.0.0  -lrt  -lc++  /usr/lib/x86_64-linux-gnu/libc++abi.so  -ldl  -lz  -lpthread  -latomic  -lhwloc  -lnuma  /usr/lib/x86_64-linux-gnu/libpython3.8.so && :
2024-09-02T07:42:53.9358708Z [1029/1034] /usr/bin/clang++-17 -DUSING_UV_SHARED=1 -DYAML_CPP_STATIC_DEFINE -I/home/runner/work/tt-metal/tt-metal/tt_metal/third_party/umd -I/home/runner/work/tt-metal/tt-metal -I/home/runner/work/tt-metal/tt-metal/tt_metal -I/home/runner/work/tt-metal/tt-metal/tests -I/home/runner/work/tt-metal/tt-metal/tests/ttnn/unit_tests/gtests -I/home/runner/work/tt-metal/tt-metal/ttnn -I/home/runner/work/tt-metal/tt-metal/ttnn/cpp/ttnn/deprecated -I/home/runner/work/tt-metal/tt-metal/ttnn/cpp -I/home/runner/work/tt-metal/tt-metal/tt_metal/third_party/fmt -I/home/runner/work/tt-metal/tt-metal/ttnn/cpp/ttnn/experimental/tt_lib -I/home/runner/work/tt-metal/tt-metal/tt_metal/third_party/pybind11/include -I/usr/include/python3.8 -I/home/runner/work/tt-metal/tt-metal/tt_metal/hw/inc -I/home/runner/work/tt-metal/tt-metal/tt_metal/hw/inc/wormhole -I/home/runner/work/tt-metal/tt-metal/tt_metal/hw/inc/wormhole/wormhole_b0_defines -I/home/runner/work/tt-metal/tt-metal/tt_metal/third_party/umd/device/wormhole -I/home/runner/work/tt-metal/tt-metal/tt_metal/third_party/umd/src/firmware/riscv/wormhole -I/home/runner/work/tt-metal/tt-metal/.cpmcache/libuv/72aa6fc919b0653b47b7e9e7cf59ec92037e8693/include -I/home/runner/work/tt-metal/tt-metal/.cpmcache/yaml-cpp/905940a232aea3437e2fb77334461b1fe343318b/include -I/home/runner/work/tt-metal/tt-metal/tt_metal/third_party/umd/device -I/home/runner/work/tt-metal/tt-metal/tt_metal/third_party/umd/third_party/fmt/include -isystem /home/runner/work/tt-metal/tt-metal/.cpmcache/googletest/96129d89f45386492ae46d6bb8c027bc3df5f949/googletest/include -isystem /home/runner/work/tt-metal/tt-metal/.cpmcache/googletest/96129d89f45386492ae46d6bb8c027bc3df5f949/googletest -isystem /home/runner/work/tt-metal/tt-metal/.cpmcache/reflect/e75434c4c5f669e4a74e4d84e0a30d7249c1e66f -isystem /home/runner/work/tt-metal/tt-metal/.cpmcache/flatbuffers/2c4062bffa52fa4157b1b4deeae73395df475fda/include -isystem /home/runner/work/tt-metal/tt-metal/.cpmcache/nanomsg/28cc32d5bdb6a858fe53b3ccf7e923957e53eada/include -O0 -g -DDEBUG=DEBUG -std=c++20 -MP -Wno-int-to-pointer-cast -fno-var-tracking -mavx2 -fPIC -DFMT_HEADER_ONLY -fvisibility-inlines-hidden -fno-lto -DARCH_WORMHOLE_B0 -Werror -Wdelete-non-virtual-dtor -Wreturn-type -Wswitch -Wuninitialized -Wno-unused-parameter -Wsometimes-uninitialized -Wno-c++11-narrowing -Wno-error=local-type-template-args -Wno-delete-non-abstract-non-virtual-dtor -Wno-c99-designator -Wno-shift-op-parentheses -Wno-non-c-typedef-for-linkage -Wno-deprecated-this-capture -Wno-deprecated-volatile -Wno-deprecated-builtins -Wno-deprecated-declarations -stdlib=libc++ -Winvalid-pch -Xclang -include-pch -Xclang /home/runner/work/tt-metal/tt-metal/build/tests/ttnn/unit_tests/gtests/CMakeFiles/unit_tests_ttnn.dir/cmake_pch.hxx.pch -Xclang -include -Xclang /home/runner/work/tt-metal/tt-metal/build/tests/ttnn/unit_tests/gtests/CMakeFiles/unit_tests_ttnn.dir/cmake_pch.hxx -MD -MT tests/ttnn/unit_tests/gtests/CMakeFiles/unit_tests_ttnn.dir/test_to_and_from_json.cpp.o -MF tests/ttnn/unit_tests/gtests/CMakeFiles/unit_tests_ttnn.dir/test_to_and_from_json.cpp.o.d -o tests/ttnn/unit_tests/gtests/CMakeFiles/unit_tests_ttnn.dir/test_to_and_from_json.cpp.o -c /home/runner/work/tt-metal/tt-metal/tests/ttnn/unit_tests/gtests/test_to_and_from_json.cpp
2024-09-02T07:42:56.0536787Z [1030/1034] /usr/bin/clang++-17 -DUSING_UV_SHARED=1 -DYAML_CPP_STATIC_DEFINE -I/home/runner/work/tt-metal/tt-metal/tt_metal/third_party/umd -I/home/runner/work/tt-metal/tt-metal -I/home/runner/work/tt-metal/tt-metal/tt_metal -I/home/runner/work/tt-metal/tt-metal/tests -I/home/runner/work/tt-metal/tt-metal/tests/ttnn/unit_tests/gtests -I/home/runner/work/tt-metal/tt-metal/ttnn -I/home/runner/work/tt-metal/tt-metal/ttnn/cpp/ttnn/deprecated -I/home/runner/work/tt-metal/tt-metal/ttnn/cpp -I/home/runner/work/tt-metal/tt-metal/tt_metal/third_party/fmt -I/home/runner/work/tt-metal/tt-metal/ttnn/cpp/ttnn/experimental/tt_lib -I/home/runner/work/tt-metal/tt-metal/tt_metal/third_party/pybind11/include -I/usr/include/python3.8 -I/home/runner/work/tt-metal/tt-metal/tt_metal/hw/inc -I/home/runner/work/tt-metal/tt-metal/tt_metal/hw/inc/wormhole -I/home/runner/work/tt-metal/tt-metal/tt_metal/hw/inc/wormhole/wormhole_b0_defines -I/home/runner/work/tt-metal/tt-metal/tt_metal/third_party/umd/device/wormhole -I/home/runner/work/tt-metal/tt-metal/tt_metal/third_party/umd/src/firmware/riscv/wormhole -I/home/runner/work/tt-metal/tt-metal/.cpmcache/libuv/72aa6fc919b0653b47b7e9e7cf59ec92037e8693/include -I/home/runner/work/tt-metal/tt-metal/.cpmcache/yaml-cpp/905940a232aea3437e2fb77334461b1fe343318b/include -I/home/runner/work/tt-metal/tt-metal/tt_metal/third_party/umd/device -I/home/runner/work/tt-metal/tt-metal/tt_metal/third_party/umd/third_party/fmt/include -isystem /home/runner/work/tt-metal/tt-metal/.cpmcache/googletest/96129d89f45386492ae46d6bb8c027bc3df5f949/googletest/include -isystem /home/runner/work/tt-metal/tt-metal/.cpmcache/googletest/96129d89f45386492ae46d6bb8c027bc3df5f949/googletest -isystem /home/runner/work/tt-metal/tt-metal/.cpmcache/reflect/e75434c4c5f669e4a74e4d84e0a30d7249c1e66f -isystem /home/runner/work/tt-metal/tt-metal/.cpmcache/flatbuffers/2c4062bffa52fa4157b1b4deeae73395df475fda/include -isystem /home/runner/work/tt-metal/tt-metal/.cpmcache/nanomsg/28cc32d5bdb6a858fe53b3ccf7e923957e53eada/include -O0 -g -DDEBUG=DEBUG -std=c++20 -MP -Wno-int-to-pointer-cast -fno-var-tracking -mavx2 -fPIC -DFMT_HEADER_ONLY -fvisibility-inlines-hidden -fno-lto -DARCH_WORMHOLE_B0 -Werror -Wdelete-non-virtual-dtor -Wreturn-type -Wswitch -Wuninitialized -Wno-unused-parameter -Wsometimes-uninitialized -Wno-c++11-narrowing -Wno-error=local-type-template-args -Wno-delete-non-abstract-non-virtual-dtor -Wno-c99-designator -Wno-shift-op-parentheses -Wno-non-c-typedef-for-linkage -Wno-deprecated-this-capture -Wno-deprecated-volatile -Wno-deprecated-builtins -Wno-deprecated-declarations -stdlib=libc++ -Winvalid-pch -Xclang -include-pch -Xclang /home/runner/work/tt-metal/tt-metal/build/tests/ttnn/unit_tests/gtests/CMakeFiles/test_multi_device.dir/cmake_pch.hxx.pch -Xclang -include -Xclang /home/runner/work/tt-metal/tt-metal/build/tests/ttnn/unit_tests/gtests/CMakeFiles/test_multi_device.dir/cmake_pch.hxx -MD -MT tests/ttnn/unit_tests/gtests/CMakeFiles/test_multi_device.dir/test_multi_device.cpp.o -MF tests/ttnn/unit_tests/gtests/CMakeFiles/test_multi_device.dir/test_multi_device.cpp.o.d -o tests/ttnn/unit_tests/gtests/CMakeFiles/test_multi_device.dir/test_multi_device.cpp.o -c /home/runner/work/tt-metal/tt-metal/tests/ttnn/unit_tests/gtests/test_multi_device.cpp
2024-09-02T07:42:56.2298266Z [1031/1034] : && /usr/bin/clang++-17 -O0 -g -DDEBUG=DEBUG  tests/ttnn/unit_tests/gtests/CMakeFiles/unit_tests_ttnn.dir/test_add.cpp.o tests/ttnn/unit_tests/gtests/CMakeFiles/unit_tests_ttnn.dir/test_graph_add.cpp.o tests/ttnn/unit_tests/gtests/CMakeFiles/unit_tests_ttnn.dir/test_repeat_interleave.cpp.o tests/ttnn/unit_tests/gtests/CMakeFiles/unit_tests_ttnn.dir/test_async_runtime.cpp.o tests/ttnn/unit_tests/gtests/CMakeFiles/unit_tests_ttnn.dir/test_multiprod_queue.cpp.o tests/ttnn/unit_tests/gtests/CMakeFiles/unit_tests_ttnn.dir/test_multi_cq_multi_dev.cpp.o tests/ttnn/unit_tests/gtests/CMakeFiles/unit_tests_ttnn.dir/test_reflect.cpp.o tests/ttnn/unit_tests/gtests/CMakeFiles/unit_tests_ttnn.dir/test_to_and_from_json.cpp.o -o test/ttnn/unit_tests_ttnn  -Wl,-rpath,/home/runner/work/tt-metal/tt-metal/build/ttnn:/home/runner/work/tt-metal/tt-metal/build/tt_metal:/home/runner/work/tt-metal/tt-metal/build/lib:/home/runner/work/tt-metal/tt-metal/build/_deps/nanomsg-build:/home/runner/work/tt-metal/tt-metal/build/_deps/libuv-build  ttnn/_ttnn.so  tt_metal/libtt_metal.so  lib/libgtest_main.so.1.13.0  lib/libgtest.so.1.13.0  -lpthread  lib/libdevice.so  _deps/yaml-cpp-build/libyaml-cpp.a  _deps/nanomsg-build/libnng.so.1.8.0  _deps/libuv-build/libuv.so.1.0.0  -lrt  -lc++  /usr/lib/x86_64-linux-gnu/libc++abi.so  -ldl  -lz  -lpthread  -latomic  -lhwloc  -lnuma  /usr/lib/x86_64-linux-gnu/libpython3.8.so && :
2024-09-02T07:42:56.3127099Z [1032/1034] : && /usr/bin/clang++-17 -O0 -g -DDEBUG=DEBUG  tests/ttnn/unit_tests/gtests/CMakeFiles/test_multi_device.dir/test_multi_device.cpp.o -o test/ttnn/test_multi_device  -Wl,-rpath,/home/runner/work/tt-metal/tt-metal/build/ttnn:/home/runner/work/tt-metal/tt-metal/build/tt_metal:/home/runner/work/tt-metal/tt-metal/build/lib:/home/runner/work/tt-metal/tt-metal/build/_deps/nanomsg-build:/home/runner/work/tt-metal/tt-metal/build/_deps/libuv-build  ttnn/_ttnn.so  tt_metal/libtt_metal.so  lib/libgtest_main.so.1.13.0  lib/libgtest.so.1.13.0  -lpthread  lib/libdevice.so  _deps/yaml-cpp-build/libyaml-cpp.a  _deps/nanomsg-build/libnng.so.1.8.0  _deps/libuv-build/libuv.so.1.0.0  -lrt  -lc++  /usr/lib/x86_64-linux-gnu/libc++abi.so  -ldl  -lz  -lpthread  -latomic  -lhwloc  -lnuma  /usr/lib/x86_64-linux-gnu/libpython3.8.so && :
2024-09-02T07:43:04.5250010Z [1033/1034] /usr/bin/clang++-17 -DUSING_UV_SHARED=1 -DYAML_CPP_STATIC_DEFINE -I/home/runner/work/tt-metal/tt-metal/tt_metal/third_party/umd -I/home/runner/work/tt-metal/tt-metal -I/home/runner/work/tt-metal/tt-metal/tt_metal -I/home/runner/work/tt-metal/tt-metal/tests -I/home/runner/work/tt-metal/tt-metal/tests/ttnn/unit_tests/gtests -I/home/runner/work/tt-metal/tt-metal/ttnn -I/home/runner/work/tt-metal/tt-metal/ttnn/cpp/ttnn/deprecated -I/home/runner/work/tt-metal/tt-metal/ttnn/cpp -I/home/runner/work/tt-metal/tt-metal/tt_metal/third_party/fmt -I/home/runner/work/tt-metal/tt-metal/ttnn/cpp/ttnn/experimental/tt_lib -I/home/runner/work/tt-metal/tt-metal/tt_metal/third_party/pybind11/include -I/usr/include/python3.8 -I/home/runner/work/tt-metal/tt-metal/tt_metal/hw/inc -I/home/runner/work/tt-metal/tt-metal/tt_metal/hw/inc/wormhole -I/home/runner/work/tt-metal/tt-metal/tt_metal/hw/inc/wormhole/wormhole_b0_defines -I/home/runner/work/tt-metal/tt-metal/tt_metal/third_party/umd/device/wormhole -I/home/runner/work/tt-metal/tt-metal/tt_metal/third_party/umd/src/firmware/riscv/wormhole -I/home/runner/work/tt-metal/tt-metal/.cpmcache/libuv/72aa6fc919b0653b47b7e9e7cf59ec92037e8693/include -I/home/runner/work/tt-metal/tt-metal/.cpmcache/yaml-cpp/905940a232aea3437e2fb77334461b1fe343318b/include -I/home/runner/work/tt-metal/tt-metal/tt_metal/third_party/umd/device -I/home/runner/work/tt-metal/tt-metal/tt_metal/third_party/umd/third_party/fmt/include -isystem /home/runner/work/tt-metal/tt-metal/.cpmcache/googletest/96129d89f45386492ae46d6bb8c027bc3df5f949/googletest/include -isystem /home/runner/work/tt-metal/tt-metal/.cpmcache/googletest/96129d89f45386492ae46d6bb8c027bc3df5f949/googletest -isystem /home/runner/work/tt-metal/tt-metal/.cpmcache/reflect/e75434c4c5f669e4a74e4d84e0a30d7249c1e66f -isystem /home/runner/work/tt-metal/tt-metal/.cpmcache/flatbuffers/2c4062bffa52fa4157b1b4deeae73395df475fda/include -isystem /home/runner/work/tt-metal/tt-metal/.cpmcache/nanomsg/28cc32d5bdb6a858fe53b3ccf7e923957e53eada/include -O0 -g -DDEBUG=DEBUG -std=c++20 -MP -Wno-int-to-pointer-cast -fno-var-tracking -mavx2 -fPIC -DFMT_HEADER_ONLY -fvisibility-inlines-hidden -fno-lto -DARCH_WORMHOLE_B0 -Werror -Wdelete-non-virtual-dtor -Wreturn-type -Wswitch -Wuninitialized -Wno-unused-parameter -Wsometimes-uninitialized -Wno-c++11-narrowing -Wno-error=local-type-template-args -Wno-delete-non-abstract-non-virtual-dtor -Wno-c99-designator -Wno-shift-op-parentheses -Wno-non-c-typedef-for-linkage -Wno-deprecated-this-capture -Wno-deprecated-volatile -Wno-deprecated-builtins -Wno-deprecated-declarations -stdlib=libc++ -Winvalid-pch -Xclang -include-pch -Xclang /home/runner/work/tt-metal/tt-metal/build/tests/ttnn/unit_tests/gtests/CMakeFiles/galaxy_unit_tests_ttnn.dir/cmake_pch.hxx.pch -Xclang -include -Xclang /home/runner/work/tt-metal/tt-metal/build/tests/ttnn/unit_tests/gtests/CMakeFiles/galaxy_unit_tests_ttnn.dir/cmake_pch.hxx -MD -MT tests/ttnn/unit_tests/gtests/CMakeFiles/galaxy_unit_tests_ttnn.dir/test_ccl_on_tg.cpp.o -MF tests/ttnn/unit_tests/gtests/CMakeFiles/galaxy_unit_tests_ttnn.dir/test_ccl_on_tg.cpp.o.d -o tests/ttnn/unit_tests/gtests/CMakeFiles/galaxy_unit_tests_ttnn.dir/test_ccl_on_tg.cpp.o -c /home/runner/work/tt-metal/tt-metal/tests/ttnn/unit_tests/gtests/test_ccl_on_tg.cpp
2024-09-02T07:43:04.9120925Z [1034/1034] : && /usr/bin/clang++-17 -O0 -g -DDEBUG=DEBUG  tests/ttnn/unit_tests/gtests/CMakeFiles/galaxy_unit_tests_ttnn.dir/test_ccl_on_tg.cpp.o -o test/ttnn/galaxy_unit_tests_ttnn  -Wl,-rpath,/home/runner/work/tt-metal/tt-metal/build/ttnn:/home/runner/work/tt-metal/tt-metal/build/tt_metal:/home/runner/work/tt-metal/tt-metal/build/lib:/home/runner/work/tt-metal/tt-metal/build/_deps/nanomsg-build:/home/runner/work/tt-metal/tt-metal/build/_deps/libuv-build  ttnn/_ttnn.so  tt_metal/libtt_metal.so  lib/libgtest_main.so.1.13.0  lib/libgtest.so.1.13.0  -lpthread  lib/libdevice.so  _deps/yaml-cpp-build/libyaml-cpp.a  _deps/nanomsg-build/libnng.so.1.8.0  _deps/libuv-build/libuv.so.1.0.0  -lrt  -lc++  /usr/lib/x86_64-linux-gnu/libc++abi.so  -ldl  -lz  -lpthread  -latomic  -lhwloc  -lnuma  /usr/lib/x86_64-linux-gnu/libpython3.8.so && :
2024-09-02T07:43:04.9182536Z 
2024-09-02T07:43:04.9618595Z ##[group]Run df -h      
2024-09-02T07:43:04.9618946Z [36;1mdf -h      [0m
2024-09-02T07:43:04.9770803Z shell: /usr/bin/bash -e {0}
2024-09-02T07:43:04.9771120Z env:
2024-09-02T07:43:04.9771490Z   ARCH_NAME: wormhole_b0
2024-09-02T07:43:04.9771764Z   VERBOSE: 1
2024-09-02T07:43:04.9772058Z   TT_METAL_HOME: /home/runner/work/tt-metal/tt-metal
2024-09-02T07:43:04.9772437Z ##[endgroup]
2024-09-02T07:43:04.9890123Z Filesystem      Size  Used Avail Use% Mounted on
2024-09-02T07:43:04.9890562Z /dev/root        73G   63G   11G  86% /
2024-09-02T07:43:04.9891063Z devtmpfs        7.9G     0  7.9G   0% /dev
2024-09-02T07:43:04.9891690Z tmpfs           7.9G  4.0K  7.9G   1% /dev/shm
2024-09-02T07:43:04.9892303Z tmpfs           1.6G  1.2M  1.6G   1% /run
2024-09-02T07:43:04.9892904Z tmpfs           5.0M     0  5.0M   0% /run/lock
2024-09-02T07:43:04.9893537Z tmpfs           7.9G     0  7.9G   0% /sys/fs/cgroup
2024-09-02T07:43:04.9894389Z /dev/loop0       92M   92M     0 100% /snap/lxd/29619
2024-09-02T07:43:04.9895064Z /dev/sdb15      105M  6.1M   99M   6% /boot/efi
2024-09-02T07:43:04.9896077Z /dev/loop1       64M   64M     0 100% /snap/core20/2318
2024-09-02T07:43:04.9896918Z /dev/loop2       39M   39M     0 100% /snap/snapd/21759
2024-09-02T07:43:04.9897641Z /dev/sda1        74G  4.1G   66G   6% /mnt
2024-09-02T07:43:04.9898466Z tmpfs           1.6G     0  1.6G   0% /run/user/1001
2024-09-02T07:43:05.0061585Z Post job cleanup.
2024-09-02T07:43:05.0128406Z Post job cleanup.
2024-09-02T07:43:05.2571579Z [command]/usr/bin/git version
2024-09-02T07:43:05.2636049Z git version 2.46.0
2024-09-02T07:43:05.2676019Z Temporarily overriding HOME='/home/runner/work/_temp/eccc756b-6682-405f-bda2-1c99375ae673' before making global git config changes
2024-09-02T07:43:05.2677035Z Adding repository directory to the temporary git global config as a safe directory
2024-09-02T07:43:05.2688389Z [command]/usr/bin/git config --global --add safe.directory /home/runner/work/tt-metal/tt-metal
2024-09-02T07:43:05.2723111Z [command]/usr/bin/git config --local --name-only --get-regexp core\.sshCommand
2024-09-02T07:43:05.2754386Z [command]/usr/bin/git submodule foreach --recursive sh -c "git config --local --name-only --get-regexp 'core\.sshCommand' && git config --local --unset-all 'core.sshCommand' || :"
2024-09-02T07:43:05.2992221Z Entering 'models/demos/t3000/llama2_70b/reference/llama'
2024-09-02T07:43:05.3038044Z Entering 'tt_metal/third_party/lfs'
2024-09-02T07:43:05.3089916Z Entering 'tt_metal/third_party/pybind11'
2024-09-02T07:43:05.3136421Z Entering 'tt_metal/third_party/sfpi'
2024-09-02T07:43:05.3197293Z Entering 'tt_metal/third_party/taskflow'
2024-09-02T07:43:05.3260000Z Entering 'tt_metal/third_party/tracy'
2024-09-02T07:43:05.3306152Z Entering 'tt_metal/third_party/tt_llk_blackhole'
2024-09-02T07:43:05.3350622Z Entering 'tt_metal/third_party/tt_llk_grayskull'
2024-09-02T07:43:05.3394262Z Entering 'tt_metal/third_party/tt_llk_wormhole_b0'
2024-09-02T07:43:05.3438674Z Entering 'tt_metal/third_party/umd'
2024-09-02T07:43:05.3480836Z Entering 'tt_metal/third_party/umd/third_party/fmt'
2024-09-02T07:43:05.3543926Z [command]/usr/bin/git config --local --name-only --get-regexp http\.https\:\/\/github\.com\/\.extraheader
2024-09-02T07:43:05.3564442Z http.https://github.com/.extraheader
2024-09-02T07:43:05.3575915Z [command]/usr/bin/git config --local --unset-all http.https://github.com/.extraheader
2024-09-02T07:43:05.3606417Z [command]/usr/bin/git submodule foreach --recursive sh -c "git config --local --name-only --get-regexp 'http\.https\:\/\/github\.com\/\.extraheader' && git config --local --unset-all 'http.https://github.com/.extraheader' || :"
2024-09-02T07:43:05.3817665Z Entering 'models/demos/t3000/llama2_70b/reference/llama'
2024-09-02T07:43:05.3841238Z http.https://github.com/.extraheader
2024-09-02T07:43:05.3876809Z Entering 'tt_metal/third_party/lfs'
2024-09-02T07:43:05.3900679Z http.https://github.com/.extraheader
2024-09-02T07:43:05.3935800Z Entering 'tt_metal/third_party/pybind11'
2024-09-02T07:43:05.3960000Z http.https://github.com/.extraheader
2024-09-02T07:43:05.3994678Z Entering 'tt_metal/third_party/sfpi'
2024-09-02T07:43:05.4018947Z http.https://github.com/.extraheader
2024-09-02T07:43:05.4057275Z Entering 'tt_metal/third_party/taskflow'
2024-09-02T07:43:05.4081891Z http.https://github.com/.extraheader
2024-09-02T07:43:05.4121538Z Entering 'tt_metal/third_party/tracy'
2024-09-02T07:43:05.4146955Z http.https://github.com/.extraheader
2024-09-02T07:43:05.4181151Z Entering 'tt_metal/third_party/tt_llk_blackhole'
2024-09-02T07:43:05.4205248Z http.https://github.com/.extraheader
2024-09-02T07:43:05.4239843Z Entering 'tt_metal/third_party/tt_llk_grayskull'
2024-09-02T07:43:05.4263766Z http.https://github.com/.extraheader
2024-09-02T07:43:05.4299881Z Entering 'tt_metal/third_party/tt_llk_wormhole_b0'
2024-09-02T07:43:05.4324861Z http.https://github.com/.extraheader
2024-09-02T07:43:05.4359120Z Entering 'tt_metal/third_party/umd'
2024-09-02T07:43:05.4382913Z http.https://github.com/.extraheader
2024-09-02T07:43:05.4415687Z Entering 'tt_metal/third_party/umd/third_party/fmt'
2024-09-02T07:43:05.4439848Z http.https://github.com/.extraheader
2024-09-02T07:43:05.4767931Z Cleaning up orphan processes
