2024-09-02T07:02:00.3846629Z Current runner version: '2.319.1'
2024-09-02T07:02:00.3874467Z ##[group]Operating System
2024-09-02T07:02:00.3875143Z Ubuntu
2024-09-02T07:02:00.3875603Z 22.04.4
2024-09-02T07:02:00.3875901Z LTS
2024-09-02T07:02:00.3876250Z ##[endgroup]
2024-09-02T07:02:00.3876702Z ##[group]Runner Image
2024-09-02T07:02:00.3877148Z Image: ubuntu-22.04
2024-09-02T07:02:00.3877536Z Version: 20240825.1.0
2024-09-02T07:02:00.3878613Z Included Software: https://github.com/actions/runner-images/blob/ubuntu22/20240825.1/images/ubuntu/Ubuntu2204-Readme.md
2024-09-02T07:02:00.3880086Z Image Release: https://github.com/actions/runner-images/releases/tag/ubuntu22%2F20240825.1
2024-09-02T07:02:00.3880976Z ##[endgroup]
2024-09-02T07:02:00.3881435Z ##[group]Runner Image Provisioner
2024-09-02T07:02:00.3881937Z 2.0.384.1
2024-09-02T07:02:00.3882273Z ##[endgroup]
2024-09-02T07:02:00.3898164Z ##[group]GITHUB_TOKEN Permissions
2024-09-02T07:02:00.3899968Z Actions: read
2024-09-02T07:02:00.3900425Z Contents: read
2024-09-02T07:02:00.3900962Z Metadata: read
2024-09-02T07:02:00.3901545Z Pages: write
2024-09-02T07:02:00.3901926Z ##[endgroup]
2024-09-02T07:02:00.3905433Z Secret source: Actions
2024-09-02T07:02:00.3906034Z Prepare workflow directory
2024-09-02T07:02:00.4891008Z Prepare all required actions
2024-09-02T07:02:00.5061355Z Getting action download info
2024-09-02T07:02:00.6595093Z Download action repository 'tenstorrent-metal/metal-workflows@v2.0.0' (SHA:22c747950076e4c9627125e14734e287c08287a7)
2024-09-02T07:02:01.2731508Z Getting action download info
2024-09-02T07:02:01.4226104Z Download action repository 'actions/checkout@v4' (SHA:692973e3d937129bcbf40652eb9f2f61becf3332)
2024-09-02T07:02:01.5230545Z Uses: tenstorrent/tt-metal/.github/workflows/build.yaml@refs/heads/main (a9bcd03b1775ab989aebab822ec2e4f821abac41)
2024-09-02T07:02:01.5233216Z Complete job name: build / Release g++-12 grayskull ubuntu-22.04
2024-09-02T07:02:01.6152915Z ##[group]Run tenstorrent-metal/metal-workflows/.github/actions/checkout-with-submodule-lfs@v2.0.0
2024-09-02T07:02:01.6154306Z with:
2024-09-02T07:02:01.6155314Z   token: ***
2024-09-02T07:02:01.6155901Z   fetch-depth: 1
2024-09-02T07:02:01.6156318Z env:
2024-09-02T07:02:01.6156632Z   ARCH_NAME: grayskull
2024-09-02T07:02:01.6157128Z   VERBOSE: 1
2024-09-02T07:02:01.6157519Z ##[endgroup]
2024-09-02T07:02:01.6432453Z ##[group]Run actions/checkout@v4
2024-09-02T07:02:01.6432996Z with:
2024-09-02T07:02:01.6433713Z   token: ***
2024-09-02T07:02:01.6434101Z   fetch-depth: 1
2024-09-02T07:02:01.6434575Z   lfs: true
2024-09-02T07:02:01.6434912Z   submodules: recursive
2024-09-02T07:02:01.6435331Z   clean: true
2024-09-02T07:02:01.6435812Z   repository: tenstorrent/tt-metal
2024-09-02T07:02:01.6436308Z   ssh-strict: true
2024-09-02T07:02:01.6436658Z   ssh-user: git
2024-09-02T07:02:01.6437140Z   persist-credentials: true
2024-09-02T07:02:01.6437666Z   sparse-checkout-cone-mode: true
2024-09-02T07:02:01.6438274Z   fetch-tags: false
2024-09-02T07:02:01.6438768Z   show-progress: true
2024-09-02T07:02:01.6439200Z   set-safe-directory: true
2024-09-02T07:02:01.6439623Z env:
2024-09-02T07:02:01.6440025Z   ARCH_NAME: grayskull
2024-09-02T07:02:01.6440430Z   VERBOSE: 1
2024-09-02T07:02:01.6440867Z ##[endgroup]
2024-09-02T07:02:01.9035377Z Syncing repository: tenstorrent/tt-metal
2024-09-02T07:02:01.9038382Z ##[group]Getting Git version info
2024-09-02T07:02:01.9039810Z Working directory is '/home/runner/work/tt-metal/tt-metal'
2024-09-02T07:02:01.9041803Z [command]/usr/bin/git version
2024-09-02T07:02:01.9046139Z git version 2.46.0
2024-09-02T07:02:01.9101021Z [command]/usr/bin/git lfs version
2024-09-02T07:02:02.9501844Z git-lfs/3.5.1 (GitHub; linux amd64; go 1.21.8)
2024-09-02T07:02:02.9516307Z ##[endgroup]
2024-09-02T07:02:02.9533081Z Temporarily overriding HOME='/home/runner/work/_temp/70dac819-4e90-440a-95b8-56c01107ee3b' before making global git config changes
2024-09-02T07:02:02.9534211Z Adding repository directory to the temporary git global config as a safe directory
2024-09-02T07:02:02.9537828Z [command]/usr/bin/git config --global --add safe.directory /home/runner/work/tt-metal/tt-metal
2024-09-02T07:02:02.9576449Z Deleting the contents of '/home/runner/work/tt-metal/tt-metal'
2024-09-02T07:02:02.9580327Z ##[group]Initializing the repository
2024-09-02T07:02:02.9584510Z [command]/usr/bin/git init /home/runner/work/tt-metal/tt-metal
2024-09-02T07:02:02.9721903Z hint: Using 'master' as the name for the initial branch. This default branch name
2024-09-02T07:02:02.9723021Z hint: is subject to change. To configure the initial branch name to use in all
2024-09-02T07:02:02.9723850Z hint: of your new repositories, which will suppress this warning, call:
2024-09-02T07:02:02.9724420Z hint:
2024-09-02T07:02:02.9724989Z hint: 	git config --global init.defaultBranch <name>
2024-09-02T07:02:02.9725466Z hint:
2024-09-02T07:02:02.9725996Z hint: Names commonly chosen instead of 'master' are 'main', 'trunk' and
2024-09-02T07:02:02.9726886Z hint: 'development'. The just-created branch can be renamed via this command:
2024-09-02T07:02:02.9729156Z hint:
2024-09-02T07:02:02.9729688Z hint: 	git branch -m <name>
2024-09-02T07:02:02.9732071Z Initialized empty Git repository in /home/runner/work/tt-metal/tt-metal/.git/
2024-09-02T07:02:02.9744964Z [command]/usr/bin/git remote add origin https://github.com/tenstorrent/tt-metal
2024-09-02T07:02:02.9787558Z ##[endgroup]
2024-09-02T07:02:02.9788249Z ##[group]Disabling automatic garbage collection
2024-09-02T07:02:02.9792293Z [command]/usr/bin/git config --local gc.auto 0
2024-09-02T07:02:02.9823444Z ##[endgroup]
2024-09-02T07:02:02.9824972Z ##[group]Setting up auth
2024-09-02T07:02:02.9833255Z [command]/usr/bin/git config --local --name-only --get-regexp core\.sshCommand
2024-09-02T07:02:02.9866239Z [command]/usr/bin/git submodule foreach --recursive sh -c "git config --local --name-only --get-regexp 'core\.sshCommand' && git config --local --unset-all 'core.sshCommand' || :"
2024-09-02T07:02:03.0142839Z [command]/usr/bin/git config --local --name-only --get-regexp http\.https\:\/\/github\.com\/\.extraheader
2024-09-02T07:02:03.0177890Z [command]/usr/bin/git submodule foreach --recursive sh -c "git config --local --name-only --get-regexp 'http\.https\:\/\/github\.com\/\.extraheader' && git config --local --unset-all 'http.https://github.com/.extraheader' || :"
2024-09-02T07:02:03.0428950Z [command]/usr/bin/git config --local http.https://github.com/.extraheader AUTHORIZATION: basic ***
2024-09-02T07:02:03.0467433Z ##[endgroup]
2024-09-02T07:02:03.0471506Z [command]/usr/bin/git lfs install --local
2024-09-02T07:02:03.0865535Z Updated Git hooks.
2024-09-02T07:02:03.0866669Z Git LFS initialized.
2024-09-02T07:02:03.0933081Z ##[group]Fetching the repository
2024-09-02T07:02:03.0944999Z [command]/usr/bin/git -c protocol.version=2 fetch --no-tags --prune --no-recurse-submodules --depth=1 origin +a9bcd03b1775ab989aebab822ec2e4f821abac41:refs/remotes/origin/main
2024-09-02T07:02:04.7821498Z From https://github.com/tenstorrent/tt-metal
2024-09-02T08:09:24.3567910Z [993/1028] /usr/bin/g++-12 -DDISABLE_NAMESPACE_STATIC_ASSERT -DUSING_UV_SHARED=1 -DYAML_CPP_STATIC_DEFINE -I/home/runner/work/tt-metal/tt-metal/tt_metal/third_party/umd -I/home/runner/work/tt-metal/tt-metal -I/home/runner/work/tt-metal/tt-metal/tt_metal -I/home/runner/work/tt-metal/tt-metal/ttnn/cpp -I/home/runner/work/tt-metal/tt-metal/tt_metal/common -I/home/runner/work/tt-metal/tt-metal/tests -I/home/runner/work/tt-metal/tt-metal/tests/tt_eager -I/home/runner/work/tt-metal/tt-metal/ttnn -I/home/runner/work/tt-metal/tt-metal/ttnn/cpp/ttnn/deprecated -I/home/runner/work/tt-metal/tt-metal/tt_metal/third_party/fmt -I/home/runner/work/tt-metal/tt-metal/ttnn/cpp/ttnn/experimental/tt_lib -I/home/runner/work/tt-metal/tt-metal/tt_metal/third_party/pybind11/include -I/usr/include/python3.10 -I/home/runner/work/tt-metal/tt-metal/tt_metal/hw/inc -I/home/runner/work/tt-metal/tt-metal/tt_metal/hw/inc/grayskull -I/home/runner/work/tt-metal/tt-metal/tt_metal/third_party/umd/device/grayskull -I/home/runner/work/tt-metal/tt-metal/tt_metal/third_party/umd/src/firmware/riscv/grayskull -I/home/runner/work/tt-metal/tt-metal/.cpmcache/libuv/72aa6fc919b0653b47b7e9e7cf59ec92037e8693/include -I/home/runner/work/tt-metal/tt-metal/.cpmcache/yaml-cpp/905940a232aea3437e2fb77334461b1fe343318b/include -I/home/runner/work/tt-metal/tt-metal/tt_metal/third_party/umd/device -I/home/runner/work/tt-metal/tt-metal/tt_metal/third_party/umd/third_party/fmt/include -isystem /home/runner/work/tt-metal/tt-metal/.cpmcache/googletest/96129d89f45386492ae46d6bb8c027bc3df5f949/googletest/include -isystem /home/runner/work/tt-metal/tt-metal/.cpmcache/googletest/96129d89f45386492ae46d6bb8c027bc3df5f949/googletest -isystem /home/runner/work/tt-metal/tt-metal/.cpmcache/reflect/e75434c4c5f669e4a74e4d84e0a30d7249c1e66f -isystem /home/runner/work/tt-metal/tt-metal/.cpmcache/flatbuffers/2c4062bffa52fa4157b1b4deeae73395df475fda/include -isystem /home/runner/work/tt-metal/tt-metal/.cpmcache/nanomsg/28cc32d5bdb6a858fe53b3ccf7e923957e53eada/include -O3 -std=c++20 -MP -Wno-int-to-pointer-cast -fno-var-tracking -mavx2 -fPIC -DFMT_HEADER_ONLY -fvisibility-inlines-hidden -fno-lto -DARCH_GRAYSKULL -DDISABLE_ISSUE_3487_FIX -Werror -Wdelete-non-virtual-dtor -Wreturn-type -Wswitch -Wuninitialized -Wno-unused-parameter -Wno-deprecated -Wno-attributes -Wno-stringop-overread -Wno-stringop-overflow -Wno-maybe-uninitialized -Wno-missing-requires -Wno-narrowing -Wno-non-template-friend -Wno-error=non-template-friend -fsized-deallocation -Winvalid-pch -x c++-header -include /home/runner/work/tt-metal/tt-metal/build/tests/tt_eager/CMakeFiles/test_raw_host_memory_pointer.dir/cmake_pch.hxx -MD -MT tests/tt_eager/CMakeFiles/test_raw_host_memory_pointer.dir/cmake_pch.hxx.gch -MF tests/tt_eager/CMakeFiles/test_raw_host_memory_pointer.dir/cmake_pch.hxx.gch.d -o tests/tt_eager/CMakeFiles/test_raw_host_memory_pointer.dir/cmake_pch.hxx.gch -c /home/runner/work/tt-metal/tt-metal/build/tests/tt_eager/CMakeFiles/test_raw_host_memory_pointer.dir/cmake_pch.hxx.cxx
2024-09-02T08:09:26.5096179Z [994/1028] /usr/bin/g++-12 -DDISABLE_NAMESPACE_STATIC_ASSERT -DUSING_UV_SHARED=1 -DYAML_CPP_STATIC_DEFINE -I/home/runner/work/tt-metal/tt-metal/tt_metal/third_party/umd -I/home/runner/work/tt-metal/tt-metal -I/home/runner/work/tt-metal/tt-metal/tt_metal -I/home/runner/work/tt-metal/tt-metal/ttnn/cpp -I/home/runner/work/tt-metal/tt-metal/tt_metal/common -I/home/runner/work/tt-metal/tt-metal/tests -I/home/runner/work/tt-metal/tt-metal/tests/tt_eager -I/home/runner/work/tt-metal/tt-metal/ttnn -I/home/runner/work/tt-metal/tt-metal/ttnn/cpp/ttnn/deprecated -I/home/runner/work/tt-metal/tt-metal/tt_metal/third_party/fmt -I/home/runner/work/tt-metal/tt-metal/ttnn/cpp/ttnn/experimental/tt_lib -I/home/runner/work/tt-metal/tt-metal/tt_metal/third_party/pybind11/include -I/usr/include/python3.10 -I/home/runner/work/tt-metal/tt-metal/tt_metal/hw/inc -I/home/runner/work/tt-metal/tt-metal/tt_metal/hw/inc/grayskull -I/home/runner/work/tt-metal/tt-metal/tt_metal/third_party/umd/device/grayskull -I/home/runner/work/tt-metal/tt-metal/tt_metal/third_party/umd/src/firmware/riscv/grayskull -I/home/runner/work/tt-metal/tt-metal/.cpmcache/libuv/72aa6fc919b0653b47b7e9e7cf59ec92037e8693/include -I/home/runner/work/tt-metal/tt-metal/.cpmcache/yaml-cpp/905940a232aea3437e2fb77334461b1fe343318b/include -I/home/runner/work/tt-metal/tt-metal/tt_metal/third_party/umd/device -I/home/runner/work/tt-metal/tt-metal/tt_metal/third_party/umd/third_party/fmt/include -isystem /home/runner/work/tt-metal/tt-metal/.cpmcache/googletest/96129d89f45386492ae46d6bb8c027bc3df5f949/googletest/include -isystem /home/runner/work/tt-metal/tt-metal/.cpmcache/googletest/96129d89f45386492ae46d6bb8c027bc3df5f949/googletest -isystem /home/runner/work/tt-metal/tt-metal/.cpmcache/reflect/e75434c4c5f669e4a74e4d84e0a30d7249c1e66f -isystem /home/runner/work/tt-metal/tt-metal/.cpmcache/flatbuffers/2c4062bffa52fa4157b1b4deeae73395df475fda/include -isystem /home/runner/work/tt-metal/tt-metal/.cpmcache/nanomsg/28cc32d5bdb6a858fe53b3ccf7e923957e53eada/include -O3 -std=c++20 -MP -Wno-int-to-pointer-cast -fno-var-tracking -mavx2 -fPIC -DFMT_HEADER_ONLY -fvisibility-inlines-hidden -fno-lto -DARCH_GRAYSKULL -DDISABLE_ISSUE_3487_FIX -Werror -Wdelete-non-virtual-dtor -Wreturn-type -Wswitch -Wuninitialized -Wno-unused-parameter -Wno-deprecated -Wno-attributes -Wno-stringop-overread -Wno-stringop-overflow -Wno-maybe-uninitialized -Wno-missing-requires -Wno-narrowing -Wno-non-template-friend -Wno-error=non-template-friend -fsized-deallocation -Winvalid-pch -x c++-header -include /home/runner/work/tt-metal/tt-metal/build/tests/tt_eager/CMakeFiles/test_async_tensor_apis.dir/cmake_pch.hxx -MD -MT tests/tt_eager/CMakeFiles/test_async_tensor_apis.dir/cmake_pch.hxx.gch -MF tests/tt_eager/CMakeFiles/test_async_tensor_apis.dir/cmake_pch.hxx.gch.d -o tests/tt_eager/CMakeFiles/test_async_tensor_apis.dir/cmake_pch.hxx.gch -c /home/runner/work/tt-metal/tt-metal/build/tests/tt_eager/CMakeFiles/test_async_tensor_apis.dir/cmake_pch.hxx.cxx
2024-09-02T08:09:28.5628350Z [995/1028] /usr/bin/g++-12 -DDISABLE_NAMESPACE_STATIC_ASSERT -DUSING_UV_SHARED=1 -DYAML_CPP_STATIC_DEFINE -I/home/runner/work/tt-metal/tt-metal/tt_metal/third_party/umd -I/home/runner/work/tt-metal/tt-metal -I/home/runner/work/tt-metal/tt-metal/tt_metal -I/home/runner/work/tt-metal/tt-metal/ttnn/cpp -I/home/runner/work/tt-metal/tt-metal/tt_metal/common -I/home/runner/work/tt-metal/tt-metal/tests -I/home/runner/work/tt-metal/tt-metal/tests/tt_eager -I/home/runner/work/tt-metal/tt-metal/ttnn -I/home/runner/work/tt-metal/tt-metal/ttnn/cpp/ttnn/deprecated -I/home/runner/work/tt-metal/tt-metal/tt_metal/third_party/fmt -I/home/runner/work/tt-metal/tt-metal/ttnn/cpp/ttnn/experimental/tt_lib -I/home/runner/work/tt-metal/tt-metal/tt_metal/third_party/pybind11/include -I/usr/include/python3.10 -I/home/runner/work/tt-metal/tt-metal/tt_metal/hw/inc -I/home/runner/work/tt-metal/tt-metal/tt_metal/hw/inc/grayskull -I/home/runner/work/tt-metal/tt-metal/tt_metal/third_party/umd/device/grayskull -I/home/runner/work/tt-metal/tt-metal/tt_metal/third_party/umd/src/firmware/riscv/grayskull -I/home/runner/work/tt-metal/tt-metal/.cpmcache/libuv/72aa6fc919b0653b47b7e9e7cf59ec92037e8693/include -I/home/runner/work/tt-metal/tt-metal/.cpmcache/yaml-cpp/905940a232aea3437e2fb77334461b1fe343318b/include -I/home/runner/work/tt-metal/tt-metal/tt_metal/third_party/umd/device -I/home/runner/work/tt-metal/tt-metal/tt_metal/third_party/umd/third_party/fmt/include -isystem /home/runner/work/tt-metal/tt-metal/.cpmcache/googletest/96129d89f45386492ae46d6bb8c027bc3df5f949/googletest/include -isystem /home/runner/work/tt-metal/tt-metal/.cpmcache/googletest/96129d89f45386492ae46d6bb8c027bc3df5f949/googletest -isystem /home/runner/work/tt-metal/tt-metal/.cpmcache/reflect/e75434c4c5f669e4a74e4d84e0a30d7249c1e66f -isystem /home/runner/work/tt-metal/tt-metal/.cpmcache/flatbuffers/2c4062bffa52fa4157b1b4deeae73395df475fda/include -isystem /home/runner/work/tt-metal/tt-metal/.cpmcache/nanomsg/28cc32d5bdb6a858fe53b3ccf7e923957e53eada/include -O3 -std=c++20 -MP -Wno-int-to-pointer-cast -fno-var-tracking -mavx2 -fPIC -DFMT_HEADER_ONLY -fvisibility-inlines-hidden -fno-lto -DARCH_GRAYSKULL -DDISABLE_ISSUE_3487_FIX -Werror -Wdelete-non-virtual-dtor -Wreturn-type -Wswitch -Wuninitialized -Wno-unused-parameter -Wno-deprecated -Wno-attributes -Wno-stringop-overread -Wno-stringop-overflow -Wno-maybe-uninitialized -Wno-missing-requires -Wno-narrowing -Wno-non-template-friend -Wno-error=non-template-friend -fsized-deallocation -Winvalid-pch -include /home/runner/work/tt-metal/tt-metal/build/tests/tt_eager/CMakeFiles/test_sliding_window_ops.dir/cmake_pch.hxx -MD -MT tests/tt_eager/CMakeFiles/test_sliding_window_ops.dir/ops/test_sliding_window_ops.cpp.o -MF tests/tt_eager/CMakeFiles/test_sliding_window_ops.dir/ops/test_sliding_window_ops.cpp.o.d -o tests/tt_eager/CMakeFiles/test_sliding_window_ops.dir/ops/test_sliding_window_ops.cpp.o -c /home/runner/work/tt-metal/tt-metal/tests/tt_eager/ops/test_sliding_window_ops.cpp
2024-09-02T08:09:28.9864184Z [996/1028] : && /usr/bin/g++-12 -O3  tests/tt_eager/CMakeFiles/test_sliding_window_ops.dir/ops/test_sliding_window_ops.cpp.o -o test/tt_eager/ops/test_sliding_window_ops  -Wl,-rpath,/home/runner/work/tt-metal/tt-metal/build/ttnn:/home/runner/work/tt-metal/tt-metal/build/lib:/home/runner/work/tt-metal/tt-metal/build/tt_metal:/home/runner/work/tt-metal/tt-metal/build/_deps/nanomsg-build:/home/runner/work/tt-metal/tt-metal/build/_deps/libuv-build  ttnn/_ttnn.so  lib/libgtest_main.so.1.13.0  lib/libgtest.so.1.13.0  tt_metal/libtt_metal.so  -lz  -latomic  -lhwloc  -lnuma  lib/libdevice.so  _deps/yaml-cpp-build/libyaml-cpp.a  -lstdc++  _deps/nanomsg-build/libnng.so.1.8.0  _deps/libuv-build/libuv.so.1.0.0  -lpthread  -ldl  -lrt  /usr/lib/x86_64-linux-gnu/libpython3.10.so && :
2024-09-02T08:09:38.6278258Z [997/1028] /usr/bin/g++-12 -DDISABLE_NAMESPACE_STATIC_ASSERT -DUSING_UV_SHARED=1 -DYAML_CPP_STATIC_DEFINE -I/home/runner/work/tt-metal/tt-metal/tt_metal/third_party/umd -I/home/runner/work/tt-metal/tt-metal -I/home/runner/work/tt-metal/tt-metal/tt_metal -I/home/runner/work/tt-metal/tt-metal/ttnn/cpp -I/home/runner/work/tt-metal/tt-metal/tt_metal/common -I/home/runner/work/tt-metal/tt-metal/tests -I/home/runner/work/tt-metal/tt-metal/tests/tt_eager -I/home/runner/work/tt-metal/tt-metal/ttnn -I/home/runner/work/tt-metal/tt-metal/ttnn/cpp/ttnn/deprecated -I/home/runner/work/tt-metal/tt-metal/tt_metal/third_party/fmt -I/home/runner/work/tt-metal/tt-metal/ttnn/cpp/ttnn/experimental/tt_lib -I/home/runner/work/tt-metal/tt-metal/tt_metal/third_party/pybind11/include -I/usr/include/python3.10 -I/home/runner/work/tt-metal/tt-metal/tt_metal/hw/inc -I/home/runner/work/tt-metal/tt-metal/tt_metal/hw/inc/grayskull -I/home/runner/work/tt-metal/tt-metal/tt_metal/third_party/umd/device/grayskull -I/home/runner/work/tt-metal/tt-metal/tt_metal/third_party/umd/src/firmware/riscv/grayskull -I/home/runner/work/tt-metal/tt-metal/.cpmcache/libuv/72aa6fc919b0653b47b7e9e7cf59ec92037e8693/include -I/home/runner/work/tt-metal/tt-metal/.cpmcache/yaml-cpp/905940a232aea3437e2fb77334461b1fe343318b/include -I/home/runner/work/tt-metal/tt-metal/tt_metal/third_party/umd/device -I/home/runner/work/tt-metal/tt-metal/tt_metal/third_party/umd/third_party/fmt/include -isystem /home/runner/work/tt-metal/tt-metal/.cpmcache/googletest/96129d89f45386492ae46d6bb8c027bc3df5f949/googletest/include -isystem /home/runner/work/tt-metal/tt-metal/.cpmcache/googletest/96129d89f45386492ae46d6bb8c027bc3df5f949/googletest -isystem /home/runner/work/tt-metal/tt-metal/.cpmcache/reflect/e75434c4c5f669e4a74e4d84e0a30d7249c1e66f -isystem /home/runner/work/tt-metal/tt-metal/.cpmcache/flatbuffers/2c4062bffa52fa4157b1b4deeae73395df475fda/include -isystem /home/runner/work/tt-metal/tt-metal/.cpmcache/nanomsg/28cc32d5bdb6a858fe53b3ccf7e923957e53eada/include -O3 -std=c++20 -MP -Wno-int-to-pointer-cast -fno-var-tracking -mavx2 -fPIC -DFMT_HEADER_ONLY -fvisibility-inlines-hidden -fno-lto -DARCH_GRAYSKULL -DDISABLE_ISSUE_3487_FIX -Werror -Wdelete-non-virtual-dtor -Wreturn-type -Wswitch -Wuninitialized -Wno-unused-parameter -Wno-deprecated -Wno-attributes -Wno-stringop-overread -Wno-stringop-overflow -Wno-maybe-uninitialized -Wno-missing-requires -Wno-narrowing -Wno-non-template-friend -Wno-error=non-template-friend -fsized-deallocation -Winvalid-pch -x c++-header -include /home/runner/work/tt-metal/tt-metal/build/tests/tt_eager/CMakeFiles/test_bert.dir/cmake_pch.hxx -MD -MT tests/tt_eager/CMakeFiles/test_bert.dir/cmake_pch.hxx.gch -MF tests/tt_eager/CMakeFiles/test_bert.dir/cmake_pch.hxx.gch.d -o tests/tt_eager/CMakeFiles/test_bert.dir/cmake_pch.hxx.gch -c /home/runner/work/tt-metal/tt-metal/build/tests/tt_eager/CMakeFiles/test_bert.dir/cmake_pch.hxx.cxx
2024-09-02T08:09:41.6901076Z [998/1028] /usr/bin/g++-12 -DDISABLE_NAMESPACE_STATIC_ASSERT -DUSING_UV_SHARED=1 -DYAML_CPP_STATIC_DEFINE -I/home/runner/work/tt-metal/tt-metal/tt_metal/third_party/umd -I/home/runner/work/tt-metal/tt-metal -I/home/runner/work/tt-metal/tt-metal/tt_metal -I/home/runner/work/tt-metal/tt-metal/ttnn/cpp -I/home/runner/work/tt-metal/tt-metal/tt_metal/common -I/home/runner/work/tt-metal/tt-metal/tests -I/home/runner/work/tt-metal/tt-metal/tests/tt_eager -I/home/runner/work/tt-metal/tt-metal/ttnn -I/home/runner/work/tt-metal/tt-metal/ttnn/cpp/ttnn/deprecated -I/home/runner/work/tt-metal/tt-metal/tt_metal/third_party/fmt -I/home/runner/work/tt-metal/tt-metal/ttnn/cpp/ttnn/experimental/tt_lib -I/home/runner/work/tt-metal/tt-metal/tt_metal/third_party/pybind11/include -I/usr/include/python3.10 -I/home/runner/work/tt-metal/tt-metal/tt_metal/hw/inc -I/home/runner/work/tt-metal/tt-metal/tt_metal/hw/inc/grayskull -I/home/runner/work/tt-metal/tt-metal/tt_metal/third_party/umd/device/grayskull -I/home/runner/work/tt-metal/tt-metal/tt_metal/third_party/umd/src/firmware/riscv/grayskull -I/home/runner/work/tt-metal/tt-metal/.cpmcache/libuv/72aa6fc919b0653b47b7e9e7cf59ec92037e8693/include -I/home/runner/work/tt-metal/tt-metal/.cpmcache/yaml-cpp/905940a232aea3437e2fb77334461b1fe343318b/include -I/home/runner/work/tt-metal/tt-metal/tt_metal/third_party/umd/device -I/home/runner/work/tt-metal/tt-metal/tt_metal/third_party/umd/third_party/fmt/include -isystem /home/runner/work/tt-metal/tt-metal/.cpmcache/googletest/96129d89f45386492ae46d6bb8c027bc3df5f949/googletest/include -isystem /home/runner/work/tt-metal/tt-metal/.cpmcache/googletest/96129d89f45386492ae46d6bb8c027bc3df5f949/googletest -isystem /home/runner/work/tt-metal/tt-metal/.cpmcache/reflect/e75434c4c5f669e4a74e4d84e0a30d7249c1e66f -isystem /home/runner/work/tt-metal/tt-metal/.cpmcache/flatbuffers/2c4062bffa52fa4157b1b4deeae73395df475fda/include -isystem /home/runner/work/tt-metal/tt-metal/.cpmcache/nanomsg/28cc32d5bdb6a858fe53b3ccf7e923957e53eada/include -O3 -std=c++20 -MP -Wno-int-to-pointer-cast -fno-var-tracking -mavx2 -fPIC -DFMT_HEADER_ONLY -fvisibility-inlines-hidden -fno-lto -DARCH_GRAYSKULL -DDISABLE_ISSUE_3487_FIX -Werror -Wdelete-non-virtual-dtor -Wreturn-type -Wswitch -Wuninitialized -Wno-unused-parameter -Wno-deprecated -Wno-attributes -Wno-stringop-overread -Wno-stringop-overflow -Wno-maybe-uninitialized -Wno-missing-requires -Wno-narrowing -Wno-non-template-friend -Wno-error=non-template-friend -fsized-deallocation -Winvalid-pch -include /home/runner/work/tt-metal/tt-metal/build/tests/tt_eager/CMakeFiles/test_fold_op.dir/cmake_pch.hxx -MD -MT tests/tt_eager/CMakeFiles/test_fold_op.dir/ops/test_fold_op.cpp.o -MF tests/tt_eager/CMakeFiles/test_fold_op.dir/ops/test_fold_op.cpp.o.d -o tests/tt_eager/CMakeFiles/test_fold_op.dir/ops/test_fold_op.cpp.o -c /home/runner/work/tt-metal/tt-metal/tests/tt_eager/ops/test_fold_op.cpp
2024-09-02T08:09:42.1756538Z [999/1028] : && /usr/bin/g++-12 -O3  tests/tt_eager/CMakeFiles/test_fold_op.dir/ops/test_fold_op.cpp.o -o test/tt_eager/ops/test_fold_op  -Wl,-rpath,/home/runner/work/tt-metal/tt-metal/build/ttnn:/home/runner/work/tt-metal/tt-metal/build/lib:/home/runner/work/tt-metal/tt-metal/build/tt_metal:/home/runner/work/tt-metal/tt-metal/build/_deps/nanomsg-build:/home/runner/work/tt-metal/tt-metal/build/_deps/libuv-build  ttnn/_ttnn.so  lib/libgtest_main.so.1.13.0  lib/libgtest.so.1.13.0  tt_metal/libtt_metal.so  -lz  -latomic  -lhwloc  -lnuma  lib/libdevice.so  _deps/yaml-cpp-build/libyaml-cpp.a  -lstdc++  _deps/nanomsg-build/libnng.so.1.8.0  _deps/libuv-build/libuv.so.1.0.0  -lpthread  -ldl  -lrt  /usr/lib/x86_64-linux-gnu/libpython3.10.so && :
2024-09-02T08:09:43.6039582Z [1000/1028] /usr/bin/g++-12 -DDISABLE_NAMESPACE_STATIC_ASSERT -DUSING_UV_SHARED=1 -DYAML_CPP_STATIC_DEFINE -I/home/runner/work/tt-metal/tt-metal/tt_metal/third_party/umd -I/home/runner/work/tt-metal/tt-metal -I/home/runner/work/tt-metal/tt-metal/tt_metal -I/home/runner/work/tt-metal/tt-metal/ttnn/cpp -I/home/runner/work/tt-metal/tt-metal/tt_metal/common -I/home/runner/work/tt-metal/tt-metal/tests -I/home/runner/work/tt-metal/tt-metal/tests/tt_eager -I/home/runner/work/tt-metal/tt-metal/ttnn -I/home/runner/work/tt-metal/tt-metal/ttnn/cpp/ttnn/deprecated -I/home/runner/work/tt-metal/tt-metal/tt_metal/third_party/fmt -I/home/runner/work/tt-metal/tt-metal/ttnn/cpp/ttnn/experimental/tt_lib -I/home/runner/work/tt-metal/tt-metal/tt_metal/third_party/pybind11/include -I/usr/include/python3.10 -I/home/runner/work/tt-metal/tt-metal/tt_metal/hw/inc -I/home/runner/work/tt-metal/tt-metal/tt_metal/hw/inc/grayskull -I/home/runner/work/tt-metal/tt-metal/tt_metal/third_party/umd/device/grayskull -I/home/runner/work/tt-metal/tt-metal/tt_metal/third_party/umd/src/firmware/riscv/grayskull -I/home/runner/work/tt-metal/tt-metal/.cpmcache/libuv/72aa6fc919b0653b47b7e9e7cf59ec92037e8693/include -I/home/runner/work/tt-metal/tt-metal/.cpmcache/yaml-cpp/905940a232aea3437e2fb77334461b1fe343318b/include -I/home/runner/work/tt-metal/tt-metal/tt_metal/third_party/umd/device -I/home/runner/work/tt-metal/tt-metal/tt_metal/third_party/umd/third_party/fmt/include -isystem /home/runner/work/tt-metal/tt-metal/.cpmcache/googletest/96129d89f45386492ae46d6bb8c027bc3df5f949/googletest/include -isystem /home/runner/work/tt-metal/tt-metal/.cpmcache/googletest/96129d89f45386492ae46d6bb8c027bc3df5f949/googletest -isystem /home/runner/work/tt-metal/tt-metal/.cpmcache/reflect/e75434c4c5f669e4a74e4d84e0a30d7249c1e66f -isystem /home/runner/work/tt-metal/tt-metal/.cpmcache/flatbuffers/2c4062bffa52fa4157b1b4deeae73395df475fda/include -isystem /home/runner/work/tt-metal/tt-metal/.cpmcache/nanomsg/28cc32d5bdb6a858fe53b3ccf7e923957e53eada/include -O3 -std=c++20 -MP -Wno-int-to-pointer-cast -fno-var-tracking -mavx2 -fPIC -DFMT_HEADER_ONLY -fvisibility-inlines-hidden -fno-lto -DARCH_GRAYSKULL -DDISABLE_ISSUE_3487_FIX -Werror -Wdelete-non-virtual-dtor -Wreturn-type -Wswitch -Wuninitialized -Wno-unused-parameter -Wno-deprecated -Wno-attributes -Wno-stringop-overread -Wno-stringop-overflow -Wno-maybe-uninitialized -Wno-missing-requires -Wno-narrowing -Wno-non-template-friend -Wno-error=non-template-friend -fsized-deallocation -Winvalid-pch -include /home/runner/work/tt-metal/tt-metal/build/tests/tt_eager/CMakeFiles/test_copy_and_move.dir/cmake_pch.hxx -MD -MT tests/tt_eager/CMakeFiles/test_copy_and_move.dir/tensors/test_copy_and_move.cpp.o -MF tests/tt_eager/CMakeFiles/test_copy_and_move.dir/tensors/test_copy_and_move.cpp.o.d -o tests/tt_eager/CMakeFiles/test_copy_and_move.dir/tensors/test_copy_and_move.cpp.o -c /home/runner/work/tt-metal/tt-metal/tests/tt_eager/tensors/test_copy_and_move.cpp
2024-09-02T08:09:43.9276693Z [1001/1028] : && /usr/bin/g++-12 -O3  tests/tt_eager/CMakeFiles/test_copy_and_move.dir/tensors/test_copy_and_move.cpp.o -o test/tt_eager/tensors/test_copy_and_move  -Wl,-rpath,/home/runner/work/tt-metal/tt-metal/build/ttnn:/home/runner/work/tt-metal/tt-metal/build/lib:/home/runner/work/tt-metal/tt-metal/build/tt_metal:/home/runner/work/tt-metal/tt-metal/build/_deps/nanomsg-build:/home/runner/work/tt-metal/tt-metal/build/_deps/libuv-build  ttnn/_ttnn.so  lib/libgtest_main.so.1.13.0  lib/libgtest.so.1.13.0  tt_metal/libtt_metal.so  -lz  -latomic  -lhwloc  -lnuma  lib/libdevice.so  _deps/yaml-cpp-build/libyaml-cpp.a  -lstdc++  _deps/nanomsg-build/libnng.so.1.8.0  _deps/libuv-build/libuv.so.1.0.0  -lpthread  -ldl  -lrt  /usr/lib/x86_64-linux-gnu/libpython3.10.so && :
2024-09-02T08:09:51.7488196Z [1002/1028] /usr/bin/g++-12 -DDISABLE_NAMESPACE_STATIC_ASSERT -DUSING_UV_SHARED=1 -DYAML_CPP_STATIC_DEFINE -I/home/runner/work/tt-metal/tt-metal/tt_metal/third_party/umd -I/home/runner/work/tt-metal/tt-metal -I/home/runner/work/tt-metal/tt-metal/tt_metal -I/home/runner/work/tt-metal/tt-metal/tests -I/home/runner/work/tt-metal/tt-metal/tests/ttnn/unit_tests/gtests -I/home/runner/work/tt-metal/tt-metal/ttnn -I/home/runner/work/tt-metal/tt-metal/ttnn/cpp/ttnn/deprecated -I/home/runner/work/tt-metal/tt-metal/ttnn/cpp -I/home/runner/work/tt-metal/tt-metal/tt_metal/third_party/fmt -I/home/runner/work/tt-metal/tt-metal/ttnn/cpp/ttnn/experimental/tt_lib -I/home/runner/work/tt-metal/tt-metal/tt_metal/third_party/pybind11/include -I/usr/include/python3.10 -I/home/runner/work/tt-metal/tt-metal/tt_metal/hw/inc -I/home/runner/work/tt-metal/tt-metal/tt_metal/hw/inc/grayskull -I/home/runner/work/tt-metal/tt-metal/tt_metal/third_party/umd/device/grayskull -I/home/runner/work/tt-metal/tt-metal/tt_metal/third_party/umd/src/firmware/riscv/grayskull -I/home/runner/work/tt-metal/tt-metal/.cpmcache/libuv/72aa6fc919b0653b47b7e9e7cf59ec92037e8693/include -I/home/runner/work/tt-metal/tt-metal/.cpmcache/yaml-cpp/905940a232aea3437e2fb77334461b1fe343318b/include -I/home/runner/work/tt-metal/tt-metal/tt_metal/third_party/umd/device -I/home/runner/work/tt-metal/tt-metal/tt_metal/third_party/umd/third_party/fmt/include -isystem /home/runner/work/tt-metal/tt-metal/.cpmcache/googletest/96129d89f45386492ae46d6bb8c027bc3df5f949/googletest/include -isystem /home/runner/work/tt-metal/tt-metal/.cpmcache/googletest/96129d89f45386492ae46d6bb8c027bc3df5f949/googletest -isystem /home/runner/work/tt-metal/tt-metal/.cpmcache/reflect/e75434c4c5f669e4a74e4d84e0a30d7249c1e66f -isystem /home/runner/work/tt-metal/tt-metal/.cpmcache/flatbuffers/2c4062bffa52fa4157b1b4deeae73395df475fda/include -isystem /home/runner/work/tt-metal/tt-metal/.cpmcache/nanomsg/28cc32d5bdb6a858fe53b3ccf7e923957e53eada/include -O3 -std=c++20 -MP -Wno-int-to-pointer-cast -fno-var-tracking -mavx2 -fPIC -DFMT_HEADER_ONLY -fvisibility-inlines-hidden -fno-lto -DARCH_GRAYSKULL -DDISABLE_ISSUE_3487_FIX -Werror -Wdelete-non-virtual-dtor -Wreturn-type -Wswitch -Wuninitialized -Wno-unused-parameter -Wno-deprecated -Wno-attributes -Wno-stringop-overread -Wno-stringop-overflow -Wno-maybe-uninitialized -Wno-missing-requires -Wno-narrowing -Wno-non-template-friend -Wno-error=non-template-friend -fsized-deallocation -Winvalid-pch -x c++-header -include /home/runner/work/tt-metal/tt-metal/build/tests/ttnn/unit_tests/gtests/CMakeFiles/unit_tests_ttnn.dir/cmake_pch.hxx -MD -MT tests/ttnn/unit_tests/gtests/CMakeFiles/unit_tests_ttnn.dir/cmake_pch.hxx.gch -MF tests/ttnn/unit_tests/gtests/CMakeFiles/unit_tests_ttnn.dir/cmake_pch.hxx.gch.d -o tests/ttnn/unit_tests/gtests/CMakeFiles/unit_tests_ttnn.dir/cmake_pch.hxx.gch -c /home/runner/work/tt-metal/tt-metal/build/tests/ttnn/unit_tests/gtests/CMakeFiles/unit_tests_ttnn.dir/cmake_pch.hxx.cxx
2024-09-02T08:09:54.0453125Z [1003/1028] /usr/bin/g++-12 -DDISABLE_NAMESPACE_STATIC_ASSERT -DUSING_UV_SHARED=1 -DYAML_CPP_STATIC_DEFINE -I/home/runner/work/tt-metal/tt-metal/tt_metal/third_party/umd -I/home/runner/work/tt-metal/tt-metal -I/home/runner/work/tt-metal/tt-metal/tt_metal -I/home/runner/work/tt-metal/tt-metal/tests -I/home/runner/work/tt-metal/tt-metal/tests/ttnn/unit_tests/gtests -I/home/runner/work/tt-metal/tt-metal/ttnn -I/home/runner/work/tt-metal/tt-metal/ttnn/cpp/ttnn/deprecated -I/home/runner/work/tt-metal/tt-metal/ttnn/cpp -I/home/runner/work/tt-metal/tt-metal/tt_metal/third_party/fmt -I/home/runner/work/tt-metal/tt-metal/ttnn/cpp/ttnn/experimental/tt_lib -I/home/runner/work/tt-metal/tt-metal/tt_metal/third_party/pybind11/include -I/usr/include/python3.10 -I/home/runner/work/tt-metal/tt-metal/tt_metal/hw/inc -I/home/runner/work/tt-metal/tt-metal/tt_metal/hw/inc/grayskull -I/home/runner/work/tt-metal/tt-metal/tt_metal/third_party/umd/device/grayskull -I/home/runner/work/tt-metal/tt-metal/tt_metal/third_party/umd/src/firmware/riscv/grayskull -I/home/runner/work/tt-metal/tt-metal/.cpmcache/libuv/72aa6fc919b0653b47b7e9e7cf59ec92037e8693/include -I/home/runner/work/tt-metal/tt-metal/.cpmcache/yaml-cpp/905940a232aea3437e2fb77334461b1fe343318b/include -I/home/runner/work/tt-metal/tt-metal/tt_metal/third_party/umd/device -I/home/runner/work/tt-metal/tt-metal/tt_metal/third_party/umd/third_party/fmt/include -isystem /home/runner/work/tt-metal/tt-metal/.cpmcache/googletest/96129d89f45386492ae46d6bb8c027bc3df5f949/googletest/include -isystem /home/runner/work/tt-metal/tt-metal/.cpmcache/googletest/96129d89f45386492ae46d6bb8c027bc3df5f949/googletest -isystem /home/runner/work/tt-metal/tt-metal/.cpmcache/reflect/e75434c4c5f669e4a74e4d84e0a30d7249c1e66f -isystem /home/runner/work/tt-metal/tt-metal/.cpmcache/flatbuffers/2c4062bffa52fa4157b1b4deeae73395df475fda/include -isystem /home/runner/work/tt-metal/tt-metal/.cpmcache/nanomsg/28cc32d5bdb6a858fe53b3ccf7e923957e53eada/include -O3 -std=c++20 -MP -Wno-int-to-pointer-cast -fno-var-tracking -mavx2 -fPIC -DFMT_HEADER_ONLY -fvisibility-inlines-hidden -fno-lto -DARCH_GRAYSKULL -DDISABLE_ISSUE_3487_FIX -Werror -Wdelete-non-virtual-dtor -Wreturn-type -Wswitch -Wuninitialized -Wno-unused-parameter -Wno-deprecated -Wno-attributes -Wno-stringop-overread -Wno-stringop-overflow -Wno-maybe-uninitialized -Wno-missing-requires -Wno-narrowing -Wno-non-template-friend -Wno-error=non-template-friend -fsized-deallocation -Winvalid-pch -x c++-header -include /home/runner/work/tt-metal/tt-metal/build/tests/ttnn/unit_tests/gtests/CMakeFiles/unit_tests_ttnn_ccl.dir/cmake_pch.hxx -MD -MT tests/ttnn/unit_tests/gtests/CMakeFiles/unit_tests_ttnn_ccl.dir/cmake_pch.hxx.gch -MF tests/ttnn/unit_tests/gtests/CMakeFiles/unit_tests_ttnn_ccl.dir/cmake_pch.hxx.gch.d -o tests/ttnn/unit_tests/gtests/CMakeFiles/unit_tests_ttnn_ccl.dir/cmake_pch.hxx.gch -c /home/runner/work/tt-metal/tt-metal/build/tests/ttnn/unit_tests/gtests/CMakeFiles/unit_tests_ttnn_ccl.dir/cmake_pch.hxx.cxx
2024-09-02T08:09:55.5269437Z [1004/1028] /usr/bin/g++-12 -DDISABLE_NAMESPACE_STATIC_ASSERT -DUSING_UV_SHARED=1 -DYAML_CPP_STATIC_DEFINE -I/home/runner/work/tt-metal/tt-metal/tt_metal/third_party/umd -I/home/runner/work/tt-metal/tt-metal -I/home/runner/work/tt-metal/tt-metal/tt_metal -I/home/runner/work/tt-metal/tt-metal/ttnn/cpp -I/home/runner/work/tt-metal/tt-metal/tt_metal/common -I/home/runner/work/tt-metal/tt-metal/tests -I/home/runner/work/tt-metal/tt-metal/tests/tt_eager -I/home/runner/work/tt-metal/tt-metal/ttnn -I/home/runner/work/tt-metal/tt-metal/ttnn/cpp/ttnn/deprecated -I/home/runner/work/tt-metal/tt-metal/tt_metal/third_party/fmt -I/home/runner/work/tt-metal/tt-metal/ttnn/cpp/ttnn/experimental/tt_lib -I/home/runner/work/tt-metal/tt-metal/tt_metal/third_party/pybind11/include -I/usr/include/python3.10 -I/home/runner/work/tt-metal/tt-metal/tt_metal/hw/inc -I/home/runner/work/tt-metal/tt-metal/tt_metal/hw/inc/grayskull -I/home/runner/work/tt-metal/tt-metal/tt_metal/third_party/umd/device/grayskull -I/home/runner/work/tt-metal/tt-metal/tt_metal/third_party/umd/src/firmware/riscv/grayskull -I/home/runner/work/tt-metal/tt-metal/.cpmcache/libuv/72aa6fc919b0653b47b7e9e7cf59ec92037e8693/include -I/home/runner/work/tt-metal/tt-metal/.cpmcache/yaml-cpp/905940a232aea3437e2fb77334461b1fe343318b/include -I/home/runner/work/tt-metal/tt-metal/tt_metal/third_party/umd/device -I/home/runner/work/tt-metal/tt-metal/tt_metal/third_party/umd/third_party/fmt/include -isystem /home/runner/work/tt-metal/tt-metal/.cpmcache/googletest/96129d89f45386492ae46d6bb8c027bc3df5f949/googletest/include -isystem /home/runner/work/tt-metal/tt-metal/.cpmcache/googletest/96129d89f45386492ae46d6bb8c027bc3df5f949/googletest -isystem /home/runner/work/tt-metal/tt-metal/.cpmcache/reflect/e75434c4c5f669e4a74e4d84e0a30d7249c1e66f -isystem /home/runner/work/tt-metal/tt-metal/.cpmcache/flatbuffers/2c4062bffa52fa4157b1b4deeae73395df475fda/include -isystem /home/runner/work/tt-metal/tt-metal/.cpmcache/nanomsg/28cc32d5bdb6a858fe53b3ccf7e923957e53eada/include -O3 -std=c++20 -MP -Wno-int-to-pointer-cast -fno-var-tracking -mavx2 -fPIC -DFMT_HEADER_ONLY -fvisibility-inlines-hidden -fno-lto -DARCH_GRAYSKULL -DDISABLE_ISSUE_3487_FIX -Werror -Wdelete-non-virtual-dtor -Wreturn-type -Wswitch -Wuninitialized -Wno-unused-parameter -Wno-deprecated -Wno-attributes -Wno-stringop-overread -Wno-stringop-overflow -Wno-maybe-uninitialized -Wno-missing-requires -Wno-narrowing -Wno-non-template-friend -Wno-error=non-template-friend -fsized-deallocation -Winvalid-pch -include /home/runner/work/tt-metal/tt-metal/build/tests/tt_eager/CMakeFiles/test_host_device_loopback.dir/cmake_pch.hxx -MD -MT tests/tt_eager/CMakeFiles/test_host_device_loopback.dir/tensors/test_host_device_loopback.cpp.o -MF tests/tt_eager/CMakeFiles/test_host_device_loopback.dir/tensors/test_host_device_loopback.cpp.o.d -o tests/tt_eager/CMakeFiles/test_host_device_loopback.dir/tensors/test_host_device_loopback.cpp.o -c /home/runner/work/tt-metal/tt-metal/tests/tt_eager/tensors/test_host_device_loopback.cpp
2024-09-02T08:09:55.8903921Z [1005/1028] : && /usr/bin/g++-12 -O3  tests/tt_eager/CMakeFiles/test_host_device_loopback.dir/tensors/test_host_device_loopback.cpp.o -o test/tt_eager/tensors/test_host_device_loopback  -Wl,-rpath,/home/runner/work/tt-metal/tt-metal/build/ttnn:/home/runner/work/tt-metal/tt-metal/build/lib:/home/runner/work/tt-metal/tt-metal/build/tt_metal:/home/runner/work/tt-metal/tt-metal/build/_deps/nanomsg-build:/home/runner/work/tt-metal/tt-metal/build/_deps/libuv-build  ttnn/_ttnn.so  lib/libgtest_main.so.1.13.0  lib/libgtest.so.1.13.0  tt_metal/libtt_metal.so  -lz  -latomic  -lhwloc  -lnuma  lib/libdevice.so  _deps/yaml-cpp-build/libyaml-cpp.a  -lstdc++  _deps/nanomsg-build/libnng.so.1.8.0  _deps/libuv-build/libuv.so.1.0.0  -lpthread  -ldl  -lrt  /usr/lib/x86_64-linux-gnu/libpython3.10.so && :
2024-09-02T08:10:10.8065003Z [1006/1028] /usr/bin/g++-12 -DDISABLE_NAMESPACE_STATIC_ASSERT -DUSING_UV_SHARED=1 -DYAML_CPP_STATIC_DEFINE -I/home/runner/work/tt-metal/tt-metal/tt_metal/third_party/umd -I/home/runner/work/tt-metal/tt-metal -I/home/runner/work/tt-metal/tt-metal/tt_metal -I/home/runner/work/tt-metal/tt-metal/ttnn/cpp -I/home/runner/work/tt-metal/tt-metal/tt_metal/common -I/home/runner/work/tt-metal/tt-metal/tests -I/home/runner/work/tt-metal/tt-metal/tests/tt_eager -I/home/runner/work/tt-metal/tt-metal/ttnn -I/home/runner/work/tt-metal/tt-metal/ttnn/cpp/ttnn/deprecated -I/home/runner/work/tt-metal/tt-metal/tt_metal/third_party/fmt -I/home/runner/work/tt-metal/tt-metal/ttnn/cpp/ttnn/experimental/tt_lib -I/home/runner/work/tt-metal/tt-metal/tt_metal/third_party/pybind11/include -I/usr/include/python3.10 -I/home/runner/work/tt-metal/tt-metal/tt_metal/hw/inc -I/home/runner/work/tt-metal/tt-metal/tt_metal/hw/inc/grayskull -I/home/runner/work/tt-metal/tt-metal/tt_metal/third_party/umd/device/grayskull -I/home/runner/work/tt-metal/tt-metal/tt_metal/third_party/umd/src/firmware/riscv/grayskull -I/home/runner/work/tt-metal/tt-metal/.cpmcache/libuv/72aa6fc919b0653b47b7e9e7cf59ec92037e8693/include -I/home/runner/work/tt-metal/tt-metal/.cpmcache/yaml-cpp/905940a232aea3437e2fb77334461b1fe343318b/include -I/home/runner/work/tt-metal/tt-metal/tt_metal/third_party/umd/device -I/home/runner/work/tt-metal/tt-metal/tt_metal/third_party/umd/third_party/fmt/include -isystem /home/runner/work/tt-metal/tt-metal/.cpmcache/googletest/96129d89f45386492ae46d6bb8c027bc3df5f949/googletest/include -isystem /home/runner/work/tt-metal/tt-metal/.cpmcache/googletest/96129d89f45386492ae46d6bb8c027bc3df5f949/googletest -isystem /home/runner/work/tt-metal/tt-metal/.cpmcache/reflect/e75434c4c5f669e4a74e4d84e0a30d7249c1e66f -isystem /home/runner/work/tt-metal/tt-metal/.cpmcache/flatbuffers/2c4062bffa52fa4157b1b4deeae73395df475fda/include -isystem /home/runner/work/tt-metal/tt-metal/.cpmcache/nanomsg/28cc32d5bdb6a858fe53b3ccf7e923957e53eada/include -O3 -std=c++20 -MP -Wno-int-to-pointer-cast -fno-var-tracking -mavx2 -fPIC -DFMT_HEADER_ONLY -fvisibility-inlines-hidden -fno-lto -DARCH_GRAYSKULL -DDISABLE_ISSUE_3487_FIX -Werror -Wdelete-non-virtual-dtor -Wreturn-type -Wswitch -Wuninitialized -Wno-unused-parameter -Wno-deprecated -Wno-attributes -Wno-stringop-overread -Wno-stringop-overflow -Wno-maybe-uninitialized -Wno-missing-requires -Wno-narrowing -Wno-non-template-friend -Wno-error=non-template-friend -fsized-deallocation -Winvalid-pch -include /home/runner/work/tt-metal/tt-metal/build/tests/tt_eager/CMakeFiles/test_raw_host_memory_pointer.dir/cmake_pch.hxx -MD -MT tests/tt_eager/CMakeFiles/test_raw_host_memory_pointer.dir/tensors/test_raw_host_memory_pointer.cpp.o -MF tests/tt_eager/CMakeFiles/test_raw_host_memory_pointer.dir/tensors/test_raw_host_memory_pointer.cpp.o.d -o tests/tt_eager/CMakeFiles/test_raw_host_memory_pointer.dir/tensors/test_raw_host_memory_pointer.cpp.o -c /home/runner/work/tt-metal/tt-metal/tests/tt_eager/tensors/test_raw_host_memory_pointer.cpp
2024-09-02T08:10:11.1025814Z [1007/1028] : && /usr/bin/g++-12 -O3  tests/tt_eager/CMakeFiles/test_raw_host_memory_pointer.dir/tensors/test_raw_host_memory_pointer.cpp.o -o test/tt_eager/tensors/test_raw_host_memory_pointer  -Wl,-rpath,/home/runner/work/tt-metal/tt-metal/build/ttnn:/home/runner/work/tt-metal/tt-metal/build/lib:/home/runner/work/tt-metal/tt-metal/build/tt_metal:/home/runner/work/tt-metal/tt-metal/build/_deps/nanomsg-build:/home/runner/work/tt-metal/tt-metal/build/_deps/libuv-build  ttnn/_ttnn.so  lib/libgtest_main.so.1.13.0  lib/libgtest.so.1.13.0  tt_metal/libtt_metal.so  -lz  -latomic  -lhwloc  -lnuma  lib/libdevice.so  _deps/yaml-cpp-build/libyaml-cpp.a  -lstdc++  _deps/nanomsg-build/libnng.so.1.8.0  _deps/libuv-build/libuv.so.1.0.0  -lpthread  -ldl  -lrt  /usr/lib/x86_64-linux-gnu/libpython3.10.so && :
2024-09-02T08:10:21.8631338Z [1008/1028] /usr/bin/g++-12 -DDISABLE_NAMESPACE_STATIC_ASSERT -DUSING_UV_SHARED=1 -DYAML_CPP_STATIC_DEFINE -I/home/runner/work/tt-metal/tt-metal/tt_metal/third_party/umd -I/home/runner/work/tt-metal/tt-metal -I/home/runner/work/tt-metal/tt-metal/tt_metal -I/home/runner/work/tt-metal/tt-metal/ttnn/cpp -I/home/runner/work/tt-metal/tt-metal/tt_metal/common -I/home/runner/work/tt-metal/tt-metal/tests -I/home/runner/work/tt-metal/tt-metal/tests/tt_eager -I/home/runner/work/tt-metal/tt-metal/ttnn -I/home/runner/work/tt-metal/tt-metal/ttnn/cpp/ttnn/deprecated -I/home/runner/work/tt-metal/tt-metal/tt_metal/third_party/fmt -I/home/runner/work/tt-metal/tt-metal/ttnn/cpp/ttnn/experimental/tt_lib -I/home/runner/work/tt-metal/tt-metal/tt_metal/third_party/pybind11/include -I/usr/include/python3.10 -I/home/runner/work/tt-metal/tt-metal/tt_metal/hw/inc -I/home/runner/work/tt-metal/tt-metal/tt_metal/hw/inc/grayskull -I/home/runner/work/tt-metal/tt-metal/tt_metal/third_party/umd/device/grayskull -I/home/runner/work/tt-metal/tt-metal/tt_metal/third_party/umd/src/firmware/riscv/grayskull -I/home/runner/work/tt-metal/tt-metal/.cpmcache/libuv/72aa6fc919b0653b47b7e9e7cf59ec92037e8693/include -I/home/runner/work/tt-metal/tt-metal/.cpmcache/yaml-cpp/905940a232aea3437e2fb77334461b1fe343318b/include -I/home/runner/work/tt-metal/tt-metal/tt_metal/third_party/umd/device -I/home/runner/work/tt-metal/tt-metal/tt_metal/third_party/umd/third_party/fmt/include -isystem /home/runner/work/tt-metal/tt-metal/.cpmcache/googletest/96129d89f45386492ae46d6bb8c027bc3df5f949/googletest/include -isystem /home/runner/work/tt-metal/tt-metal/.cpmcache/googletest/96129d89f45386492ae46d6bb8c027bc3df5f949/googletest -isystem /home/runner/work/tt-metal/tt-metal/.cpmcache/reflect/e75434c4c5f669e4a74e4d84e0a30d7249c1e66f -isystem /home/runner/work/tt-metal/tt-metal/.cpmcache/flatbuffers/2c4062bffa52fa4157b1b4deeae73395df475fda/include -isystem /home/runner/work/tt-metal/tt-metal/.cpmcache/nanomsg/28cc32d5bdb6a858fe53b3ccf7e923957e53eada/include -O3 -std=c++20 -MP -Wno-int-to-pointer-cast -fno-var-tracking -mavx2 -fPIC -DFMT_HEADER_ONLY -fvisibility-inlines-hidden -fno-lto -DARCH_GRAYSKULL -DDISABLE_ISSUE_3487_FIX -Werror -Wdelete-non-virtual-dtor -Wreturn-type -Wswitch -Wuninitialized -Wno-unused-parameter -Wno-deprecated -Wno-attributes -Wno-stringop-overread -Wno-stringop-overflow -Wno-maybe-uninitialized -Wno-missing-requires -Wno-narrowing -Wno-non-template-friend -Wno-error=non-template-friend -fsized-deallocation -Winvalid-pch -include /home/runner/work/tt-metal/tt-metal/build/tests/tt_eager/CMakeFiles/test_async_tensor_apis.dir/cmake_pch.hxx -MD -MT tests/tt_eager/CMakeFiles/test_async_tensor_apis.dir/tensors/test_async_tensor_apis.cpp.o -MF tests/tt_eager/CMakeFiles/test_async_tensor_apis.dir/tensors/test_async_tensor_apis.cpp.o.d -o tests/tt_eager/CMakeFiles/test_async_tensor_apis.dir/tensors/test_async_tensor_apis.cpp.o -c /home/runner/work/tt-metal/tt-metal/tests/tt_eager/tensors/test_async_tensor_apis.cpp
2024-09-02T08:10:22.1684964Z [1009/1028] : && /usr/bin/g++-12 -O3  tests/tt_eager/CMakeFiles/test_async_tensor_apis.dir/tensors/test_async_tensor_apis.cpp.o -o test/tt_eager/tensors/test_async_tensor_apis  -Wl,-rpath,/home/runner/work/tt-metal/tt-metal/build/ttnn:/home/runner/work/tt-metal/tt-metal/build/lib:/home/runner/work/tt-metal/tt-metal/build/tt_metal:/home/runner/work/tt-metal/tt-metal/build/_deps/nanomsg-build:/home/runner/work/tt-metal/tt-metal/build/_deps/libuv-build  ttnn/_ttnn.so  lib/libgtest_main.so.1.13.0  lib/libgtest.so.1.13.0  tt_metal/libtt_metal.so  -lz  -latomic  -lhwloc  -lnuma  lib/libdevice.so  _deps/yaml-cpp-build/libyaml-cpp.a  -lstdc++  _deps/nanomsg-build/libnng.so.1.8.0  _deps/libuv-build/libuv.so.1.0.0  -lpthread  -ldl  -lrt  /usr/lib/x86_64-linux-gnu/libpython3.10.so && :
2024-09-02T08:10:36.9666019Z [1010/1028] /usr/bin/g++-12 -DDISABLE_NAMESPACE_STATIC_ASSERT -DUSING_UV_SHARED=1 -DYAML_CPP_STATIC_DEFINE -I/home/runner/work/tt-metal/tt-metal/tt_metal/third_party/umd -I/home/runner/work/tt-metal/tt-metal -I/home/runner/work/tt-metal/tt-metal/tt_metal -I/home/runner/work/tt-metal/tt-metal/ttnn/cpp -I/home/runner/work/tt-metal/tt-metal/tt_metal/common -I/home/runner/work/tt-metal/tt-metal/tests -I/home/runner/work/tt-metal/tt-metal/tests/tt_eager -I/home/runner/work/tt-metal/tt-metal/ttnn -I/home/runner/work/tt-metal/tt-metal/ttnn/cpp/ttnn/deprecated -I/home/runner/work/tt-metal/tt-metal/tt_metal/third_party/fmt -I/home/runner/work/tt-metal/tt-metal/ttnn/cpp/ttnn/experimental/tt_lib -I/home/runner/work/tt-metal/tt-metal/tt_metal/third_party/pybind11/include -I/usr/include/python3.10 -I/home/runner/work/tt-metal/tt-metal/tt_metal/hw/inc -I/home/runner/work/tt-metal/tt-metal/tt_metal/hw/inc/grayskull -I/home/runner/work/tt-metal/tt-metal/tt_metal/third_party/umd/device/grayskull -I/home/runner/work/tt-metal/tt-metal/tt_metal/third_party/umd/src/firmware/riscv/grayskull -I/home/runner/work/tt-metal/tt-metal/.cpmcache/libuv/72aa6fc919b0653b47b7e9e7cf59ec92037e8693/include -I/home/runner/work/tt-metal/tt-metal/.cpmcache/yaml-cpp/905940a232aea3437e2fb77334461b1fe343318b/include -I/home/runner/work/tt-metal/tt-metal/tt_metal/third_party/umd/device -I/home/runner/work/tt-metal/tt-metal/tt_metal/third_party/umd/third_party/fmt/include -isystem /home/runner/work/tt-metal/tt-metal/.cpmcache/googletest/96129d89f45386492ae46d6bb8c027bc3df5f949/googletest/include -isystem /home/runner/work/tt-metal/tt-metal/.cpmcache/googletest/96129d89f45386492ae46d6bb8c027bc3df5f949/googletest -isystem /home/runner/work/tt-metal/tt-metal/.cpmcache/reflect/e75434c4c5f669e4a74e4d84e0a30d7249c1e66f -isystem /home/runner/work/tt-metal/tt-metal/.cpmcache/flatbuffers/2c4062bffa52fa4157b1b4deeae73395df475fda/include -isystem /home/runner/work/tt-metal/tt-metal/.cpmcache/nanomsg/28cc32d5bdb6a858fe53b3ccf7e923957e53eada/include -O3 -std=c++20 -MP -Wno-int-to-pointer-cast -fno-var-tracking -mavx2 -fPIC -DFMT_HEADER_ONLY -fvisibility-inlines-hidden -fno-lto -DARCH_GRAYSKULL -DDISABLE_ISSUE_3487_FIX -Werror -Wdelete-non-virtual-dtor -Wreturn-type -Wswitch -Wuninitialized -Wno-unused-parameter -Wno-deprecated -Wno-attributes -Wno-stringop-overread -Wno-stringop-overflow -Wno-maybe-uninitialized -Wno-missing-requires -Wno-narrowing -Wno-non-template-friend -Wno-error=non-template-friend -fsized-deallocation -Winvalid-pch -include /home/runner/work/tt-metal/tt-metal/build/tests/tt_eager/CMakeFiles/test_bert.dir/cmake_pch.hxx -MD -MT tests/tt_eager/CMakeFiles/test_bert.dir/integration_tests/test_bert.cpp.o -MF tests/tt_eager/CMakeFiles/test_bert.dir/integration_tests/test_bert.cpp.o.d -o tests/tt_eager/CMakeFiles/test_bert.dir/integration_tests/test_bert.cpp.o -c /home/runner/work/tt-metal/tt-metal/tests/tt_eager/integration_tests/test_bert.cpp
2024-09-02T08:10:37.3277635Z [1011/1028] : && /usr/bin/g++-12 -O3  tests/tt_eager/CMakeFiles/test_bert.dir/integration_tests/test_bert.cpp.o -o test/tt_eager/integration_tests/test_bert  -Wl,-rpath,/home/runner/work/tt-metal/tt-metal/build/ttnn:/home/runner/work/tt-metal/tt-metal/build/lib:/home/runner/work/tt-metal/tt-metal/build/tt_metal:/home/runner/work/tt-metal/tt-metal/build/_deps/nanomsg-build:/home/runner/work/tt-metal/tt-metal/build/_deps/libuv-build  ttnn/_ttnn.so  lib/libgtest_main.so.1.13.0  lib/libgtest.so.1.13.0  tt_metal/libtt_metal.so  -lz  -latomic  -lhwloc  -lnuma  lib/libdevice.so  _deps/yaml-cpp-build/libyaml-cpp.a  -lstdc++  _deps/nanomsg-build/libnng.so.1.8.0  _deps/libuv-build/libuv.so.1.0.0  -lpthread  -ldl  -lrt  /usr/lib/x86_64-linux-gnu/libpython3.10.so && :
2024-09-02T08:10:43.1433230Z [1012/1028] /usr/bin/g++-12 -DDISABLE_NAMESPACE_STATIC_ASSERT -DUSING_UV_SHARED=1 -DYAML_CPP_STATIC_DEFINE -I/home/runner/work/tt-metal/tt-metal/tt_metal/third_party/umd -I/home/runner/work/tt-metal/tt-metal -I/home/runner/work/tt-metal/tt-metal/tt_metal -I/home/runner/work/tt-metal/tt-metal/tests -I/home/runner/work/tt-metal/tt-metal/tests/ttnn/unit_tests/gtests -I/home/runner/work/tt-metal/tt-metal/ttnn -I/home/runner/work/tt-metal/tt-metal/ttnn/cpp/ttnn/deprecated -I/home/runner/work/tt-metal/tt-metal/ttnn/cpp -I/home/runner/work/tt-metal/tt-metal/tt_metal/third_party/fmt -I/home/runner/work/tt-metal/tt-metal/ttnn/cpp/ttnn/experimental/tt_lib -I/home/runner/work/tt-metal/tt-metal/tt_metal/third_party/pybind11/include -I/usr/include/python3.10 -I/home/runner/work/tt-metal/tt-metal/tt_metal/hw/inc -I/home/runner/work/tt-metal/tt-metal/tt_metal/hw/inc/grayskull -I/home/runner/work/tt-metal/tt-metal/tt_metal/third_party/umd/device/grayskull -I/home/runner/work/tt-metal/tt-metal/tt_metal/third_party/umd/src/firmware/riscv/grayskull -I/home/runner/work/tt-metal/tt-metal/.cpmcache/libuv/72aa6fc919b0653b47b7e9e7cf59ec92037e8693/include -I/home/runner/work/tt-metal/tt-metal/.cpmcache/yaml-cpp/905940a232aea3437e2fb77334461b1fe343318b/include -I/home/runner/work/tt-metal/tt-metal/tt_metal/third_party/umd/device -I/home/runner/work/tt-metal/tt-metal/tt_metal/third_party/umd/third_party/fmt/include -isystem /home/runner/work/tt-metal/tt-metal/.cpmcache/googletest/96129d89f45386492ae46d6bb8c027bc3df5f949/googletest/include -isystem /home/runner/work/tt-metal/tt-metal/.cpmcache/googletest/96129d89f45386492ae46d6bb8c027bc3df5f949/googletest -isystem /home/runner/work/tt-metal/tt-metal/.cpmcache/reflect/e75434c4c5f669e4a74e4d84e0a30d7249c1e66f -isystem /home/runner/work/tt-metal/tt-metal/.cpmcache/flatbuffers/2c4062bffa52fa4157b1b4deeae73395df475fda/include -isystem /home/runner/work/tt-metal/tt-metal/.cpmcache/nanomsg/28cc32d5bdb6a858fe53b3ccf7e923957e53eada/include -O3 -std=c++20 -MP -Wno-int-to-pointer-cast -fno-var-tracking -mavx2 -fPIC -DFMT_HEADER_ONLY -fvisibility-inlines-hidden -fno-lto -DARCH_GRAYSKULL -DDISABLE_ISSUE_3487_FIX -Werror -Wdelete-non-virtual-dtor -Wreturn-type -Wswitch -Wuninitialized -Wno-unused-parameter -Wno-deprecated -Wno-attributes -Wno-stringop-overread -Wno-stringop-overflow -Wno-maybe-uninitialized -Wno-missing-requires -Wno-narrowing -Wno-non-template-friend -Wno-error=non-template-friend -fsized-deallocation -Winvalid-pch -include /home/runner/work/tt-metal/tt-metal/build/tests/ttnn/unit_tests/gtests/CMakeFiles/unit_tests_ttnn.dir/cmake_pch.hxx -MD -MT tests/ttnn/unit_tests/gtests/CMakeFiles/unit_tests_ttnn.dir/test_async_runtime.cpp.o -MF tests/ttnn/unit_tests/gtests/CMakeFiles/unit_tests_ttnn.dir/test_async_runtime.cpp.o.d -o tests/ttnn/unit_tests/gtests/CMakeFiles/unit_tests_ttnn.dir/test_async_runtime.cpp.o -c /home/runner/work/tt-metal/tt-metal/tests/ttnn/unit_tests/gtests/test_async_runtime.cpp
2024-09-02T08:10:47.3561525Z [1013/1028] /usr/bin/g++-12 -DDISABLE_NAMESPACE_STATIC_ASSERT -DUSING_UV_SHARED=1 -DYAML_CPP_STATIC_DEFINE -I/home/runner/work/tt-metal/tt-metal/tt_metal/third_party/umd -I/home/runner/work/tt-metal/tt-metal -I/home/runner/work/tt-metal/tt-metal/tt_metal -I/home/runner/work/tt-metal/tt-metal/tests -I/home/runner/work/tt-metal/tt-metal/tests/ttnn/unit_tests/gtests -I/home/runner/work/tt-metal/tt-metal/ttnn -I/home/runner/work/tt-metal/tt-metal/ttnn/cpp/ttnn/deprecated -I/home/runner/work/tt-metal/tt-metal/ttnn/cpp -I/home/runner/work/tt-metal/tt-metal/tt_metal/third_party/fmt -I/home/runner/work/tt-metal/tt-metal/ttnn/cpp/ttnn/experimental/tt_lib -I/home/runner/work/tt-metal/tt-metal/tt_metal/third_party/pybind11/include -I/usr/include/python3.10 -I/home/runner/work/tt-metal/tt-metal/tt_metal/hw/inc -I/home/runner/work/tt-metal/tt-metal/tt_metal/hw/inc/grayskull -I/home/runner/work/tt-metal/tt-metal/tt_metal/third_party/umd/device/grayskull -I/home/runner/work/tt-metal/tt-metal/tt_metal/third_party/umd/src/firmware/riscv/grayskull -I/home/runner/work/tt-metal/tt-metal/.cpmcache/libuv/72aa6fc919b0653b47b7e9e7cf59ec92037e8693/include -I/home/runner/work/tt-metal/tt-metal/.cpmcache/yaml-cpp/905940a232aea3437e2fb77334461b1fe343318b/include -I/home/runner/work/tt-metal/tt-metal/tt_metal/third_party/umd/device -I/home/runner/work/tt-metal/tt-metal/tt_metal/third_party/umd/third_party/fmt/include -isystem /home/runner/work/tt-metal/tt-metal/.cpmcache/googletest/96129d89f45386492ae46d6bb8c027bc3df5f949/googletest/include -isystem /home/runner/work/tt-metal/tt-metal/.cpmcache/googletest/96129d89f45386492ae46d6bb8c027bc3df5f949/googletest -isystem /home/runner/work/tt-metal/tt-metal/.cpmcache/reflect/e75434c4c5f669e4a74e4d84e0a30d7249c1e66f -isystem /home/runner/work/tt-metal/tt-metal/.cpmcache/flatbuffers/2c4062bffa52fa4157b1b4deeae73395df475fda/include -isystem /home/runner/work/tt-metal/tt-metal/.cpmcache/nanomsg/28cc32d5bdb6a858fe53b3ccf7e923957e53eada/include -O3 -std=c++20 -MP -Wno-int-to-pointer-cast -fno-var-tracking -mavx2 -fPIC -DFMT_HEADER_ONLY -fvisibility-inlines-hidden -fno-lto -DARCH_GRAYSKULL -DDISABLE_ISSUE_3487_FIX -Werror -Wdelete-non-virtual-dtor -Wreturn-type -Wswitch -Wuninitialized -Wno-unused-parameter -Wno-deprecated -Wno-attributes -Wno-stringop-overread -Wno-stringop-overflow -Wno-maybe-uninitialized -Wno-missing-requires -Wno-narrowing -Wno-non-template-friend -Wno-error=non-template-friend -fsized-deallocation -Winvalid-pch -include /home/runner/work/tt-metal/tt-metal/build/tests/ttnn/unit_tests/gtests/CMakeFiles/unit_tests_ttnn.dir/cmake_pch.hxx -MD -MT tests/ttnn/unit_tests/gtests/CMakeFiles/unit_tests_ttnn.dir/test_add.cpp.o -MF tests/ttnn/unit_tests/gtests/CMakeFiles/unit_tests_ttnn.dir/test_add.cpp.o.d -o tests/ttnn/unit_tests/gtests/CMakeFiles/unit_tests_ttnn.dir/test_add.cpp.o -c /home/runner/work/tt-metal/tt-metal/tests/ttnn/unit_tests/gtests/test_add.cpp
2024-09-02T08:10:52.8627250Z [1014/1028] /usr/bin/g++-12 -DDISABLE_NAMESPACE_STATIC_ASSERT -DUSING_UV_SHARED=1 -DYAML_CPP_STATIC_DEFINE -I/home/runner/work/tt-metal/tt-metal/tt_metal/third_party/umd -I/home/runner/work/tt-metal/tt-metal -I/home/runner/work/tt-metal/tt-metal/tt_metal -I/home/runner/work/tt-metal/tt-metal/tests -I/home/runner/work/tt-metal/tt-metal/tests/ttnn/unit_tests/gtests -I/home/runner/work/tt-metal/tt-metal/ttnn -I/home/runner/work/tt-metal/tt-metal/ttnn/cpp/ttnn/deprecated -I/home/runner/work/tt-metal/tt-metal/ttnn/cpp -I/home/runner/work/tt-metal/tt-metal/tt_metal/third_party/fmt -I/home/runner/work/tt-metal/tt-metal/ttnn/cpp/ttnn/experimental/tt_lib -I/home/runner/work/tt-metal/tt-metal/tt_metal/third_party/pybind11/include -I/usr/include/python3.10 -I/home/runner/work/tt-metal/tt-metal/tt_metal/hw/inc -I/home/runner/work/tt-metal/tt-metal/tt_metal/hw/inc/grayskull -I/home/runner/work/tt-metal/tt-metal/tt_metal/third_party/umd/device/grayskull -I/home/runner/work/tt-metal/tt-metal/tt_metal/third_party/umd/src/firmware/riscv/grayskull -I/home/runner/work/tt-metal/tt-metal/.cpmcache/libuv/72aa6fc919b0653b47b7e9e7cf59ec92037e8693/include -I/home/runner/work/tt-metal/tt-metal/.cpmcache/yaml-cpp/905940a232aea3437e2fb77334461b1fe343318b/include -I/home/runner/work/tt-metal/tt-metal/tt_metal/third_party/umd/device -I/home/runner/work/tt-metal/tt-metal/tt_metal/third_party/umd/third_party/fmt/include -isystem /home/runner/work/tt-metal/tt-metal/.cpmcache/googletest/96129d89f45386492ae46d6bb8c027bc3df5f949/googletest/include -isystem /home/runner/work/tt-metal/tt-metal/.cpmcache/googletest/96129d89f45386492ae46d6bb8c027bc3df5f949/googletest -isystem /home/runner/work/tt-metal/tt-metal/.cpmcache/reflect/e75434c4c5f669e4a74e4d84e0a30d7249c1e66f -isystem /home/runner/work/tt-metal/tt-metal/.cpmcache/flatbuffers/2c4062bffa52fa4157b1b4deeae73395df475fda/include -isystem /home/runner/work/tt-metal/tt-metal/.cpmcache/nanomsg/28cc32d5bdb6a858fe53b3ccf7e923957e53eada/include -O3 -std=c++20 -MP -Wno-int-to-pointer-cast -fno-var-tracking -mavx2 -fPIC -DFMT_HEADER_ONLY -fvisibility-inlines-hidden -fno-lto -DARCH_GRAYSKULL -DDISABLE_ISSUE_3487_FIX -Werror -Wdelete-non-virtual-dtor -Wreturn-type -Wswitch -Wuninitialized -Wno-unused-parameter -Wno-deprecated -Wno-attributes -Wno-stringop-overread -Wno-stringop-overflow -Wno-maybe-uninitialized -Wno-missing-requires -Wno-narrowing -Wno-non-template-friend -Wno-error=non-template-friend -fsized-deallocation -Winvalid-pch -include /home/runner/work/tt-metal/tt-metal/build/tests/ttnn/unit_tests/gtests/CMakeFiles/unit_tests_ttnn.dir/cmake_pch.hxx -MD -MT tests/ttnn/unit_tests/gtests/CMakeFiles/unit_tests_ttnn.dir/test_reflect.cpp.o -MF tests/ttnn/unit_tests/gtests/CMakeFiles/unit_tests_ttnn.dir/test_reflect.cpp.o.d -o tests/ttnn/unit_tests/gtests/CMakeFiles/unit_tests_ttnn.dir/test_reflect.cpp.o -c /home/runner/work/tt-metal/tt-metal/tests/ttnn/unit_tests/gtests/test_reflect.cpp
2024-09-02T08:10:52.9023916Z [1015/1028] /usr/bin/g++-12 -DDISABLE_NAMESPACE_STATIC_ASSERT -DUSING_UV_SHARED=1 -DYAML_CPP_STATIC_DEFINE -I/home/runner/work/tt-metal/tt-metal/tt_metal/third_party/umd -I/home/runner/work/tt-metal/tt-metal -I/home/runner/work/tt-metal/tt-metal/tt_metal -I/home/runner/work/tt-metal/tt-metal/tests -I/home/runner/work/tt-metal/tt-metal/tests/ttnn/unit_tests/gtests -I/home/runner/work/tt-metal/tt-metal/ttnn -I/home/runner/work/tt-metal/tt-metal/ttnn/cpp/ttnn/deprecated -I/home/runner/work/tt-metal/tt-metal/ttnn/cpp -I/home/runner/work/tt-metal/tt-metal/tt_metal/third_party/fmt -I/home/runner/work/tt-metal/tt-metal/ttnn/cpp/ttnn/experimental/tt_lib -I/home/runner/work/tt-metal/tt-metal/tt_metal/third_party/pybind11/include -I/usr/include/python3.10 -I/home/runner/work/tt-metal/tt-metal/tt_metal/hw/inc -I/home/runner/work/tt-metal/tt-metal/tt_metal/hw/inc/grayskull -I/home/runner/work/tt-metal/tt-metal/tt_metal/third_party/umd/device/grayskull -I/home/runner/work/tt-metal/tt-metal/tt_metal/third_party/umd/src/firmware/riscv/grayskull -I/home/runner/work/tt-metal/tt-metal/.cpmcache/libuv/72aa6fc919b0653b47b7e9e7cf59ec92037e8693/include -I/home/runner/work/tt-metal/tt-metal/.cpmcache/yaml-cpp/905940a232aea3437e2fb77334461b1fe343318b/include -I/home/runner/work/tt-metal/tt-metal/tt_metal/third_party/umd/device -I/home/runner/work/tt-metal/tt-metal/tt_metal/third_party/umd/third_party/fmt/include -isystem /home/runner/work/tt-metal/tt-metal/.cpmcache/googletest/96129d89f45386492ae46d6bb8c027bc3df5f949/googletest/include -isystem /home/runner/work/tt-metal/tt-metal/.cpmcache/googletest/96129d89f45386492ae46d6bb8c027bc3df5f949/googletest -isystem /home/runner/work/tt-metal/tt-metal/.cpmcache/reflect/e75434c4c5f669e4a74e4d84e0a30d7249c1e66f -isystem /home/runner/work/tt-metal/tt-metal/.cpmcache/flatbuffers/2c4062bffa52fa4157b1b4deeae73395df475fda/include -isystem /home/runner/work/tt-metal/tt-metal/.cpmcache/nanomsg/28cc32d5bdb6a858fe53b3ccf7e923957e53eada/include -O3 -std=c++20 -MP -Wno-int-to-pointer-cast -fno-var-tracking -mavx2 -fPIC -DFMT_HEADER_ONLY -fvisibility-inlines-hidden -fno-lto -DARCH_GRAYSKULL -DDISABLE_ISSUE_3487_FIX -Werror -Wdelete-non-virtual-dtor -Wreturn-type -Wswitch -Wuninitialized -Wno-unused-parameter -Wno-deprecated -Wno-attributes -Wno-stringop-overread -Wno-stringop-overflow -Wno-maybe-uninitialized -Wno-missing-requires -Wno-narrowing -Wno-non-template-friend -Wno-error=non-template-friend -fsized-deallocation -Winvalid-pch -include /home/runner/work/tt-metal/tt-metal/build/tests/ttnn/unit_tests/gtests/CMakeFiles/unit_tests_ttnn.dir/cmake_pch.hxx -MD -MT tests/ttnn/unit_tests/gtests/CMakeFiles/unit_tests_ttnn.dir/test_graph_add.cpp.o -MF tests/ttnn/unit_tests/gtests/CMakeFiles/unit_tests_ttnn.dir/test_graph_add.cpp.o.d -o tests/ttnn/unit_tests/gtests/CMakeFiles/unit_tests_ttnn.dir/test_graph_add.cpp.o -c /home/runner/work/tt-metal/tt-metal/tests/ttnn/unit_tests/gtests/test_graph_add.cpp
2024-09-02T08:11:01.2665786Z [1016/1028] /usr/bin/g++-12 -DDISABLE_NAMESPACE_STATIC_ASSERT -DUSING_UV_SHARED=1 -DYAML_CPP_STATIC_DEFINE -I/home/runner/work/tt-metal/tt-metal/tt_metal/third_party/umd -I/home/runner/work/tt-metal/tt-metal -I/home/runner/work/tt-metal/tt-metal/tt_metal -I/home/runner/work/tt-metal/tt-metal/tests -I/home/runner/work/tt-metal/tt-metal/tests/ttnn/unit_tests/gtests -I/home/runner/work/tt-metal/tt-metal/ttnn -I/home/runner/work/tt-metal/tt-metal/ttnn/cpp/ttnn/deprecated -I/home/runner/work/tt-metal/tt-metal/ttnn/cpp -I/home/runner/work/tt-metal/tt-metal/tt_metal/third_party/fmt -I/home/runner/work/tt-metal/tt-metal/ttnn/cpp/ttnn/experimental/tt_lib -I/home/runner/work/tt-metal/tt-metal/tt_metal/third_party/pybind11/include -I/usr/include/python3.10 -I/home/runner/work/tt-metal/tt-metal/tt_metal/hw/inc -I/home/runner/work/tt-metal/tt-metal/tt_metal/hw/inc/grayskull -I/home/runner/work/tt-metal/tt-metal/tt_metal/third_party/umd/device/grayskull -I/home/runner/work/tt-metal/tt-metal/tt_metal/third_party/umd/src/firmware/riscv/grayskull -I/home/runner/work/tt-metal/tt-metal/.cpmcache/libuv/72aa6fc919b0653b47b7e9e7cf59ec92037e8693/include -I/home/runner/work/tt-metal/tt-metal/.cpmcache/yaml-cpp/905940a232aea3437e2fb77334461b1fe343318b/include -I/home/runner/work/tt-metal/tt-metal/tt_metal/third_party/umd/device -I/home/runner/work/tt-metal/tt-metal/tt_metal/third_party/umd/third_party/fmt/include -isystem /home/runner/work/tt-metal/tt-metal/.cpmcache/googletest/96129d89f45386492ae46d6bb8c027bc3df5f949/googletest/include -isystem /home/runner/work/tt-metal/tt-metal/.cpmcache/googletest/96129d89f45386492ae46d6bb8c027bc3df5f949/googletest -isystem /home/runner/work/tt-metal/tt-metal/.cpmcache/reflect/e75434c4c5f669e4a74e4d84e0a30d7249c1e66f -isystem /home/runner/work/tt-metal/tt-metal/.cpmcache/flatbuffers/2c4062bffa52fa4157b1b4deeae73395df475fda/include -isystem /home/runner/work/tt-metal/tt-metal/.cpmcache/nanomsg/28cc32d5bdb6a858fe53b3ccf7e923957e53eada/include -O3 -std=c++20 -MP -Wno-int-to-pointer-cast -fno-var-tracking -mavx2 -fPIC -DFMT_HEADER_ONLY -fvisibility-inlines-hidden -fno-lto -DARCH_GRAYSKULL -DDISABLE_ISSUE_3487_FIX -Werror -Wdelete-non-virtual-dtor -Wreturn-type -Wswitch -Wuninitialized -Wno-unused-parameter -Wno-deprecated -Wno-attributes -Wno-stringop-overread -Wno-stringop-overflow -Wno-maybe-uninitialized -Wno-missing-requires -Wno-narrowing -Wno-non-template-friend -Wno-error=non-template-friend -fsized-deallocation -Winvalid-pch -include /home/runner/work/tt-metal/tt-metal/build/tests/ttnn/unit_tests/gtests/CMakeFiles/unit_tests_ttnn.dir/cmake_pch.hxx -MD -MT tests/ttnn/unit_tests/gtests/CMakeFiles/unit_tests_ttnn.dir/test_repeat_interleave.cpp.o -MF tests/ttnn/unit_tests/gtests/CMakeFiles/unit_tests_ttnn.dir/test_repeat_interleave.cpp.o.d -o tests/ttnn/unit_tests/gtests/CMakeFiles/unit_tests_ttnn.dir/test_repeat_interleave.cpp.o -c /home/runner/work/tt-metal/tt-metal/tests/ttnn/unit_tests/gtests/test_repeat_interleave.cpp
2024-09-02T08:11:02.8826600Z [1017/1028] /usr/bin/g++-12 -DDISABLE_NAMESPACE_STATIC_ASSERT -DUSING_UV_SHARED=1 -DYAML_CPP_STATIC_DEFINE -I/home/runner/work/tt-metal/tt-metal/tt_metal/third_party/umd -I/home/runner/work/tt-metal/tt-metal -I/home/runner/work/tt-metal/tt-metal/tt_metal -I/home/runner/work/tt-metal/tt-metal/tests -I/home/runner/work/tt-metal/tt-metal/tests/ttnn/unit_tests/gtests -I/home/runner/work/tt-metal/tt-metal/ttnn -I/home/runner/work/tt-metal/tt-metal/ttnn/cpp/ttnn/deprecated -I/home/runner/work/tt-metal/tt-metal/ttnn/cpp -I/home/runner/work/tt-metal/tt-metal/tt_metal/third_party/fmt -I/home/runner/work/tt-metal/tt-metal/ttnn/cpp/ttnn/experimental/tt_lib -I/home/runner/work/tt-metal/tt-metal/tt_metal/third_party/pybind11/include -I/usr/include/python3.10 -I/home/runner/work/tt-metal/tt-metal/tt_metal/hw/inc -I/home/runner/work/tt-metal/tt-metal/tt_metal/hw/inc/grayskull -I/home/runner/work/tt-metal/tt-metal/tt_metal/third_party/umd/device/grayskull -I/home/runner/work/tt-metal/tt-metal/tt_metal/third_party/umd/src/firmware/riscv/grayskull -I/home/runner/work/tt-metal/tt-metal/.cpmcache/libuv/72aa6fc919b0653b47b7e9e7cf59ec92037e8693/include -I/home/runner/work/tt-metal/tt-metal/.cpmcache/yaml-cpp/905940a232aea3437e2fb77334461b1fe343318b/include -I/home/runner/work/tt-metal/tt-metal/tt_metal/third_party/umd/device -I/home/runner/work/tt-metal/tt-metal/tt_metal/third_party/umd/third_party/fmt/include -isystem /home/runner/work/tt-metal/tt-metal/.cpmcache/googletest/96129d89f45386492ae46d6bb8c027bc3df5f949/googletest/include -isystem /home/runner/work/tt-metal/tt-metal/.cpmcache/googletest/96129d89f45386492ae46d6bb8c027bc3df5f949/googletest -isystem /home/runner/work/tt-metal/tt-metal/.cpmcache/reflect/e75434c4c5f669e4a74e4d84e0a30d7249c1e66f -isystem /home/runner/work/tt-metal/tt-metal/.cpmcache/flatbuffers/2c4062bffa52fa4157b1b4deeae73395df475fda/include -isystem /home/runner/work/tt-metal/tt-metal/.cpmcache/nanomsg/28cc32d5bdb6a858fe53b3ccf7e923957e53eada/include -O3 -std=c++20 -MP -Wno-int-to-pointer-cast -fno-var-tracking -mavx2 -fPIC -DFMT_HEADER_ONLY -fvisibility-inlines-hidden -fno-lto -DARCH_GRAYSKULL -DDISABLE_ISSUE_3487_FIX -Werror -Wdelete-non-virtual-dtor -Wreturn-type -Wswitch -Wuninitialized -Wno-unused-parameter -Wno-deprecated -Wno-attributes -Wno-stringop-overread -Wno-stringop-overflow -Wno-maybe-uninitialized -Wno-missing-requires -Wno-narrowing -Wno-non-template-friend -Wno-error=non-template-friend -fsized-deallocation -Winvalid-pch -x c++-header -include /home/runner/work/tt-metal/tt-metal/build/tests/ttnn/unit_tests/gtests/CMakeFiles/test_multi_device.dir/cmake_pch.hxx -MD -MT tests/ttnn/unit_tests/gtests/CMakeFiles/test_multi_device.dir/cmake_pch.hxx.gch -MF tests/ttnn/unit_tests/gtests/CMakeFiles/test_multi_device.dir/cmake_pch.hxx.gch.d -o tests/ttnn/unit_tests/gtests/CMakeFiles/test_multi_device.dir/cmake_pch.hxx.gch -c /home/runner/work/tt-metal/tt-metal/build/tests/ttnn/unit_tests/gtests/CMakeFiles/test_multi_device.dir/cmake_pch.hxx.cxx
2024-09-02T08:11:06.9997043Z [1018/1028] /usr/bin/g++-12 -DDISABLE_NAMESPACE_STATIC_ASSERT -DUSING_UV_SHARED=1 -DYAML_CPP_STATIC_DEFINE -I/home/runner/work/tt-metal/tt-metal/tt_metal/third_party/umd -I/home/runner/work/tt-metal/tt-metal -I/home/runner/work/tt-metal/tt-metal/tt_metal -I/home/runner/work/tt-metal/tt-metal/tests -I/home/runner/work/tt-metal/tt-metal/tests/ttnn/unit_tests/gtests -I/home/runner/work/tt-metal/tt-metal/ttnn -I/home/runner/work/tt-metal/tt-metal/ttnn/cpp/ttnn/deprecated -I/home/runner/work/tt-metal/tt-metal/ttnn/cpp -I/home/runner/work/tt-metal/tt-metal/tt_metal/third_party/fmt -I/home/runner/work/tt-metal/tt-metal/ttnn/cpp/ttnn/experimental/tt_lib -I/home/runner/work/tt-metal/tt-metal/tt_metal/third_party/pybind11/include -I/usr/include/python3.10 -I/home/runner/work/tt-metal/tt-metal/tt_metal/hw/inc -I/home/runner/work/tt-metal/tt-metal/tt_metal/hw/inc/grayskull -I/home/runner/work/tt-metal/tt-metal/tt_metal/third_party/umd/device/grayskull -I/home/runner/work/tt-metal/tt-metal/tt_metal/third_party/umd/src/firmware/riscv/grayskull -I/home/runner/work/tt-metal/tt-metal/.cpmcache/libuv/72aa6fc919b0653b47b7e9e7cf59ec92037e8693/include -I/home/runner/work/tt-metal/tt-metal/.cpmcache/yaml-cpp/905940a232aea3437e2fb77334461b1fe343318b/include -I/home/runner/work/tt-metal/tt-metal/tt_metal/third_party/umd/device -I/home/runner/work/tt-metal/tt-metal/tt_metal/third_party/umd/third_party/fmt/include -isystem /home/runner/work/tt-metal/tt-metal/.cpmcache/googletest/96129d89f45386492ae46d6bb8c027bc3df5f949/googletest/include -isystem /home/runner/work/tt-metal/tt-metal/.cpmcache/googletest/96129d89f45386492ae46d6bb8c027bc3df5f949/googletest -isystem /home/runner/work/tt-metal/tt-metal/.cpmcache/reflect/e75434c4c5f669e4a74e4d84e0a30d7249c1e66f -isystem /home/runner/work/tt-metal/tt-metal/.cpmcache/flatbuffers/2c4062bffa52fa4157b1b4deeae73395df475fda/include -isystem /home/runner/work/tt-metal/tt-metal/.cpmcache/nanomsg/28cc32d5bdb6a858fe53b3ccf7e923957e53eada/include -O3 -std=c++20 -MP -Wno-int-to-pointer-cast -fno-var-tracking -mavx2 -fPIC -DFMT_HEADER_ONLY -fvisibility-inlines-hidden -fno-lto -DARCH_GRAYSKULL -DDISABLE_ISSUE_3487_FIX -Werror -Wdelete-non-virtual-dtor -Wreturn-type -Wswitch -Wuninitialized -Wno-unused-parameter -Wno-deprecated -Wno-attributes -Wno-stringop-overread -Wno-stringop-overflow -Wno-maybe-uninitialized -Wno-missing-requires -Wno-narrowing -Wno-non-template-friend -Wno-error=non-template-friend -fsized-deallocation -Winvalid-pch -include /home/runner/work/tt-metal/tt-metal/build/tests/ttnn/unit_tests/gtests/CMakeFiles/unit_tests_ttnn.dir/cmake_pch.hxx -MD -MT tests/ttnn/unit_tests/gtests/CMakeFiles/unit_tests_ttnn.dir/test_multiprod_queue.cpp.o -MF tests/ttnn/unit_tests/gtests/CMakeFiles/unit_tests_ttnn.dir/test_multiprod_queue.cpp.o.d -o tests/ttnn/unit_tests/gtests/CMakeFiles/unit_tests_ttnn.dir/test_multiprod_queue.cpp.o -c /home/runner/work/tt-metal/tt-metal/tests/ttnn/unit_tests/gtests/test_multiprod_queue.cpp
2024-09-02T08:11:10.1431346Z [1019/1028] /usr/bin/g++-12 -DDISABLE_NAMESPACE_STATIC_ASSERT -DUSING_UV_SHARED=1 -DYAML_CPP_STATIC_DEFINE -I/home/runner/work/tt-metal/tt-metal/tt_metal/third_party/umd -I/home/runner/work/tt-metal/tt-metal -I/home/runner/work/tt-metal/tt-metal/tt_metal -I/home/runner/work/tt-metal/tt-metal/tests -I/home/runner/work/tt-metal/tt-metal/tests/ttnn/unit_tests/gtests -I/home/runner/work/tt-metal/tt-metal/ttnn -I/home/runner/work/tt-metal/tt-metal/ttnn/cpp/ttnn/deprecated -I/home/runner/work/tt-metal/tt-metal/ttnn/cpp -I/home/runner/work/tt-metal/tt-metal/tt_metal/third_party/fmt -I/home/runner/work/tt-metal/tt-metal/ttnn/cpp/ttnn/experimental/tt_lib -I/home/runner/work/tt-metal/tt-metal/tt_metal/third_party/pybind11/include -I/usr/include/python3.10 -I/home/runner/work/tt-metal/tt-metal/tt_metal/hw/inc -I/home/runner/work/tt-metal/tt-metal/tt_metal/hw/inc/grayskull -I/home/runner/work/tt-metal/tt-metal/tt_metal/third_party/umd/device/grayskull -I/home/runner/work/tt-metal/tt-metal/tt_metal/third_party/umd/src/firmware/riscv/grayskull -I/home/runner/work/tt-metal/tt-metal/.cpmcache/libuv/72aa6fc919b0653b47b7e9e7cf59ec92037e8693/include -I/home/runner/work/tt-metal/tt-metal/.cpmcache/yaml-cpp/905940a232aea3437e2fb77334461b1fe343318b/include -I/home/runner/work/tt-metal/tt-metal/tt_metal/third_party/umd/device -I/home/runner/work/tt-metal/tt-metal/tt_metal/third_party/umd/third_party/fmt/include -isystem /home/runner/work/tt-metal/tt-metal/.cpmcache/googletest/96129d89f45386492ae46d6bb8c027bc3df5f949/googletest/include -isystem /home/runner/work/tt-metal/tt-metal/.cpmcache/googletest/96129d89f45386492ae46d6bb8c027bc3df5f949/googletest -isystem /home/runner/work/tt-metal/tt-metal/.cpmcache/reflect/e75434c4c5f669e4a74e4d84e0a30d7249c1e66f -isystem /home/runner/work/tt-metal/tt-metal/.cpmcache/flatbuffers/2c4062bffa52fa4157b1b4deeae73395df475fda/include -isystem /home/runner/work/tt-metal/tt-metal/.cpmcache/nanomsg/28cc32d5bdb6a858fe53b3ccf7e923957e53eada/include -O3 -std=c++20 -MP -Wno-int-to-pointer-cast -fno-var-tracking -mavx2 -fPIC -DFMT_HEADER_ONLY -fvisibility-inlines-hidden -fno-lto -DARCH_GRAYSKULL -DDISABLE_ISSUE_3487_FIX -Werror -Wdelete-non-virtual-dtor -Wreturn-type -Wswitch -Wuninitialized -Wno-unused-parameter -Wno-deprecated -Wno-attributes -Wno-stringop-overread -Wno-stringop-overflow -Wno-maybe-uninitialized -Wno-missing-requires -Wno-narrowing -Wno-non-template-friend -Wno-error=non-template-friend -fsized-deallocation -Winvalid-pch -x c++-header -include /home/runner/work/tt-metal/tt-metal/build/tests/ttnn/unit_tests/gtests/CMakeFiles/galaxy_unit_tests_ttnn.dir/cmake_pch.hxx -MD -MT tests/ttnn/unit_tests/gtests/CMakeFiles/galaxy_unit_tests_ttnn.dir/cmake_pch.hxx.gch -MF tests/ttnn/unit_tests/gtests/CMakeFiles/galaxy_unit_tests_ttnn.dir/cmake_pch.hxx.gch.d -o tests/ttnn/unit_tests/gtests/CMakeFiles/galaxy_unit_tests_ttnn.dir/cmake_pch.hxx.gch -c /home/runner/work/tt-metal/tt-metal/build/tests/ttnn/unit_tests/gtests/CMakeFiles/galaxy_unit_tests_ttnn.dir/cmake_pch.hxx.cxx
2024-09-02T08:11:25.1903500Z [1020/1028] /usr/bin/g++-12 -DDISABLE_NAMESPACE_STATIC_ASSERT -DUSING_UV_SHARED=1 -DYAML_CPP_STATIC_DEFINE -I/home/runner/work/tt-metal/tt-metal/tt_metal/third_party/umd -I/home/runner/work/tt-metal/tt-metal -I/home/runner/work/tt-metal/tt-metal/tt_metal -I/home/runner/work/tt-metal/tt-metal/tests -I/home/runner/work/tt-metal/tt-metal/tests/ttnn/unit_tests/gtests -I/home/runner/work/tt-metal/tt-metal/ttnn -I/home/runner/work/tt-metal/tt-metal/ttnn/cpp/ttnn/deprecated -I/home/runner/work/tt-metal/tt-metal/ttnn/cpp -I/home/runner/work/tt-metal/tt-metal/tt_metal/third_party/fmt -I/home/runner/work/tt-metal/tt-metal/ttnn/cpp/ttnn/experimental/tt_lib -I/home/runner/work/tt-metal/tt-metal/tt_metal/third_party/pybind11/include -I/usr/include/python3.10 -I/home/runner/work/tt-metal/tt-metal/tt_metal/hw/inc -I/home/runner/work/tt-metal/tt-metal/tt_metal/hw/inc/grayskull -I/home/runner/work/tt-metal/tt-metal/tt_metal/third_party/umd/device/grayskull -I/home/runner/work/tt-metal/tt-metal/tt_metal/third_party/umd/src/firmware/riscv/grayskull -I/home/runner/work/tt-metal/tt-metal/.cpmcache/libuv/72aa6fc919b0653b47b7e9e7cf59ec92037e8693/include -I/home/runner/work/tt-metal/tt-metal/.cpmcache/yaml-cpp/905940a232aea3437e2fb77334461b1fe343318b/include -I/home/runner/work/tt-metal/tt-metal/tt_metal/third_party/umd/device -I/home/runner/work/tt-metal/tt-metal/tt_metal/third_party/umd/third_party/fmt/include -isystem /home/runner/work/tt-metal/tt-metal/.cpmcache/googletest/96129d89f45386492ae46d6bb8c027bc3df5f949/googletest/include -isystem /home/runner/work/tt-metal/tt-metal/.cpmcache/googletest/96129d89f45386492ae46d6bb8c027bc3df5f949/googletest -isystem /home/runner/work/tt-metal/tt-metal/.cpmcache/reflect/e75434c4c5f669e4a74e4d84e0a30d7249c1e66f -isystem /home/runner/work/tt-metal/tt-metal/.cpmcache/flatbuffers/2c4062bffa52fa4157b1b4deeae73395df475fda/include -isystem /home/runner/work/tt-metal/tt-metal/.cpmcache/nanomsg/28cc32d5bdb6a858fe53b3ccf7e923957e53eada/include -O3 -std=c++20 -MP -Wno-int-to-pointer-cast -fno-var-tracking -mavx2 -fPIC -DFMT_HEADER_ONLY -fvisibility-inlines-hidden -fno-lto -DARCH_GRAYSKULL -DDISABLE_ISSUE_3487_FIX -Werror -Wdelete-non-virtual-dtor -Wreturn-type -Wswitch -Wuninitialized -Wno-unused-parameter -Wno-deprecated -Wno-attributes -Wno-stringop-overread -Wno-stringop-overflow -Wno-maybe-uninitialized -Wno-missing-requires -Wno-narrowing -Wno-non-template-friend -Wno-error=non-template-friend -fsized-deallocation -Winvalid-pch -include /home/runner/work/tt-metal/tt-metal/build/tests/ttnn/unit_tests/gtests/CMakeFiles/unit_tests_ttnn.dir/cmake_pch.hxx -MD -MT tests/ttnn/unit_tests/gtests/CMakeFiles/unit_tests_ttnn.dir/test_multi_cq_multi_dev.cpp.o -MF tests/ttnn/unit_tests/gtests/CMakeFiles/unit_tests_ttnn.dir/test_multi_cq_multi_dev.cpp.o.d -o tests/ttnn/unit_tests/gtests/CMakeFiles/unit_tests_ttnn.dir/test_multi_cq_multi_dev.cpp.o -c /home/runner/work/tt-metal/tt-metal/tests/ttnn/unit_tests/gtests/test_multi_cq_multi_dev.cpp
2024-09-02T08:11:27.8076840Z [1021/1028] /usr/bin/g++-12 -DDISABLE_NAMESPACE_STATIC_ASSERT -DUSING_UV_SHARED=1 -DYAML_CPP_STATIC_DEFINE -I/home/runner/work/tt-metal/tt-metal/tt_metal/third_party/umd -I/home/runner/work/tt-metal/tt-metal -I/home/runner/work/tt-metal/tt-metal/tt_metal -I/home/runner/work/tt-metal/tt-metal/tests -I/home/runner/work/tt-metal/tt-metal/tests/ttnn/unit_tests/gtests -I/home/runner/work/tt-metal/tt-metal/ttnn -I/home/runner/work/tt-metal/tt-metal/ttnn/cpp/ttnn/deprecated -I/home/runner/work/tt-metal/tt-metal/ttnn/cpp -I/home/runner/work/tt-metal/tt-metal/tt_metal/third_party/fmt -I/home/runner/work/tt-metal/tt-metal/ttnn/cpp/ttnn/experimental/tt_lib -I/home/runner/work/tt-metal/tt-metal/tt_metal/third_party/pybind11/include -I/usr/include/python3.10 -I/home/runner/work/tt-metal/tt-metal/tt_metal/hw/inc -I/home/runner/work/tt-metal/tt-metal/tt_metal/hw/inc/grayskull -I/home/runner/work/tt-metal/tt-metal/tt_metal/third_party/umd/device/grayskull -I/home/runner/work/tt-metal/tt-metal/tt_metal/third_party/umd/src/firmware/riscv/grayskull -I/home/runner/work/tt-metal/tt-metal/.cpmcache/libuv/72aa6fc919b0653b47b7e9e7cf59ec92037e8693/include -I/home/runner/work/tt-metal/tt-metal/.cpmcache/yaml-cpp/905940a232aea3437e2fb77334461b1fe343318b/include -I/home/runner/work/tt-metal/tt-metal/tt_metal/third_party/umd/device -I/home/runner/work/tt-metal/tt-metal/tt_metal/third_party/umd/third_party/fmt/include -isystem /home/runner/work/tt-metal/tt-metal/.cpmcache/googletest/96129d89f45386492ae46d6bb8c027bc3df5f949/googletest/include -isystem /home/runner/work/tt-metal/tt-metal/.cpmcache/googletest/96129d89f45386492ae46d6bb8c027bc3df5f949/googletest -isystem /home/runner/work/tt-metal/tt-metal/.cpmcache/reflect/e75434c4c5f669e4a74e4d84e0a30d7249c1e66f -isystem /home/runner/work/tt-metal/tt-metal/.cpmcache/flatbuffers/2c4062bffa52fa4157b1b4deeae73395df475fda/include -isystem /home/runner/work/tt-metal/tt-metal/.cpmcache/nanomsg/28cc32d5bdb6a858fe53b3ccf7e923957e53eada/include -O3 -std=c++20 -MP -Wno-int-to-pointer-cast -fno-var-tracking -mavx2 -fPIC -DFMT_HEADER_ONLY -fvisibility-inlines-hidden -fno-lto -DARCH_GRAYSKULL -DDISABLE_ISSUE_3487_FIX -Werror -Wdelete-non-virtual-dtor -Wreturn-type -Wswitch -Wuninitialized -Wno-unused-parameter -Wno-deprecated -Wno-attributes -Wno-stringop-overread -Wno-stringop-overflow -Wno-maybe-uninitialized -Wno-missing-requires -Wno-narrowing -Wno-non-template-friend -Wno-error=non-template-friend -fsized-deallocation -Winvalid-pch -include /home/runner/work/tt-metal/tt-metal/build/tests/ttnn/unit_tests/gtests/CMakeFiles/unit_tests_ttnn.dir/cmake_pch.hxx -MD -MT tests/ttnn/unit_tests/gtests/CMakeFiles/unit_tests_ttnn.dir/test_to_and_from_json.cpp.o -MF tests/ttnn/unit_tests/gtests/CMakeFiles/unit_tests_ttnn.dir/test_to_and_from_json.cpp.o.d -o tests/ttnn/unit_tests/gtests/CMakeFiles/unit_tests_ttnn.dir/test_to_and_from_json.cpp.o -c /home/runner/work/tt-metal/tt-metal/tests/ttnn/unit_tests/gtests/test_to_and_from_json.cpp
2024-09-02T08:11:28.1369413Z [1022/1028] : && /usr/bin/g++-12 -O3  tests/ttnn/unit_tests/gtests/CMakeFiles/unit_tests_ttnn.dir/test_add.cpp.o tests/ttnn/unit_tests/gtests/CMakeFiles/unit_tests_ttnn.dir/test_graph_add.cpp.o tests/ttnn/unit_tests/gtests/CMakeFiles/unit_tests_ttnn.dir/test_repeat_interleave.cpp.o tests/ttnn/unit_tests/gtests/CMakeFiles/unit_tests_ttnn.dir/test_async_runtime.cpp.o tests/ttnn/unit_tests/gtests/CMakeFiles/unit_tests_ttnn.dir/test_multiprod_queue.cpp.o tests/ttnn/unit_tests/gtests/CMakeFiles/unit_tests_ttnn.dir/test_multi_cq_multi_dev.cpp.o tests/ttnn/unit_tests/gtests/CMakeFiles/unit_tests_ttnn.dir/test_reflect.cpp.o tests/ttnn/unit_tests/gtests/CMakeFiles/unit_tests_ttnn.dir/test_to_and_from_json.cpp.o -o test/ttnn/unit_tests_ttnn  -Wl,-rpath,/home/runner/work/tt-metal/tt-metal/build/ttnn:/home/runner/work/tt-metal/tt-metal/build/tt_metal:/home/runner/work/tt-metal/tt-metal/build/lib:/home/runner/work/tt-metal/tt-metal/build/_deps/nanomsg-build:/home/runner/work/tt-metal/tt-metal/build/_deps/libuv-build  ttnn/_ttnn.so  tt_metal/libtt_metal.so  lib/libgtest_main.so.1.13.0  lib/libgtest.so.1.13.0  lib/libdevice.so  _deps/yaml-cpp-build/libyaml-cpp.a  _deps/nanomsg-build/libnng.so.1.8.0  _deps/libuv-build/libuv.so.1.0.0  -lrt  -lstdc++  -ldl  -lz  -lpthread  -latomic  -lhwloc  -lnuma  /usr/lib/x86_64-linux-gnu/libpython3.10.so && :
2024-09-02T08:11:30.2600774Z [1023/1028] /usr/bin/g++-12 -DDISABLE_NAMESPACE_STATIC_ASSERT -DUSING_UV_SHARED=1 -DYAML_CPP_STATIC_DEFINE -I/home/runner/work/tt-metal/tt-metal/tt_metal/third_party/umd -I/home/runner/work/tt-metal/tt-metal -I/home/runner/work/tt-metal/tt-metal/tt_metal -I/home/runner/work/tt-metal/tt-metal/tests -I/home/runner/work/tt-metal/tt-metal/tests/ttnn/unit_tests/gtests -I/home/runner/work/tt-metal/tt-metal/ttnn -I/home/runner/work/tt-metal/tt-metal/ttnn/cpp/ttnn/deprecated -I/home/runner/work/tt-metal/tt-metal/ttnn/cpp -I/home/runner/work/tt-metal/tt-metal/tt_metal/third_party/fmt -I/home/runner/work/tt-metal/tt-metal/ttnn/cpp/ttnn/experimental/tt_lib -I/home/runner/work/tt-metal/tt-metal/tt_metal/third_party/pybind11/include -I/usr/include/python3.10 -I/home/runner/work/tt-metal/tt-metal/tt_metal/hw/inc -I/home/runner/work/tt-metal/tt-metal/tt_metal/hw/inc/grayskull -I/home/runner/work/tt-metal/tt-metal/tt_metal/third_party/umd/device/grayskull -I/home/runner/work/tt-metal/tt-metal/tt_metal/third_party/umd/src/firmware/riscv/grayskull -I/home/runner/work/tt-metal/tt-metal/.cpmcache/libuv/72aa6fc919b0653b47b7e9e7cf59ec92037e8693/include -I/home/runner/work/tt-metal/tt-metal/.cpmcache/yaml-cpp/905940a232aea3437e2fb77334461b1fe343318b/include -I/home/runner/work/tt-metal/tt-metal/tt_metal/third_party/umd/device -I/home/runner/work/tt-metal/tt-metal/tt_metal/third_party/umd/third_party/fmt/include -isystem /home/runner/work/tt-metal/tt-metal/.cpmcache/googletest/96129d89f45386492ae46d6bb8c027bc3df5f949/googletest/include -isystem /home/runner/work/tt-metal/tt-metal/.cpmcache/googletest/96129d89f45386492ae46d6bb8c027bc3df5f949/googletest -isystem /home/runner/work/tt-metal/tt-metal/.cpmcache/reflect/e75434c4c5f669e4a74e4d84e0a30d7249c1e66f -isystem /home/runner/work/tt-metal/tt-metal/.cpmcache/flatbuffers/2c4062bffa52fa4157b1b4deeae73395df475fda/include -isystem /home/runner/work/tt-metal/tt-metal/.cpmcache/nanomsg/28cc32d5bdb6a858fe53b3ccf7e923957e53eada/include -O3 -std=c++20 -MP -Wno-int-to-pointer-cast -fno-var-tracking -mavx2 -fPIC -DFMT_HEADER_ONLY -fvisibility-inlines-hidden -fno-lto -DARCH_GRAYSKULL -DDISABLE_ISSUE_3487_FIX -Werror -Wdelete-non-virtual-dtor -Wreturn-type -Wswitch -Wuninitialized -Wno-unused-parameter -Wno-deprecated -Wno-attributes -Wno-stringop-overread -Wno-stringop-overflow -Wno-maybe-uninitialized -Wno-missing-requires -Wno-narrowing -Wno-non-template-friend -Wno-error=non-template-friend -fsized-deallocation -Winvalid-pch -include /home/runner/work/tt-metal/tt-metal/build/tests/ttnn/unit_tests/gtests/CMakeFiles/unit_tests_ttnn_ccl.dir/cmake_pch.hxx -MD -MT tests/ttnn/unit_tests/gtests/CMakeFiles/unit_tests_ttnn_ccl.dir/ccl/test_erisc_data_mover_with_workers.cpp.o -MF tests/ttnn/unit_tests/gtests/CMakeFiles/unit_tests_ttnn_ccl.dir/ccl/test_erisc_data_mover_with_workers.cpp.o.d -o tests/ttnn/unit_tests/gtests/CMakeFiles/unit_tests_ttnn_ccl.dir/ccl/test_erisc_data_mover_with_workers.cpp.o -c /home/runner/work/tt-metal/tt-metal/tests/ttnn/unit_tests/gtests/ccl/test_erisc_data_mover_with_workers.cpp
2024-09-02T08:11:30.3789593Z [1024/1028] : && /usr/bin/g++-12 -O3  tests/ttnn/unit_tests/gtests/CMakeFiles/unit_tests_ttnn_ccl.dir/ccl/test_erisc_data_mover_with_workers.cpp.o -o test/ttnn/unit_tests_ttnn_ccl  -Wl,-rpath,/home/runner/work/tt-metal/tt-metal/build/ttnn:/home/runner/work/tt-metal/tt-metal/build/tt_metal:/home/runner/work/tt-metal/tt-metal/build/lib:/home/runner/work/tt-metal/tt-metal/build/_deps/nanomsg-build:/home/runner/work/tt-metal/tt-metal/build/_deps/libuv-build  ttnn/_ttnn.so  tt_metal/libtt_metal.so  lib/libgtest_main.so.1.13.0  lib/libgtest.so.1.13.0  lib/libdevice.so  _deps/yaml-cpp-build/libyaml-cpp.a  _deps/nanomsg-build/libnng.so.1.8.0  _deps/libuv-build/libuv.so.1.0.0  -lrt  -lstdc++  -ldl  -lz  -lpthread  -latomic  -lhwloc  -lnuma  /usr/lib/x86_64-linux-gnu/libpython3.10.so && :
2024-09-02T08:11:34.4005618Z [1025/1028] /usr/bin/g++-12 -DDISABLE_NAMESPACE_STATIC_ASSERT -DUSING_UV_SHARED=1 -DYAML_CPP_STATIC_DEFINE -I/home/runner/work/tt-metal/tt-metal/tt_metal/third_party/umd -I/home/runner/work/tt-metal/tt-metal -I/home/runner/work/tt-metal/tt-metal/tt_metal -I/home/runner/work/tt-metal/tt-metal/tests -I/home/runner/work/tt-metal/tt-metal/tests/ttnn/unit_tests/gtests -I/home/runner/work/tt-metal/tt-metal/ttnn -I/home/runner/work/tt-metal/tt-metal/ttnn/cpp/ttnn/deprecated -I/home/runner/work/tt-metal/tt-metal/ttnn/cpp -I/home/runner/work/tt-metal/tt-metal/tt_metal/third_party/fmt -I/home/runner/work/tt-metal/tt-metal/ttnn/cpp/ttnn/experimental/tt_lib -I/home/runner/work/tt-metal/tt-metal/tt_metal/third_party/pybind11/include -I/usr/include/python3.10 -I/home/runner/work/tt-metal/tt-metal/tt_metal/hw/inc -I/home/runner/work/tt-metal/tt-metal/tt_metal/hw/inc/grayskull -I/home/runner/work/tt-metal/tt-metal/tt_metal/third_party/umd/device/grayskull -I/home/runner/work/tt-metal/tt-metal/tt_metal/third_party/umd/src/firmware/riscv/grayskull -I/home/runner/work/tt-metal/tt-metal/.cpmcache/libuv/72aa6fc919b0653b47b7e9e7cf59ec92037e8693/include -I/home/runner/work/tt-metal/tt-metal/.cpmcache/yaml-cpp/905940a232aea3437e2fb77334461b1fe343318b/include -I/home/runner/work/tt-metal/tt-metal/tt_metal/third_party/umd/device -I/home/runner/work/tt-metal/tt-metal/tt_metal/third_party/umd/third_party/fmt/include -isystem /home/runner/work/tt-metal/tt-metal/.cpmcache/googletest/96129d89f45386492ae46d6bb8c027bc3df5f949/googletest/include -isystem /home/runner/work/tt-metal/tt-metal/.cpmcache/googletest/96129d89f45386492ae46d6bb8c027bc3df5f949/googletest -isystem /home/runner/work/tt-metal/tt-metal/.cpmcache/reflect/e75434c4c5f669e4a74e4d84e0a30d7249c1e66f -isystem /home/runner/work/tt-metal/tt-metal/.cpmcache/flatbuffers/2c4062bffa52fa4157b1b4deeae73395df475fda/include -isystem /home/runner/work/tt-metal/tt-metal/.cpmcache/nanomsg/28cc32d5bdb6a858fe53b3ccf7e923957e53eada/include -O3 -std=c++20 -MP -Wno-int-to-pointer-cast -fno-var-tracking -mavx2 -fPIC -DFMT_HEADER_ONLY -fvisibility-inlines-hidden -fno-lto -DARCH_GRAYSKULL -DDISABLE_ISSUE_3487_FIX -Werror -Wdelete-non-virtual-dtor -Wreturn-type -Wswitch -Wuninitialized -Wno-unused-parameter -Wno-deprecated -Wno-attributes -Wno-stringop-overread -Wno-stringop-overflow -Wno-maybe-uninitialized -Wno-missing-requires -Wno-narrowing -Wno-non-template-friend -Wno-error=non-template-friend -fsized-deallocation -Winvalid-pch -include /home/runner/work/tt-metal/tt-metal/build/tests/ttnn/unit_tests/gtests/CMakeFiles/test_multi_device.dir/cmake_pch.hxx -MD -MT tests/ttnn/unit_tests/gtests/CMakeFiles/test_multi_device.dir/test_multi_device.cpp.o -MF tests/ttnn/unit_tests/gtests/CMakeFiles/test_multi_device.dir/test_multi_device.cpp.o.d -o tests/ttnn/unit_tests/gtests/CMakeFiles/test_multi_device.dir/test_multi_device.cpp.o -c /home/runner/work/tt-metal/tt-metal/tests/ttnn/unit_tests/gtests/test_multi_device.cpp
2024-09-02T08:11:34.5149992Z [1026/1028] : && /usr/bin/g++-12 -O3  tests/ttnn/unit_tests/gtests/CMakeFiles/test_multi_device.dir/test_multi_device.cpp.o -o test/ttnn/test_multi_device  -Wl,-rpath,/home/runner/work/tt-metal/tt-metal/build/ttnn:/home/runner/work/tt-metal/tt-metal/build/tt_metal:/home/runner/work/tt-metal/tt-metal/build/lib:/home/runner/work/tt-metal/tt-metal/build/_deps/nanomsg-build:/home/runner/work/tt-metal/tt-metal/build/_deps/libuv-build  ttnn/_ttnn.so  tt_metal/libtt_metal.so  lib/libgtest_main.so.1.13.0  lib/libgtest.so.1.13.0  lib/libdevice.so  _deps/yaml-cpp-build/libyaml-cpp.a  _deps/nanomsg-build/libnng.so.1.8.0  _deps/libuv-build/libuv.so.1.0.0  -lrt  -lstdc++  -ldl  -lz  -lpthread  -latomic  -lhwloc  -lnuma  /usr/lib/x86_64-linux-gnu/libpython3.10.so && :
2024-09-02T08:11:42.8971962Z [1027/1028] /usr/bin/g++-12 -DDISABLE_NAMESPACE_STATIC_ASSERT -DUSING_UV_SHARED=1 -DYAML_CPP_STATIC_DEFINE -I/home/runner/work/tt-metal/tt-metal/tt_metal/third_party/umd -I/home/runner/work/tt-metal/tt-metal -I/home/runner/work/tt-metal/tt-metal/tt_metal -I/home/runner/work/tt-metal/tt-metal/tests -I/home/runner/work/tt-metal/tt-metal/tests/ttnn/unit_tests/gtests -I/home/runner/work/tt-metal/tt-metal/ttnn -I/home/runner/work/tt-metal/tt-metal/ttnn/cpp/ttnn/deprecated -I/home/runner/work/tt-metal/tt-metal/ttnn/cpp -I/home/runner/work/tt-metal/tt-metal/tt_metal/third_party/fmt -I/home/runner/work/tt-metal/tt-metal/ttnn/cpp/ttnn/experimental/tt_lib -I/home/runner/work/tt-metal/tt-metal/tt_metal/third_party/pybind11/include -I/usr/include/python3.10 -I/home/runner/work/tt-metal/tt-metal/tt_metal/hw/inc -I/home/runner/work/tt-metal/tt-metal/tt_metal/hw/inc/grayskull -I/home/runner/work/tt-metal/tt-metal/tt_metal/third_party/umd/device/grayskull -I/home/runner/work/tt-metal/tt-metal/tt_metal/third_party/umd/src/firmware/riscv/grayskull -I/home/runner/work/tt-metal/tt-metal/.cpmcache/libuv/72aa6fc919b0653b47b7e9e7cf59ec92037e8693/include -I/home/runner/work/tt-metal/tt-metal/.cpmcache/yaml-cpp/905940a232aea3437e2fb77334461b1fe343318b/include -I/home/runner/work/tt-metal/tt-metal/tt_metal/third_party/umd/device -I/home/runner/work/tt-metal/tt-metal/tt_metal/third_party/umd/third_party/fmt/include -isystem /home/runner/work/tt-metal/tt-metal/.cpmcache/googletest/96129d89f45386492ae46d6bb8c027bc3df5f949/googletest/include -isystem /home/runner/work/tt-metal/tt-metal/.cpmcache/googletest/96129d89f45386492ae46d6bb8c027bc3df5f949/googletest -isystem /home/runner/work/tt-metal/tt-metal/.cpmcache/reflect/e75434c4c5f669e4a74e4d84e0a30d7249c1e66f -isystem /home/runner/work/tt-metal/tt-metal/.cpmcache/flatbuffers/2c4062bffa52fa4157b1b4deeae73395df475fda/include -isystem /home/runner/work/tt-metal/tt-metal/.cpmcache/nanomsg/28cc32d5bdb6a858fe53b3ccf7e923957e53eada/include -O3 -std=c++20 -MP -Wno-int-to-pointer-cast -fno-var-tracking -mavx2 -fPIC -DFMT_HEADER_ONLY -fvisibility-inlines-hidden -fno-lto -DARCH_GRAYSKULL -DDISABLE_ISSUE_3487_FIX -Werror -Wdelete-non-virtual-dtor -Wreturn-type -Wswitch -Wuninitialized -Wno-unused-parameter -Wno-deprecated -Wno-attributes -Wno-stringop-overread -Wno-stringop-overflow -Wno-maybe-uninitialized -Wno-missing-requires -Wno-narrowing -Wno-non-template-friend -Wno-error=non-template-friend -fsized-deallocation -Winvalid-pch -include /home/runner/work/tt-metal/tt-metal/build/tests/ttnn/unit_tests/gtests/CMakeFiles/galaxy_unit_tests_ttnn.dir/cmake_pch.hxx -MD -MT tests/ttnn/unit_tests/gtests/CMakeFiles/galaxy_unit_tests_ttnn.dir/test_ccl_on_tg.cpp.o -MF tests/ttnn/unit_tests/gtests/CMakeFiles/galaxy_unit_tests_ttnn.dir/test_ccl_on_tg.cpp.o.d -o tests/ttnn/unit_tests/gtests/CMakeFiles/galaxy_unit_tests_ttnn.dir/test_ccl_on_tg.cpp.o -c /home/runner/work/tt-metal/tt-metal/tests/ttnn/unit_tests/gtests/test_ccl_on_tg.cpp
2024-09-02T08:11:43.0078853Z [1028/1028] : && /usr/bin/g++-12 -O3  tests/ttnn/unit_tests/gtests/CMakeFiles/galaxy_unit_tests_ttnn.dir/test_ccl_on_tg.cpp.o -o test/ttnn/galaxy_unit_tests_ttnn  -Wl,-rpath,/home/runner/work/tt-metal/tt-metal/build/ttnn:/home/runner/work/tt-metal/tt-metal/build/tt_metal:/home/runner/work/tt-metal/tt-metal/build/lib:/home/runner/work/tt-metal/tt-metal/build/_deps/nanomsg-build:/home/runner/work/tt-metal/tt-metal/build/_deps/libuv-build  ttnn/_ttnn.so  tt_metal/libtt_metal.so  lib/libgtest_main.so.1.13.0  lib/libgtest.so.1.13.0  lib/libdevice.so  _deps/yaml-cpp-build/libyaml-cpp.a  _deps/nanomsg-build/libnng.so.1.8.0  _deps/libuv-build/libuv.so.1.0.0  -lrt  -lstdc++  -ldl  -lz  -lpthread  -latomic  -lhwloc  -lnuma  /usr/lib/x86_64-linux-gnu/libpython3.10.so && :
2024-09-02T08:11:43.0085096Z 
2024-09-02T08:11:43.0131158Z ##[group]Run df -h      
2024-09-02T08:11:43.0131493Z [36;1mdf -h      [0m
2024-09-02T08:11:43.0794681Z shell: /usr/bin/bash -e {0}
2024-09-02T08:11:43.0795016Z env:
2024-09-02T08:11:43.0795240Z   ARCH_NAME: grayskull
2024-09-02T08:11:43.0795520Z   VERBOSE: 1
2024-09-02T08:11:43.0795837Z   TT_METAL_HOME: /home/runner/work/tt-metal/tt-metal
2024-09-02T08:11:43.0796216Z ##[endgroup]
2024-09-02T08:11:43.0916045Z Filesystem      Size  Used Avail Use% Mounted on
2024-09-02T08:11:43.0916730Z /dev/root        73G   58G   15G  80% /
2024-09-02T08:11:43.0917315Z tmpfs           7.9G  172K  7.9G   1% /dev/shm
2024-09-02T08:11:43.0917959Z tmpfs           3.2G  1.1M  3.2G   1% /run
2024-09-02T08:11:43.0918565Z tmpfs           5.0M     0  5.0M   0% /run/lock
2024-09-02T08:11:43.0919171Z /dev/sda15      105M  6.1M   99M   6% /boot/efi
2024-09-02T08:11:43.0919766Z /dev/sdb1        74G  4.1G   66G   6% /mnt
2024-09-02T08:11:43.0920654Z tmpfs           1.6G   12K  1.6G   1% /run/user/1001
2024-09-02T08:11:43.0985481Z Post job cleanup.
2024-09-02T08:11:43.1032552Z Post job cleanup.
2024-09-02T08:11:43.2063611Z [command]/usr/bin/git version
2024-09-02T08:11:43.2103922Z git version 2.46.0
2024-09-02T08:11:43.2148408Z Temporarily overriding HOME='/home/runner/work/_temp/1dca6857-29b9-457e-91d3-bafb1bb60eed' before making global git config changes
2024-09-02T08:11:43.2149403Z Adding repository directory to the temporary git global config as a safe directory
2024-09-02T08:11:43.2162573Z [command]/usr/bin/git config --global --add safe.directory /home/runner/work/tt-metal/tt-metal
2024-09-02T08:11:43.2202784Z [command]/usr/bin/git config --local --name-only --get-regexp core\.sshCommand
2024-09-02T08:11:43.2238462Z [command]/usr/bin/git submodule foreach --recursive sh -c "git config --local --name-only --get-regexp 'core\.sshCommand' && git config --local --unset-all 'core.sshCommand' || :"
2024-09-02T08:11:43.2488264Z Entering 'models/demos/t3000/llama2_70b/reference/llama'
2024-09-02T08:11:43.2539465Z Entering 'tt_metal/third_party/lfs'
2024-09-02T08:11:43.2593986Z Entering 'tt_metal/third_party/pybind11'
2024-09-02T08:11:43.2647959Z Entering 'tt_metal/third_party/sfpi'
2024-09-02T08:11:43.2717268Z Entering 'tt_metal/third_party/taskflow'
2024-09-02T08:11:43.2790834Z Entering 'tt_metal/third_party/tracy'
2024-09-02T08:11:43.2838977Z Entering 'tt_metal/third_party/tt_llk_blackhole'
2024-09-02T08:11:43.2884728Z Entering 'tt_metal/third_party/tt_llk_grayskull'
2024-09-02T08:11:43.2935581Z Entering 'tt_metal/third_party/tt_llk_wormhole_b0'
2024-09-02T08:11:43.2986518Z Entering 'tt_metal/third_party/umd'
2024-09-02T08:11:43.3032597Z Entering 'tt_metal/third_party/umd/third_party/fmt'
2024-09-02T08:11:43.3105629Z [command]/usr/bin/git config --local --name-only --get-regexp http\.https\:\/\/github\.com\/\.extraheader
2024-09-02T08:11:43.3137373Z http.https://github.com/.extraheader
2024-09-02T08:11:43.3151496Z [command]/usr/bin/git config --local --unset-all http.https://github.com/.extraheader
2024-09-02T08:11:43.3190800Z [command]/usr/bin/git submodule foreach --recursive sh -c "git config --local --name-only --get-regexp 'http\.https\:\/\/github\.com\/\.extraheader' && git config --local --unset-all 'http.https://github.com/.extraheader' || :"
2024-09-02T08:11:43.3442306Z Entering 'models/demos/t3000/llama2_70b/reference/llama'
2024-09-02T08:11:43.3468673Z http.https://github.com/.extraheader
2024-09-02T08:11:43.3513309Z Entering 'tt_metal/third_party/lfs'
2024-09-02T08:11:43.3538714Z http.https://github.com/.extraheader
2024-09-02T08:11:43.3587564Z Entering 'tt_metal/third_party/pybind11'
2024-09-02T08:11:43.3614592Z http.https://github.com/.extraheader
2024-09-02T08:11:43.3654020Z Entering 'tt_metal/third_party/sfpi'
2024-09-02T08:11:43.3679415Z http.https://github.com/.extraheader
2024-09-02T08:11:43.3721483Z Entering 'tt_metal/third_party/taskflow'
2024-09-02T08:11:43.3748723Z http.https://github.com/.extraheader
2024-09-02T08:11:43.3792591Z Entering 'tt_metal/third_party/tracy'
2024-09-02T08:11:43.3818447Z http.https://github.com/.extraheader
2024-09-02T08:11:43.3857231Z Entering 'tt_metal/third_party/tt_llk_blackhole'
2024-09-02T08:11:43.3882152Z http.https://github.com/.extraheader
2024-09-02T08:11:43.3919186Z Entering 'tt_metal/third_party/tt_llk_grayskull'
2024-09-02T08:11:43.3944864Z http.https://github.com/.extraheader
2024-09-02T08:11:43.3982035Z Entering 'tt_metal/third_party/tt_llk_wormhole_b0'
2024-09-02T08:11:43.4008649Z http.https://github.com/.extraheader
2024-09-02T08:11:43.4045539Z Entering 'tt_metal/third_party/umd'
2024-09-02T08:11:43.4071782Z http.https://github.com/.extraheader
2024-09-02T08:11:43.4110516Z Entering 'tt_metal/third_party/umd/third_party/fmt'
2024-09-02T08:11:43.4135933Z http.https://github.com/.extraheader
2024-09-02T08:11:43.4442677Z Cleaning up orphan processes
