2024-09-02T07:02:00.2058714Z Current runner version: '2.319.1'
2024-09-02T07:02:00.2098863Z ##[group]Operating System
2024-09-02T07:02:00.2099634Z Ubuntu
2024-09-02T07:02:00.2100000Z 22.04.4
2024-09-02T07:02:00.2100334Z LTS
2024-09-02T07:02:00.2100747Z ##[endgroup]
2024-09-02T07:02:00.2101157Z ##[group]Runner Image
2024-09-02T07:02:00.2101618Z Image: ubuntu-22.04
2024-09-02T07:02:00.2102111Z Version: 20240825.1.0
2024-09-02T07:02:00.2103106Z Included Software: https://github.com/actions/runner-images/blob/ubuntu22/20240825.1/images/ubuntu/Ubuntu2204-Readme.md
2024-09-02T07:02:00.2104500Z Image Release: https://github.com/actions/runner-images/releases/tag/ubuntu22%2F20240825.1
2024-09-02T07:02:00.2105420Z ##[endgroup]
2024-09-02T07:02:00.2105822Z ##[group]Runner Image Provisioner
2024-09-02T07:02:00.2106387Z 2.0.384.1
2024-09-02T07:02:00.2106721Z ##[endgroup]
2024-09-02T07:02:00.2121233Z ##[group]GITHUB_TOKEN Permissions
2024-09-02T07:02:00.2123004Z Actions: read
2024-09-02T07:02:00.2123414Z Contents: read
2024-09-02T07:02:00.2124138Z Metadata: read
2024-09-02T07:02:00.2124668Z Pages: write
2024-09-02T07:02:00.2125062Z ##[endgroup]
2024-09-02T07:02:00.2127975Z Secret source: Actions
2024-09-02T07:02:00.2128694Z Prepare workflow directory
2024-09-02T07:02:00.3033444Z Prepare all required actions
2024-09-02T07:02:00.3190320Z Getting action download info
2024-09-02T07:02:00.4573713Z Download action repository 'tenstorrent-metal/metal-workflows@v2.0.0' (SHA:22c747950076e4c9627125e14734e287c08287a7)
2024-09-02T07:02:00.8570182Z Getting action download info
2024-09-02T07:02:00.9815622Z Download action repository 'actions/checkout@v4' (SHA:692973e3d937129bcbf40652eb9f2f61becf3332)
2024-09-02T07:02:01.0688654Z Uses: tenstorrent/tt-metal/.github/workflows/build.yaml@refs/heads/main (a9bcd03b1775ab989aebab822ec2e4f821abac41)
2024-09-02T07:02:01.0691382Z Complete job name: build / Release g++-12 blackhole ubuntu-22.04
2024-09-02T07:02:01.1541341Z ##[group]Run tenstorrent-metal/metal-workflows/.github/actions/checkout-with-submodule-lfs@v2.0.0
2024-09-02T07:02:01.1542396Z with:
2024-09-02T07:02:01.1543066Z   token: ***
2024-09-02T07:02:01.1543481Z   fetch-depth: 1
2024-09-02T07:02:01.1543847Z env:
2024-09-02T07:02:01.1544282Z   ARCH_NAME: blackhole
2024-09-02T07:02:01.1544701Z   VERBOSE: 1
2024-09-02T07:02:01.1545080Z ##[endgroup]
2024-09-02T07:02:01.1796529Z ##[group]Run actions/checkout@v4
2024-09-02T07:02:01.1797049Z with:
2024-09-02T07:02:01.1797696Z   token: ***
2024-09-02T07:02:01.1798088Z   fetch-depth: 1
2024-09-02T07:02:01.1798451Z   lfs: true
2024-09-02T07:02:01.1798919Z   submodules: recursive
2024-09-02T07:02:01.1799353Z   clean: true
2024-09-02T07:02:01.1799763Z   repository: tenstorrent/tt-metal
2024-09-02T07:02:01.1800652Z   ssh-strict: true
2024-09-02T07:02:01.1801107Z   ssh-user: git
2024-09-02T07:02:01.1801535Z   persist-credentials: true
2024-09-02T07:02:01.1802129Z   sparse-checkout-cone-mode: true
2024-09-02T07:02:01.1802730Z   fetch-tags: false
2024-09-02T07:02:01.1803194Z   show-progress: true
2024-09-02T07:02:01.1803627Z   set-safe-directory: true
2024-09-02T07:02:01.1804049Z env:
2024-09-02T07:02:01.1804460Z   ARCH_NAME: blackhole
2024-09-02T07:02:01.1804886Z   VERBOSE: 1
2024-09-02T07:02:01.1805266Z ##[endgroup]
2024-09-02T07:02:01.3657185Z Syncing repository: tenstorrent/tt-metal
2024-09-02T07:02:01.3660080Z ##[group]Getting Git version info
2024-09-02T07:02:01.3661630Z Working directory is '/home/runner/work/tt-metal/tt-metal'
2024-09-02T07:02:01.3663425Z [command]/usr/bin/git version
2024-09-02T07:02:01.3664528Z git version 2.46.0
2024-09-02T07:02:01.3709087Z [command]/usr/bin/git lfs version
2024-09-02T07:02:01.4148666Z git-lfs/3.5.1 (GitHub; linux amd64; go 1.21.8)
2024-09-02T07:02:01.4162104Z ##[endgroup]
2024-09-02T07:02:01.4177006Z Temporarily overriding HOME='/home/runner/work/_temp/4daa5051-b49f-4259-9e28-c8fdebe9a818' before making global git config changes
2024-09-02T07:02:01.4178526Z Adding repository directory to the temporary git global config as a safe directory
2024-09-02T07:02:01.4181665Z [command]/usr/bin/git config --global --add safe.directory /home/runner/work/tt-metal/tt-metal
2024-09-02T07:02:01.4216891Z Deleting the contents of '/home/runner/work/tt-metal/tt-metal'
2024-09-02T07:02:01.4220622Z ##[group]Initializing the repository
2024-09-02T07:02:01.4225579Z [command]/usr/bin/git init /home/runner/work/tt-metal/tt-metal
2024-09-02T07:02:01.4297263Z hint: Using 'master' as the name for the initial branch. This default branch name
2024-09-02T07:02:01.4298746Z hint: is subject to change. To configure the initial branch name to use in all
2024-09-02T07:02:01.4299927Z hint: of your new repositories, which will suppress this warning, call:
2024-09-02T07:02:01.4300623Z hint:
2024-09-02T07:02:01.4301584Z hint: 	git config --global init.defaultBranch <name>
2024-09-02T07:02:01.4302806Z hint:
2024-09-02T07:02:01.4303968Z hint: Names commonly chosen instead of 'master' are 'main', 'trunk' and
2024-09-02T07:02:01.4305644Z hint: 'development'. The just-created branch can be renamed via this command:
2024-09-02T07:02:01.4306727Z hint:
2024-09-02T07:02:01.4307171Z hint: 	git branch -m <name>
2024-09-02T07:02:01.4308056Z Initialized empty Git repository in /home/runner/work/tt-metal/tt-metal/.git/
2024-09-02T07:02:01.4316289Z [command]/usr/bin/git remote add origin https://github.com/tenstorrent/tt-metal
2024-09-02T07:02:01.4351710Z ##[endgroup]
2024-09-02T07:02:01.4352590Z ##[group]Disabling automatic garbage collection
2024-09-02T07:02:01.4356524Z [command]/usr/bin/git config --local gc.auto 0
2024-09-02T07:02:01.4384233Z ##[endgroup]
2024-09-02T07:02:01.4384954Z ##[group]Setting up auth
2024-09-02T07:02:01.4390595Z [command]/usr/bin/git config --local --name-only --get-regexp core\.sshCommand
2024-09-02T07:02:01.4421242Z [command]/usr/bin/git submodule foreach --recursive sh -c "git config --local --name-only --get-regexp 'core\.sshCommand' && git config --local --unset-all 'core.sshCommand' || :"
2024-09-02T07:02:01.4669448Z [command]/usr/bin/git config --local --name-only --get-regexp http\.https\:\/\/github\.com\/\.extraheader
2024-09-02T07:02:01.4708299Z [command]/usr/bin/git submodule foreach --recursive sh -c "git config --local --name-only --get-regexp 'http\.https\:\/\/github\.com\/\.extraheader' && git config --local --unset-all 'http.https://github.com/.extraheader' || :"
2024-09-02T07:02:01.4944774Z [command]/usr/bin/git config --local http.https://github.com/.extraheader AUTHORIZATION: basic ***
2024-09-02T07:02:01.4980467Z ##[endgroup]
2024-09-02T07:02:01.4984772Z [command]/usr/bin/git lfs install --local
2024-09-02T07:02:01.5346127Z Updated Git hooks.
2024-09-02T07:02:01.5347333Z Git LFS initialized.
2024-09-02T07:02:01.5359655Z ##[group]Fetching the repository
2024-09-02T07:02:01.5370518Z [command]/usr/bin/git -c protocol.version=2 fetch --no-tags --prune --no-recurse-submodules --depth=1 origin +a9bcd03b1775ab989aebab822ec2e4f821abac41:refs/remotes/origin/main
2024-09-02T07:02:03.7157498Z From https://github.com/tenstorrent/tt-metal
2024-09-02T08:03:57.4922859Z [992/1027] : && /usr/bin/g++-12 -O3  tests/tt_eager/CMakeFiles/test_sfpu.dir/ops/test_sfpu.cpp.o -o test/tt_eager/ops/test_sfpu  -Wl,-rpath,/home/runner/work/tt-metal/tt-metal/build/ttnn:/home/runner/work/tt-metal/tt-metal/build/lib:/home/runner/work/tt-metal/tt-metal/build/tt_metal:/home/runner/work/tt-metal/tt-metal/build/_deps/nanomsg-build:/home/runner/work/tt-metal/tt-metal/build/_deps/libuv-build  ttnn/_ttnn.so  lib/libgtest_main.so.1.13.0  lib/libgtest.so.1.13.0  tt_metal/libtt_metal.so  -lz  -latomic  -lhwloc  -lnuma  lib/libdevice.so  _deps/yaml-cpp-build/libyaml-cpp.a  -lstdc++  _deps/nanomsg-build/libnng.so.1.8.0  _deps/libuv-build/libuv.so.1.0.0  -lpthread  -ldl  -lrt  /usr/lib/x86_64-linux-gnu/libpython3.10.so && :
2024-09-02T08:04:04.8012443Z [993/1027] /usr/bin/g++-12 -DDISABLE_NAMESPACE_STATIC_ASSERT -DUSING_UV_SHARED=1 -DYAML_CPP_STATIC_DEFINE -I/home/runner/work/tt-metal/tt-metal/tt_metal/third_party/umd -I/home/runner/work/tt-metal/tt-metal -I/home/runner/work/tt-metal/tt-metal/tt_metal -I/home/runner/work/tt-metal/tt-metal/ttnn/cpp -I/home/runner/work/tt-metal/tt-metal/tt_metal/common -I/home/runner/work/tt-metal/tt-metal/tests -I/home/runner/work/tt-metal/tt-metal/tests/tt_eager -I/home/runner/work/tt-metal/tt-metal/ttnn -I/home/runner/work/tt-metal/tt-metal/ttnn/cpp/ttnn/deprecated -I/home/runner/work/tt-metal/tt-metal/tt_metal/third_party/fmt -I/home/runner/work/tt-metal/tt-metal/ttnn/cpp/ttnn/experimental/tt_lib -I/home/runner/work/tt-metal/tt-metal/tt_metal/third_party/pybind11/include -I/usr/include/python3.10 -I/home/runner/work/tt-metal/tt-metal/tt_metal/hw/inc -I/home/runner/work/tt-metal/tt-metal/tt_metal/hw/inc/blackhole -I/home/runner/work/tt-metal/tt-metal/tt_metal/third_party/umd/device/blackhole -I/home/runner/work/tt-metal/tt-metal/tt_metal/third_party/umd/src/firmware/riscv/blackhole -I/home/runner/work/tt-metal/tt-metal/.cpmcache/libuv/72aa6fc919b0653b47b7e9e7cf59ec92037e8693/include -I/home/runner/work/tt-metal/tt-metal/.cpmcache/yaml-cpp/905940a232aea3437e2fb77334461b1fe343318b/include -I/home/runner/work/tt-metal/tt-metal/tt_metal/third_party/umd/device -I/home/runner/work/tt-metal/tt-metal/tt_metal/third_party/umd/third_party/fmt/include -isystem /home/runner/work/tt-metal/tt-metal/.cpmcache/googletest/96129d89f45386492ae46d6bb8c027bc3df5f949/googletest/include -isystem /home/runner/work/tt-metal/tt-metal/.cpmcache/googletest/96129d89f45386492ae46d6bb8c027bc3df5f949/googletest -isystem /home/runner/work/tt-metal/tt-metal/.cpmcache/reflect/e75434c4c5f669e4a74e4d84e0a30d7249c1e66f -isystem /home/runner/work/tt-metal/tt-metal/.cpmcache/flatbuffers/2c4062bffa52fa4157b1b4deeae73395df475fda/include -isystem /home/runner/work/tt-metal/tt-metal/.cpmcache/nanomsg/28cc32d5bdb6a858fe53b3ccf7e923957e53eada/include -O3 -std=c++20 -MP -Wno-int-to-pointer-cast -fno-var-tracking -mavx2 -fPIC -DFMT_HEADER_ONLY -fvisibility-inlines-hidden -fno-lto -DARCH_BLACKHOLE -DDISABLE_ISSUE_3487_FIX -Werror -Wdelete-non-virtual-dtor -Wreturn-type -Wswitch -Wuninitialized -Wno-unused-parameter -Wno-deprecated -Wno-attributes -Wno-stringop-overread -Wno-stringop-overflow -Wno-maybe-uninitialized -Wno-missing-requires -Wno-narrowing -Wno-non-template-friend -Wno-error=non-template-friend -fsized-deallocation -Winvalid-pch -include /home/runner/work/tt-metal/tt-metal/build/tests/tt_eager/CMakeFiles/test_sliding_window_ops.dir/cmake_pch.hxx -MD -MT tests/tt_eager/CMakeFiles/test_sliding_window_ops.dir/ops/test_sliding_window_ops.cpp.o -MF tests/tt_eager/CMakeFiles/test_sliding_window_ops.dir/ops/test_sliding_window_ops.cpp.o.d -o tests/tt_eager/CMakeFiles/test_sliding_window_ops.dir/ops/test_sliding_window_ops.cpp.o -c /home/runner/work/tt-metal/tt-metal/tests/tt_eager/ops/test_sliding_window_ops.cpp
2024-09-02T08:04:05.1253954Z [994/1027] : && /usr/bin/g++-12 -O3  tests/tt_eager/CMakeFiles/test_sliding_window_ops.dir/ops/test_sliding_window_ops.cpp.o -o test/tt_eager/ops/test_sliding_window_ops  -Wl,-rpath,/home/runner/work/tt-metal/tt-metal/build/ttnn:/home/runner/work/tt-metal/tt-metal/build/lib:/home/runner/work/tt-metal/tt-metal/build/tt_metal:/home/runner/work/tt-metal/tt-metal/build/_deps/nanomsg-build:/home/runner/work/tt-metal/tt-metal/build/_deps/libuv-build  ttnn/_ttnn.so  lib/libgtest_main.so.1.13.0  lib/libgtest.so.1.13.0  tt_metal/libtt_metal.so  -lz  -latomic  -lhwloc  -lnuma  lib/libdevice.so  _deps/yaml-cpp-build/libyaml-cpp.a  -lstdc++  _deps/nanomsg-build/libnng.so.1.8.0  _deps/libuv-build/libuv.so.1.0.0  -lpthread  -ldl  -lrt  /usr/lib/x86_64-linux-gnu/libpython3.10.so && :
2024-09-02T08:04:05.8409074Z [995/1027] /usr/bin/g++-12 -DDISABLE_NAMESPACE_STATIC_ASSERT -DUSING_UV_SHARED=1 -DYAML_CPP_STATIC_DEFINE -I/home/runner/work/tt-metal/tt-metal/tt_metal/third_party/umd -I/home/runner/work/tt-metal/tt-metal -I/home/runner/work/tt-metal/tt-metal/tt_metal -I/home/runner/work/tt-metal/tt-metal/ttnn/cpp -I/home/runner/work/tt-metal/tt-metal/tt_metal/common -I/home/runner/work/tt-metal/tt-metal/tests -I/home/runner/work/tt-metal/tt-metal/tests/tt_eager -I/home/runner/work/tt-metal/tt-metal/ttnn -I/home/runner/work/tt-metal/tt-metal/ttnn/cpp/ttnn/deprecated -I/home/runner/work/tt-metal/tt-metal/tt_metal/third_party/fmt -I/home/runner/work/tt-metal/tt-metal/ttnn/cpp/ttnn/experimental/tt_lib -I/home/runner/work/tt-metal/tt-metal/tt_metal/third_party/pybind11/include -I/usr/include/python3.10 -I/home/runner/work/tt-metal/tt-metal/tt_metal/hw/inc -I/home/runner/work/tt-metal/tt-metal/tt_metal/hw/inc/blackhole -I/home/runner/work/tt-metal/tt-metal/tt_metal/third_party/umd/device/blackhole -I/home/runner/work/tt-metal/tt-metal/tt_metal/third_party/umd/src/firmware/riscv/blackhole -I/home/runner/work/tt-metal/tt-metal/.cpmcache/libuv/72aa6fc919b0653b47b7e9e7cf59ec92037e8693/include -I/home/runner/work/tt-metal/tt-metal/.cpmcache/yaml-cpp/905940a232aea3437e2fb77334461b1fe343318b/include -I/home/runner/work/tt-metal/tt-metal/tt_metal/third_party/umd/device -I/home/runner/work/tt-metal/tt-metal/tt_metal/third_party/umd/third_party/fmt/include -isystem /home/runner/work/tt-metal/tt-metal/.cpmcache/googletest/96129d89f45386492ae46d6bb8c027bc3df5f949/googletest/include -isystem /home/runner/work/tt-metal/tt-metal/.cpmcache/googletest/96129d89f45386492ae46d6bb8c027bc3df5f949/googletest -isystem /home/runner/work/tt-metal/tt-metal/.cpmcache/reflect/e75434c4c5f669e4a74e4d84e0a30d7249c1e66f -isystem /home/runner/work/tt-metal/tt-metal/.cpmcache/flatbuffers/2c4062bffa52fa4157b1b4deeae73395df475fda/include -isystem /home/runner/work/tt-metal/tt-metal/.cpmcache/nanomsg/28cc32d5bdb6a858fe53b3ccf7e923957e53eada/include -O3 -std=c++20 -MP -Wno-int-to-pointer-cast -fno-var-tracking -mavx2 -fPIC -DFMT_HEADER_ONLY -fvisibility-inlines-hidden -fno-lto -DARCH_BLACKHOLE -DDISABLE_ISSUE_3487_FIX -Werror -Wdelete-non-virtual-dtor -Wreturn-type -Wswitch -Wuninitialized -Wno-unused-parameter -Wno-deprecated -Wno-attributes -Wno-stringop-overread -Wno-stringop-overflow -Wno-maybe-uninitialized -Wno-missing-requires -Wno-narrowing -Wno-non-template-friend -Wno-error=non-template-friend -fsized-deallocation -Winvalid-pch -x c++-header -include /home/runner/work/tt-metal/tt-metal/build/tests/tt_eager/CMakeFiles/test_async_tensor_apis.dir/cmake_pch.hxx -MD -MT tests/tt_eager/CMakeFiles/test_async_tensor_apis.dir/cmake_pch.hxx.gch -MF tests/tt_eager/CMakeFiles/test_async_tensor_apis.dir/cmake_pch.hxx.gch.d -o tests/tt_eager/CMakeFiles/test_async_tensor_apis.dir/cmake_pch.hxx.gch -c /home/runner/work/tt-metal/tt-metal/build/tests/tt_eager/CMakeFiles/test_async_tensor_apis.dir/cmake_pch.hxx.cxx
2024-09-02T08:04:13.2157519Z [996/1027] /usr/bin/g++-12 -DDISABLE_NAMESPACE_STATIC_ASSERT -DUSING_UV_SHARED=1 -DYAML_CPP_STATIC_DEFINE -I/home/runner/work/tt-metal/tt-metal/tt_metal/third_party/umd -I/home/runner/work/tt-metal/tt-metal -I/home/runner/work/tt-metal/tt-metal/tt_metal -I/home/runner/work/tt-metal/tt-metal/ttnn/cpp -I/home/runner/work/tt-metal/tt-metal/tt_metal/common -I/home/runner/work/tt-metal/tt-metal/tests -I/home/runner/work/tt-metal/tt-metal/tests/tt_eager -I/home/runner/work/tt-metal/tt-metal/ttnn -I/home/runner/work/tt-metal/tt-metal/ttnn/cpp/ttnn/deprecated -I/home/runner/work/tt-metal/tt-metal/tt_metal/third_party/fmt -I/home/runner/work/tt-metal/tt-metal/ttnn/cpp/ttnn/experimental/tt_lib -I/home/runner/work/tt-metal/tt-metal/tt_metal/third_party/pybind11/include -I/usr/include/python3.10 -I/home/runner/work/tt-metal/tt-metal/tt_metal/hw/inc -I/home/runner/work/tt-metal/tt-metal/tt_metal/hw/inc/blackhole -I/home/runner/work/tt-metal/tt-metal/tt_metal/third_party/umd/device/blackhole -I/home/runner/work/tt-metal/tt-metal/tt_metal/third_party/umd/src/firmware/riscv/blackhole -I/home/runner/work/tt-metal/tt-metal/.cpmcache/libuv/72aa6fc919b0653b47b7e9e7cf59ec92037e8693/include -I/home/runner/work/tt-metal/tt-metal/.cpmcache/yaml-cpp/905940a232aea3437e2fb77334461b1fe343318b/include -I/home/runner/work/tt-metal/tt-metal/tt_metal/third_party/umd/device -I/home/runner/work/tt-metal/tt-metal/tt_metal/third_party/umd/third_party/fmt/include -isystem /home/runner/work/tt-metal/tt-metal/.cpmcache/googletest/96129d89f45386492ae46d6bb8c027bc3df5f949/googletest/include -isystem /home/runner/work/tt-metal/tt-metal/.cpmcache/googletest/96129d89f45386492ae46d6bb8c027bc3df5f949/googletest -isystem /home/runner/work/tt-metal/tt-metal/.cpmcache/reflect/e75434c4c5f669e4a74e4d84e0a30d7249c1e66f -isystem /home/runner/work/tt-metal/tt-metal/.cpmcache/flatbuffers/2c4062bffa52fa4157b1b4deeae73395df475fda/include -isystem /home/runner/work/tt-metal/tt-metal/.cpmcache/nanomsg/28cc32d5bdb6a858fe53b3ccf7e923957e53eada/include -O3 -std=c++20 -MP -Wno-int-to-pointer-cast -fno-var-tracking -mavx2 -fPIC -DFMT_HEADER_ONLY -fvisibility-inlines-hidden -fno-lto -DARCH_BLACKHOLE -DDISABLE_ISSUE_3487_FIX -Werror -Wdelete-non-virtual-dtor -Wreturn-type -Wswitch -Wuninitialized -Wno-unused-parameter -Wno-deprecated -Wno-attributes -Wno-stringop-overread -Wno-stringop-overflow -Wno-maybe-uninitialized -Wno-missing-requires -Wno-narrowing -Wno-non-template-friend -Wno-error=non-template-friend -fsized-deallocation -Winvalid-pch -x c++-header -include /home/runner/work/tt-metal/tt-metal/build/tests/tt_eager/CMakeFiles/test_bert.dir/cmake_pch.hxx -MD -MT tests/tt_eager/CMakeFiles/test_bert.dir/cmake_pch.hxx.gch -MF tests/tt_eager/CMakeFiles/test_bert.dir/cmake_pch.hxx.gch.d -o tests/tt_eager/CMakeFiles/test_bert.dir/cmake_pch.hxx.gch -c /home/runner/work/tt-metal/tt-metal/build/tests/tt_eager/CMakeFiles/test_bert.dir/cmake_pch.hxx.cxx
2024-09-02T08:04:17.4400530Z [997/1027] /usr/bin/g++-12 -DDISABLE_NAMESPACE_STATIC_ASSERT -DUSING_UV_SHARED=1 -DYAML_CPP_STATIC_DEFINE -I/home/runner/work/tt-metal/tt-metal/tt_metal/third_party/umd -I/home/runner/work/tt-metal/tt-metal -I/home/runner/work/tt-metal/tt-metal/tt_metal -I/home/runner/work/tt-metal/tt-metal/ttnn/cpp -I/home/runner/work/tt-metal/tt-metal/tt_metal/common -I/home/runner/work/tt-metal/tt-metal/tests -I/home/runner/work/tt-metal/tt-metal/tests/tt_eager -I/home/runner/work/tt-metal/tt-metal/ttnn -I/home/runner/work/tt-metal/tt-metal/ttnn/cpp/ttnn/deprecated -I/home/runner/work/tt-metal/tt-metal/tt_metal/third_party/fmt -I/home/runner/work/tt-metal/tt-metal/ttnn/cpp/ttnn/experimental/tt_lib -I/home/runner/work/tt-metal/tt-metal/tt_metal/third_party/pybind11/include -I/usr/include/python3.10 -I/home/runner/work/tt-metal/tt-metal/tt_metal/hw/inc -I/home/runner/work/tt-metal/tt-metal/tt_metal/hw/inc/blackhole -I/home/runner/work/tt-metal/tt-metal/tt_metal/third_party/umd/device/blackhole -I/home/runner/work/tt-metal/tt-metal/tt_metal/third_party/umd/src/firmware/riscv/blackhole -I/home/runner/work/tt-metal/tt-metal/.cpmcache/libuv/72aa6fc919b0653b47b7e9e7cf59ec92037e8693/include -I/home/runner/work/tt-metal/tt-metal/.cpmcache/yaml-cpp/905940a232aea3437e2fb77334461b1fe343318b/include -I/home/runner/work/tt-metal/tt-metal/tt_metal/third_party/umd/device -I/home/runner/work/tt-metal/tt-metal/tt_metal/third_party/umd/third_party/fmt/include -isystem /home/runner/work/tt-metal/tt-metal/.cpmcache/googletest/96129d89f45386492ae46d6bb8c027bc3df5f949/googletest/include -isystem /home/runner/work/tt-metal/tt-metal/.cpmcache/googletest/96129d89f45386492ae46d6bb8c027bc3df5f949/googletest -isystem /home/runner/work/tt-metal/tt-metal/.cpmcache/reflect/e75434c4c5f669e4a74e4d84e0a30d7249c1e66f -isystem /home/runner/work/tt-metal/tt-metal/.cpmcache/flatbuffers/2c4062bffa52fa4157b1b4deeae73395df475fda/include -isystem /home/runner/work/tt-metal/tt-metal/.cpmcache/nanomsg/28cc32d5bdb6a858fe53b3ccf7e923957e53eada/include -O3 -std=c++20 -MP -Wno-int-to-pointer-cast -fno-var-tracking -mavx2 -fPIC -DFMT_HEADER_ONLY -fvisibility-inlines-hidden -fno-lto -DARCH_BLACKHOLE -DDISABLE_ISSUE_3487_FIX -Werror -Wdelete-non-virtual-dtor -Wreturn-type -Wswitch -Wuninitialized -Wno-unused-parameter -Wno-deprecated -Wno-attributes -Wno-stringop-overread -Wno-stringop-overflow -Wno-maybe-uninitialized -Wno-missing-requires -Wno-narrowing -Wno-non-template-friend -Wno-error=non-template-friend -fsized-deallocation -Winvalid-pch -include /home/runner/work/tt-metal/tt-metal/build/tests/tt_eager/CMakeFiles/test_copy_and_move.dir/cmake_pch.hxx -MD -MT tests/tt_eager/CMakeFiles/test_copy_and_move.dir/tensors/test_copy_and_move.cpp.o -MF tests/tt_eager/CMakeFiles/test_copy_and_move.dir/tensors/test_copy_and_move.cpp.o.d -o tests/tt_eager/CMakeFiles/test_copy_and_move.dir/tensors/test_copy_and_move.cpp.o -c /home/runner/work/tt-metal/tt-metal/tests/tt_eager/tensors/test_copy_and_move.cpp
2024-09-02T08:04:17.5741245Z [998/1027] : && /usr/bin/g++-12 -O3  tests/tt_eager/CMakeFiles/test_copy_and_move.dir/tensors/test_copy_and_move.cpp.o -o test/tt_eager/tensors/test_copy_and_move  -Wl,-rpath,/home/runner/work/tt-metal/tt-metal/build/ttnn:/home/runner/work/tt-metal/tt-metal/build/lib:/home/runner/work/tt-metal/tt-metal/build/tt_metal:/home/runner/work/tt-metal/tt-metal/build/_deps/nanomsg-build:/home/runner/work/tt-metal/tt-metal/build/_deps/libuv-build  ttnn/_ttnn.so  lib/libgtest_main.so.1.13.0  lib/libgtest.so.1.13.0  tt_metal/libtt_metal.so  -lz  -latomic  -lhwloc  -lnuma  lib/libdevice.so  _deps/yaml-cpp-build/libyaml-cpp.a  -lstdc++  _deps/nanomsg-build/libnng.so.1.8.0  _deps/libuv-build/libuv.so.1.0.0  -lpthread  -ldl  -lrt  /usr/lib/x86_64-linux-gnu/libpython3.10.so && :
2024-09-02T08:04:19.5963270Z [999/1027] /usr/bin/g++-12 -DDISABLE_NAMESPACE_STATIC_ASSERT -DUSING_UV_SHARED=1 -DYAML_CPP_STATIC_DEFINE -I/home/runner/work/tt-metal/tt-metal/tt_metal/third_party/umd -I/home/runner/work/tt-metal/tt-metal -I/home/runner/work/tt-metal/tt-metal/tt_metal -I/home/runner/work/tt-metal/tt-metal/ttnn/cpp -I/home/runner/work/tt-metal/tt-metal/tt_metal/common -I/home/runner/work/tt-metal/tt-metal/tests -I/home/runner/work/tt-metal/tt-metal/tests/tt_eager -I/home/runner/work/tt-metal/tt-metal/ttnn -I/home/runner/work/tt-metal/tt-metal/ttnn/cpp/ttnn/deprecated -I/home/runner/work/tt-metal/tt-metal/tt_metal/third_party/fmt -I/home/runner/work/tt-metal/tt-metal/ttnn/cpp/ttnn/experimental/tt_lib -I/home/runner/work/tt-metal/tt-metal/tt_metal/third_party/pybind11/include -I/usr/include/python3.10 -I/home/runner/work/tt-metal/tt-metal/tt_metal/hw/inc -I/home/runner/work/tt-metal/tt-metal/tt_metal/hw/inc/blackhole -I/home/runner/work/tt-metal/tt-metal/tt_metal/third_party/umd/device/blackhole -I/home/runner/work/tt-metal/tt-metal/tt_metal/third_party/umd/src/firmware/riscv/blackhole -I/home/runner/work/tt-metal/tt-metal/.cpmcache/libuv/72aa6fc919b0653b47b7e9e7cf59ec92037e8693/include -I/home/runner/work/tt-metal/tt-metal/.cpmcache/yaml-cpp/905940a232aea3437e2fb77334461b1fe343318b/include -I/home/runner/work/tt-metal/tt-metal/tt_metal/third_party/umd/device -I/home/runner/work/tt-metal/tt-metal/tt_metal/third_party/umd/third_party/fmt/include -isystem /home/runner/work/tt-metal/tt-metal/.cpmcache/googletest/96129d89f45386492ae46d6bb8c027bc3df5f949/googletest/include -isystem /home/runner/work/tt-metal/tt-metal/.cpmcache/googletest/96129d89f45386492ae46d6bb8c027bc3df5f949/googletest -isystem /home/runner/work/tt-metal/tt-metal/.cpmcache/reflect/e75434c4c5f669e4a74e4d84e0a30d7249c1e66f -isystem /home/runner/work/tt-metal/tt-metal/.cpmcache/flatbuffers/2c4062bffa52fa4157b1b4deeae73395df475fda/include -isystem /home/runner/work/tt-metal/tt-metal/.cpmcache/nanomsg/28cc32d5bdb6a858fe53b3ccf7e923957e53eada/include -O3 -std=c++20 -MP -Wno-int-to-pointer-cast -fno-var-tracking -mavx2 -fPIC -DFMT_HEADER_ONLY -fvisibility-inlines-hidden -fno-lto -DARCH_BLACKHOLE -DDISABLE_ISSUE_3487_FIX -Werror -Wdelete-non-virtual-dtor -Wreturn-type -Wswitch -Wuninitialized -Wno-unused-parameter -Wno-deprecated -Wno-attributes -Wno-stringop-overread -Wno-stringop-overflow -Wno-maybe-uninitialized -Wno-missing-requires -Wno-narrowing -Wno-non-template-friend -Wno-error=non-template-friend -fsized-deallocation -Winvalid-pch -include /home/runner/work/tt-metal/tt-metal/build/tests/tt_eager/CMakeFiles/test_fold_op.dir/cmake_pch.hxx -MD -MT tests/tt_eager/CMakeFiles/test_fold_op.dir/ops/test_fold_op.cpp.o -MF tests/tt_eager/CMakeFiles/test_fold_op.dir/ops/test_fold_op.cpp.o.d -o tests/tt_eager/CMakeFiles/test_fold_op.dir/ops/test_fold_op.cpp.o -c /home/runner/work/tt-metal/tt-metal/tests/tt_eager/ops/test_fold_op.cpp
2024-09-02T08:04:19.7552003Z [1000/1027] : && /usr/bin/g++-12 -O3  tests/tt_eager/CMakeFiles/test_fold_op.dir/ops/test_fold_op.cpp.o -o test/tt_eager/ops/test_fold_op  -Wl,-rpath,/home/runner/work/tt-metal/tt-metal/build/ttnn:/home/runner/work/tt-metal/tt-metal/build/lib:/home/runner/work/tt-metal/tt-metal/build/tt_metal:/home/runner/work/tt-metal/tt-metal/build/_deps/nanomsg-build:/home/runner/work/tt-metal/tt-metal/build/_deps/libuv-build  ttnn/_ttnn.so  lib/libgtest_main.so.1.13.0  lib/libgtest.so.1.13.0  tt_metal/libtt_metal.so  -lz  -latomic  -lhwloc  -lnuma  lib/libdevice.so  _deps/yaml-cpp-build/libyaml-cpp.a  -lstdc++  _deps/nanomsg-build/libnng.so.1.8.0  _deps/libuv-build/libuv.so.1.0.0  -lpthread  -ldl  -lrt  /usr/lib/x86_64-linux-gnu/libpython3.10.so && :
2024-09-02T08:04:26.5376062Z [1001/1027] /usr/bin/g++-12 -DDISABLE_NAMESPACE_STATIC_ASSERT -DUSING_UV_SHARED=1 -DYAML_CPP_STATIC_DEFINE -I/home/runner/work/tt-metal/tt-metal/tt_metal/third_party/umd -I/home/runner/work/tt-metal/tt-metal -I/home/runner/work/tt-metal/tt-metal/tt_metal -I/home/runner/work/tt-metal/tt-metal/tests -I/home/runner/work/tt-metal/tt-metal/tests/ttnn/unit_tests/gtests -I/home/runner/work/tt-metal/tt-metal/ttnn -I/home/runner/work/tt-metal/tt-metal/ttnn/cpp/ttnn/deprecated -I/home/runner/work/tt-metal/tt-metal/ttnn/cpp -I/home/runner/work/tt-metal/tt-metal/tt_metal/third_party/fmt -I/home/runner/work/tt-metal/tt-metal/ttnn/cpp/ttnn/experimental/tt_lib -I/home/runner/work/tt-metal/tt-metal/tt_metal/third_party/pybind11/include -I/usr/include/python3.10 -I/home/runner/work/tt-metal/tt-metal/tt_metal/hw/inc -I/home/runner/work/tt-metal/tt-metal/tt_metal/hw/inc/blackhole -I/home/runner/work/tt-metal/tt-metal/tt_metal/third_party/umd/device/blackhole -I/home/runner/work/tt-metal/tt-metal/tt_metal/third_party/umd/src/firmware/riscv/blackhole -I/home/runner/work/tt-metal/tt-metal/.cpmcache/libuv/72aa6fc919b0653b47b7e9e7cf59ec92037e8693/include -I/home/runner/work/tt-metal/tt-metal/.cpmcache/yaml-cpp/905940a232aea3437e2fb77334461b1fe343318b/include -I/home/runner/work/tt-metal/tt-metal/tt_metal/third_party/umd/device -I/home/runner/work/tt-metal/tt-metal/tt_metal/third_party/umd/third_party/fmt/include -isystem /home/runner/work/tt-metal/tt-metal/.cpmcache/googletest/96129d89f45386492ae46d6bb8c027bc3df5f949/googletest/include -isystem /home/runner/work/tt-metal/tt-metal/.cpmcache/googletest/96129d89f45386492ae46d6bb8c027bc3df5f949/googletest -isystem /home/runner/work/tt-metal/tt-metal/.cpmcache/reflect/e75434c4c5f669e4a74e4d84e0a30d7249c1e66f -isystem /home/runner/work/tt-metal/tt-metal/.cpmcache/flatbuffers/2c4062bffa52fa4157b1b4deeae73395df475fda/include -isystem /home/runner/work/tt-metal/tt-metal/.cpmcache/nanomsg/28cc32d5bdb6a858fe53b3ccf7e923957e53eada/include -O3 -std=c++20 -MP -Wno-int-to-pointer-cast -fno-var-tracking -mavx2 -fPIC -DFMT_HEADER_ONLY -fvisibility-inlines-hidden -fno-lto -DARCH_BLACKHOLE -DDISABLE_ISSUE_3487_FIX -Werror -Wdelete-non-virtual-dtor -Wreturn-type -Wswitch -Wuninitialized -Wno-unused-parameter -Wno-deprecated -Wno-attributes -Wno-stringop-overread -Wno-stringop-overflow -Wno-maybe-uninitialized -Wno-missing-requires -Wno-narrowing -Wno-non-template-friend -Wno-error=non-template-friend -fsized-deallocation -Winvalid-pch -x c++-header -include /home/runner/work/tt-metal/tt-metal/build/tests/ttnn/unit_tests/gtests/CMakeFiles/unit_tests_ttnn.dir/cmake_pch.hxx -MD -MT tests/ttnn/unit_tests/gtests/CMakeFiles/unit_tests_ttnn.dir/cmake_pch.hxx.gch -MF tests/ttnn/unit_tests/gtests/CMakeFiles/unit_tests_ttnn.dir/cmake_pch.hxx.gch.d -o tests/ttnn/unit_tests/gtests/CMakeFiles/unit_tests_ttnn.dir/cmake_pch.hxx.gch -c /home/runner/work/tt-metal/tt-metal/build/tests/ttnn/unit_tests/gtests/CMakeFiles/unit_tests_ttnn.dir/cmake_pch.hxx.cxx
2024-09-02T08:04:28.3453514Z [1002/1027] /usr/bin/g++-12 -DDISABLE_NAMESPACE_STATIC_ASSERT -DUSING_UV_SHARED=1 -DYAML_CPP_STATIC_DEFINE -I/home/runner/work/tt-metal/tt-metal/tt_metal/third_party/umd -I/home/runner/work/tt-metal/tt-metal -I/home/runner/work/tt-metal/tt-metal/tt_metal -I/home/runner/work/tt-metal/tt-metal/tests -I/home/runner/work/tt-metal/tt-metal/tests/ttnn/unit_tests/gtests -I/home/runner/work/tt-metal/tt-metal/ttnn -I/home/runner/work/tt-metal/tt-metal/ttnn/cpp/ttnn/deprecated -I/home/runner/work/tt-metal/tt-metal/ttnn/cpp -I/home/runner/work/tt-metal/tt-metal/tt_metal/third_party/fmt -I/home/runner/work/tt-metal/tt-metal/ttnn/cpp/ttnn/experimental/tt_lib -I/home/runner/work/tt-metal/tt-metal/tt_metal/third_party/pybind11/include -I/usr/include/python3.10 -I/home/runner/work/tt-metal/tt-metal/tt_metal/hw/inc -I/home/runner/work/tt-metal/tt-metal/tt_metal/hw/inc/blackhole -I/home/runner/work/tt-metal/tt-metal/tt_metal/third_party/umd/device/blackhole -I/home/runner/work/tt-metal/tt-metal/tt_metal/third_party/umd/src/firmware/riscv/blackhole -I/home/runner/work/tt-metal/tt-metal/.cpmcache/libuv/72aa6fc919b0653b47b7e9e7cf59ec92037e8693/include -I/home/runner/work/tt-metal/tt-metal/.cpmcache/yaml-cpp/905940a232aea3437e2fb77334461b1fe343318b/include -I/home/runner/work/tt-metal/tt-metal/tt_metal/third_party/umd/device -I/home/runner/work/tt-metal/tt-metal/tt_metal/third_party/umd/third_party/fmt/include -isystem /home/runner/work/tt-metal/tt-metal/.cpmcache/googletest/96129d89f45386492ae46d6bb8c027bc3df5f949/googletest/include -isystem /home/runner/work/tt-metal/tt-metal/.cpmcache/googletest/96129d89f45386492ae46d6bb8c027bc3df5f949/googletest -isystem /home/runner/work/tt-metal/tt-metal/.cpmcache/reflect/e75434c4c5f669e4a74e4d84e0a30d7249c1e66f -isystem /home/runner/work/tt-metal/tt-metal/.cpmcache/flatbuffers/2c4062bffa52fa4157b1b4deeae73395df475fda/include -isystem /home/runner/work/tt-metal/tt-metal/.cpmcache/nanomsg/28cc32d5bdb6a858fe53b3ccf7e923957e53eada/include -O3 -std=c++20 -MP -Wno-int-to-pointer-cast -fno-var-tracking -mavx2 -fPIC -DFMT_HEADER_ONLY -fvisibility-inlines-hidden -fno-lto -DARCH_BLACKHOLE -DDISABLE_ISSUE_3487_FIX -Werror -Wdelete-non-virtual-dtor -Wreturn-type -Wswitch -Wuninitialized -Wno-unused-parameter -Wno-deprecated -Wno-attributes -Wno-stringop-overread -Wno-stringop-overflow -Wno-maybe-uninitialized -Wno-missing-requires -Wno-narrowing -Wno-non-template-friend -Wno-error=non-template-friend -fsized-deallocation -Winvalid-pch -x c++-header -include /home/runner/work/tt-metal/tt-metal/build/tests/ttnn/unit_tests/gtests/CMakeFiles/unit_tests_ttnn_ccl.dir/cmake_pch.hxx -MD -MT tests/ttnn/unit_tests/gtests/CMakeFiles/unit_tests_ttnn_ccl.dir/cmake_pch.hxx.gch -MF tests/ttnn/unit_tests/gtests/CMakeFiles/unit_tests_ttnn_ccl.dir/cmake_pch.hxx.gch.d -o tests/ttnn/unit_tests/gtests/CMakeFiles/unit_tests_ttnn_ccl.dir/cmake_pch.hxx.gch -c /home/runner/work/tt-metal/tt-metal/build/tests/ttnn/unit_tests/gtests/CMakeFiles/unit_tests_ttnn_ccl.dir/cmake_pch.hxx.cxx
2024-09-02T08:04:28.5412133Z [1003/1027] /usr/bin/g++-12 -DDISABLE_NAMESPACE_STATIC_ASSERT -DUSING_UV_SHARED=1 -DYAML_CPP_STATIC_DEFINE -I/home/runner/work/tt-metal/tt-metal/tt_metal/third_party/umd -I/home/runner/work/tt-metal/tt-metal -I/home/runner/work/tt-metal/tt-metal/tt_metal -I/home/runner/work/tt-metal/tt-metal/ttnn/cpp -I/home/runner/work/tt-metal/tt-metal/tt_metal/common -I/home/runner/work/tt-metal/tt-metal/tests -I/home/runner/work/tt-metal/tt-metal/tests/tt_eager -I/home/runner/work/tt-metal/tt-metal/ttnn -I/home/runner/work/tt-metal/tt-metal/ttnn/cpp/ttnn/deprecated -I/home/runner/work/tt-metal/tt-metal/tt_metal/third_party/fmt -I/home/runner/work/tt-metal/tt-metal/ttnn/cpp/ttnn/experimental/tt_lib -I/home/runner/work/tt-metal/tt-metal/tt_metal/third_party/pybind11/include -I/usr/include/python3.10 -I/home/runner/work/tt-metal/tt-metal/tt_metal/hw/inc -I/home/runner/work/tt-metal/tt-metal/tt_metal/hw/inc/blackhole -I/home/runner/work/tt-metal/tt-metal/tt_metal/third_party/umd/device/blackhole -I/home/runner/work/tt-metal/tt-metal/tt_metal/third_party/umd/src/firmware/riscv/blackhole -I/home/runner/work/tt-metal/tt-metal/.cpmcache/libuv/72aa6fc919b0653b47b7e9e7cf59ec92037e8693/include -I/home/runner/work/tt-metal/tt-metal/.cpmcache/yaml-cpp/905940a232aea3437e2fb77334461b1fe343318b/include -I/home/runner/work/tt-metal/tt-metal/tt_metal/third_party/umd/device -I/home/runner/work/tt-metal/tt-metal/tt_metal/third_party/umd/third_party/fmt/include -isystem /home/runner/work/tt-metal/tt-metal/.cpmcache/googletest/96129d89f45386492ae46d6bb8c027bc3df5f949/googletest/include -isystem /home/runner/work/tt-metal/tt-metal/.cpmcache/googletest/96129d89f45386492ae46d6bb8c027bc3df5f949/googletest -isystem /home/runner/work/tt-metal/tt-metal/.cpmcache/reflect/e75434c4c5f669e4a74e4d84e0a30d7249c1e66f -isystem /home/runner/work/tt-metal/tt-metal/.cpmcache/flatbuffers/2c4062bffa52fa4157b1b4deeae73395df475fda/include -isystem /home/runner/work/tt-metal/tt-metal/.cpmcache/nanomsg/28cc32d5bdb6a858fe53b3ccf7e923957e53eada/include -O3 -std=c++20 -MP -Wno-int-to-pointer-cast -fno-var-tracking -mavx2 -fPIC -DFMT_HEADER_ONLY -fvisibility-inlines-hidden -fno-lto -DARCH_BLACKHOLE -DDISABLE_ISSUE_3487_FIX -Werror -Wdelete-non-virtual-dtor -Wreturn-type -Wswitch -Wuninitialized -Wno-unused-parameter -Wno-deprecated -Wno-attributes -Wno-stringop-overread -Wno-stringop-overflow -Wno-maybe-uninitialized -Wno-missing-requires -Wno-narrowing -Wno-non-template-friend -Wno-error=non-template-friend -fsized-deallocation -Winvalid-pch -include /home/runner/work/tt-metal/tt-metal/build/tests/tt_eager/CMakeFiles/test_host_device_loopback.dir/cmake_pch.hxx -MD -MT tests/tt_eager/CMakeFiles/test_host_device_loopback.dir/tensors/test_host_device_loopback.cpp.o -MF tests/tt_eager/CMakeFiles/test_host_device_loopback.dir/tensors/test_host_device_loopback.cpp.o.d -o tests/tt_eager/CMakeFiles/test_host_device_loopback.dir/tensors/test_host_device_loopback.cpp.o -c /home/runner/work/tt-metal/tt-metal/tests/tt_eager/tensors/test_host_device_loopback.cpp
2024-09-02T08:04:28.8625944Z [1004/1027] : && /usr/bin/g++-12 -O3  tests/tt_eager/CMakeFiles/test_host_device_loopback.dir/tensors/test_host_device_loopback.cpp.o -o test/tt_eager/tensors/test_host_device_loopback  -Wl,-rpath,/home/runner/work/tt-metal/tt-metal/build/ttnn:/home/runner/work/tt-metal/tt-metal/build/lib:/home/runner/work/tt-metal/tt-metal/build/tt_metal:/home/runner/work/tt-metal/tt-metal/build/_deps/nanomsg-build:/home/runner/work/tt-metal/tt-metal/build/_deps/libuv-build  ttnn/_ttnn.so  lib/libgtest_main.so.1.13.0  lib/libgtest.so.1.13.0  tt_metal/libtt_metal.so  -lz  -latomic  -lhwloc  -lnuma  lib/libdevice.so  _deps/yaml-cpp-build/libyaml-cpp.a  -lstdc++  _deps/nanomsg-build/libnng.so.1.8.0  _deps/libuv-build/libuv.so.1.0.0  -lpthread  -ldl  -lrt  /usr/lib/x86_64-linux-gnu/libpython3.10.so && :
2024-09-02T08:04:40.9889846Z [1005/1027] /usr/bin/g++-12 -DDISABLE_NAMESPACE_STATIC_ASSERT -DUSING_UV_SHARED=1 -DYAML_CPP_STATIC_DEFINE -I/home/runner/work/tt-metal/tt-metal/tt_metal/third_party/umd -I/home/runner/work/tt-metal/tt-metal -I/home/runner/work/tt-metal/tt-metal/tt_metal -I/home/runner/work/tt-metal/tt-metal/ttnn/cpp -I/home/runner/work/tt-metal/tt-metal/tt_metal/common -I/home/runner/work/tt-metal/tt-metal/tests -I/home/runner/work/tt-metal/tt-metal/tests/tt_eager -I/home/runner/work/tt-metal/tt-metal/ttnn -I/home/runner/work/tt-metal/tt-metal/ttnn/cpp/ttnn/deprecated -I/home/runner/work/tt-metal/tt-metal/tt_metal/third_party/fmt -I/home/runner/work/tt-metal/tt-metal/ttnn/cpp/ttnn/experimental/tt_lib -I/home/runner/work/tt-metal/tt-metal/tt_metal/third_party/pybind11/include -I/usr/include/python3.10 -I/home/runner/work/tt-metal/tt-metal/tt_metal/hw/inc -I/home/runner/work/tt-metal/tt-metal/tt_metal/hw/inc/blackhole -I/home/runner/work/tt-metal/tt-metal/tt_metal/third_party/umd/device/blackhole -I/home/runner/work/tt-metal/tt-metal/tt_metal/third_party/umd/src/firmware/riscv/blackhole -I/home/runner/work/tt-metal/tt-metal/.cpmcache/libuv/72aa6fc919b0653b47b7e9e7cf59ec92037e8693/include -I/home/runner/work/tt-metal/tt-metal/.cpmcache/yaml-cpp/905940a232aea3437e2fb77334461b1fe343318b/include -I/home/runner/work/tt-metal/tt-metal/tt_metal/third_party/umd/device -I/home/runner/work/tt-metal/tt-metal/tt_metal/third_party/umd/third_party/fmt/include -isystem /home/runner/work/tt-metal/tt-metal/.cpmcache/googletest/96129d89f45386492ae46d6bb8c027bc3df5f949/googletest/include -isystem /home/runner/work/tt-metal/tt-metal/.cpmcache/googletest/96129d89f45386492ae46d6bb8c027bc3df5f949/googletest -isystem /home/runner/work/tt-metal/tt-metal/.cpmcache/reflect/e75434c4c5f669e4a74e4d84e0a30d7249c1e66f -isystem /home/runner/work/tt-metal/tt-metal/.cpmcache/flatbuffers/2c4062bffa52fa4157b1b4deeae73395df475fda/include -isystem /home/runner/work/tt-metal/tt-metal/.cpmcache/nanomsg/28cc32d5bdb6a858fe53b3ccf7e923957e53eada/include -O3 -std=c++20 -MP -Wno-int-to-pointer-cast -fno-var-tracking -mavx2 -fPIC -DFMT_HEADER_ONLY -fvisibility-inlines-hidden -fno-lto -DARCH_BLACKHOLE -DDISABLE_ISSUE_3487_FIX -Werror -Wdelete-non-virtual-dtor -Wreturn-type -Wswitch -Wuninitialized -Wno-unused-parameter -Wno-deprecated -Wno-attributes -Wno-stringop-overread -Wno-stringop-overflow -Wno-maybe-uninitialized -Wno-missing-requires -Wno-narrowing -Wno-non-template-friend -Wno-error=non-template-friend -fsized-deallocation -Winvalid-pch -include /home/runner/work/tt-metal/tt-metal/build/tests/tt_eager/CMakeFiles/test_raw_host_memory_pointer.dir/cmake_pch.hxx -MD -MT tests/tt_eager/CMakeFiles/test_raw_host_memory_pointer.dir/tensors/test_raw_host_memory_pointer.cpp.o -MF tests/tt_eager/CMakeFiles/test_raw_host_memory_pointer.dir/tensors/test_raw_host_memory_pointer.cpp.o.d -o tests/tt_eager/CMakeFiles/test_raw_host_memory_pointer.dir/tensors/test_raw_host_memory_pointer.cpp.o -c /home/runner/work/tt-metal/tt-metal/tests/tt_eager/tensors/test_raw_host_memory_pointer.cpp
2024-09-02T08:04:41.2269262Z [1006/1027] : && /usr/bin/g++-12 -O3  tests/tt_eager/CMakeFiles/test_raw_host_memory_pointer.dir/tensors/test_raw_host_memory_pointer.cpp.o -o test/tt_eager/tensors/test_raw_host_memory_pointer  -Wl,-rpath,/home/runner/work/tt-metal/tt-metal/build/ttnn:/home/runner/work/tt-metal/tt-metal/build/lib:/home/runner/work/tt-metal/tt-metal/build/tt_metal:/home/runner/work/tt-metal/tt-metal/build/_deps/nanomsg-build:/home/runner/work/tt-metal/tt-metal/build/_deps/libuv-build  ttnn/_ttnn.so  lib/libgtest_main.so.1.13.0  lib/libgtest.so.1.13.0  tt_metal/libtt_metal.so  -lz  -latomic  -lhwloc  -lnuma  lib/libdevice.so  _deps/yaml-cpp-build/libyaml-cpp.a  -lstdc++  _deps/nanomsg-build/libnng.so.1.8.0  _deps/libuv-build/libuv.so.1.0.0  -lpthread  -ldl  -lrt  /usr/lib/x86_64-linux-gnu/libpython3.10.so && :
2024-09-02T08:04:56.6035614Z [1007/1027] /usr/bin/g++-12 -DDISABLE_NAMESPACE_STATIC_ASSERT -DUSING_UV_SHARED=1 -DYAML_CPP_STATIC_DEFINE -I/home/runner/work/tt-metal/tt-metal/tt_metal/third_party/umd -I/home/runner/work/tt-metal/tt-metal -I/home/runner/work/tt-metal/tt-metal/tt_metal -I/home/runner/work/tt-metal/tt-metal/ttnn/cpp -I/home/runner/work/tt-metal/tt-metal/tt_metal/common -I/home/runner/work/tt-metal/tt-metal/tests -I/home/runner/work/tt-metal/tt-metal/tests/tt_eager -I/home/runner/work/tt-metal/tt-metal/ttnn -I/home/runner/work/tt-metal/tt-metal/ttnn/cpp/ttnn/deprecated -I/home/runner/work/tt-metal/tt-metal/tt_metal/third_party/fmt -I/home/runner/work/tt-metal/tt-metal/ttnn/cpp/ttnn/experimental/tt_lib -I/home/runner/work/tt-metal/tt-metal/tt_metal/third_party/pybind11/include -I/usr/include/python3.10 -I/home/runner/work/tt-metal/tt-metal/tt_metal/hw/inc -I/home/runner/work/tt-metal/tt-metal/tt_metal/hw/inc/blackhole -I/home/runner/work/tt-metal/tt-metal/tt_metal/third_party/umd/device/blackhole -I/home/runner/work/tt-metal/tt-metal/tt_metal/third_party/umd/src/firmware/riscv/blackhole -I/home/runner/work/tt-metal/tt-metal/.cpmcache/libuv/72aa6fc919b0653b47b7e9e7cf59ec92037e8693/include -I/home/runner/work/tt-metal/tt-metal/.cpmcache/yaml-cpp/905940a232aea3437e2fb77334461b1fe343318b/include -I/home/runner/work/tt-metal/tt-metal/tt_metal/third_party/umd/device -I/home/runner/work/tt-metal/tt-metal/tt_metal/third_party/umd/third_party/fmt/include -isystem /home/runner/work/tt-metal/tt-metal/.cpmcache/googletest/96129d89f45386492ae46d6bb8c027bc3df5f949/googletest/include -isystem /home/runner/work/tt-metal/tt-metal/.cpmcache/googletest/96129d89f45386492ae46d6bb8c027bc3df5f949/googletest -isystem /home/runner/work/tt-metal/tt-metal/.cpmcache/reflect/e75434c4c5f669e4a74e4d84e0a30d7249c1e66f -isystem /home/runner/work/tt-metal/tt-metal/.cpmcache/flatbuffers/2c4062bffa52fa4157b1b4deeae73395df475fda/include -isystem /home/runner/work/tt-metal/tt-metal/.cpmcache/nanomsg/28cc32d5bdb6a858fe53b3ccf7e923957e53eada/include -O3 -std=c++20 -MP -Wno-int-to-pointer-cast -fno-var-tracking -mavx2 -fPIC -DFMT_HEADER_ONLY -fvisibility-inlines-hidden -fno-lto -DARCH_BLACKHOLE -DDISABLE_ISSUE_3487_FIX -Werror -Wdelete-non-virtual-dtor -Wreturn-type -Wswitch -Wuninitialized -Wno-unused-parameter -Wno-deprecated -Wno-attributes -Wno-stringop-overread -Wno-stringop-overflow -Wno-maybe-uninitialized -Wno-missing-requires -Wno-narrowing -Wno-non-template-friend -Wno-error=non-template-friend -fsized-deallocation -Winvalid-pch -include /home/runner/work/tt-metal/tt-metal/build/tests/tt_eager/CMakeFiles/test_async_tensor_apis.dir/cmake_pch.hxx -MD -MT tests/tt_eager/CMakeFiles/test_async_tensor_apis.dir/tensors/test_async_tensor_apis.cpp.o -MF tests/tt_eager/CMakeFiles/test_async_tensor_apis.dir/tensors/test_async_tensor_apis.cpp.o.d -o tests/tt_eager/CMakeFiles/test_async_tensor_apis.dir/tensors/test_async_tensor_apis.cpp.o -c /home/runner/work/tt-metal/tt-metal/tests/tt_eager/tensors/test_async_tensor_apis.cpp
2024-09-02T08:04:56.8858697Z [1008/1027] : && /usr/bin/g++-12 -O3  tests/tt_eager/CMakeFiles/test_async_tensor_apis.dir/tensors/test_async_tensor_apis.cpp.o -o test/tt_eager/tensors/test_async_tensor_apis  -Wl,-rpath,/home/runner/work/tt-metal/tt-metal/build/ttnn:/home/runner/work/tt-metal/tt-metal/build/lib:/home/runner/work/tt-metal/tt-metal/build/tt_metal:/home/runner/work/tt-metal/tt-metal/build/_deps/nanomsg-build:/home/runner/work/tt-metal/tt-metal/build/_deps/libuv-build  ttnn/_ttnn.so  lib/libgtest_main.so.1.13.0  lib/libgtest.so.1.13.0  tt_metal/libtt_metal.so  -lz  -latomic  -lhwloc  -lnuma  lib/libdevice.so  _deps/yaml-cpp-build/libyaml-cpp.a  -lstdc++  _deps/nanomsg-build/libnng.so.1.8.0  _deps/libuv-build/libuv.so.1.0.0  -lpthread  -ldl  -lrt  /usr/lib/x86_64-linux-gnu/libpython3.10.so && :
2024-09-02T08:05:08.7293364Z [1009/1027] /usr/bin/g++-12 -DDISABLE_NAMESPACE_STATIC_ASSERT -DUSING_UV_SHARED=1 -DYAML_CPP_STATIC_DEFINE -I/home/runner/work/tt-metal/tt-metal/tt_metal/third_party/umd -I/home/runner/work/tt-metal/tt-metal -I/home/runner/work/tt-metal/tt-metal/tt_metal -I/home/runner/work/tt-metal/tt-metal/ttnn/cpp -I/home/runner/work/tt-metal/tt-metal/tt_metal/common -I/home/runner/work/tt-metal/tt-metal/tests -I/home/runner/work/tt-metal/tt-metal/tests/tt_eager -I/home/runner/work/tt-metal/tt-metal/ttnn -I/home/runner/work/tt-metal/tt-metal/ttnn/cpp/ttnn/deprecated -I/home/runner/work/tt-metal/tt-metal/tt_metal/third_party/fmt -I/home/runner/work/tt-metal/tt-metal/ttnn/cpp/ttnn/experimental/tt_lib -I/home/runner/work/tt-metal/tt-metal/tt_metal/third_party/pybind11/include -I/usr/include/python3.10 -I/home/runner/work/tt-metal/tt-metal/tt_metal/hw/inc -I/home/runner/work/tt-metal/tt-metal/tt_metal/hw/inc/blackhole -I/home/runner/work/tt-metal/tt-metal/tt_metal/third_party/umd/device/blackhole -I/home/runner/work/tt-metal/tt-metal/tt_metal/third_party/umd/src/firmware/riscv/blackhole -I/home/runner/work/tt-metal/tt-metal/.cpmcache/libuv/72aa6fc919b0653b47b7e9e7cf59ec92037e8693/include -I/home/runner/work/tt-metal/tt-metal/.cpmcache/yaml-cpp/905940a232aea3437e2fb77334461b1fe343318b/include -I/home/runner/work/tt-metal/tt-metal/tt_metal/third_party/umd/device -I/home/runner/work/tt-metal/tt-metal/tt_metal/third_party/umd/third_party/fmt/include -isystem /home/runner/work/tt-metal/tt-metal/.cpmcache/googletest/96129d89f45386492ae46d6bb8c027bc3df5f949/googletest/include -isystem /home/runner/work/tt-metal/tt-metal/.cpmcache/googletest/96129d89f45386492ae46d6bb8c027bc3df5f949/googletest -isystem /home/runner/work/tt-metal/tt-metal/.cpmcache/reflect/e75434c4c5f669e4a74e4d84e0a30d7249c1e66f -isystem /home/runner/work/tt-metal/tt-metal/.cpmcache/flatbuffers/2c4062bffa52fa4157b1b4deeae73395df475fda/include -isystem /home/runner/work/tt-metal/tt-metal/.cpmcache/nanomsg/28cc32d5bdb6a858fe53b3ccf7e923957e53eada/include -O3 -std=c++20 -MP -Wno-int-to-pointer-cast -fno-var-tracking -mavx2 -fPIC -DFMT_HEADER_ONLY -fvisibility-inlines-hidden -fno-lto -DARCH_BLACKHOLE -DDISABLE_ISSUE_3487_FIX -Werror -Wdelete-non-virtual-dtor -Wreturn-type -Wswitch -Wuninitialized -Wno-unused-parameter -Wno-deprecated -Wno-attributes -Wno-stringop-overread -Wno-stringop-overflow -Wno-maybe-uninitialized -Wno-missing-requires -Wno-narrowing -Wno-non-template-friend -Wno-error=non-template-friend -fsized-deallocation -Winvalid-pch -include /home/runner/work/tt-metal/tt-metal/build/tests/tt_eager/CMakeFiles/test_bert.dir/cmake_pch.hxx -MD -MT tests/tt_eager/CMakeFiles/test_bert.dir/integration_tests/test_bert.cpp.o -MF tests/tt_eager/CMakeFiles/test_bert.dir/integration_tests/test_bert.cpp.o.d -o tests/tt_eager/CMakeFiles/test_bert.dir/integration_tests/test_bert.cpp.o -c /home/runner/work/tt-metal/tt-metal/tests/tt_eager/integration_tests/test_bert.cpp
2024-09-02T08:05:08.9219393Z [1010/1027] : && /usr/bin/g++-12 -O3  tests/tt_eager/CMakeFiles/test_bert.dir/integration_tests/test_bert.cpp.o -o test/tt_eager/integration_tests/test_bert  -Wl,-rpath,/home/runner/work/tt-metal/tt-metal/build/ttnn:/home/runner/work/tt-metal/tt-metal/build/lib:/home/runner/work/tt-metal/tt-metal/build/tt_metal:/home/runner/work/tt-metal/tt-metal/build/_deps/nanomsg-build:/home/runner/work/tt-metal/tt-metal/build/_deps/libuv-build  ttnn/_ttnn.so  lib/libgtest_main.so.1.13.0  lib/libgtest.so.1.13.0  tt_metal/libtt_metal.so  -lz  -latomic  -lhwloc  -lnuma  lib/libdevice.so  _deps/yaml-cpp-build/libyaml-cpp.a  -lstdc++  _deps/nanomsg-build/libnng.so.1.8.0  _deps/libuv-build/libuv.so.1.0.0  -lpthread  -ldl  -lrt  /usr/lib/x86_64-linux-gnu/libpython3.10.so && :
2024-09-02T08:05:12.4794335Z [1011/1027] /usr/bin/g++-12 -DDISABLE_NAMESPACE_STATIC_ASSERT -DUSING_UV_SHARED=1 -DYAML_CPP_STATIC_DEFINE -I/home/runner/work/tt-metal/tt-metal/tt_metal/third_party/umd -I/home/runner/work/tt-metal/tt-metal -I/home/runner/work/tt-metal/tt-metal/tt_metal -I/home/runner/work/tt-metal/tt-metal/tests -I/home/runner/work/tt-metal/tt-metal/tests/ttnn/unit_tests/gtests -I/home/runner/work/tt-metal/tt-metal/ttnn -I/home/runner/work/tt-metal/tt-metal/ttnn/cpp/ttnn/deprecated -I/home/runner/work/tt-metal/tt-metal/ttnn/cpp -I/home/runner/work/tt-metal/tt-metal/tt_metal/third_party/fmt -I/home/runner/work/tt-metal/tt-metal/ttnn/cpp/ttnn/experimental/tt_lib -I/home/runner/work/tt-metal/tt-metal/tt_metal/third_party/pybind11/include -I/usr/include/python3.10 -I/home/runner/work/tt-metal/tt-metal/tt_metal/hw/inc -I/home/runner/work/tt-metal/tt-metal/tt_metal/hw/inc/blackhole -I/home/runner/work/tt-metal/tt-metal/tt_metal/third_party/umd/device/blackhole -I/home/runner/work/tt-metal/tt-metal/tt_metal/third_party/umd/src/firmware/riscv/blackhole -I/home/runner/work/tt-metal/tt-metal/.cpmcache/libuv/72aa6fc919b0653b47b7e9e7cf59ec92037e8693/include -I/home/runner/work/tt-metal/tt-metal/.cpmcache/yaml-cpp/905940a232aea3437e2fb77334461b1fe343318b/include -I/home/runner/work/tt-metal/tt-metal/tt_metal/third_party/umd/device -I/home/runner/work/tt-metal/tt-metal/tt_metal/third_party/umd/third_party/fmt/include -isystem /home/runner/work/tt-metal/tt-metal/.cpmcache/googletest/96129d89f45386492ae46d6bb8c027bc3df5f949/googletest/include -isystem /home/runner/work/tt-metal/tt-metal/.cpmcache/googletest/96129d89f45386492ae46d6bb8c027bc3df5f949/googletest -isystem /home/runner/work/tt-metal/tt-metal/.cpmcache/reflect/e75434c4c5f669e4a74e4d84e0a30d7249c1e66f -isystem /home/runner/work/tt-metal/tt-metal/.cpmcache/flatbuffers/2c4062bffa52fa4157b1b4deeae73395df475fda/include -isystem /home/runner/work/tt-metal/tt-metal/.cpmcache/nanomsg/28cc32d5bdb6a858fe53b3ccf7e923957e53eada/include -O3 -std=c++20 -MP -Wno-int-to-pointer-cast -fno-var-tracking -mavx2 -fPIC -DFMT_HEADER_ONLY -fvisibility-inlines-hidden -fno-lto -DARCH_BLACKHOLE -DDISABLE_ISSUE_3487_FIX -Werror -Wdelete-non-virtual-dtor -Wreturn-type -Wswitch -Wuninitialized -Wno-unused-parameter -Wno-deprecated -Wno-attributes -Wno-stringop-overread -Wno-stringop-overflow -Wno-maybe-uninitialized -Wno-missing-requires -Wno-narrowing -Wno-non-template-friend -Wno-error=non-template-friend -fsized-deallocation -Winvalid-pch -include /home/runner/work/tt-metal/tt-metal/build/tests/ttnn/unit_tests/gtests/CMakeFiles/unit_tests_ttnn.dir/cmake_pch.hxx -MD -MT tests/ttnn/unit_tests/gtests/CMakeFiles/unit_tests_ttnn.dir/test_async_runtime.cpp.o -MF tests/ttnn/unit_tests/gtests/CMakeFiles/unit_tests_ttnn.dir/test_async_runtime.cpp.o.d -o tests/ttnn/unit_tests/gtests/CMakeFiles/unit_tests_ttnn.dir/test_async_runtime.cpp.o -c /home/runner/work/tt-metal/tt-metal/tests/ttnn/unit_tests/gtests/test_async_runtime.cpp
2024-09-02T08:05:17.5765403Z [1012/1027] /usr/bin/g++-12 -DDISABLE_NAMESPACE_STATIC_ASSERT -DUSING_UV_SHARED=1 -DYAML_CPP_STATIC_DEFINE -I/home/runner/work/tt-metal/tt-metal/tt_metal/third_party/umd -I/home/runner/work/tt-metal/tt-metal -I/home/runner/work/tt-metal/tt-metal/tt_metal -I/home/runner/work/tt-metal/tt-metal/tests -I/home/runner/work/tt-metal/tt-metal/tests/ttnn/unit_tests/gtests -I/home/runner/work/tt-metal/tt-metal/ttnn -I/home/runner/work/tt-metal/tt-metal/ttnn/cpp/ttnn/deprecated -I/home/runner/work/tt-metal/tt-metal/ttnn/cpp -I/home/runner/work/tt-metal/tt-metal/tt_metal/third_party/fmt -I/home/runner/work/tt-metal/tt-metal/ttnn/cpp/ttnn/experimental/tt_lib -I/home/runner/work/tt-metal/tt-metal/tt_metal/third_party/pybind11/include -I/usr/include/python3.10 -I/home/runner/work/tt-metal/tt-metal/tt_metal/hw/inc -I/home/runner/work/tt-metal/tt-metal/tt_metal/hw/inc/blackhole -I/home/runner/work/tt-metal/tt-metal/tt_metal/third_party/umd/device/blackhole -I/home/runner/work/tt-metal/tt-metal/tt_metal/third_party/umd/src/firmware/riscv/blackhole -I/home/runner/work/tt-metal/tt-metal/.cpmcache/libuv/72aa6fc919b0653b47b7e9e7cf59ec92037e8693/include -I/home/runner/work/tt-metal/tt-metal/.cpmcache/yaml-cpp/905940a232aea3437e2fb77334461b1fe343318b/include -I/home/runner/work/tt-metal/tt-metal/tt_metal/third_party/umd/device -I/home/runner/work/tt-metal/tt-metal/tt_metal/third_party/umd/third_party/fmt/include -isystem /home/runner/work/tt-metal/tt-metal/.cpmcache/googletest/96129d89f45386492ae46d6bb8c027bc3df5f949/googletest/include -isystem /home/runner/work/tt-metal/tt-metal/.cpmcache/googletest/96129d89f45386492ae46d6bb8c027bc3df5f949/googletest -isystem /home/runner/work/tt-metal/tt-metal/.cpmcache/reflect/e75434c4c5f669e4a74e4d84e0a30d7249c1e66f -isystem /home/runner/work/tt-metal/tt-metal/.cpmcache/flatbuffers/2c4062bffa52fa4157b1b4deeae73395df475fda/include -isystem /home/runner/work/tt-metal/tt-metal/.cpmcache/nanomsg/28cc32d5bdb6a858fe53b3ccf7e923957e53eada/include -O3 -std=c++20 -MP -Wno-int-to-pointer-cast -fno-var-tracking -mavx2 -fPIC -DFMT_HEADER_ONLY -fvisibility-inlines-hidden -fno-lto -DARCH_BLACKHOLE -DDISABLE_ISSUE_3487_FIX -Werror -Wdelete-non-virtual-dtor -Wreturn-type -Wswitch -Wuninitialized -Wno-unused-parameter -Wno-deprecated -Wno-attributes -Wno-stringop-overread -Wno-stringop-overflow -Wno-maybe-uninitialized -Wno-missing-requires -Wno-narrowing -Wno-non-template-friend -Wno-error=non-template-friend -fsized-deallocation -Winvalid-pch -include /home/runner/work/tt-metal/tt-metal/build/tests/ttnn/unit_tests/gtests/CMakeFiles/unit_tests_ttnn.dir/cmake_pch.hxx -MD -MT tests/ttnn/unit_tests/gtests/CMakeFiles/unit_tests_ttnn.dir/test_add.cpp.o -MF tests/ttnn/unit_tests/gtests/CMakeFiles/unit_tests_ttnn.dir/test_add.cpp.o.d -o tests/ttnn/unit_tests/gtests/CMakeFiles/unit_tests_ttnn.dir/test_add.cpp.o -c /home/runner/work/tt-metal/tt-metal/tests/ttnn/unit_tests/gtests/test_add.cpp
2024-09-02T08:05:20.7571660Z [1013/1027] /usr/bin/g++-12 -DDISABLE_NAMESPACE_STATIC_ASSERT -DUSING_UV_SHARED=1 -DYAML_CPP_STATIC_DEFINE -I/home/runner/work/tt-metal/tt-metal/tt_metal/third_party/umd -I/home/runner/work/tt-metal/tt-metal -I/home/runner/work/tt-metal/tt-metal/tt_metal -I/home/runner/work/tt-metal/tt-metal/tests -I/home/runner/work/tt-metal/tt-metal/tests/ttnn/unit_tests/gtests -I/home/runner/work/tt-metal/tt-metal/ttnn -I/home/runner/work/tt-metal/tt-metal/ttnn/cpp/ttnn/deprecated -I/home/runner/work/tt-metal/tt-metal/ttnn/cpp -I/home/runner/work/tt-metal/tt-metal/tt_metal/third_party/fmt -I/home/runner/work/tt-metal/tt-metal/ttnn/cpp/ttnn/experimental/tt_lib -I/home/runner/work/tt-metal/tt-metal/tt_metal/third_party/pybind11/include -I/usr/include/python3.10 -I/home/runner/work/tt-metal/tt-metal/tt_metal/hw/inc -I/home/runner/work/tt-metal/tt-metal/tt_metal/hw/inc/blackhole -I/home/runner/work/tt-metal/tt-metal/tt_metal/third_party/umd/device/blackhole -I/home/runner/work/tt-metal/tt-metal/tt_metal/third_party/umd/src/firmware/riscv/blackhole -I/home/runner/work/tt-metal/tt-metal/.cpmcache/libuv/72aa6fc919b0653b47b7e9e7cf59ec92037e8693/include -I/home/runner/work/tt-metal/tt-metal/.cpmcache/yaml-cpp/905940a232aea3437e2fb77334461b1fe343318b/include -I/home/runner/work/tt-metal/tt-metal/tt_metal/third_party/umd/device -I/home/runner/work/tt-metal/tt-metal/tt_metal/third_party/umd/third_party/fmt/include -isystem /home/runner/work/tt-metal/tt-metal/.cpmcache/googletest/96129d89f45386492ae46d6bb8c027bc3df5f949/googletest/include -isystem /home/runner/work/tt-metal/tt-metal/.cpmcache/googletest/96129d89f45386492ae46d6bb8c027bc3df5f949/googletest -isystem /home/runner/work/tt-metal/tt-metal/.cpmcache/reflect/e75434c4c5f669e4a74e4d84e0a30d7249c1e66f -isystem /home/runner/work/tt-metal/tt-metal/.cpmcache/flatbuffers/2c4062bffa52fa4157b1b4deeae73395df475fda/include -isystem /home/runner/work/tt-metal/tt-metal/.cpmcache/nanomsg/28cc32d5bdb6a858fe53b3ccf7e923957e53eada/include -O3 -std=c++20 -MP -Wno-int-to-pointer-cast -fno-var-tracking -mavx2 -fPIC -DFMT_HEADER_ONLY -fvisibility-inlines-hidden -fno-lto -DARCH_BLACKHOLE -DDISABLE_ISSUE_3487_FIX -Werror -Wdelete-non-virtual-dtor -Wreturn-type -Wswitch -Wuninitialized -Wno-unused-parameter -Wno-deprecated -Wno-attributes -Wno-stringop-overread -Wno-stringop-overflow -Wno-maybe-uninitialized -Wno-missing-requires -Wno-narrowing -Wno-non-template-friend -Wno-error=non-template-friend -fsized-deallocation -Winvalid-pch -include /home/runner/work/tt-metal/tt-metal/build/tests/ttnn/unit_tests/gtests/CMakeFiles/unit_tests_ttnn.dir/cmake_pch.hxx -MD -MT tests/ttnn/unit_tests/gtests/CMakeFiles/unit_tests_ttnn.dir/test_graph_add.cpp.o -MF tests/ttnn/unit_tests/gtests/CMakeFiles/unit_tests_ttnn.dir/test_graph_add.cpp.o.d -o tests/ttnn/unit_tests/gtests/CMakeFiles/unit_tests_ttnn.dir/test_graph_add.cpp.o -c /home/runner/work/tt-metal/tt-metal/tests/ttnn/unit_tests/gtests/test_graph_add.cpp
2024-09-02T08:05:21.8639190Z [1014/1027] /usr/bin/g++-12 -DDISABLE_NAMESPACE_STATIC_ASSERT -DUSING_UV_SHARED=1 -DYAML_CPP_STATIC_DEFINE -I/home/runner/work/tt-metal/tt-metal/tt_metal/third_party/umd -I/home/runner/work/tt-metal/tt-metal -I/home/runner/work/tt-metal/tt-metal/tt_metal -I/home/runner/work/tt-metal/tt-metal/tests -I/home/runner/work/tt-metal/tt-metal/tests/ttnn/unit_tests/gtests -I/home/runner/work/tt-metal/tt-metal/ttnn -I/home/runner/work/tt-metal/tt-metal/ttnn/cpp/ttnn/deprecated -I/home/runner/work/tt-metal/tt-metal/ttnn/cpp -I/home/runner/work/tt-metal/tt-metal/tt_metal/third_party/fmt -I/home/runner/work/tt-metal/tt-metal/ttnn/cpp/ttnn/experimental/tt_lib -I/home/runner/work/tt-metal/tt-metal/tt_metal/third_party/pybind11/include -I/usr/include/python3.10 -I/home/runner/work/tt-metal/tt-metal/tt_metal/hw/inc -I/home/runner/work/tt-metal/tt-metal/tt_metal/hw/inc/blackhole -I/home/runner/work/tt-metal/tt-metal/tt_metal/third_party/umd/device/blackhole -I/home/runner/work/tt-metal/tt-metal/tt_metal/third_party/umd/src/firmware/riscv/blackhole -I/home/runner/work/tt-metal/tt-metal/.cpmcache/libuv/72aa6fc919b0653b47b7e9e7cf59ec92037e8693/include -I/home/runner/work/tt-metal/tt-metal/.cpmcache/yaml-cpp/905940a232aea3437e2fb77334461b1fe343318b/include -I/home/runner/work/tt-metal/tt-metal/tt_metal/third_party/umd/device -I/home/runner/work/tt-metal/tt-metal/tt_metal/third_party/umd/third_party/fmt/include -isystem /home/runner/work/tt-metal/tt-metal/.cpmcache/googletest/96129d89f45386492ae46d6bb8c027bc3df5f949/googletest/include -isystem /home/runner/work/tt-metal/tt-metal/.cpmcache/googletest/96129d89f45386492ae46d6bb8c027bc3df5f949/googletest -isystem /home/runner/work/tt-metal/tt-metal/.cpmcache/reflect/e75434c4c5f669e4a74e4d84e0a30d7249c1e66f -isystem /home/runner/work/tt-metal/tt-metal/.cpmcache/flatbuffers/2c4062bffa52fa4157b1b4deeae73395df475fda/include -isystem /home/runner/work/tt-metal/tt-metal/.cpmcache/nanomsg/28cc32d5bdb6a858fe53b3ccf7e923957e53eada/include -O3 -std=c++20 -MP -Wno-int-to-pointer-cast -fno-var-tracking -mavx2 -fPIC -DFMT_HEADER_ONLY -fvisibility-inlines-hidden -fno-lto -DARCH_BLACKHOLE -DDISABLE_ISSUE_3487_FIX -Werror -Wdelete-non-virtual-dtor -Wreturn-type -Wswitch -Wuninitialized -Wno-unused-parameter -Wno-deprecated -Wno-attributes -Wno-stringop-overread -Wno-stringop-overflow -Wno-maybe-uninitialized -Wno-missing-requires -Wno-narrowing -Wno-non-template-friend -Wno-error=non-template-friend -fsized-deallocation -Winvalid-pch -include /home/runner/work/tt-metal/tt-metal/build/tests/ttnn/unit_tests/gtests/CMakeFiles/unit_tests_ttnn.dir/cmake_pch.hxx -MD -MT tests/ttnn/unit_tests/gtests/CMakeFiles/unit_tests_ttnn.dir/test_reflect.cpp.o -MF tests/ttnn/unit_tests/gtests/CMakeFiles/unit_tests_ttnn.dir/test_reflect.cpp.o.d -o tests/ttnn/unit_tests/gtests/CMakeFiles/unit_tests_ttnn.dir/test_reflect.cpp.o -c /home/runner/work/tt-metal/tt-metal/tests/ttnn/unit_tests/gtests/test_reflect.cpp
2024-09-02T08:05:29.1734881Z [1015/1027] /usr/bin/g++-12 -DDISABLE_NAMESPACE_STATIC_ASSERT -DUSING_UV_SHARED=1 -DYAML_CPP_STATIC_DEFINE -I/home/runner/work/tt-metal/tt-metal/tt_metal/third_party/umd -I/home/runner/work/tt-metal/tt-metal -I/home/runner/work/tt-metal/tt-metal/tt_metal -I/home/runner/work/tt-metal/tt-metal/tests -I/home/runner/work/tt-metal/tt-metal/tests/ttnn/unit_tests/gtests -I/home/runner/work/tt-metal/tt-metal/ttnn -I/home/runner/work/tt-metal/tt-metal/ttnn/cpp/ttnn/deprecated -I/home/runner/work/tt-metal/tt-metal/ttnn/cpp -I/home/runner/work/tt-metal/tt-metal/tt_metal/third_party/fmt -I/home/runner/work/tt-metal/tt-metal/ttnn/cpp/ttnn/experimental/tt_lib -I/home/runner/work/tt-metal/tt-metal/tt_metal/third_party/pybind11/include -I/usr/include/python3.10 -I/home/runner/work/tt-metal/tt-metal/tt_metal/hw/inc -I/home/runner/work/tt-metal/tt-metal/tt_metal/hw/inc/blackhole -I/home/runner/work/tt-metal/tt-metal/tt_metal/third_party/umd/device/blackhole -I/home/runner/work/tt-metal/tt-metal/tt_metal/third_party/umd/src/firmware/riscv/blackhole -I/home/runner/work/tt-metal/tt-metal/.cpmcache/libuv/72aa6fc919b0653b47b7e9e7cf59ec92037e8693/include -I/home/runner/work/tt-metal/tt-metal/.cpmcache/yaml-cpp/905940a232aea3437e2fb77334461b1fe343318b/include -I/home/runner/work/tt-metal/tt-metal/tt_metal/third_party/umd/device -I/home/runner/work/tt-metal/tt-metal/tt_metal/third_party/umd/third_party/fmt/include -isystem /home/runner/work/tt-metal/tt-metal/.cpmcache/googletest/96129d89f45386492ae46d6bb8c027bc3df5f949/googletest/include -isystem /home/runner/work/tt-metal/tt-metal/.cpmcache/googletest/96129d89f45386492ae46d6bb8c027bc3df5f949/googletest -isystem /home/runner/work/tt-metal/tt-metal/.cpmcache/reflect/e75434c4c5f669e4a74e4d84e0a30d7249c1e66f -isystem /home/runner/work/tt-metal/tt-metal/.cpmcache/flatbuffers/2c4062bffa52fa4157b1b4deeae73395df475fda/include -isystem /home/runner/work/tt-metal/tt-metal/.cpmcache/nanomsg/28cc32d5bdb6a858fe53b3ccf7e923957e53eada/include -O3 -std=c++20 -MP -Wno-int-to-pointer-cast -fno-var-tracking -mavx2 -fPIC -DFMT_HEADER_ONLY -fvisibility-inlines-hidden -fno-lto -DARCH_BLACKHOLE -DDISABLE_ISSUE_3487_FIX -Werror -Wdelete-non-virtual-dtor -Wreturn-type -Wswitch -Wuninitialized -Wno-unused-parameter -Wno-deprecated -Wno-attributes -Wno-stringop-overread -Wno-stringop-overflow -Wno-maybe-uninitialized -Wno-missing-requires -Wno-narrowing -Wno-non-template-friend -Wno-error=non-template-friend -fsized-deallocation -Winvalid-pch -include /home/runner/work/tt-metal/tt-metal/build/tests/ttnn/unit_tests/gtests/CMakeFiles/unit_tests_ttnn.dir/cmake_pch.hxx -MD -MT tests/ttnn/unit_tests/gtests/CMakeFiles/unit_tests_ttnn.dir/test_repeat_interleave.cpp.o -MF tests/ttnn/unit_tests/gtests/CMakeFiles/unit_tests_ttnn.dir/test_repeat_interleave.cpp.o.d -o tests/ttnn/unit_tests/gtests/CMakeFiles/unit_tests_ttnn.dir/test_repeat_interleave.cpp.o -c /home/runner/work/tt-metal/tt-metal/tests/ttnn/unit_tests/gtests/test_repeat_interleave.cpp
2024-09-02T08:05:30.5434721Z [1016/1027] /usr/bin/g++-12 -DDISABLE_NAMESPACE_STATIC_ASSERT -DUSING_UV_SHARED=1 -DYAML_CPP_STATIC_DEFINE -I/home/runner/work/tt-metal/tt-metal/tt_metal/third_party/umd -I/home/runner/work/tt-metal/tt-metal -I/home/runner/work/tt-metal/tt-metal/tt_metal -I/home/runner/work/tt-metal/tt-metal/tests -I/home/runner/work/tt-metal/tt-metal/tests/ttnn/unit_tests/gtests -I/home/runner/work/tt-metal/tt-metal/ttnn -I/home/runner/work/tt-metal/tt-metal/ttnn/cpp/ttnn/deprecated -I/home/runner/work/tt-metal/tt-metal/ttnn/cpp -I/home/runner/work/tt-metal/tt-metal/tt_metal/third_party/fmt -I/home/runner/work/tt-metal/tt-metal/ttnn/cpp/ttnn/experimental/tt_lib -I/home/runner/work/tt-metal/tt-metal/tt_metal/third_party/pybind11/include -I/usr/include/python3.10 -I/home/runner/work/tt-metal/tt-metal/tt_metal/hw/inc -I/home/runner/work/tt-metal/tt-metal/tt_metal/hw/inc/blackhole -I/home/runner/work/tt-metal/tt-metal/tt_metal/third_party/umd/device/blackhole -I/home/runner/work/tt-metal/tt-metal/tt_metal/third_party/umd/src/firmware/riscv/blackhole -I/home/runner/work/tt-metal/tt-metal/.cpmcache/libuv/72aa6fc919b0653b47b7e9e7cf59ec92037e8693/include -I/home/runner/work/tt-metal/tt-metal/.cpmcache/yaml-cpp/905940a232aea3437e2fb77334461b1fe343318b/include -I/home/runner/work/tt-metal/tt-metal/tt_metal/third_party/umd/device -I/home/runner/work/tt-metal/tt-metal/tt_metal/third_party/umd/third_party/fmt/include -isystem /home/runner/work/tt-metal/tt-metal/.cpmcache/googletest/96129d89f45386492ae46d6bb8c027bc3df5f949/googletest/include -isystem /home/runner/work/tt-metal/tt-metal/.cpmcache/googletest/96129d89f45386492ae46d6bb8c027bc3df5f949/googletest -isystem /home/runner/work/tt-metal/tt-metal/.cpmcache/reflect/e75434c4c5f669e4a74e4d84e0a30d7249c1e66f -isystem /home/runner/work/tt-metal/tt-metal/.cpmcache/flatbuffers/2c4062bffa52fa4157b1b4deeae73395df475fda/include -isystem /home/runner/work/tt-metal/tt-metal/.cpmcache/nanomsg/28cc32d5bdb6a858fe53b3ccf7e923957e53eada/include -O3 -std=c++20 -MP -Wno-int-to-pointer-cast -fno-var-tracking -mavx2 -fPIC -DFMT_HEADER_ONLY -fvisibility-inlines-hidden -fno-lto -DARCH_BLACKHOLE -DDISABLE_ISSUE_3487_FIX -Werror -Wdelete-non-virtual-dtor -Wreturn-type -Wswitch -Wuninitialized -Wno-unused-parameter -Wno-deprecated -Wno-attributes -Wno-stringop-overread -Wno-stringop-overflow -Wno-maybe-uninitialized -Wno-missing-requires -Wno-narrowing -Wno-non-template-friend -Wno-error=non-template-friend -fsized-deallocation -Winvalid-pch -x c++-header -include /home/runner/work/tt-metal/tt-metal/build/tests/ttnn/unit_tests/gtests/CMakeFiles/test_multi_device.dir/cmake_pch.hxx -MD -MT tests/ttnn/unit_tests/gtests/CMakeFiles/test_multi_device.dir/cmake_pch.hxx.gch -MF tests/ttnn/unit_tests/gtests/CMakeFiles/test_multi_device.dir/cmake_pch.hxx.gch.d -o tests/ttnn/unit_tests/gtests/CMakeFiles/test_multi_device.dir/cmake_pch.hxx.gch -c /home/runner/work/tt-metal/tt-metal/build/tests/ttnn/unit_tests/gtests/CMakeFiles/test_multi_device.dir/cmake_pch.hxx.cxx
2024-09-02T08:05:36.4064807Z [1017/1027] /usr/bin/g++-12 -DDISABLE_NAMESPACE_STATIC_ASSERT -DUSING_UV_SHARED=1 -DYAML_CPP_STATIC_DEFINE -I/home/runner/work/tt-metal/tt-metal/tt_metal/third_party/umd -I/home/runner/work/tt-metal/tt-metal -I/home/runner/work/tt-metal/tt-metal/tt_metal -I/home/runner/work/tt-metal/tt-metal/tests -I/home/runner/work/tt-metal/tt-metal/tests/ttnn/unit_tests/gtests -I/home/runner/work/tt-metal/tt-metal/ttnn -I/home/runner/work/tt-metal/tt-metal/ttnn/cpp/ttnn/deprecated -I/home/runner/work/tt-metal/tt-metal/ttnn/cpp -I/home/runner/work/tt-metal/tt-metal/tt_metal/third_party/fmt -I/home/runner/work/tt-metal/tt-metal/ttnn/cpp/ttnn/experimental/tt_lib -I/home/runner/work/tt-metal/tt-metal/tt_metal/third_party/pybind11/include -I/usr/include/python3.10 -I/home/runner/work/tt-metal/tt-metal/tt_metal/hw/inc -I/home/runner/work/tt-metal/tt-metal/tt_metal/hw/inc/blackhole -I/home/runner/work/tt-metal/tt-metal/tt_metal/third_party/umd/device/blackhole -I/home/runner/work/tt-metal/tt-metal/tt_metal/third_party/umd/src/firmware/riscv/blackhole -I/home/runner/work/tt-metal/tt-metal/.cpmcache/libuv/72aa6fc919b0653b47b7e9e7cf59ec92037e8693/include -I/home/runner/work/tt-metal/tt-metal/.cpmcache/yaml-cpp/905940a232aea3437e2fb77334461b1fe343318b/include -I/home/runner/work/tt-metal/tt-metal/tt_metal/third_party/umd/device -I/home/runner/work/tt-metal/tt-metal/tt_metal/third_party/umd/third_party/fmt/include -isystem /home/runner/work/tt-metal/tt-metal/.cpmcache/googletest/96129d89f45386492ae46d6bb8c027bc3df5f949/googletest/include -isystem /home/runner/work/tt-metal/tt-metal/.cpmcache/googletest/96129d89f45386492ae46d6bb8c027bc3df5f949/googletest -isystem /home/runner/work/tt-metal/tt-metal/.cpmcache/reflect/e75434c4c5f669e4a74e4d84e0a30d7249c1e66f -isystem /home/runner/work/tt-metal/tt-metal/.cpmcache/flatbuffers/2c4062bffa52fa4157b1b4deeae73395df475fda/include -isystem /home/runner/work/tt-metal/tt-metal/.cpmcache/nanomsg/28cc32d5bdb6a858fe53b3ccf7e923957e53eada/include -O3 -std=c++20 -MP -Wno-int-to-pointer-cast -fno-var-tracking -mavx2 -fPIC -DFMT_HEADER_ONLY -fvisibility-inlines-hidden -fno-lto -DARCH_BLACKHOLE -DDISABLE_ISSUE_3487_FIX -Werror -Wdelete-non-virtual-dtor -Wreturn-type -Wswitch -Wuninitialized -Wno-unused-parameter -Wno-deprecated -Wno-attributes -Wno-stringop-overread -Wno-stringop-overflow -Wno-maybe-uninitialized -Wno-missing-requires -Wno-narrowing -Wno-non-template-friend -Wno-error=non-template-friend -fsized-deallocation -Winvalid-pch -include /home/runner/work/tt-metal/tt-metal/build/tests/ttnn/unit_tests/gtests/CMakeFiles/unit_tests_ttnn.dir/cmake_pch.hxx -MD -MT tests/ttnn/unit_tests/gtests/CMakeFiles/unit_tests_ttnn.dir/test_multiprod_queue.cpp.o -MF tests/ttnn/unit_tests/gtests/CMakeFiles/unit_tests_ttnn.dir/test_multiprod_queue.cpp.o.d -o tests/ttnn/unit_tests/gtests/CMakeFiles/unit_tests_ttnn.dir/test_multiprod_queue.cpp.o -c /home/runner/work/tt-metal/tt-metal/tests/ttnn/unit_tests/gtests/test_multiprod_queue.cpp
2024-09-02T08:05:37.6797120Z [1018/1027] /usr/bin/g++-12 -DDISABLE_NAMESPACE_STATIC_ASSERT -DUSING_UV_SHARED=1 -DYAML_CPP_STATIC_DEFINE -I/home/runner/work/tt-metal/tt-metal/tt_metal/third_party/umd -I/home/runner/work/tt-metal/tt-metal -I/home/runner/work/tt-metal/tt-metal/tt_metal -I/home/runner/work/tt-metal/tt-metal/tests -I/home/runner/work/tt-metal/tt-metal/tests/ttnn/unit_tests/gtests -I/home/runner/work/tt-metal/tt-metal/ttnn -I/home/runner/work/tt-metal/tt-metal/ttnn/cpp/ttnn/deprecated -I/home/runner/work/tt-metal/tt-metal/ttnn/cpp -I/home/runner/work/tt-metal/tt-metal/tt_metal/third_party/fmt -I/home/runner/work/tt-metal/tt-metal/ttnn/cpp/ttnn/experimental/tt_lib -I/home/runner/work/tt-metal/tt-metal/tt_metal/third_party/pybind11/include -I/usr/include/python3.10 -I/home/runner/work/tt-metal/tt-metal/tt_metal/hw/inc -I/home/runner/work/tt-metal/tt-metal/tt_metal/hw/inc/blackhole -I/home/runner/work/tt-metal/tt-metal/tt_metal/third_party/umd/device/blackhole -I/home/runner/work/tt-metal/tt-metal/tt_metal/third_party/umd/src/firmware/riscv/blackhole -I/home/runner/work/tt-metal/tt-metal/.cpmcache/libuv/72aa6fc919b0653b47b7e9e7cf59ec92037e8693/include -I/home/runner/work/tt-metal/tt-metal/.cpmcache/yaml-cpp/905940a232aea3437e2fb77334461b1fe343318b/include -I/home/runner/work/tt-metal/tt-metal/tt_metal/third_party/umd/device -I/home/runner/work/tt-metal/tt-metal/tt_metal/third_party/umd/third_party/fmt/include -isystem /home/runner/work/tt-metal/tt-metal/.cpmcache/googletest/96129d89f45386492ae46d6bb8c027bc3df5f949/googletest/include -isystem /home/runner/work/tt-metal/tt-metal/.cpmcache/googletest/96129d89f45386492ae46d6bb8c027bc3df5f949/googletest -isystem /home/runner/work/tt-metal/tt-metal/.cpmcache/reflect/e75434c4c5f669e4a74e4d84e0a30d7249c1e66f -isystem /home/runner/work/tt-metal/tt-metal/.cpmcache/flatbuffers/2c4062bffa52fa4157b1b4deeae73395df475fda/include -isystem /home/runner/work/tt-metal/tt-metal/.cpmcache/nanomsg/28cc32d5bdb6a858fe53b3ccf7e923957e53eada/include -O3 -std=c++20 -MP -Wno-int-to-pointer-cast -fno-var-tracking -mavx2 -fPIC -DFMT_HEADER_ONLY -fvisibility-inlines-hidden -fno-lto -DARCH_BLACKHOLE -DDISABLE_ISSUE_3487_FIX -Werror -Wdelete-non-virtual-dtor -Wreturn-type -Wswitch -Wuninitialized -Wno-unused-parameter -Wno-deprecated -Wno-attributes -Wno-stringop-overread -Wno-stringop-overflow -Wno-maybe-uninitialized -Wno-missing-requires -Wno-narrowing -Wno-non-template-friend -Wno-error=non-template-friend -fsized-deallocation -Winvalid-pch -x c++-header -include /home/runner/work/tt-metal/tt-metal/build/tests/ttnn/unit_tests/gtests/CMakeFiles/galaxy_unit_tests_ttnn.dir/cmake_pch.hxx -MD -MT tests/ttnn/unit_tests/gtests/CMakeFiles/galaxy_unit_tests_ttnn.dir/cmake_pch.hxx.gch -MF tests/ttnn/unit_tests/gtests/CMakeFiles/galaxy_unit_tests_ttnn.dir/cmake_pch.hxx.gch.d -o tests/ttnn/unit_tests/gtests/CMakeFiles/galaxy_unit_tests_ttnn.dir/cmake_pch.hxx.gch -c /home/runner/work/tt-metal/tt-metal/build/tests/ttnn/unit_tests/gtests/CMakeFiles/galaxy_unit_tests_ttnn.dir/cmake_pch.hxx.cxx
2024-09-02T08:05:52.5708433Z [1019/1027] /usr/bin/g++-12 -DDISABLE_NAMESPACE_STATIC_ASSERT -DUSING_UV_SHARED=1 -DYAML_CPP_STATIC_DEFINE -I/home/runner/work/tt-metal/tt-metal/tt_metal/third_party/umd -I/home/runner/work/tt-metal/tt-metal -I/home/runner/work/tt-metal/tt-metal/tt_metal -I/home/runner/work/tt-metal/tt-metal/tests -I/home/runner/work/tt-metal/tt-metal/tests/ttnn/unit_tests/gtests -I/home/runner/work/tt-metal/tt-metal/ttnn -I/home/runner/work/tt-metal/tt-metal/ttnn/cpp/ttnn/deprecated -I/home/runner/work/tt-metal/tt-metal/ttnn/cpp -I/home/runner/work/tt-metal/tt-metal/tt_metal/third_party/fmt -I/home/runner/work/tt-metal/tt-metal/ttnn/cpp/ttnn/experimental/tt_lib -I/home/runner/work/tt-metal/tt-metal/tt_metal/third_party/pybind11/include -I/usr/include/python3.10 -I/home/runner/work/tt-metal/tt-metal/tt_metal/hw/inc -I/home/runner/work/tt-metal/tt-metal/tt_metal/hw/inc/blackhole -I/home/runner/work/tt-metal/tt-metal/tt_metal/third_party/umd/device/blackhole -I/home/runner/work/tt-metal/tt-metal/tt_metal/third_party/umd/src/firmware/riscv/blackhole -I/home/runner/work/tt-metal/tt-metal/.cpmcache/libuv/72aa6fc919b0653b47b7e9e7cf59ec92037e8693/include -I/home/runner/work/tt-metal/tt-metal/.cpmcache/yaml-cpp/905940a232aea3437e2fb77334461b1fe343318b/include -I/home/runner/work/tt-metal/tt-metal/tt_metal/third_party/umd/device -I/home/runner/work/tt-metal/tt-metal/tt_metal/third_party/umd/third_party/fmt/include -isystem /home/runner/work/tt-metal/tt-metal/.cpmcache/googletest/96129d89f45386492ae46d6bb8c027bc3df5f949/googletest/include -isystem /home/runner/work/tt-metal/tt-metal/.cpmcache/googletest/96129d89f45386492ae46d6bb8c027bc3df5f949/googletest -isystem /home/runner/work/tt-metal/tt-metal/.cpmcache/reflect/e75434c4c5f669e4a74e4d84e0a30d7249c1e66f -isystem /home/runner/work/tt-metal/tt-metal/.cpmcache/flatbuffers/2c4062bffa52fa4157b1b4deeae73395df475fda/include -isystem /home/runner/work/tt-metal/tt-metal/.cpmcache/nanomsg/28cc32d5bdb6a858fe53b3ccf7e923957e53eada/include -O3 -std=c++20 -MP -Wno-int-to-pointer-cast -fno-var-tracking -mavx2 -fPIC -DFMT_HEADER_ONLY -fvisibility-inlines-hidden -fno-lto -DARCH_BLACKHOLE -DDISABLE_ISSUE_3487_FIX -Werror -Wdelete-non-virtual-dtor -Wreturn-type -Wswitch -Wuninitialized -Wno-unused-parameter -Wno-deprecated -Wno-attributes -Wno-stringop-overread -Wno-stringop-overflow -Wno-maybe-uninitialized -Wno-missing-requires -Wno-narrowing -Wno-non-template-friend -Wno-error=non-template-friend -fsized-deallocation -Winvalid-pch -include /home/runner/work/tt-metal/tt-metal/build/tests/ttnn/unit_tests/gtests/CMakeFiles/unit_tests_ttnn.dir/cmake_pch.hxx -MD -MT tests/ttnn/unit_tests/gtests/CMakeFiles/unit_tests_ttnn.dir/test_multi_cq_multi_dev.cpp.o -MF tests/ttnn/unit_tests/gtests/CMakeFiles/unit_tests_ttnn.dir/test_multi_cq_multi_dev.cpp.o.d -o tests/ttnn/unit_tests/gtests/CMakeFiles/unit_tests_ttnn.dir/test_multi_cq_multi_dev.cpp.o -c /home/runner/work/tt-metal/tt-metal/tests/ttnn/unit_tests/gtests/test_multi_cq_multi_dev.cpp
2024-09-02T08:05:55.1855126Z [1020/1027] /usr/bin/g++-12 -DDISABLE_NAMESPACE_STATIC_ASSERT -DUSING_UV_SHARED=1 -DYAML_CPP_STATIC_DEFINE -I/home/runner/work/tt-metal/tt-metal/tt_metal/third_party/umd -I/home/runner/work/tt-metal/tt-metal -I/home/runner/work/tt-metal/tt-metal/tt_metal -I/home/runner/work/tt-metal/tt-metal/tests -I/home/runner/work/tt-metal/tt-metal/tests/ttnn/unit_tests/gtests -I/home/runner/work/tt-metal/tt-metal/ttnn -I/home/runner/work/tt-metal/tt-metal/ttnn/cpp/ttnn/deprecated -I/home/runner/work/tt-metal/tt-metal/ttnn/cpp -I/home/runner/work/tt-metal/tt-metal/tt_metal/third_party/fmt -I/home/runner/work/tt-metal/tt-metal/ttnn/cpp/ttnn/experimental/tt_lib -I/home/runner/work/tt-metal/tt-metal/tt_metal/third_party/pybind11/include -I/usr/include/python3.10 -I/home/runner/work/tt-metal/tt-metal/tt_metal/hw/inc -I/home/runner/work/tt-metal/tt-metal/tt_metal/hw/inc/blackhole -I/home/runner/work/tt-metal/tt-metal/tt_metal/third_party/umd/device/blackhole -I/home/runner/work/tt-metal/tt-metal/tt_metal/third_party/umd/src/firmware/riscv/blackhole -I/home/runner/work/tt-metal/tt-metal/.cpmcache/libuv/72aa6fc919b0653b47b7e9e7cf59ec92037e8693/include -I/home/runner/work/tt-metal/tt-metal/.cpmcache/yaml-cpp/905940a232aea3437e2fb77334461b1fe343318b/include -I/home/runner/work/tt-metal/tt-metal/tt_metal/third_party/umd/device -I/home/runner/work/tt-metal/tt-metal/tt_metal/third_party/umd/third_party/fmt/include -isystem /home/runner/work/tt-metal/tt-metal/.cpmcache/googletest/96129d89f45386492ae46d6bb8c027bc3df5f949/googletest/include -isystem /home/runner/work/tt-metal/tt-metal/.cpmcache/googletest/96129d89f45386492ae46d6bb8c027bc3df5f949/googletest -isystem /home/runner/work/tt-metal/tt-metal/.cpmcache/reflect/e75434c4c5f669e4a74e4d84e0a30d7249c1e66f -isystem /home/runner/work/tt-metal/tt-metal/.cpmcache/flatbuffers/2c4062bffa52fa4157b1b4deeae73395df475fda/include -isystem /home/runner/work/tt-metal/tt-metal/.cpmcache/nanomsg/28cc32d5bdb6a858fe53b3ccf7e923957e53eada/include -O3 -std=c++20 -MP -Wno-int-to-pointer-cast -fno-var-tracking -mavx2 -fPIC -DFMT_HEADER_ONLY -fvisibility-inlines-hidden -fno-lto -DARCH_BLACKHOLE -DDISABLE_ISSUE_3487_FIX -Werror -Wdelete-non-virtual-dtor -Wreturn-type -Wswitch -Wuninitialized -Wno-unused-parameter -Wno-deprecated -Wno-attributes -Wno-stringop-overread -Wno-stringop-overflow -Wno-maybe-uninitialized -Wno-missing-requires -Wno-narrowing -Wno-non-template-friend -Wno-error=non-template-friend -fsized-deallocation -Winvalid-pch -include /home/runner/work/tt-metal/tt-metal/build/tests/ttnn/unit_tests/gtests/CMakeFiles/unit_tests_ttnn.dir/cmake_pch.hxx -MD -MT tests/ttnn/unit_tests/gtests/CMakeFiles/unit_tests_ttnn.dir/test_to_and_from_json.cpp.o -MF tests/ttnn/unit_tests/gtests/CMakeFiles/unit_tests_ttnn.dir/test_to_and_from_json.cpp.o.d -o tests/ttnn/unit_tests/gtests/CMakeFiles/unit_tests_ttnn.dir/test_to_and_from_json.cpp.o -c /home/runner/work/tt-metal/tt-metal/tests/ttnn/unit_tests/gtests/test_to_and_from_json.cpp
2024-09-02T08:05:55.4595190Z [1021/1027] : && /usr/bin/g++-12 -O3  tests/ttnn/unit_tests/gtests/CMakeFiles/unit_tests_ttnn.dir/test_add.cpp.o tests/ttnn/unit_tests/gtests/CMakeFiles/unit_tests_ttnn.dir/test_graph_add.cpp.o tests/ttnn/unit_tests/gtests/CMakeFiles/unit_tests_ttnn.dir/test_repeat_interleave.cpp.o tests/ttnn/unit_tests/gtests/CMakeFiles/unit_tests_ttnn.dir/test_async_runtime.cpp.o tests/ttnn/unit_tests/gtests/CMakeFiles/unit_tests_ttnn.dir/test_multiprod_queue.cpp.o tests/ttnn/unit_tests/gtests/CMakeFiles/unit_tests_ttnn.dir/test_multi_cq_multi_dev.cpp.o tests/ttnn/unit_tests/gtests/CMakeFiles/unit_tests_ttnn.dir/test_reflect.cpp.o tests/ttnn/unit_tests/gtests/CMakeFiles/unit_tests_ttnn.dir/test_to_and_from_json.cpp.o -o test/ttnn/unit_tests_ttnn  -Wl,-rpath,/home/runner/work/tt-metal/tt-metal/build/ttnn:/home/runner/work/tt-metal/tt-metal/build/tt_metal:/home/runner/work/tt-metal/tt-metal/build/lib:/home/runner/work/tt-metal/tt-metal/build/_deps/nanomsg-build:/home/runner/work/tt-metal/tt-metal/build/_deps/libuv-build  ttnn/_ttnn.so  tt_metal/libtt_metal.so  lib/libgtest_main.so.1.13.0  lib/libgtest.so.1.13.0  lib/libdevice.so  _deps/yaml-cpp-build/libyaml-cpp.a  _deps/nanomsg-build/libnng.so.1.8.0  _deps/libuv-build/libuv.so.1.0.0  -lrt  -lstdc++  -ldl  -lz  -lpthread  -latomic  -lhwloc  -lnuma  /usr/lib/x86_64-linux-gnu/libpython3.10.so && :
2024-09-02T08:05:57.4253883Z [1022/1027] /usr/bin/g++-12 -DDISABLE_NAMESPACE_STATIC_ASSERT -DUSING_UV_SHARED=1 -DYAML_CPP_STATIC_DEFINE -I/home/runner/work/tt-metal/tt-metal/tt_metal/third_party/umd -I/home/runner/work/tt-metal/tt-metal -I/home/runner/work/tt-metal/tt-metal/tt_metal -I/home/runner/work/tt-metal/tt-metal/tests -I/home/runner/work/tt-metal/tt-metal/tests/ttnn/unit_tests/gtests -I/home/runner/work/tt-metal/tt-metal/ttnn -I/home/runner/work/tt-metal/tt-metal/ttnn/cpp/ttnn/deprecated -I/home/runner/work/tt-metal/tt-metal/ttnn/cpp -I/home/runner/work/tt-metal/tt-metal/tt_metal/third_party/fmt -I/home/runner/work/tt-metal/tt-metal/ttnn/cpp/ttnn/experimental/tt_lib -I/home/runner/work/tt-metal/tt-metal/tt_metal/third_party/pybind11/include -I/usr/include/python3.10 -I/home/runner/work/tt-metal/tt-metal/tt_metal/hw/inc -I/home/runner/work/tt-metal/tt-metal/tt_metal/hw/inc/blackhole -I/home/runner/work/tt-metal/tt-metal/tt_metal/third_party/umd/device/blackhole -I/home/runner/work/tt-metal/tt-metal/tt_metal/third_party/umd/src/firmware/riscv/blackhole -I/home/runner/work/tt-metal/tt-metal/.cpmcache/libuv/72aa6fc919b0653b47b7e9e7cf59ec92037e8693/include -I/home/runner/work/tt-metal/tt-metal/.cpmcache/yaml-cpp/905940a232aea3437e2fb77334461b1fe343318b/include -I/home/runner/work/tt-metal/tt-metal/tt_metal/third_party/umd/device -I/home/runner/work/tt-metal/tt-metal/tt_metal/third_party/umd/third_party/fmt/include -isystem /home/runner/work/tt-metal/tt-metal/.cpmcache/googletest/96129d89f45386492ae46d6bb8c027bc3df5f949/googletest/include -isystem /home/runner/work/tt-metal/tt-metal/.cpmcache/googletest/96129d89f45386492ae46d6bb8c027bc3df5f949/googletest -isystem /home/runner/work/tt-metal/tt-metal/.cpmcache/reflect/e75434c4c5f669e4a74e4d84e0a30d7249c1e66f -isystem /home/runner/work/tt-metal/tt-metal/.cpmcache/flatbuffers/2c4062bffa52fa4157b1b4deeae73395df475fda/include -isystem /home/runner/work/tt-metal/tt-metal/.cpmcache/nanomsg/28cc32d5bdb6a858fe53b3ccf7e923957e53eada/include -O3 -std=c++20 -MP -Wno-int-to-pointer-cast -fno-var-tracking -mavx2 -fPIC -DFMT_HEADER_ONLY -fvisibility-inlines-hidden -fno-lto -DARCH_BLACKHOLE -DDISABLE_ISSUE_3487_FIX -Werror -Wdelete-non-virtual-dtor -Wreturn-type -Wswitch -Wuninitialized -Wno-unused-parameter -Wno-deprecated -Wno-attributes -Wno-stringop-overread -Wno-stringop-overflow -Wno-maybe-uninitialized -Wno-missing-requires -Wno-narrowing -Wno-non-template-friend -Wno-error=non-template-friend -fsized-deallocation -Winvalid-pch -include /home/runner/work/tt-metal/tt-metal/build/tests/ttnn/unit_tests/gtests/CMakeFiles/unit_tests_ttnn_ccl.dir/cmake_pch.hxx -MD -MT tests/ttnn/unit_tests/gtests/CMakeFiles/unit_tests_ttnn_ccl.dir/ccl/test_erisc_data_mover_with_workers.cpp.o -MF tests/ttnn/unit_tests/gtests/CMakeFiles/unit_tests_ttnn_ccl.dir/ccl/test_erisc_data_mover_with_workers.cpp.o.d -o tests/ttnn/unit_tests/gtests/CMakeFiles/unit_tests_ttnn_ccl.dir/ccl/test_erisc_data_mover_with_workers.cpp.o -c /home/runner/work/tt-metal/tt-metal/tests/ttnn/unit_tests/gtests/ccl/test_erisc_data_mover_with_workers.cpp
2024-09-02T08:05:57.5894880Z [1023/1027] : && /usr/bin/g++-12 -O3  tests/ttnn/unit_tests/gtests/CMakeFiles/unit_tests_ttnn_ccl.dir/ccl/test_erisc_data_mover_with_workers.cpp.o -o test/ttnn/unit_tests_ttnn_ccl  -Wl,-rpath,/home/runner/work/tt-metal/tt-metal/build/ttnn:/home/runner/work/tt-metal/tt-metal/build/tt_metal:/home/runner/work/tt-metal/tt-metal/build/lib:/home/runner/work/tt-metal/tt-metal/build/_deps/nanomsg-build:/home/runner/work/tt-metal/tt-metal/build/_deps/libuv-build  ttnn/_ttnn.so  tt_metal/libtt_metal.so  lib/libgtest_main.so.1.13.0  lib/libgtest.so.1.13.0  lib/libdevice.so  _deps/yaml-cpp-build/libyaml-cpp.a  _deps/nanomsg-build/libnng.so.1.8.0  _deps/libuv-build/libuv.so.1.0.0  -lrt  -lstdc++  -ldl  -lz  -lpthread  -latomic  -lhwloc  -lnuma  /usr/lib/x86_64-linux-gnu/libpython3.10.so && :
2024-09-02T08:05:59.7369848Z [1024/1027] /usr/bin/g++-12 -DDISABLE_NAMESPACE_STATIC_ASSERT -DUSING_UV_SHARED=1 -DYAML_CPP_STATIC_DEFINE -I/home/runner/work/tt-metal/tt-metal/tt_metal/third_party/umd -I/home/runner/work/tt-metal/tt-metal -I/home/runner/work/tt-metal/tt-metal/tt_metal -I/home/runner/work/tt-metal/tt-metal/tests -I/home/runner/work/tt-metal/tt-metal/tests/ttnn/unit_tests/gtests -I/home/runner/work/tt-metal/tt-metal/ttnn -I/home/runner/work/tt-metal/tt-metal/ttnn/cpp/ttnn/deprecated -I/home/runner/work/tt-metal/tt-metal/ttnn/cpp -I/home/runner/work/tt-metal/tt-metal/tt_metal/third_party/fmt -I/home/runner/work/tt-metal/tt-metal/ttnn/cpp/ttnn/experimental/tt_lib -I/home/runner/work/tt-metal/tt-metal/tt_metal/third_party/pybind11/include -I/usr/include/python3.10 -I/home/runner/work/tt-metal/tt-metal/tt_metal/hw/inc -I/home/runner/work/tt-metal/tt-metal/tt_metal/hw/inc/blackhole -I/home/runner/work/tt-metal/tt-metal/tt_metal/third_party/umd/device/blackhole -I/home/runner/work/tt-metal/tt-metal/tt_metal/third_party/umd/src/firmware/riscv/blackhole -I/home/runner/work/tt-metal/tt-metal/.cpmcache/libuv/72aa6fc919b0653b47b7e9e7cf59ec92037e8693/include -I/home/runner/work/tt-metal/tt-metal/.cpmcache/yaml-cpp/905940a232aea3437e2fb77334461b1fe343318b/include -I/home/runner/work/tt-metal/tt-metal/tt_metal/third_party/umd/device -I/home/runner/work/tt-metal/tt-metal/tt_metal/third_party/umd/third_party/fmt/include -isystem /home/runner/work/tt-metal/tt-metal/.cpmcache/googletest/96129d89f45386492ae46d6bb8c027bc3df5f949/googletest/include -isystem /home/runner/work/tt-metal/tt-metal/.cpmcache/googletest/96129d89f45386492ae46d6bb8c027bc3df5f949/googletest -isystem /home/runner/work/tt-metal/tt-metal/.cpmcache/reflect/e75434c4c5f669e4a74e4d84e0a30d7249c1e66f -isystem /home/runner/work/tt-metal/tt-metal/.cpmcache/flatbuffers/2c4062bffa52fa4157b1b4deeae73395df475fda/include -isystem /home/runner/work/tt-metal/tt-metal/.cpmcache/nanomsg/28cc32d5bdb6a858fe53b3ccf7e923957e53eada/include -O3 -std=c++20 -MP -Wno-int-to-pointer-cast -fno-var-tracking -mavx2 -fPIC -DFMT_HEADER_ONLY -fvisibility-inlines-hidden -fno-lto -DARCH_BLACKHOLE -DDISABLE_ISSUE_3487_FIX -Werror -Wdelete-non-virtual-dtor -Wreturn-type -Wswitch -Wuninitialized -Wno-unused-parameter -Wno-deprecated -Wno-attributes -Wno-stringop-overread -Wno-stringop-overflow -Wno-maybe-uninitialized -Wno-missing-requires -Wno-narrowing -Wno-non-template-friend -Wno-error=non-template-friend -fsized-deallocation -Winvalid-pch -include /home/runner/work/tt-metal/tt-metal/build/tests/ttnn/unit_tests/gtests/CMakeFiles/test_multi_device.dir/cmake_pch.hxx -MD -MT tests/ttnn/unit_tests/gtests/CMakeFiles/test_multi_device.dir/test_multi_device.cpp.o -MF tests/ttnn/unit_tests/gtests/CMakeFiles/test_multi_device.dir/test_multi_device.cpp.o.d -o tests/ttnn/unit_tests/gtests/CMakeFiles/test_multi_device.dir/test_multi_device.cpp.o -c /home/runner/work/tt-metal/tt-metal/tests/ttnn/unit_tests/gtests/test_multi_device.cpp
2024-09-02T08:05:59.8368010Z [1025/1027] : && /usr/bin/g++-12 -O3  tests/ttnn/unit_tests/gtests/CMakeFiles/test_multi_device.dir/test_multi_device.cpp.o -o test/ttnn/test_multi_device  -Wl,-rpath,/home/runner/work/tt-metal/tt-metal/build/ttnn:/home/runner/work/tt-metal/tt-metal/build/tt_metal:/home/runner/work/tt-metal/tt-metal/build/lib:/home/runner/work/tt-metal/tt-metal/build/_deps/nanomsg-build:/home/runner/work/tt-metal/tt-metal/build/_deps/libuv-build  ttnn/_ttnn.so  tt_metal/libtt_metal.so  lib/libgtest_main.so.1.13.0  lib/libgtest.so.1.13.0  lib/libdevice.so  _deps/yaml-cpp-build/libyaml-cpp.a  _deps/nanomsg-build/libnng.so.1.8.0  _deps/libuv-build/libuv.so.1.0.0  -lrt  -lstdc++  -ldl  -lz  -lpthread  -latomic  -lhwloc  -lnuma  /usr/lib/x86_64-linux-gnu/libpython3.10.so && :
2024-09-02T08:06:08.2910698Z [1026/1027] /usr/bin/g++-12 -DDISABLE_NAMESPACE_STATIC_ASSERT -DUSING_UV_SHARED=1 -DYAML_CPP_STATIC_DEFINE -I/home/runner/work/tt-metal/tt-metal/tt_metal/third_party/umd -I/home/runner/work/tt-metal/tt-metal -I/home/runner/work/tt-metal/tt-metal/tt_metal -I/home/runner/work/tt-metal/tt-metal/tests -I/home/runner/work/tt-metal/tt-metal/tests/ttnn/unit_tests/gtests -I/home/runner/work/tt-metal/tt-metal/ttnn -I/home/runner/work/tt-metal/tt-metal/ttnn/cpp/ttnn/deprecated -I/home/runner/work/tt-metal/tt-metal/ttnn/cpp -I/home/runner/work/tt-metal/tt-metal/tt_metal/third_party/fmt -I/home/runner/work/tt-metal/tt-metal/ttnn/cpp/ttnn/experimental/tt_lib -I/home/runner/work/tt-metal/tt-metal/tt_metal/third_party/pybind11/include -I/usr/include/python3.10 -I/home/runner/work/tt-metal/tt-metal/tt_metal/hw/inc -I/home/runner/work/tt-metal/tt-metal/tt_metal/hw/inc/blackhole -I/home/runner/work/tt-metal/tt-metal/tt_metal/third_party/umd/device/blackhole -I/home/runner/work/tt-metal/tt-metal/tt_metal/third_party/umd/src/firmware/riscv/blackhole -I/home/runner/work/tt-metal/tt-metal/.cpmcache/libuv/72aa6fc919b0653b47b7e9e7cf59ec92037e8693/include -I/home/runner/work/tt-metal/tt-metal/.cpmcache/yaml-cpp/905940a232aea3437e2fb77334461b1fe343318b/include -I/home/runner/work/tt-metal/tt-metal/tt_metal/third_party/umd/device -I/home/runner/work/tt-metal/tt-metal/tt_metal/third_party/umd/third_party/fmt/include -isystem /home/runner/work/tt-metal/tt-metal/.cpmcache/googletest/96129d89f45386492ae46d6bb8c027bc3df5f949/googletest/include -isystem /home/runner/work/tt-metal/tt-metal/.cpmcache/googletest/96129d89f45386492ae46d6bb8c027bc3df5f949/googletest -isystem /home/runner/work/tt-metal/tt-metal/.cpmcache/reflect/e75434c4c5f669e4a74e4d84e0a30d7249c1e66f -isystem /home/runner/work/tt-metal/tt-metal/.cpmcache/flatbuffers/2c4062bffa52fa4157b1b4deeae73395df475fda/include -isystem /home/runner/work/tt-metal/tt-metal/.cpmcache/nanomsg/28cc32d5bdb6a858fe53b3ccf7e923957e53eada/include -O3 -std=c++20 -MP -Wno-int-to-pointer-cast -fno-var-tracking -mavx2 -fPIC -DFMT_HEADER_ONLY -fvisibility-inlines-hidden -fno-lto -DARCH_BLACKHOLE -DDISABLE_ISSUE_3487_FIX -Werror -Wdelete-non-virtual-dtor -Wreturn-type -Wswitch -Wuninitialized -Wno-unused-parameter -Wno-deprecated -Wno-attributes -Wno-stringop-overread -Wno-stringop-overflow -Wno-maybe-uninitialized -Wno-missing-requires -Wno-narrowing -Wno-non-template-friend -Wno-error=non-template-friend -fsized-deallocation -Winvalid-pch -include /home/runner/work/tt-metal/tt-metal/build/tests/ttnn/unit_tests/gtests/CMakeFiles/galaxy_unit_tests_ttnn.dir/cmake_pch.hxx -MD -MT tests/ttnn/unit_tests/gtests/CMakeFiles/galaxy_unit_tests_ttnn.dir/test_ccl_on_tg.cpp.o -MF tests/ttnn/unit_tests/gtests/CMakeFiles/galaxy_unit_tests_ttnn.dir/test_ccl_on_tg.cpp.o.d -o tests/ttnn/unit_tests/gtests/CMakeFiles/galaxy_unit_tests_ttnn.dir/test_ccl_on_tg.cpp.o -c /home/runner/work/tt-metal/tt-metal/tests/ttnn/unit_tests/gtests/test_ccl_on_tg.cpp
2024-09-02T08:06:08.3854008Z [1027/1027] : && /usr/bin/g++-12 -O3  tests/ttnn/unit_tests/gtests/CMakeFiles/galaxy_unit_tests_ttnn.dir/test_ccl_on_tg.cpp.o -o test/ttnn/galaxy_unit_tests_ttnn  -Wl,-rpath,/home/runner/work/tt-metal/tt-metal/build/ttnn:/home/runner/work/tt-metal/tt-metal/build/tt_metal:/home/runner/work/tt-metal/tt-metal/build/lib:/home/runner/work/tt-metal/tt-metal/build/_deps/nanomsg-build:/home/runner/work/tt-metal/tt-metal/build/_deps/libuv-build  ttnn/_ttnn.so  tt_metal/libtt_metal.so  lib/libgtest_main.so.1.13.0  lib/libgtest.so.1.13.0  lib/libdevice.so  _deps/yaml-cpp-build/libyaml-cpp.a  _deps/nanomsg-build/libnng.so.1.8.0  _deps/libuv-build/libuv.so.1.0.0  -lrt  -lstdc++  -ldl  -lz  -lpthread  -latomic  -lhwloc  -lnuma  /usr/lib/x86_64-linux-gnu/libpython3.10.so && :
2024-09-02T08:06:08.3859678Z 
2024-09-02T08:06:08.3898263Z ##[group]Run df -h      
2024-09-02T08:06:08.3898594Z [36;1mdf -h      [0m
2024-09-02T08:06:08.4315816Z shell: /usr/bin/bash -e {0}
2024-09-02T08:06:08.4316106Z env:
2024-09-02T08:06:08.4316318Z   ARCH_NAME: blackhole
2024-09-02T08:06:08.4316580Z   VERBOSE: 1
2024-09-02T08:06:08.4316873Z   TT_METAL_HOME: /home/runner/work/tt-metal/tt-metal
2024-09-02T08:06:08.4317235Z ##[endgroup]
2024-09-02T08:06:08.4431115Z Filesystem      Size  Used Avail Use% Mounted on
2024-09-02T08:06:08.4431962Z /dev/root        73G   58G   15G  80% /
2024-09-02T08:06:08.4432534Z tmpfs           7.9G  172K  7.9G   1% /dev/shm
2024-09-02T08:06:08.4432983Z tmpfs           3.2G  1.1M  3.2G   1% /run
2024-09-02T08:06:08.4433434Z tmpfs           5.0M     0  5.0M   0% /run/lock
2024-09-02T08:06:08.4433974Z /dev/sdb15      105M  6.1M   99M   6% /boot/efi
2024-09-02T08:06:08.4435018Z /dev/sda1        74G  4.1G   66G   6% /mnt
2024-09-02T08:06:08.4435643Z tmpfs           1.6G   12K  1.6G   1% /run/user/1001
2024-09-02T08:06:08.4497104Z Post job cleanup.
2024-09-02T08:06:08.4542882Z Post job cleanup.
2024-09-02T08:06:08.5515702Z [command]/usr/bin/git version
2024-09-02T08:06:08.5551514Z git version 2.46.0
2024-09-02T08:06:08.5592644Z Temporarily overriding HOME='/home/runner/work/_temp/ab6be470-1495-4a94-8d35-8094682db8e3' before making global git config changes
2024-09-02T08:06:08.5593720Z Adding repository directory to the temporary git global config as a safe directory
2024-09-02T08:06:08.5604948Z [command]/usr/bin/git config --global --add safe.directory /home/runner/work/tt-metal/tt-metal
2024-09-02T08:06:08.5640739Z [command]/usr/bin/git config --local --name-only --get-regexp core\.sshCommand
2024-09-02T08:06:08.5673729Z [command]/usr/bin/git submodule foreach --recursive sh -c "git config --local --name-only --get-regexp 'core\.sshCommand' && git config --local --unset-all 'core.sshCommand' || :"
2024-09-02T08:06:08.5913436Z Entering 'models/demos/t3000/llama2_70b/reference/llama'
2024-09-02T08:06:08.5961232Z Entering 'tt_metal/third_party/lfs'
2024-09-02T08:06:08.6009655Z Entering 'tt_metal/third_party/pybind11'
2024-09-02T08:06:08.6058657Z Entering 'tt_metal/third_party/sfpi'
2024-09-02T08:06:08.6121636Z Entering 'tt_metal/third_party/taskflow'
2024-09-02T08:06:08.6188810Z Entering 'tt_metal/third_party/tracy'
2024-09-02T08:06:08.6234888Z Entering 'tt_metal/third_party/tt_llk_blackhole'
2024-09-02T08:06:08.6279834Z Entering 'tt_metal/third_party/tt_llk_grayskull'
2024-09-02T08:06:08.6327336Z Entering 'tt_metal/third_party/tt_llk_wormhole_b0'
2024-09-02T08:06:08.6373465Z Entering 'tt_metal/third_party/umd'
2024-09-02T08:06:08.6418143Z Entering 'tt_metal/third_party/umd/third_party/fmt'
2024-09-02T08:06:08.6488355Z [command]/usr/bin/git config --local --name-only --get-regexp http\.https\:\/\/github\.com\/\.extraheader
2024-09-02T08:06:08.6513146Z http.https://github.com/.extraheader
2024-09-02T08:06:08.6526618Z [command]/usr/bin/git config --local --unset-all http.https://github.com/.extraheader
2024-09-02T08:06:08.6568357Z [command]/usr/bin/git submodule foreach --recursive sh -c "git config --local --name-only --get-regexp 'http\.https\:\/\/github\.com\/\.extraheader' && git config --local --unset-all 'http.https://github.com/.extraheader' || :"
2024-09-02T08:06:08.6826386Z Entering 'models/demos/t3000/llama2_70b/reference/llama'
2024-09-02T08:06:08.6852083Z http.https://github.com/.extraheader
2024-09-02T08:06:08.6889091Z Entering 'tt_metal/third_party/lfs'
2024-09-02T08:06:08.6913440Z http.https://github.com/.extraheader
2024-09-02T08:06:08.6953279Z Entering 'tt_metal/third_party/pybind11'
2024-09-02T08:06:08.6980475Z http.https://github.com/.extraheader
2024-09-02T08:06:08.7025102Z Entering 'tt_metal/third_party/sfpi'
2024-09-02T08:06:08.7050760Z http.https://github.com/.extraheader
2024-09-02T08:06:08.7091954Z Entering 'tt_metal/third_party/taskflow'
2024-09-02T08:06:08.7116797Z http.https://github.com/.extraheader
2024-09-02T08:06:08.7158728Z Entering 'tt_metal/third_party/tracy'
2024-09-02T08:06:08.7184643Z http.https://github.com/.extraheader
2024-09-02T08:06:08.7221454Z Entering 'tt_metal/third_party/tt_llk_blackhole'
2024-09-02T08:06:08.7247753Z http.https://github.com/.extraheader
2024-09-02T08:06:08.7284025Z Entering 'tt_metal/third_party/tt_llk_grayskull'
2024-09-02T08:06:08.7308676Z http.https://github.com/.extraheader
2024-09-02T08:06:08.7345367Z Entering 'tt_metal/third_party/tt_llk_wormhole_b0'
2024-09-02T08:06:08.7371027Z http.https://github.com/.extraheader
2024-09-02T08:06:08.7407501Z Entering 'tt_metal/third_party/umd'
2024-09-02T08:06:08.7432333Z http.https://github.com/.extraheader
2024-09-02T08:06:08.7466467Z Entering 'tt_metal/third_party/umd/third_party/fmt'
2024-09-02T08:06:08.7491359Z http.https://github.com/.extraheader
2024-09-02T08:06:08.7767101Z Cleaning up orphan processes
